Jan  1 03:00:15 indigo-tracker syslog.info syslogd started: BusyBox v1.18.3
Jan  1 03:00:15 indigo-tracker user.notice kernel: klogd started: BusyBox v1.18.3 (2011-03-29 18:29:13 MSD)
Jan  1 03:00:15 indigo-tracker user.notice kernel: Linux version 2.6.38+ (yury@debian-dev-vm) (gcc version 4.4.5 (indigo-ct-ng) ) #60 Wed Sep 21 16:51:48 MSD 2011
Jan  1 03:00:15 indigo-tracker user.warn kernel: CPU: ARM926EJ-S [41069265] revision 5 (ARMv5TEJ), cr=00053177
Jan  1 03:00:15 indigo-tracker user.warn kernel: CPU: VIVT data cache, VIVT instruction cache
Jan  1 03:00:15 indigo-tracker user.warn kernel: Machine: Indigo AT91SAM9260-SK
Jan  1 03:00:15 indigo-tracker user.warn kernel: Memory policy: ECC disabled, Data cache writeback
Jan  1 03:00:15 indigo-tracker user.warn kernel: Clocks: CPU 196 MHz, master 98 MHz, main 12.000 MHz
Jan  1 03:00:15 indigo-tracker user.debug kernel: On node 0 totalpages: 16384
Jan  1 03:00:15 indigo-tracker user.debug kernel: free_area_init_node: node 0, pgdat c0369484, node_mem_map c037b000
Jan  1 03:00:15 indigo-tracker user.debug kernel:   Normal zone: 128 pages used for memmap
Jan  1 03:00:15 indigo-tracker user.debug kernel:   Normal zone: 0 pages reserved
Jan  1 03:00:15 indigo-tracker user.debug kernel:   Normal zone: 16256 pages, LIFO batch:3
Jan  1 03:00:15 indigo-tracker user.debug kernel: pcpu-alloc: s0 r0 d32768 u32768 alloc=1*32768
Jan  1 03:00:15 indigo-tracker user.debug kernel: pcpu-alloc: [0] 0 
Jan  1 03:00:15 indigo-tracker user.warn kernel: Built 1 zonelists in Zone order, mobility grouping on.  Total pages: 16256
Jan  1 03:00:15 indigo-tracker user.notice kernel: Kernel command line: console=ttyS0,115200=mem=64M root=/dev/mtdblock3
Jan  1 03:00:15 indigo-tracker user.info kernel: PID hash table entries: 256 (order: -2, 1024 bytes)
Jan  1 03:00:15 indigo-tracker user.info kernel: Dentry cache hash table entries: 8192 (order: 3, 32768 bytes)
Jan  1 03:00:15 indigo-tracker user.info kernel: Inode-cache hash table entries: 4096 (order: 2, 16384 bytes)
Jan  1 03:00:15 indigo-tracker user.info kernel: Memory: 64MB = 64MB total
Jan  1 03:00:15 indigo-tracker user.notice kernel: Memory: 61364k/61364k available, 4172k reserved, 0K highmem
Jan  1 03:00:15 indigo-tracker user.notice kernel: Virtual kernel memory layout:
Jan  1 03:00:15 indigo-tracker user.notice kernel:     vector  : 0xffff0000 - 0xffff1000   (   4 kB)
Jan  1 03:00:15 indigo-tracker user.notice kernel:     fixmap  : 0xfff00000 - 0xfffe0000   ( 896 kB)
Jan  1 03:00:15 indigo-tracker user.notice kernel:     DMA     : 0xffc00000 - 0xffe00000   (   2 MB)
Jan  1 03:00:15 indigo-tracker user.notice kernel:     vmalloc : 0xc4800000 - 0xfee00000   ( 934 MB)
Jan  1 03:00:15 indigo-tracker user.notice kernel:     lowmem  : 0xc0000000 - 0xc4000000   (  64 MB)
Jan  1 03:00:15 indigo-tracker user.notice kernel:     modules : 0xbf000000 - 0xc0000000   (  16 MB)
Jan  1 03:00:15 indigo-tracker user.notice kernel:       .init : 0xc0008000 - 0xc0024000   ( 112 kB)
Jan  1 03:00:15 indigo-tracker user.notice kernel:       .text : 0xc0024000 - 0xc03419d4   (3191 kB)
Jan  1 03:00:15 indigo-tracker user.notice kernel:       .data : 0xc0342000 - 0xc0369c60   ( 160 kB)
Jan  1 03:00:15 indigo-tracker user.info kernel: NR_IRQS:192
Jan  1 03:00:15 indigo-tracker user.info kernel: AT91: 96 gpio irqs in 3 banks
Jan  1 03:00:15 indigo-tracker user.warn kernel: Console: colour dummy device 80x30
Jan  1 03:00:15 indigo-tracker user.info kernel: console [ttyS0] enabled
Jan  1 03:00:15 indigo-tracker user.info kernel: Calibrating delay loop... 97.89 BogoMIPS (lpj=489472)
Jan  1 03:00:15 indigo-tracker user.info kernel: pid_max: default: 32768 minimum: 301
Jan  1 03:00:15 indigo-tracker user.warn kernel: Mount-cache hash table entries: 512
Jan  1 03:00:15 indigo-tracker user.info kernel: CPU: Testing write buffer coherency: ok
Jan  1 03:00:15 indigo-tracker user.info kernel: NET: Registered protocol family 16
Jan  1 03:00:15 indigo-tracker user.warn kernel: bio: create slab <bio-0> at 0
Jan  1 03:00:15 indigo-tracker user.notice kernel: SCSI subsystem initialized
Jan  1 03:00:15 indigo-tracker user.info kernel: usbcore: registered new interface driver usbfs
Jan  1 03:00:15 indigo-tracker user.info kernel: usbcore: registered new interface driver hub
Jan  1 03:00:15 indigo-tracker user.info kernel: usbcore: registered new device driver usb
Jan  1 03:00:15 indigo-tracker user.info kernel: Advanced Linux Sound Architecture Driver Version 1.0.23.
Jan  1 03:00:15 indigo-tracker user.info kernel: Switching to clocksource pit
Jan  1 03:00:15 indigo-tracker user.info kernel: NET: Registered protocol family 2
Jan  1 03:00:15 indigo-tracker user.info kernel: IP route cache hash table entries: 1024 (order: 0, 4096 bytes)
Jan  1 03:00:15 indigo-tracker user.info kernel: TCP established hash table entries: 2048 (order: 2, 16384 bytes)
Jan  1 03:00:15 indigo-tracker user.info kernel: TCP bind hash table entries: 2048 (order: 1, 8192 bytes)
Jan  1 03:00:15 indigo-tracker user.info kernel: TCP: Hash tables configured (established 2048 bind 2048)
Jan  1 03:00:15 indigo-tracker user.info kernel: TCP reno registered
Jan  1 03:00:15 indigo-tracker user.info kernel: UDP hash table entries: 256 (order: 0, 4096 bytes)
Jan  1 03:00:15 indigo-tracker user.info kernel: UDP-Lite hash table entries: 256 (order: 0, 4096 bytes)
Jan  1 03:00:15 indigo-tracker user.info kernel: NET: Registered protocol family 1
Jan  1 03:00:15 indigo-tracker user.debug kernel: yaffs: yaffs built Sep 21 2011 13:46:29 Installing.
Jan  1 03:00:15 indigo-tracker user.info kernel: msgmni has been set to 119
Jan  1 03:00:15 indigo-tracker user.info kernel: io scheduler noop registered (default)
Jan  1 03:00:15 indigo-tracker user.info kernel: io scheduler deadline registered
Jan  1 03:00:15 indigo-tracker user.info kernel: atmel_usart.0: ttyS0 at MMIO 0xfefff200 (irq = 1) is a ATMEL_SERIAL
Jan  1 03:00:15 indigo-tracker user.info kernel: atmel_usart.1: ttyS1 at MMIO 0xfffb0000 (irq = 6) is a ATMEL_SERIAL
Jan  1 03:00:15 indigo-tracker user.info kernel: atmel_usart.2: ttyS2 at MMIO 0xfffb8000 (irq = 8) is a ATMEL_SERIAL
Jan  1 03:00:15 indigo-tracker user.debug kernel: SK-AT91SAM9XE512: SIM508 power management driver, major 135, minor 0.
Jan  1 03:00:15 indigo-tracker user.info kernel: brd: module loaded
Jan  1 03:00:15 indigo-tracker user.info kernel: loop: module loaded
Jan  1 03:00:15 indigo-tracker user.info kernel: ssc ssc.0: Atmel SSC device at 0xc4818000 (irq 14)
Jan  1 03:00:15 indigo-tracker user.info kernel: NAND device: Manufacturer ID: 0xec, Chip ID: 0xda (Samsung NAND 256MiB 3,3V 8-bit)
Jan  1 03:00:15 indigo-tracker user.info kernel: Scanning device for bad blocks
Jan  1 03:00:15 indigo-tracker user.warn kernel: Bad eraseblock 1686 at 0x00000d2c0000
Jan  1 03:00:15 indigo-tracker user.notice kernel: Creating 6 MTD partitions on "atmel_nand":
Jan  1 03:00:15 indigo-tracker user.notice kernel: 0x000000000000-0x000000020000 : "Bootstrap partition"
Jan  1 03:00:15 indigo-tracker user.notice kernel: 0x000000020000-0x000000060000 : "U-boot Partition"
Jan  1 03:00:15 indigo-tracker user.notice kernel: 0x0000000a0000-0x0000002a0000 : "Kernel Partition"
Jan  1 03:00:15 indigo-tracker user.notice kernel: 0x000000800000-0x000010000000 : "Storage Partition"
Jan  1 03:00:15 indigo-tracker user.notice kernel: 0x000000060000-0x000000080000 : "U-boot Environment"
Jan  1 03:00:15 indigo-tracker user.notice kernel: 0x000000080000-0x0000000a0000 : "U-boot Environment Backup"
Jan  1 03:00:15 indigo-tracker user.info kernel: atmel_spi atmel_spi.0: Atmel SPI Controller at 0xfffc8000 (irq 12)
Jan  1 03:00:15 indigo-tracker user.info kernel: atmel_spi atmel_spi.1: Atmel SPI Controller at 0xfffcc000 (irq 13)
Jan  1 03:00:15 indigo-tracker user.info kernel: PPP generic driver version 2.4.2
Jan  1 03:00:15 indigo-tracker user.info kernel: PPP Deflate Compression module registered
Jan  1 03:00:15 indigo-tracker user.info kernel: PPP BSD Compression module registered
Jan  1 03:00:15 indigo-tracker user.info kernel: PPP MPPE Compression module registered
Jan  1 03:00:15 indigo-tracker user.info kernel: NET: Registered protocol family 24
Jan  1 03:00:15 indigo-tracker user.info kernel: SLIP: version 0.8.4-NET3.019-NEWTTY (dynamic channels, max=256).
Jan  1 03:00:15 indigo-tracker user.info kernel: CSLIP: code copyright 1989 Regents of the University of California.
Jan  1 03:00:15 indigo-tracker user.info kernel: tun: Universal TUN/TAP device driver, 1.6
Jan  1 03:00:15 indigo-tracker user.info kernel: tun: (C) 1999-2004 Max Krasnyansky <maxk@qualcomm.com>
Jan  1 03:00:15 indigo-tracker user.info kernel: macb macb: invalid hw address, using random
Jan  1 03:00:15 indigo-tracker user.info kernel: MACB_mii_bus: probed
Jan  1 03:00:15 indigo-tracker user.info kernel: eth0: Atmel MACB at 0xfffc4000 irq 21 (a2:0b:ea:cf:91:22)
Jan  1 03:00:15 indigo-tracker user.info kernel: eth0: attached PHY driver [Micrel KS8001 or KS8721] (mii_bus:phy_addr=ffffffff:01, irq=-1)
Jan  1 03:00:15 indigo-tracker user.info kernel: ohci_hcd: USB 1.1 'Open' Host Controller (OHCI) Driver
Jan  1 03:00:15 indigo-tracker user.info kernel: at91_ohci at91_ohci: AT91 OHCI
Jan  1 03:00:15 indigo-tracker user.info kernel: at91_ohci at91_ohci: new USB bus registered, assigned bus number 1
Jan  1 03:00:15 indigo-tracker user.info kernel: at91_ohci at91_ohci: irq 20, io mem 0x00500000
Jan  1 03:00:15 indigo-tracker user.info kernel: usb usb1: New USB device found, idVendor=1d6b, idProduct=0001
Jan  1 03:00:15 indigo-tracker user.info kernel: usb usb1: New USB device strings: Mfr=3, Product=2, SerialNumber=1
Jan  1 03:00:15 indigo-tracker user.info kernel: usb usb1: Product: AT91 OHCI
Jan  1 03:00:15 indigo-tracker user.info kernel: usb usb1: Manufacturer: Linux 2.6.38+ ohci_hcd
Jan  1 03:00:15 indigo-tracker user.info kernel: usb usb1: SerialNumber: at91
Jan  1 03:00:15 indigo-tracker user.info kernel: hub 1-0:1.0: USB hub found
Jan  1 03:00:15 indigo-tracker user.info kernel: hub 1-0:1.0: 2 ports detected
Jan  1 03:00:15 indigo-tracker user.info kernel: Initializing USB Mass Storage driver...
Jan  1 03:00:15 indigo-tracker user.info kernel: usbcore: registered new interface driver usb-storage
Jan  1 03:00:15 indigo-tracker user.info kernel: USB Mass Storage support registered.
Jan  1 03:00:15 indigo-tracker user.info kernel: rtc-at91sam9 at91_rtt.0: rtc core: registered at91_rtt as rtc0
Jan  1 03:00:15 indigo-tracker user.warn kernel: rtc-at91sam9 at91_rtt.0: rtc0: SET TIME!
Jan  1 03:00:15 indigo-tracker user.info kernel: i2c /dev entries driver
Jan  1 03:00:15 indigo-tracker user.info kernel: Linux video capture interface: v2.00
Jan  1 03:00:15 indigo-tracker user.info kernel: usbcore: registered new interface driver uvcvideo
Jan  1 03:00:15 indigo-tracker user.info kernel: USB Video Class driver (v1.0.0)
Jan  1 03:00:15 indigo-tracker user.info kernel: AT91SAM9 Watchdog enabled (heartbeat=15 sec, nowayout=0)
Jan  1 03:00:15 indigo-tracker user.info kernel: usbcore: registered new interface driver snd-usb-audio
Jan  1 03:00:15 indigo-tracker user.info kernel: ALSA device list:
Jan  1 03:00:15 indigo-tracker user.info kernel:   No soundcards found.
Jan  1 03:00:15 indigo-tracker user.info kernel: nf_conntrack version 0.5.0 (958 buckets, 3832 max)
Jan  1 03:00:15 indigo-tracker user.info kernel: ip_tables: (C) 2000-2006 Netfilter Core Team
Jan  1 03:00:15 indigo-tracker user.info kernel: TCP cubic registered
Jan  1 03:00:15 indigo-tracker user.info kernel: NET: Registered protocol family 17
Jan  1 03:00:15 indigo-tracker user.err kernel: rtc-at91sam9 at91_rtt.0: hctosys: unable to read the hardware clock
Jan  1 03:00:15 indigo-tracker user.info kernel: atmel_mci atmel_mci: Atmel MCI controller at 0xfffa8000 irq 9, 1 slots
Jan  1 03:00:15 indigo-tracker user.info kernel: yaffs: dev is 32505859 name is "mtdblock3" rw
Jan  1 03:00:15 indigo-tracker user.info kernel: yaffs: passed flags ""
Jan  1 03:00:15 indigo-tracker user.debug kernel: yaffs: yaffs: Attempting MTD mount of 31.3,"mtdblock3"
Jan  1 03:00:15 indigo-tracker user.debug kernel: yaffs: auto selecting yaffs2
Jan  1 03:00:15 indigo-tracker user.debug kernel: yaffs: block 1623 is bad
Jan  1 03:00:15 indigo-tracker user.info kernel: usb 1-1: new full speed USB device using at91_ohci and address 2
Jan  1 03:00:15 indigo-tracker user.info kernel: usb 1-1: New USB device found, idVendor=046d, idProduct=0819
Jan  1 03:00:15 indigo-tracker user.info kernel: usb 1-1: New USB device strings: Mfr=0, Product=0, SerialNumber=2
Jan  1 03:00:15 indigo-tracker user.info kernel: usb 1-1: SerialNumber: 9D01EEA0
Jan  1 03:00:15 indigo-tracker user.info kernel: uvcvideo: Found UVC 1.00 device <unnamed> (046d:0819)
Jan  1 03:00:15 indigo-tracker user.info kernel: input: UVC Camera (046d:0819) as /devices/platform/at91_ohci/usb1/1-1/1-1:1.0/input/input0
Jan  1 03:00:15 indigo-tracker user.debug kernel: yaffs: yaffs_read_super: is_checkpointed 0
Jan  1 03:00:15 indigo-tracker user.warn kernel: VFS: Mounted root (yaffs filesystem) on device 31:3.
Jan  1 03:00:15 indigo-tracker user.info kernel: Freeing init memory: 112K
Jan  1 03:00:15 indigo-tracker user.alert kernel: piopins: with filter
Jan  1 03:00:15 indigo-tracker user.warn kernel: piopins: system time doesn't seem to be true, will not flush anything
Jan  1 03:00:15 indigo-tracker user.info kernel: SK-AT91SAM9XE512: SIM508 GPS power OFF.
Jan  1 03:00:15 indigo-tracker user.info kernel: SK-AT91SAM9XE512: SIM508 GPS power ON.
Jan  1 03:00:16 indigo-tracker local2.info chat[637]: timeout set to 45 seconds
Jan  1 03:00:16 indigo-tracker local2.info chat[637]: expect (OK)
Jan  1 03:00:16 indigo-tracker local2.info chat[637]: ^M
Jan  1 03:00:16 indigo-tracker local2.info chat[637]: AT+CGDCONT=1,"IP","internet"^M^M
Jan  1 03:00:16 indigo-tracker local2.info chat[637]: OK
Jan  1 03:00:16 indigo-tracker local2.info chat[637]:  -- got it
Jan  1 03:00:16 indigo-tracker local2.info chat[637]: send (ATD*99#^M)
Jan  1 03:00:16 indigo-tracker local2.info chat[637]: expect (CONNECT)
Jan  1 03:00:16 indigo-tracker local2.info chat[637]: ^M
Jan  1 03:00:16 indigo-tracker local2.info chat[637]: ATD*99#^M^M
Jan  1 03:00:16 indigo-tracker local2.info chat[637]: CONNECT
Jan  1 03:00:16 indigo-tracker local2.info chat[637]:  -- got it
Jan  1 03:00:16 indigo-tracker local2.info chat[637]: send (^M)
Jan  1 03:00:16 indigo-tracker daemon.debug pppd[634]: Script chat -v -f /etc/ppp/chatscripts/megafon-connect finished (pid 636), status = 0x0
Jan  1 03:00:16 indigo-tracker daemon.info pppd[634]: Serial connection established.
Jan  1 03:00:16 indigo-tracker daemon.debug pppd[634]: using channel 1
Jan  1 03:00:16 indigo-tracker daemon.info pppd[634]: Using interface ppp0
Jan  1 03:00:16 indigo-tracker daemon.notice pppd[634]: Connect: ppp0 <--> /dev/ttyS1
Jan  1 03:00:17 indigo-tracker daemon.warn pppd[634]: Warning - secret file /etc/ppp/pap-secrets has world and/or group access
Jan  1 03:00:17 indigo-tracker daemon.debug pppd[634]: sent [LCP ConfReq id=0x1 <asyncmap 0x0> <magic 0x8b4b9325>]
Jan  1 03:00:17 indigo-tracker daemon.debug pppd[634]: rcvd [LCP ConfAck id=0x1 <asyncmap 0x0> <magic 0x8b4b9325>]
Jan  1 03:00:19 indigo-tracker daemon.debug pppd[634]: rcvd [LCP ConfReq id=0x2 <mru 1600> <auth pap> <magic 0xc3c65c9> <asyncmap 0x0> <pcomp> <accomp>]
Jan  1 03:00:19 indigo-tracker daemon.debug pppd[634]: No auth is possible
Jan  1 03:00:19 indigo-tracker daemon.debug pppd[634]: sent [LCP ConfRej id=0x2 <auth pap> <pcomp> <accomp>]
Jan  1 03:00:19 indigo-tracker daemon.debug pppd[634]: rcvd [LCP ConfReq id=0x3 <mru 1600> <magic 0xc3c65c9> <asyncmap 0x0>]
Jan  1 03:00:19 indigo-tracker daemon.debug pppd[634]: sent [LCP ConfAck id=0x3 <mru 1600> <magic 0xc3c65c9> <asyncmap 0x0>]
Jan  1 03:00:19 indigo-tracker daemon.debug pppd[634]: sent [IPCP ConfReq id=0x1 <addr 0.0.0.0>]
Jan  1 03:00:22 indigo-tracker daemon.debug pppd[634]: rcvd [IPCP ConfNak id=0x1 <addr 10.218.244.186>]
Jan  1 03:00:22 indigo-tracker daemon.debug pppd[634]: sent [IPCP ConfReq id=0x2 <addr 10.218.244.186>]
Jan  1 03:00:22 indigo-tracker daemon.debug pppd[634]: rcvd [IPCP ConfReq id=0x1 <addr 10.0.0.1>]
Jan  1 03:00:22 indigo-tracker daemon.debug pppd[634]: sent [IPCP ConfAck id=0x1 <addr 10.0.0.1>]
Jan  1 03:00:25 indigo-tracker daemon.debug pppd[634]: sent [IPCP ConfReq id=0x2 <addr 10.218.244.186>]
Jan  1 03:00:25 indigo-tracker daemon.debug pppd[634]: rcvd [IPCP ConfAck id=0x2 <addr 10.218.244.186>]
Jan  1 03:00:25 indigo-tracker daemon.notice pppd[634]: replacing old default route to eth0 [192.168.17.254]
Jan  1 03:00:25 indigo-tracker daemon.notice pppd[634]: local  IP address 10.218.244.186
Jan  1 03:00:25 indigo-tracker daemon.notice pppd[634]: remote IP address 10.0.0.1
Jan  1 03:00:25 indigo-tracker daemon.debug pppd[634]: Script /etc/ppp/ip-up started (pid 650)
Jan  1 03:00:25 indigo-tracker user.notice root: Trying to get system time over ntp
Jan  1 03:00:25 indigo-tracker daemon.notice ntpdate[654]: ntpdate 4.2.6p3@1.2290 Sun Feb 20 22:12:26 UTC 2011 (1)
Oct 12 17:46:49 indigo-tracker daemon.notice ntpdate[654]: step time server 212.192.253.168 offset 1318427167.038482 sec
Oct 12 17:46:49 indigo-tracker user.notice root: Playing ntp started
Oct 12 17:46:49 indigo-tracker user.notice root: sender started
Oct 12 17:46:50 indigo-tracker user.notice root: gpsreader started
Oct 12 17:46:50 indigo-tracker user.notice root: people started
Oct 12 17:46:50 indigo-tracker user.debug sender: using uuid d8af39fb-7fc0-4f42-b976-fa460112c6ae
Oct 12 17:46:51 indigo-tracker user.debug sqlite: gps connected ok
Oct 12 17:46:51 indigo-tracker user.debug sqlite: gpsdb started ok
Oct 12 17:46:51 indigo-tracker user.debug sqlite: gps created
Oct 12 17:46:51 indigo-tracker daemon.notice openvpn[676]: OpenVPN 2.1.4 arm-linux [SSL] [LZO2] [EPOLL] built on Feb 21 2011
Oct 12 17:46:51 indigo-tracker daemon.warn openvpn[676]: NOTE: the current --script-security setting may allow this configuration to call user-defined scripts
Oct 12 17:46:51 indigo-tracker daemon.warn openvpn[676]: WARNING: file 'keys/device3.key' is group or others accessible
Oct 12 17:46:51 indigo-tracker daemon.notice openvpn[676]: LZO compression initialized
Oct 12 17:46:51 indigo-tracker daemon.notice openvpn[676]: Control Channel MTU parms [ L:1546 D:138 EF:38 EB:0 ET:0 EL:0 ]
Oct 12 17:46:51 indigo-tracker user.debug sender: nothing to send, continuing
Oct 12 17:46:51 indigo-tracker daemon.notice openvpn[676]: Socket Buffers: R=[108544->131072] S=[108544->131072]
Oct 12 17:46:52 indigo-tracker daemon.notice openvpn[676]: Data Channel MTU parms [ L:1546 D:1300 EF:46 EB:135 ET:0 EL:0 AF:3/1 ]
Oct 12 17:46:52 indigo-tracker daemon.notice openvpn[676]: Fragmentation MTU parms [ L:1546 D:1300 EF:45 EB:135 ET:1 EL:0 AF:3/1 ]
Oct 12 17:46:52 indigo-tracker daemon.notice openvpn[679]: UDPv4 link local: [undef]
Oct 12 17:46:52 indigo-tracker daemon.notice openvpn[679]: UDPv4 link remote: 72.249.145.165:1194
Oct 12 17:46:53 indigo-tracker user.notice root: recorder started
Oct 12 17:46:53 indigo-tracker user.debug recorder: recorder started
Oct 12 17:46:53 indigo-tracker user.debug recorder: ready to record
Oct 12 17:46:53 indigo-tracker user.debug recorder: scheduling next file at 1318428000 seconds unix time
Oct 12 17:46:55 indigo-tracker daemon.notice openvpn[679]: TLS: Initial packet from 72.249.145.165:1194, sid=85c730b5 6326112a
Oct 12 17:46:56 indigo-tracker user.notice root: mjpeg-streamer started
Oct 12 17:46:56 indigo-tracker user.info MJPG-streamer [691]: starting application
Oct 12 17:46:56 indigo-tracker user.info MJPG-streamer [691]: MJPG Streamer Version: svn rev: exported
Oct 12 17:46:57 indigo-tracker user.info MJPG-streamer [691]: Using V4L2 device.: /dev/video0
Oct 12 17:46:57 indigo-tracker user.info MJPG-streamer [691]: Desired Resolution: 640 x 480
Oct 12 17:46:57 indigo-tracker user.info MJPG-streamer [691]: Frames Per Second.: 10
Oct 12 17:46:57 indigo-tracker user.info MJPG-streamer [691]: Format............: MJPEG
Oct 12 17:46:57 indigo-tracker user.notice root: Current time is valid
Oct 12 17:46:57 indigo-tracker user.info MJPG-streamer [691]: output folder.....: /mnt/mmcblk0p1/video
Oct 12 17:46:57 indigo-tracker user.info MJPG-streamer [691]: input plugin.....: 0: /opt/input_uvc.so
Oct 12 17:46:57 indigo-tracker user.info MJPG-streamer [691]: delay after save..: 0
Oct 12 17:46:57 indigo-tracker user.info MJPG-streamer [691]: ringbuffer size...: no ringbuffer
Oct 12 17:46:57 indigo-tracker user.info MJPG-streamer [691]: command...........: disabled
Oct 12 17:46:57 indigo-tracker user.info MJPG-streamer [691]: www-folder-path...: /opt/mjpeg/www/
Oct 12 17:46:57 indigo-tracker user.info MJPG-streamer [691]: HTTP TCP port.....: 8080
Oct 12 17:46:57 indigo-tracker user.info MJPG-streamer [691]: username:password.: disabled
Oct 12 17:46:57 indigo-tracker user.info MJPG-streamer [691]: commands..........: enabled
Oct 12 17:46:57 indigo-tracker user.info MJPG-streamer [691]: starting input plugin /opt/input_uvc.so
Oct 12 17:46:57 indigo-tracker user.info MJPG-streamer [691]: starting output plugin: /opt/output_file.so (ID: 00)
Oct 12 17:46:57 indigo-tracker user.info MJPG-streamer [691]: starting output plugin: /opt/output_http.so (ID: 01)
Oct 12 17:46:57 indigo-tracker daemon.debug pppd[634]: Script /etc/ppp/ip-up finished (pid 650), status = 0x0
Oct 12 17:46:58 indigo-tracker user.info MJPG-streamer [691]: turning light off for camera 0
Oct 12 17:46:58 indigo-tracker user.info MJPG-streamer [691]: storage queue grew with total size of 1 * 64036 = 64036 bytes
Oct 12 17:46:58 indigo-tracker user.info MJPG-streamer [691]: storage queue grew with total size of 2 * 64036 = 128072 bytes
Oct 12 17:46:58 indigo-tracker user.info MJPG-streamer [691]: storage queue grew with total size of 3 * 64036 = 192108 bytes
Oct 12 17:46:58 indigo-tracker user.info MJPG-streamer [691]: storage queue grew with total size of 4 * 64036 = 256144 bytes
Oct 12 17:46:58 indigo-tracker user.info MJPG-streamer [691]: storage queue grew with total size of 5 * 64036 = 320180 bytes
Oct 12 17:46:58 indigo-tracker user.info MJPG-streamer [691]: storage queue grew with total size of 6 * 64036 = 384216 bytes
Oct 12 17:46:59 indigo-tracker user.info MJPG-streamer [691]: storage queue grew with total size of 7 * 64036 = 448252 bytes
Oct 12 17:46:59 indigo-tracker user.info MJPG-streamer [691]: storage queue grew with total size of 8 * 64036 = 512288 bytes
Oct 12 17:46:59 indigo-tracker user.info MJPG-streamer [691]: storage queue grew with total size of 9 * 64036 = 576324 bytes
Oct 12 17:46:59 indigo-tracker user.info MJPG-streamer [691]: storage queue grew with total size of 10 * 64036 = 640360 bytes
Oct 12 17:46:59 indigo-tracker user.info MJPG-streamer [691]: storage queue grew with total size of 11 * 64036 = 704396 bytes
Oct 12 17:46:59 indigo-tracker user.info MJPG-streamer [691]: storage queue grew with total size of 12 * 64036 = 768432 bytes
Oct 12 17:46:59 indigo-tracker user.info MJPG-streamer [691]: storage queue grew with total size of 13 * 64036 = 832468 bytes
Oct 12 17:46:59 indigo-tracker user.info MJPG-streamer [691]: storage queue grew with total size of 14 * 64036 = 896504 bytes
Oct 12 17:46:59 indigo-tracker user.info MJPG-streamer [691]: storage queue grew with total size of 15 * 64036 = 960540 bytes
Oct 12 17:46:59 indigo-tracker user.info MJPG-streamer [691]: storage queue grew with total size of 16 * 64036 = 1024576 bytes
Oct 12 17:47:00 indigo-tracker user.info MJPG-streamer [691]: storage queue grew with total size of 17 * 64036 = 1088612 bytes
Oct 12 17:47:00 indigo-tracker user.info MJPG-streamer [691]: storage queue grew with total size of 18 * 64036 = 1152648 bytes
Oct 12 17:47:00 indigo-tracker user.info MJPG-streamer [691]: storage queue grew with total size of 19 * 64036 = 1216684 bytes
Oct 12 17:47:00 indigo-tracker user.info MJPG-streamer [691]: storage queue grew with total size of 20 * 64036 = 1280720 bytes
Oct 12 17:47:00 indigo-tracker user.info MJPG-streamer [691]: storage queue grew with total size of 21 * 64036 = 1344756 bytes
Oct 12 17:47:00 indigo-tracker user.info MJPG-streamer [691]: storage queue grew with total size of 22 * 64036 = 1408792 bytes
Oct 12 17:47:00 indigo-tracker user.info MJPG-streamer [691]: storage queue grew with total size of 23 * 64036 = 1472828 bytes
Oct 12 17:47:00 indigo-tracker user.info MJPG-streamer [691]: storage queue grew with total size of 24 * 64036 = 1536864 bytes
Oct 12 17:47:00 indigo-tracker user.info MJPG-streamer [691]: storage queue grew with total size of 25 * 64036 = 1600900 bytes
Oct 12 17:47:00 indigo-tracker user.info MJPG-streamer [691]: storage queue grew with total size of 26 * 64036 = 1664936 bytes
Oct 12 17:47:01 indigo-tracker user.info MJPG-streamer [691]: storage queue grew with total size of 27 * 64036 = 1728972 bytes
Oct 12 17:47:01 indigo-tracker user.debug sender: send success
Oct 12 17:47:01 indigo-tracker user.info MJPG-streamer [691]: storage queue grew with total size of 28 * 64036 = 1793008 bytes
Oct 12 17:47:01 indigo-tracker user.info MJPG-streamer [691]: storage queue grew with total size of 29 * 64036 = 1857044 bytes
Oct 12 17:47:01 indigo-tracker user.info MJPG-streamer [691]: storage queue grew with total size of 30 * 64036 = 1921080 bytes
Oct 12 17:47:01 indigo-tracker user.info MJPG-streamer [691]: storage queue grew with total size of 31 * 64036 = 1985116 bytes
Oct 12 17:47:01 indigo-tracker user.info MJPG-streamer [691]: storage queue grew with total size of 32 * 64036 = 2049152 bytes
Oct 12 17:47:01 indigo-tracker user.info MJPG-streamer [691]: storage queue grew with total size of 33 * 64036 = 2113188 bytes
Oct 12 17:47:01 indigo-tracker user.info MJPG-streamer [691]: storage queue grew with total size of 34 * 64036 = 2177224 bytes
Oct 12 17:47:01 indigo-tracker user.info MJPG-streamer [691]: storage queue grew with total size of 35 * 64036 = 2241260 bytes
Oct 12 17:47:01 indigo-tracker user.info MJPG-streamer [691]: storage queue grew with total size of 36 * 64036 = 2305296 bytes
Oct 12 17:47:01 indigo-tracker daemon.notice openvpn[679]: VERIFY OK: depth=1, /C=RU/ST=ROSTOV-ON-DON/L=Taganrog/O=Indigo/CN=dev-vpn/emailAddress=yury@indigosystem.ru
Oct 12 17:47:02 indigo-tracker daemon.notice openvpn[679]: VERIFY OK: nsCertType=SERVER
Oct 12 17:47:02 indigo-tracker daemon.notice openvpn[679]: VERIFY OK: depth=0, /C=RU/ST=ROSTOV-ON-DON/O=Indigo/CN=dev-vpn/emailAddress=yury@indigosystem.ru
Oct 12 17:47:02 indigo-tracker user.info MJPG-streamer [691]: storage queue grew with total size of 37 * 64036 = 2369332 bytes
Oct 12 17:47:02 indigo-tracker user.debug sender: nothing to send, continuing
Oct 12 17:47:02 indigo-tracker user.info MJPG-streamer [691]: storage queue grew with total size of 38 * 64036 = 2433368 bytes
Oct 12 17:47:02 indigo-tracker user.info MJPG-streamer [691]: storage queue grew with total size of 39 * 64036 = 2497404 bytes
Oct 12 17:47:02 indigo-tracker user.info MJPG-streamer [691]: storage queue grew with total size of 40 * 64036 = 2561440 bytes
Oct 12 17:47:02 indigo-tracker user.info MJPG-streamer [691]: storage queue grew with total size of 41 * 64036 = 2625476 bytes
Oct 12 17:47:02 indigo-tracker user.info MJPG-streamer [691]: storage queue grew with total size of 42 * 64036 = 2689512 bytes
Oct 12 17:47:02 indigo-tracker user.info MJPG-streamer [691]: storage queue grew with total size of 43 * 64036 = 2753548 bytes
Oct 12 17:47:02 indigo-tracker user.info MJPG-streamer [691]: storage queue grew with total size of 44 * 64036 = 2817584 bytes
Oct 12 17:47:02 indigo-tracker user.info MJPG-streamer [691]: storage queue grew with total size of 45 * 64036 = 2881620 bytes
Oct 12 17:47:02 indigo-tracker user.info MJPG-streamer [691]: storage queue grew with total size of 46 * 64036 = 2945656 bytes
Oct 12 17:47:03 indigo-tracker user.info MJPG-streamer [691]: storage queue grew with total size of 47 * 64036 = 3009692 bytes
Oct 12 17:47:03 indigo-tracker user.info MJPG-streamer [691]: storage queue grew with total size of 48 * 64036 = 3073728 bytes
Oct 12 17:47:03 indigo-tracker user.info MJPG-streamer [691]: storage queue grew with total size of 49 * 64036 = 3137764 bytes
Oct 12 17:47:03 indigo-tracker user.info MJPG-streamer [691]: storage queue grew with total size of 50 * 64036 = 3201800 bytes
Oct 12 17:47:03 indigo-tracker user.info MJPG-streamer [691]: storage queue grew with total size of 51 * 64036 = 3265836 bytes
Oct 12 17:47:03 indigo-tracker user.info MJPG-streamer [691]: storage queue grew with total size of 52 * 64036 = 3329872 bytes
Oct 12 17:47:03 indigo-tracker user.info MJPG-streamer [691]: storage queue grew with total size of 53 * 64036 = 3393908 bytes
Oct 12 17:47:03 indigo-tracker user.info MJPG-streamer [691]: storage queue grew with total size of 54 * 64036 = 3457944 bytes
Oct 12 17:47:03 indigo-tracker user.info MJPG-streamer [691]: storage queue grew with total size of 55 * 64036 = 3521980 bytes
Oct 12 17:47:03 indigo-tracker user.info MJPG-streamer [691]: storage queue grew with total size of 56 * 64036 = 3586016 bytes
Oct 12 17:47:04 indigo-tracker user.info MJPG-streamer [691]: storage queue grew with total size of 57 * 64036 = 3650052 bytes
Oct 12 17:47:04 indigo-tracker user.info MJPG-streamer [691]: storage queue grew with total size of 58 * 64036 = 3714088 bytes
Oct 12 17:47:04 indigo-tracker user.info MJPG-streamer [691]: storage queue grew with total size of 59 * 64036 = 3778124 bytes
Oct 12 17:47:04 indigo-tracker user.info MJPG-streamer [691]: storage queue grew with total size of 60 * 64036 = 3842160 bytes
Oct 12 17:47:04 indigo-tracker user.info MJPG-streamer [691]: storage queue grew with total size of 61 * 64036 = 3906196 bytes
Oct 12 17:47:04 indigo-tracker user.info MJPG-streamer [691]: storage queue grew with total size of 62 * 64036 = 3970232 bytes
Oct 12 17:47:04 indigo-tracker user.info MJPG-streamer [691]: storage queue grew with total size of 63 * 64036 = 4034268 bytes
Oct 12 17:47:04 indigo-tracker user.info MJPG-streamer [691]: storage queue grew with total size of 64 * 64036 = 4098304 bytes
Oct 12 17:47:04 indigo-tracker user.info MJPG-streamer [691]: storage queue grew with total size of 65 * 64036 = 4162340 bytes
Oct 12 17:47:04 indigo-tracker user.info MJPG-streamer [691]: storage queue grew with total size of 66 * 64036 = 4226376 bytes
Oct 12 17:47:05 indigo-tracker user.info MJPG-streamer [691]: storage queue grew with total size of 67 * 64036 = 4290412 bytes
Oct 12 17:47:05 indigo-tracker user.info MJPG-streamer [691]: storage queue grew with total size of 68 * 64036 = 4354448 bytes
Oct 12 17:47:05 indigo-tracker user.info MJPG-streamer [691]: storage queue grew with total size of 69 * 64036 = 4418484 bytes
Oct 12 17:47:05 indigo-tracker user.info MJPG-streamer [691]: storage queue grew with total size of 70 * 64036 = 4482520 bytes
Oct 12 17:47:05 indigo-tracker user.info MJPG-streamer [691]: storage queue grew with total size of 71 * 64036 = 4546556 bytes
Oct 12 17:47:05 indigo-tracker user.info MJPG-streamer [691]: storage queue grew with total size of 72 * 64036 = 4610592 bytes
Oct 12 17:47:05 indigo-tracker user.info MJPG-streamer [691]: storage queue grew with total size of 73 * 64036 = 4674628 bytes
Oct 12 17:47:05 indigo-tracker user.info MJPG-streamer [691]: storage queue grew with total size of 74 * 64036 = 4738664 bytes
Oct 12 17:47:05 indigo-tracker user.info MJPG-streamer [691]: storage queue grew with total size of 75 * 64036 = 4802700 bytes
Oct 12 17:47:05 indigo-tracker user.info MJPG-streamer [691]: storage queue grew with total size of 76 * 64036 = 4866736 bytes
Oct 12 17:47:06 indigo-tracker user.info MJPG-streamer [691]: storage queue grew with total size of 77 * 64036 = 4930772 bytes
Oct 12 17:47:06 indigo-tracker user.info MJPG-streamer [691]: storage queue grew with total size of 78 * 64036 = 4994808 bytes
Oct 12 17:47:06 indigo-tracker user.info MJPG-streamer [691]: storage queue grew with total size of 79 * 64036 = 5058844 bytes
Oct 12 17:47:06 indigo-tracker user.info MJPG-streamer [691]: storage queue grew with total size of 80 * 64036 = 5122880 bytes
Oct 12 17:47:06 indigo-tracker user.info MJPG-streamer [691]: storage queue grew with total size of 81 * 64036 = 5186916 bytes
Oct 12 17:47:06 indigo-tracker user.info MJPG-streamer [691]: storage queue grew with total size of 82 * 64036 = 5250952 bytes
Oct 12 17:47:06 indigo-tracker user.info MJPG-streamer [691]: storage queue grew with total size of 83 * 64036 = 5314988 bytes
Oct 12 17:47:06 indigo-tracker user.info MJPG-streamer [691]: storage queue grew with total size of 84 * 64036 = 5379024 bytes
Oct 12 17:47:06 indigo-tracker user.info MJPG-streamer [691]: storage queue grew with total size of 85 * 64036 = 5443060 bytes
Oct 12 17:47:06 indigo-tracker user.info MJPG-streamer [691]: storage queue grew with total size of 86 * 64036 = 5507096 bytes
Oct 12 17:47:07 indigo-tracker user.info MJPG-streamer [691]: storage queue grew with total size of 87 * 64036 = 5571132 bytes
Oct 12 17:47:07 indigo-tracker user.info MJPG-streamer [691]: storage queue grew with total size of 88 * 64036 = 5635168 bytes
Oct 12 17:47:07 indigo-tracker user.info MJPG-streamer [691]: storage queue grew with total size of 89 * 64036 = 5699204 bytes
Oct 12 17:47:07 indigo-tracker user.info MJPG-streamer [691]: storage queue grew with total size of 90 * 64036 = 5763240 bytes
Oct 12 17:47:07 indigo-tracker user.info MJPG-streamer [691]: storage queue grew with total size of 91 * 64036 = 5827276 bytes
Oct 12 17:47:07 indigo-tracker user.info MJPG-streamer [691]: storage queue grew with total size of 92 * 64036 = 5891312 bytes
Oct 12 17:47:07 indigo-tracker user.info MJPG-streamer [691]: storage queue grew with total size of 93 * 64036 = 5955348 bytes
Oct 12 17:47:07 indigo-tracker user.info MJPG-streamer [691]: storage queue grew with total size of 94 * 64036 = 6019384 bytes
Oct 12 17:47:07 indigo-tracker user.info MJPG-streamer [691]: storage queue grew with total size of 95 * 64036 = 6083420 bytes
Oct 12 17:47:07 indigo-tracker user.info MJPG-streamer [691]: storage queue grew with total size of 96 * 64036 = 6147456 bytes
Oct 12 17:47:08 indigo-tracker user.info MJPG-streamer [691]: storage queue grew with total size of 97 * 64036 = 6211492 bytes
Oct 12 17:47:08 indigo-tracker user.info MJPG-streamer [691]: storage queue grew with total size of 98 * 64036 = 6275528 bytes
Oct 12 17:47:08 indigo-tracker user.info MJPG-streamer [691]: storage queue grew with total size of 99 * 64036 = 6339564 bytes
Oct 12 17:47:08 indigo-tracker user.info MJPG-streamer [691]: storage queue grew with total size of 100 * 64036 = 6403600 bytes
Oct 12 17:47:08 indigo-tracker user.info MJPG-streamer [691]: storage queue grew with total size of 101 * 64036 = 6467636 bytes
Oct 12 17:47:08 indigo-tracker user.info MJPG-streamer [691]: storage queue grew with total size of 102 * 64036 = 6531672 bytes
Oct 12 17:47:08 indigo-tracker user.info MJPG-streamer [691]: storage queue grew with total size of 103 * 64036 = 6595708 bytes
Oct 12 17:47:08 indigo-tracker cron.err crond[487]: time disparity of 21973787 minutes detected
Oct 12 17:47:08 indigo-tracker user.info MJPG-streamer [691]: storage queue grew with total size of 104 * 64036 = 6659744 bytes
Oct 12 17:47:08 indigo-tracker user.info MJPG-streamer [691]: storage queue grew with total size of 105 * 64036 = 6723780 bytes
Oct 12 17:47:08 indigo-tracker user.info MJPG-streamer [691]: storage queue grew with total size of 106 * 64036 = 6787816 bytes
Oct 12 17:47:09 indigo-tracker user.info MJPG-streamer [691]: storage queue grew with total size of 107 * 64036 = 6851852 bytes
Oct 12 17:47:09 indigo-tracker user.info MJPG-streamer [691]: storage queue grew with total size of 108 * 64036 = 6915888 bytes
Oct 12 17:47:09 indigo-tracker user.info MJPG-streamer [691]: storage queue grew with total size of 109 * 64036 = 6979924 bytes
Oct 12 17:47:09 indigo-tracker user.info MJPG-streamer [691]: storage queue grew with total size of 110 * 64036 = 7043960 bytes
Oct 12 17:47:09 indigo-tracker user.info MJPG-streamer [691]: storage queue grew with total size of 111 * 64036 = 7107996 bytes
Oct 12 17:47:09 indigo-tracker user.info MJPG-streamer [691]: storage queue grew with total size of 112 * 64036 = 7172032 bytes
Oct 12 17:47:09 indigo-tracker user.info MJPG-streamer [691]: storage queue grew with total size of 113 * 64036 = 7236068 bytes
Oct 12 17:47:09 indigo-tracker user.info MJPG-streamer [691]: storage queue grew with total size of 114 * 64036 = 7300104 bytes
Oct 12 17:47:09 indigo-tracker user.info MJPG-streamer [691]: storage queue grew with total size of 115 * 64036 = 7364140 bytes
Oct 12 17:47:09 indigo-tracker user.info MJPG-streamer [691]: storage queue grew with total size of 116 * 64036 = 7428176 bytes
Oct 12 17:47:10 indigo-tracker user.info MJPG-streamer [691]: storage queue grew with total size of 117 * 64036 = 7492212 bytes
Oct 12 17:47:10 indigo-tracker user.info MJPG-streamer [691]: storage queue grew with total size of 118 * 64036 = 7556248 bytes
Oct 12 17:47:10 indigo-tracker user.info MJPG-streamer [691]: storage queue grew with total size of 119 * 64036 = 7620284 bytes
Oct 12 17:47:10 indigo-tracker user.info MJPG-streamer [691]: storage queue grew with total size of 120 * 64036 = 7684320 bytes
Oct 12 17:47:10 indigo-tracker user.info MJPG-streamer [691]: storage queue grew with total size of 121 * 64036 = 7748356 bytes
Oct 12 17:47:10 indigo-tracker user.info MJPG-streamer [691]: storage queue grew with total size of 122 * 64036 = 7812392 bytes
Oct 12 17:47:10 indigo-tracker user.info MJPG-streamer [691]: storage queue grew with total size of 123 * 64036 = 7876428 bytes
Oct 12 17:47:10 indigo-tracker user.info MJPG-streamer [691]: storage queue grew with total size of 124 * 64036 = 7940464 bytes
Oct 12 17:47:10 indigo-tracker user.info MJPG-streamer [691]: storage queue grew with total size of 125 * 64036 = 8004500 bytes
Oct 12 17:47:10 indigo-tracker user.info MJPG-streamer [691]: storage queue grew with total size of 126 * 64036 = 8068536 bytes
Oct 12 17:47:11 indigo-tracker user.info MJPG-streamer [691]: storage queue grew with total size of 127 * 64036 = 8132572 bytes
Oct 12 17:47:11 indigo-tracker user.info MJPG-streamer [691]: storage queue grew with total size of 128 * 64036 = 8196608 bytes
Oct 12 17:47:11 indigo-tracker user.info MJPG-streamer [691]: storage queue grew with total size of 129 * 64036 = 8260644 bytes
Oct 12 17:47:11 indigo-tracker user.info MJPG-streamer [691]: storage queue grew with total size of 130 * 64036 = 8324680 bytes
Oct 12 17:47:11 indigo-tracker user.info MJPG-streamer [691]: storage queue grew with total size of 131 * 64036 = 8388716 bytes
Oct 12 17:47:11 indigo-tracker user.info MJPG-streamer [691]: storage queue grew with total size of 132 * 64036 = 8452752 bytes
Oct 12 17:47:11 indigo-tracker user.info MJPG-streamer [691]: storage queue grew with total size of 133 * 64036 = 8516788 bytes
Oct 12 17:47:11 indigo-tracker user.info MJPG-streamer [691]: storage queue grew with total size of 134 * 64036 = 8580824 bytes
Oct 12 17:47:11 indigo-tracker user.info MJPG-streamer [691]: storage queue grew with total size of 135 * 64036 = 8644860 bytes
Oct 12 17:47:11 indigo-tracker user.info MJPG-streamer [691]: storage queue grew with total size of 136 * 64036 = 8708896 bytes
Oct 12 17:47:12 indigo-tracker user.info MJPG-streamer [691]: storage queue grew with total size of 137 * 64036 = 8772932 bytes
Oct 12 17:47:12 indigo-tracker user.info MJPG-streamer [691]: storage queue grew with total size of 138 * 64036 = 8836968 bytes
Oct 12 17:47:12 indigo-tracker user.info MJPG-streamer [691]: storage queue grew with total size of 139 * 64036 = 8901004 bytes
Oct 12 17:47:12 indigo-tracker user.info MJPG-streamer [691]: storage queue grew with total size of 140 * 64036 = 8965040 bytes
Oct 12 17:47:12 indigo-tracker user.info MJPG-streamer [691]: storage queue grew with total size of 141 * 64036 = 9029076 bytes
Oct 12 17:47:12 indigo-tracker user.info MJPG-streamer [691]: storage queue grew with total size of 142 * 64036 = 9093112 bytes
Oct 12 17:47:12 indigo-tracker user.info MJPG-streamer [691]: storage queue grew with total size of 143 * 64036 = 9157148 bytes
Oct 12 17:47:12 indigo-tracker user.info MJPG-streamer [691]: storage queue grew with total size of 144 * 64036 = 9221184 bytes
Oct 12 17:47:12 indigo-tracker user.info MJPG-streamer [691]: storage queue grew with total size of 145 * 64036 = 9285220 bytes
Oct 12 17:47:12 indigo-tracker user.info MJPG-streamer [691]: storage queue grew with total size of 146 * 64036 = 9349256 bytes
Oct 12 17:47:13 indigo-tracker user.info MJPG-streamer [691]: storage queue grew with total size of 147 * 64036 = 9413292 bytes
Oct 12 17:47:13 indigo-tracker user.info MJPG-streamer [691]: storage queue grew with total size of 148 * 64036 = 9477328 bytes
Oct 12 17:47:13 indigo-tracker user.info MJPG-streamer [691]: storage queue grew with total size of 149 * 64036 = 9541364 bytes
Oct 12 17:47:13 indigo-tracker user.info MJPG-streamer [691]: storage queue grew with total size of 150 * 64036 = 9605400 bytes
Oct 12 17:47:30 indigo-tracker daemon.notice openvpn[679]: Data Channel Encrypt: Cipher 'BF-CBC' initialized with 128 bit key
Oct 12 17:47:30 indigo-tracker daemon.notice openvpn[679]: Data Channel Encrypt: Using 160 bit message hash 'SHA1' for HMAC authentication
Oct 12 17:47:30 indigo-tracker daemon.notice openvpn[679]: Data Channel Decrypt: Cipher 'BF-CBC' initialized with 128 bit key
Oct 12 17:47:30 indigo-tracker daemon.notice openvpn[679]: Data Channel Decrypt: Using 160 bit message hash 'SHA1' for HMAC authentication
Oct 12 17:47:30 indigo-tracker daemon.notice openvpn[679]: Control Channel: TLSv1, cipher TLSv1/SSLv3 DHE-RSA-AES256-SHA, 1024 bit RSA
Oct 12 17:47:30 indigo-tracker daemon.notice openvpn[679]: [dev-vpn] Peer Connection Initiated with 72.249.145.165:1194
Oct 12 17:47:32 indigo-tracker daemon.notice openvpn[679]: SENT CONTROL [dev-vpn]: 'PUSH_REQUEST' (status=1)
Oct 12 17:47:33 indigo-tracker daemon.notice openvpn[679]: PUSH: Received control message: 'PUSH_REPLY,route 192.168.201.0 255.255.255.0,topology net30,ping 20,ping-restart 50,ifconfig 192.168.201.54 192.168.201.53'
Oct 12 17:47:33 indigo-tracker daemon.notice openvpn[679]: OPTIONS IMPORT: timers and/or timeouts modified
Oct 12 17:47:33 indigo-tracker daemon.notice openvpn[679]: OPTIONS IMPORT: --ifconfig/up options modified
Oct 12 17:47:33 indigo-tracker daemon.notice openvpn[679]: OPTIONS IMPORT: route options modified
Oct 12 17:47:33 indigo-tracker daemon.notice openvpn[679]: ROUTE: default_gateway=UNDEF
Oct 12 17:47:33 indigo-tracker daemon.notice openvpn[679]: TUN/TAP device tun0 opened
Oct 12 17:47:33 indigo-tracker daemon.notice openvpn[679]: TUN/TAP TX queue length set to 100
Oct 12 17:47:33 indigo-tracker daemon.notice openvpn[679]: /sbin/ifconfig tun0 192.168.201.54 pointopoint 192.168.201.53 mtu 1500
Oct 12 17:47:33 indigo-tracker daemon.notice openvpn[679]: /etc/openvpn/vpn-up tun0 1500 1546 192.168.201.54 192.168.201.53 init
Oct 12 17:47:33 indigo-tracker daemon.notice openvpn[679]: /sbin/route add -net 192.168.201.0 netmask 255.255.255.0 gw 192.168.201.53
Oct 12 17:47:33 indigo-tracker daemon.notice openvpn[679]: Initialization Sequence Completed
Oct 12 17:47:52 indigo-tracker user.debug sqlite: sending keepalive
Oct 12 17:47:58 indigo-tracker user.debug sender: send success
Oct 12 17:47:59 indigo-tracker user.debug sender: nothing to send, continuing
Oct 12 17:48:01 indigo-tracker cron.info crond[487]: crond: USER root pid 742 cmd /etc/cron/check_updates.sh
Jan  1 03:00:11 indigo-tracker syslog.info syslogd started: BusyBox v1.18.3
Jan  1 03:00:11 indigo-tracker cron.notice atd[645]: Removing stale lockfile for pid 645
Jan  1 03:00:11 indigo-tracker user.notice kernel: klogd started: BusyBox v1.18.3 (2011-03-29 18:29:13 MSD)
Jan  1 03:00:11 indigo-tracker user.notice kernel: Linux version 2.6.38+ (yury@debian-dev-vm) (gcc version 4.4.5 (indigo-ct-ng) ) #60 Wed Sep 21 16:51:48 MSD 2011
Jan  1 03:00:11 indigo-tracker user.warn kernel: CPU: ARM926EJ-S [41069265] revision 5 (ARMv5TEJ), cr=00053177
Jan  1 03:00:11 indigo-tracker user.warn kernel: CPU: VIVT data cache, VIVT instruction cache
Jan  1 03:00:11 indigo-tracker user.warn kernel: Machine: Indigo AT91SAM9260-SK
Jan  1 03:00:11 indigo-tracker user.warn kernel: Memory policy: ECC disabled, Data cache writeback
Jan  1 03:00:11 indigo-tracker user.warn kernel: Clocks: CPU 196 MHz, master 98 MHz, main 12.000 MHz
Jan  1 03:00:11 indigo-tracker user.debug kernel: On node 0 totalpages: 16384
Jan  1 03:00:11 indigo-tracker user.debug kernel: free_area_init_node: node 0, pgdat c0369484, node_mem_map c037b000
Jan  1 03:00:11 indigo-tracker user.debug kernel:   Normal zone: 128 pages used for memmap
Jan  1 03:00:11 indigo-tracker user.debug kernel:   Normal zone: 0 pages reserved
Jan  1 03:00:11 indigo-tracker user.debug kernel:   Normal zone: 16256 pages, LIFO batch:3
Jan  1 03:00:11 indigo-tracker user.debug kernel: pcpu-alloc: s0 r0 d32768 u32768 alloc=1*32768
Jan  1 03:00:11 indigo-tracker user.debug kernel: pcpu-alloc: [0] 0 
Jan  1 03:00:11 indigo-tracker user.warn kernel: Built 1 zonelists in Zone order, mobility grouping on.  Total pages: 16256
Jan  1 03:00:11 indigo-tracker user.notice kernel: Kernel command line: console=ttyS0,115200=mem=64M root=/dev/mtdblock3
Jan  1 03:00:11 indigo-tracker user.info kernel: PID hash table entries: 256 (order: -2, 1024 bytes)
Jan  1 03:00:11 indigo-tracker user.info kernel: Dentry cache hash table entries: 8192 (order: 3, 32768 bytes)
Jan  1 03:00:11 indigo-tracker user.info kernel: Inode-cache hash table entries: 4096 (order: 2, 16384 bytes)
Jan  1 03:00:11 indigo-tracker user.info kernel: Memory: 64MB = 64MB total
Jan  1 03:00:11 indigo-tracker user.notice kernel: Memory: 61364k/61364k available, 4172k reserved, 0K highmem
Jan  1 03:00:11 indigo-tracker user.notice kernel: Virtual kernel memory layout:
Jan  1 03:00:11 indigo-tracker user.notice kernel:     vector  : 0xffff0000 - 0xffff1000   (   4 kB)
Jan  1 03:00:11 indigo-tracker user.notice kernel:     fixmap  : 0xfff00000 - 0xfffe0000   ( 896 kB)
Jan  1 03:00:11 indigo-tracker user.notice kernel:     DMA     : 0xffc00000 - 0xffe00000   (   2 MB)
Jan  1 03:00:11 indigo-tracker user.notice kernel:     vmalloc : 0xc4800000 - 0xfee00000   ( 934 MB)
Jan  1 03:00:11 indigo-tracker user.notice kernel:     lowmem  : 0xc0000000 - 0xc4000000   (  64 MB)
Jan  1 03:00:11 indigo-tracker user.notice kernel:     modules : 0xbf000000 - 0xc0000000   (  16 MB)
Jan  1 03:00:11 indigo-tracker user.notice kernel:       .init : 0xc0008000 - 0xc0024000   ( 112 kB)
Jan  1 03:00:11 indigo-tracker user.notice kernel:       .text : 0xc0024000 - 0xc03419d4   (3191 kB)
Jan  1 03:00:11 indigo-tracker user.notice kernel:       .data : 0xc0342000 - 0xc0369c60   ( 160 kB)
Jan  1 03:00:11 indigo-tracker user.info kernel: NR_IRQS:192
Jan  1 03:00:11 indigo-tracker user.info kernel: AT91: 96 gpio irqs in 3 banks
Jan  1 03:00:11 indigo-tracker user.warn kernel: Console: colour dummy device 80x30
Jan  1 03:00:11 indigo-tracker user.info kernel: console [ttyS0] enabled
Jan  1 03:00:11 indigo-tracker user.info kernel: Calibrating delay loop... 97.89 BogoMIPS (lpj=489472)
Jan  1 03:00:11 indigo-tracker user.info kernel: pid_max: default: 32768 minimum: 301
Jan  1 03:00:11 indigo-tracker user.warn kernel: Mount-cache hash table entries: 512
Jan  1 03:00:11 indigo-tracker user.info kernel: CPU: Testing write buffer coherency: ok
Jan  1 03:00:11 indigo-tracker user.info kernel: NET: Registered protocol family 16
Jan  1 03:00:11 indigo-tracker user.warn kernel: bio: create slab <bio-0> at 0
Jan  1 03:00:11 indigo-tracker user.notice kernel: SCSI subsystem initialized
Jan  1 03:00:11 indigo-tracker user.info kernel: usbcore: registered new interface driver usbfs
Jan  1 03:00:11 indigo-tracker user.info kernel: usbcore: registered new interface driver hub
Jan  1 03:00:11 indigo-tracker user.info kernel: usbcore: registered new device driver usb
Jan  1 03:00:11 indigo-tracker user.info kernel: Advanced Linux Sound Architecture Driver Version 1.0.23.
Jan  1 03:00:11 indigo-tracker user.info kernel: Switching to clocksource pit
Jan  1 03:00:11 indigo-tracker user.info kernel: NET: Registered protocol family 2
Jan  1 03:00:11 indigo-tracker user.info kernel: IP route cache hash table entries: 1024 (order: 0, 4096 bytes)
Jan  1 03:00:11 indigo-tracker user.info kernel: TCP established hash table entries: 2048 (order: 2, 16384 bytes)
Jan  1 03:00:11 indigo-tracker user.info kernel: TCP bind hash table entries: 2048 (order: 1, 8192 bytes)
Jan  1 03:00:11 indigo-tracker user.info kernel: TCP: Hash tables configured (established 2048 bind 2048)
Jan  1 03:00:11 indigo-tracker user.info kernel: TCP reno registered
Jan  1 03:00:11 indigo-tracker user.info kernel: UDP hash table entries: 256 (order: 0, 4096 bytes)
Jan  1 03:00:11 indigo-tracker user.info kernel: UDP-Lite hash table entries: 256 (order: 0, 4096 bytes)
Jan  1 03:00:11 indigo-tracker user.info kernel: NET: Registered protocol family 1
Jan  1 03:00:11 indigo-tracker user.debug kernel: yaffs: yaffs built Sep 21 2011 13:46:29 Installing.
Jan  1 03:00:11 indigo-tracker user.info kernel: msgmni has been set to 119
Jan  1 03:00:11 indigo-tracker user.info kernel: io scheduler noop registered (default)
Jan  1 03:00:11 indigo-tracker user.info kernel: io scheduler deadline registered
Jan  1 03:00:11 indigo-tracker user.info kernel: atmel_usart.0: ttyS0 at MMIO 0xfefff200 (irq = 1) is a ATMEL_SERIAL
Jan  1 03:00:11 indigo-tracker user.info kernel: atmel_usart.1: ttyS1 at MMIO 0xfffb0000 (irq = 6) is a ATMEL_SERIAL
Jan  1 03:00:11 indigo-tracker user.info kernel: atmel_usart.2: ttyS2 at MMIO 0xfffb8000 (irq = 8) is a ATMEL_SERIAL
Jan  1 03:00:11 indigo-tracker user.debug kernel: SK-AT91SAM9XE512: SIM508 power management driver, major 135, minor 0.
Jan  1 03:00:11 indigo-tracker user.info kernel: brd: module loaded
Jan  1 03:00:11 indigo-tracker user.info kernel: loop: module loaded
Jan  1 03:00:11 indigo-tracker user.info kernel: ssc ssc.0: Atmel SSC device at 0xc4818000 (irq 14)
Jan  1 03:00:11 indigo-tracker user.info kernel: NAND device: Manufacturer ID: 0xec, Chip ID: 0xda (Samsung NAND 256MiB 3,3V 8-bit)
Jan  1 03:00:11 indigo-tracker user.info kernel: Scanning device for bad blocks
Jan  1 03:00:11 indigo-tracker user.warn kernel: Bad eraseblock 1686 at 0x00000d2c0000
Jan  1 03:00:11 indigo-tracker user.notice kernel: Creating 6 MTD partitions on "atmel_nand":
Jan  1 03:00:11 indigo-tracker user.notice kernel: 0x000000000000-0x000000020000 : "Bootstrap partition"
Jan  1 03:00:11 indigo-tracker user.notice kernel: 0x000000020000-0x000000060000 : "U-boot Partition"
Jan  1 03:00:11 indigo-tracker user.notice kernel: 0x0000000a0000-0x0000002a0000 : "Kernel Partition"
Jan  1 03:00:11 indigo-tracker user.notice kernel: 0x000000800000-0x000010000000 : "Storage Partition"
Jan  1 03:00:11 indigo-tracker user.notice kernel: 0x000000060000-0x000000080000 : "U-boot Environment"
Jan  1 03:00:11 indigo-tracker user.notice kernel: 0x000000080000-0x0000000a0000 : "U-boot Environment Backup"
Jan  1 03:00:11 indigo-tracker user.info kernel: atmel_spi atmel_spi.0: Atmel SPI Controller at 0xfffc8000 (irq 12)
Jan  1 03:00:11 indigo-tracker user.info kernel: atmel_spi atmel_spi.1: Atmel SPI Controller at 0xfffcc000 (irq 13)
Jan  1 03:00:11 indigo-tracker user.info kernel: PPP generic driver version 2.4.2
Jan  1 03:00:11 indigo-tracker user.info kernel: PPP Deflate Compression module registered
Jan  1 03:00:11 indigo-tracker user.info kernel: PPP BSD Compression module registered
Jan  1 03:00:11 indigo-tracker user.info kernel: PPP MPPE Compression module registered
Jan  1 03:00:11 indigo-tracker user.info kernel: NET: Registered protocol family 24
Jan  1 03:00:11 indigo-tracker user.info kernel: SLIP: version 0.8.4-NET3.019-NEWTTY (dynamic channels, max=256).
Jan  1 03:00:11 indigo-tracker user.info kernel: CSLIP: code copyright 1989 Regents of the University of California.
Jan  1 03:00:11 indigo-tracker user.info kernel: tun: Universal TUN/TAP device driver, 1.6
Jan  1 03:00:11 indigo-tracker user.info kernel: tun: (C) 1999-2004 Max Krasnyansky <maxk@qualcomm.com>
Jan  1 03:00:11 indigo-tracker user.info kernel: macb macb: invalid hw address, using random
Jan  1 03:00:11 indigo-tracker user.info kernel: MACB_mii_bus: probed
Jan  1 03:00:11 indigo-tracker user.info kernel: eth0: Atmel MACB at 0xfffc4000 irq 21 (a2:0b:ea:cf:91:22)
Jan  1 03:00:11 indigo-tracker user.info kernel: eth0: attached PHY driver [Micrel KS8001 or KS8721] (mii_bus:phy_addr=ffffffff:01, irq=-1)
Jan  1 03:00:11 indigo-tracker user.info kernel: ohci_hcd: USB 1.1 'Open' Host Controller (OHCI) Driver
Jan  1 03:00:11 indigo-tracker user.info kernel: at91_ohci at91_ohci: AT91 OHCI
Jan  1 03:00:11 indigo-tracker user.info kernel: at91_ohci at91_ohci: new USB bus registered, assigned bus number 1
Jan  1 03:00:11 indigo-tracker user.info kernel: at91_ohci at91_ohci: irq 20, io mem 0x00500000
Jan  1 03:00:11 indigo-tracker user.info kernel: usb usb1: New USB device found, idVendor=1d6b, idProduct=0001
Jan  1 03:00:11 indigo-tracker user.info kernel: usb usb1: New USB device strings: Mfr=3, Product=2, SerialNumber=1
Jan  1 03:00:11 indigo-tracker user.info kernel: usb usb1: Product: AT91 OHCI
Jan  1 03:00:11 indigo-tracker user.info kernel: usb usb1: Manufacturer: Linux 2.6.38+ ohci_hcd
Jan  1 03:00:11 indigo-tracker user.info kernel: usb usb1: SerialNumber: at91
Jan  1 03:00:11 indigo-tracker user.info kernel: hub 1-0:1.0: USB hub found
Jan  1 03:00:11 indigo-tracker user.info kernel: hub 1-0:1.0: 2 ports detected
Jan  1 03:00:11 indigo-tracker user.info kernel: Initializing USB Mass Storage driver...
Jan  1 03:00:11 indigo-tracker user.info kernel: usbcore: registered new interface driver usb-storage
Jan  1 03:00:11 indigo-tracker user.info kernel: USB Mass Storage support registered.
Jan  1 03:00:11 indigo-tracker user.info kernel: rtc-at91sam9 at91_rtt.0: rtc core: registered at91_rtt as rtc0
Jan  1 03:00:11 indigo-tracker user.warn kernel: rtc-at91sam9 at91_rtt.0: rtc0: SET TIME!
Jan  1 03:00:11 indigo-tracker user.info kernel: i2c /dev entries driver
Jan  1 03:00:11 indigo-tracker user.info kernel: Linux video capture interface: v2.00
Jan  1 03:00:11 indigo-tracker user.info kernel: usbcore: registered new interface driver uvcvideo
Jan  1 03:00:11 indigo-tracker user.info kernel: USB Video Class driver (v1.0.0)
Jan  1 03:00:11 indigo-tracker user.info kernel: AT91SAM9 Watchdog enabled (heartbeat=15 sec, nowayout=0)
Jan  1 03:00:11 indigo-tracker user.info kernel: usbcore: registered new interface driver snd-usb-audio
Jan  1 03:00:11 indigo-tracker user.info kernel: ALSA device list:
Jan  1 03:00:11 indigo-tracker user.info kernel:   No soundcards found.
Jan  1 03:00:11 indigo-tracker user.info kernel: nf_conntrack version 0.5.0 (958 buckets, 3832 max)
Jan  1 03:00:11 indigo-tracker user.info kernel: ip_tables: (C) 2000-2006 Netfilter Core Team
Jan  1 03:00:11 indigo-tracker user.info kernel: TCP cubic registered
Jan  1 03:00:11 indigo-tracker user.info kernel: NET: Registered protocol family 17
Jan  1 03:00:11 indigo-tracker user.err kernel: rtc-at91sam9 at91_rtt.0: hctosys: unable to read the hardware clock
Jan  1 03:00:11 indigo-tracker user.info kernel: atmel_mci atmel_mci: Atmel MCI controller at 0xfffa8000 irq 9, 1 slots
Jan  1 03:00:11 indigo-tracker user.info kernel: yaffs: dev is 32505859 name is "mtdblock3" rw
Jan  1 03:00:11 indigo-tracker user.info kernel: yaffs: passed flags ""
Jan  1 03:00:11 indigo-tracker user.debug kernel: yaffs: yaffs: Attempting MTD mount of 31.3,"mtdblock3"
Jan  1 03:00:11 indigo-tracker user.debug kernel: yaffs: auto selecting yaffs2
Jan  1 03:00:11 indigo-tracker user.debug kernel: yaffs: yaffs_read_super: is_checkpointed 1
Jan  1 03:00:11 indigo-tracker user.warn kernel: VFS: Mounted root (yaffs filesystem) on device 31:3.
Jan  1 03:00:11 indigo-tracker user.info kernel: Freeing init memory: 112K
Jan  1 03:00:11 indigo-tracker user.info kernel: usb 1-1: new full speed USB device using at91_ohci and address 2
Jan  1 03:00:11 indigo-tracker user.info kernel: usb 1-1: New USB device found, idVendor=046d, idProduct=0819
Jan  1 03:00:11 indigo-tracker user.info kernel: usb 1-1: New USB device strings: Mfr=0, Product=0, SerialNumber=2
Jan  1 03:00:11 indigo-tracker user.info kernel: usb 1-1: SerialNumber: 9D01EEA0
Jan  1 03:00:11 indigo-tracker user.info kernel: uvcvideo: Found UVC 1.00 device <unnamed> (046d:0819)
Jan  1 03:00:11 indigo-tracker user.info kernel: input: UVC Camera (046d:0819) as /devices/platform/at91_ohci/usb1/1-1/1-1:1.0/input/input0
Jan  1 03:00:11 indigo-tracker user.alert kernel: piopins: with filter
Jan  1 03:00:11 indigo-tracker user.warn kernel: piopins: system time doesn't seem to be true, will not flush anything
Jan  1 03:00:11 indigo-tracker user.info kernel: SK-AT91SAM9XE512: SIM508 GPS power OFF.
Jan  1 03:00:11 indigo-tracker user.info kernel: SK-AT91SAM9XE512: SIM508 GPS power ON.
Jan  1 03:00:11 indigo-tracker local2.info chat[639]: timeout set to 45 seconds
Jan  1 03:00:11 indigo-tracker local2.info chat[639]: expect (OK)
Jan  1 03:00:11 indigo-tracker local2.info chat[639]: ^M
Jan  1 03:00:11 indigo-tracker local2.info chat[639]: AT+CGDCONT=1,"IP","internet"^M^M
Jan  1 03:00:11 indigo-tracker local2.info chat[639]: OK
Jan  1 03:00:11 indigo-tracker local2.info chat[639]:  -- got it
Jan  1 03:00:11 indigo-tracker local2.info chat[639]: send (ATD*99#^M)
Jan  1 03:00:12 indigo-tracker local2.info chat[639]: expect (CONNECT)
Jan  1 03:00:12 indigo-tracker local2.info chat[639]: ^M
Jan  1 03:00:12 indigo-tracker local2.info chat[639]: ATD*99#^M^M
Jan  1 03:00:12 indigo-tracker local2.info chat[639]: CONNECT
Jan  1 03:00:12 indigo-tracker local2.info chat[639]:  -- got it
Jan  1 03:00:12 indigo-tracker local2.info chat[639]: send (^M)
Jan  1 03:00:12 indigo-tracker daemon.debug pppd[636]: Script chat -v -f /etc/ppp/chatscripts/megafon-connect finished (pid 638), status = 0x0
Jan  1 03:00:12 indigo-tracker daemon.info pppd[636]: Serial connection established.
Jan  1 03:00:12 indigo-tracker daemon.debug pppd[636]: using channel 1
Jan  1 03:00:12 indigo-tracker daemon.info pppd[636]: Using interface ppp0
Jan  1 03:00:12 indigo-tracker daemon.notice pppd[636]: Connect: ppp0 <--> /dev/ttyS1
Jan  1 03:00:13 indigo-tracker daemon.warn pppd[636]: Warning - secret file /etc/ppp/pap-secrets has world and/or group access
Jan  1 03:00:13 indigo-tracker daemon.debug pppd[636]: sent [LCP ConfReq id=0x1 <asyncmap 0x0> <magic 0x2478bfe3>]
Jan  1 03:00:13 indigo-tracker daemon.debug pppd[636]: rcvd [LCP ConfAck id=0x1 <asyncmap 0x0> <magic 0x2478bfe3>]
Jan  1 03:00:15 indigo-tracker daemon.debug pppd[636]: rcvd [LCP ConfReq id=0x2 <mru 1600> <auth pap> <magic 0xc3c65c9> <asyncmap 0x0> <pcomp> <accomp>]
Jan  1 03:00:15 indigo-tracker daemon.debug pppd[636]: No auth is possible
Jan  1 03:00:15 indigo-tracker daemon.debug pppd[636]: sent [LCP ConfRej id=0x2 <auth pap> <pcomp> <accomp>]
Jan  1 03:00:15 indigo-tracker daemon.debug pppd[636]: rcvd [LCP ConfReq id=0x3 <mru 1600> <magic 0xc3c65c9> <asyncmap 0x0>]
Jan  1 03:00:15 indigo-tracker daemon.debug pppd[636]: sent [LCP ConfAck id=0x3 <mru 1600> <magic 0xc3c65c9> <asyncmap 0x0>]
Jan  1 03:00:15 indigo-tracker daemon.debug pppd[636]: sent [IPCP ConfReq id=0x1 <addr 0.0.0.0>]
Jan  1 03:00:18 indigo-tracker daemon.debug pppd[636]: sent [IPCP ConfReq id=0x1 <addr 0.0.0.0>]
Jan  1 03:00:21 indigo-tracker daemon.debug pppd[636]: sent [IPCP ConfReq id=0x1 <addr 0.0.0.0>]
Jan  1 03:00:24 indigo-tracker daemon.debug pppd[636]: sent [IPCP ConfReq id=0x1 <addr 0.0.0.0>]
Jan  1 03:00:27 indigo-tracker daemon.debug pppd[636]: sent [IPCP ConfReq id=0x1 <addr 0.0.0.0>]
Jan  1 03:00:27 indigo-tracker daemon.debug pppd[636]: rcvd [IPCP ConfNak id=0x1 <addr 10.238.208.82>]
Jan  1 03:00:27 indigo-tracker daemon.debug pppd[636]: sent [IPCP ConfReq id=0x2 <addr 10.238.208.82>]
Jan  1 03:00:27 indigo-tracker daemon.debug pppd[636]: rcvd [IPCP ConfReq id=0x1 <addr 10.0.0.1>]
Jan  1 03:00:27 indigo-tracker daemon.debug pppd[636]: sent [IPCP ConfAck id=0x1 <addr 10.0.0.1>]
Jan  1 03:00:27 indigo-tracker daemon.debug pppd[636]: rcvd [IPCP ConfAck id=0x2 <addr 10.238.208.82>]
Jan  1 03:00:27 indigo-tracker daemon.notice pppd[636]: replacing old default route to eth0 [192.168.17.254]
Jan  1 03:00:27 indigo-tracker daemon.notice pppd[636]: local  IP address 10.238.208.82
Jan  1 03:00:27 indigo-tracker daemon.notice pppd[636]: remote IP address 10.0.0.1
Jan  1 03:00:27 indigo-tracker daemon.debug pppd[636]: Script /etc/ppp/ip-up started (pid 652)
Jan  1 03:00:27 indigo-tracker user.notice root: Trying to get system time over ntp
Jan  1 03:00:27 indigo-tracker daemon.notice ntpdate[656]: ntpdate 4.2.6p3@1.2290 Sun Feb 20 22:12:26 UTC 2011 (1)
Oct 12 17:49:36 indigo-tracker daemon.notice ntpdate[656]: step time server 212.192.253.168 offset 1318427332.201524 sec
Oct 12 17:49:36 indigo-tracker user.notice root: Playing ntp started
Oct 12 17:49:37 indigo-tracker user.notice root: sender started
Oct 12 17:49:37 indigo-tracker user.notice root: gpsreader started
Oct 12 17:49:37 indigo-tracker user.notice root: people started
Oct 12 17:49:37 indigo-tracker user.debug sender: using uuid d8af39fb-7fc0-4f42-b976-fa460112c6ae
Oct 12 17:49:38 indigo-tracker user.debug sqlite: gps connected ok
Oct 12 17:49:38 indigo-tracker user.debug sqlite: gpsdb started ok
Oct 12 17:49:38 indigo-tracker user.debug sqlite: gps created
Oct 12 17:49:38 indigo-tracker daemon.notice openvpn[678]: OpenVPN 2.1.4 arm-linux [SSL] [LZO2] [EPOLL] built on Feb 21 2011
Oct 12 17:49:38 indigo-tracker daemon.warn openvpn[678]: NOTE: the current --script-security setting may allow this configuration to call user-defined scripts
Oct 12 17:49:38 indigo-tracker daemon.warn openvpn[678]: WARNING: file 'keys/device3.key' is group or others accessible
Oct 12 17:49:38 indigo-tracker user.debug sender: nothing to send, continuing
Oct 12 17:49:38 indigo-tracker daemon.notice openvpn[678]: LZO compression initialized
Oct 12 17:49:38 indigo-tracker daemon.notice openvpn[678]: Control Channel MTU parms [ L:1546 D:138 EF:38 EB:0 ET:0 EL:0 ]
Oct 12 17:49:38 indigo-tracker daemon.notice openvpn[678]: Socket Buffers: R=[108544->131072] S=[108544->131072]
Oct 12 17:49:39 indigo-tracker daemon.notice openvpn[678]: Data Channel MTU parms [ L:1546 D:1300 EF:46 EB:135 ET:0 EL:0 AF:3/1 ]
Oct 12 17:49:39 indigo-tracker daemon.notice openvpn[678]: Fragmentation MTU parms [ L:1546 D:1300 EF:45 EB:135 ET:1 EL:0 AF:3/1 ]
Oct 12 17:49:39 indigo-tracker daemon.notice openvpn[681]: UDPv4 link local: [undef]
Oct 12 17:49:39 indigo-tracker daemon.notice openvpn[681]: UDPv4 link remote: 72.249.145.165:1194
Oct 12 17:49:40 indigo-tracker user.notice root: recorder started
Oct 12 17:49:40 indigo-tracker user.debug recorder: recorder started
Oct 12 17:49:40 indigo-tracker user.debug recorder: ready to record
Oct 12 17:49:40 indigo-tracker user.debug recorder: scheduling next file at 1318428000 seconds unix time
Oct 12 17:49:43 indigo-tracker user.notice root: mjpeg-streamer started
Oct 12 17:49:43 indigo-tracker user.info MJPG-streamer [693]: starting application
Oct 12 17:49:43 indigo-tracker user.info MJPG-streamer [693]: MJPG Streamer Version: svn rev: exported
Oct 12 17:49:43 indigo-tracker user.notice root: Current time is valid
Oct 12 17:49:43 indigo-tracker user.info MJPG-streamer [693]: Using V4L2 device.: /dev/video0
Oct 12 17:49:43 indigo-tracker user.info MJPG-streamer [693]: Desired Resolution: 640 x 480
Oct 12 17:49:43 indigo-tracker user.info MJPG-streamer [693]: Frames Per Second.: 10
Oct 12 17:49:44 indigo-tracker user.info MJPG-streamer [693]: Format............: MJPEG
Oct 12 17:49:44 indigo-tracker user.info MJPG-streamer [693]: output folder.....: /mnt/mmcblk0p1/video
Oct 12 17:49:44 indigo-tracker user.info MJPG-streamer [693]: input plugin.....: 0: /opt/input_uvc.so
Oct 12 17:49:44 indigo-tracker user.info MJPG-streamer [693]: delay after save..: 0
Oct 12 17:49:44 indigo-tracker user.info MJPG-streamer [693]: ringbuffer size...: no ringbuffer
Oct 12 17:49:44 indigo-tracker user.info MJPG-streamer [693]: command...........: disabled
Oct 12 17:49:44 indigo-tracker user.info MJPG-streamer [693]: www-folder-path...: /opt/mjpeg/www/
Oct 12 17:49:44 indigo-tracker user.info MJPG-streamer [693]: HTTP TCP port.....: 8080
Oct 12 17:49:44 indigo-tracker user.info MJPG-streamer [693]: username:password.: disabled
Oct 12 17:49:44 indigo-tracker user.info MJPG-streamer [693]: commands..........: enabled
Oct 12 17:49:44 indigo-tracker user.info MJPG-streamer [693]: starting input plugin /opt/input_uvc.so
Oct 12 17:49:44 indigo-tracker user.info MJPG-streamer [693]: starting output plugin: /opt/output_file.so (ID: 00)
Oct 12 17:49:44 indigo-tracker user.info MJPG-streamer [693]: starting output plugin: /opt/output_http.so (ID: 01)
Oct 12 17:49:44 indigo-tracker user.debug sqlite: got carrier
Oct 12 17:49:44 indigo-tracker daemon.debug pppd[636]: Script /etc/ppp/ip-up finished (pid 652), status = 0x0
Oct 12 17:49:45 indigo-tracker user.debug sqlite: lost carrier
Oct 12 17:49:45 indigo-tracker user.info MJPG-streamer [693]: turning light off for camera 0
Oct 12 17:49:45 indigo-tracker user.info MJPG-streamer [693]: storage queue grew with total size of 1 * 64036 = 64036 bytes
Oct 12 17:49:45 indigo-tracker user.info MJPG-streamer [693]: storage queue grew with total size of 2 * 64036 = 128072 bytes
Oct 12 17:49:45 indigo-tracker user.info MJPG-streamer [693]: storage queue grew with total size of 3 * 64036 = 192108 bytes
Oct 12 17:49:45 indigo-tracker user.info MJPG-streamer [693]: storage queue grew with total size of 4 * 64036 = 256144 bytes
Oct 12 17:49:45 indigo-tracker user.info MJPG-streamer [693]: storage queue grew with total size of 5 * 64036 = 320180 bytes
Oct 12 17:49:45 indigo-tracker user.info MJPG-streamer [693]: storage queue grew with total size of 6 * 64036 = 384216 bytes
Oct 12 17:49:46 indigo-tracker user.info MJPG-streamer [693]: storage queue grew with total size of 7 * 64036 = 448252 bytes
Oct 12 17:49:46 indigo-tracker user.info MJPG-streamer [693]: storage queue grew with total size of 8 * 64036 = 512288 bytes
Oct 12 17:49:46 indigo-tracker user.info MJPG-streamer [693]: storage queue grew with total size of 9 * 64036 = 576324 bytes
Oct 12 17:49:46 indigo-tracker user.info MJPG-streamer [693]: storage queue grew with total size of 10 * 64036 = 640360 bytes
Oct 12 17:49:46 indigo-tracker user.info MJPG-streamer [693]: storage queue grew with total size of 11 * 64036 = 704396 bytes
Oct 12 17:49:46 indigo-tracker user.info MJPG-streamer [693]: storage queue grew with total size of 12 * 64036 = 768432 bytes
Oct 12 17:49:46 indigo-tracker user.info MJPG-streamer [693]: storage queue grew with total size of 13 * 64036 = 832468 bytes
Oct 12 17:49:46 indigo-tracker user.info MJPG-streamer [693]: storage queue grew with total size of 14 * 64036 = 896504 bytes
Oct 12 17:49:46 indigo-tracker user.info MJPG-streamer [693]: storage queue grew with total size of 15 * 64036 = 960540 bytes
Oct 12 17:49:46 indigo-tracker user.info MJPG-streamer [693]: storage queue grew with total size of 16 * 64036 = 1024576 bytes
Oct 12 17:49:47 indigo-tracker user.info MJPG-streamer [693]: storage queue grew with total size of 17 * 64036 = 1088612 bytes
Oct 12 17:49:47 indigo-tracker user.info MJPG-streamer [693]: storage queue grew with total size of 18 * 64036 = 1152648 bytes
Oct 12 17:49:47 indigo-tracker user.info MJPG-streamer [693]: storage queue grew with total size of 19 * 64036 = 1216684 bytes
Oct 12 17:49:47 indigo-tracker user.info MJPG-streamer [693]: storage queue grew with total size of 20 * 64036 = 1280720 bytes
Oct 12 17:49:47 indigo-tracker user.info MJPG-streamer [693]: storage queue grew with total size of 21 * 64036 = 1344756 bytes
Oct 12 17:49:47 indigo-tracker user.info MJPG-streamer [693]: storage queue grew with total size of 22 * 64036 = 1408792 bytes
Oct 12 17:49:47 indigo-tracker user.info MJPG-streamer [693]: storage queue grew with total size of 23 * 64036 = 1472828 bytes
Oct 12 17:49:47 indigo-tracker user.info MJPG-streamer [693]: storage queue grew with total size of 24 * 64036 = 1536864 bytes
Oct 12 17:49:47 indigo-tracker user.info MJPG-streamer [693]: storage queue grew with total size of 25 * 64036 = 1600900 bytes
Oct 12 17:49:47 indigo-tracker daemon.notice openvpn[681]: TLS: Initial packet from 72.249.145.165:1194, sid=44c5f4af 4f9ae34e
Oct 12 17:49:47 indigo-tracker user.info MJPG-streamer [693]: storage queue grew with total size of 26 * 64036 = 1664936 bytes
Oct 12 17:49:48 indigo-tracker user.info MJPG-streamer [693]: storage queue grew with total size of 27 * 64036 = 1728972 bytes
Oct 12 17:49:48 indigo-tracker user.info MJPG-streamer [693]: storage queue grew with total size of 28 * 64036 = 1793008 bytes
Oct 12 17:49:48 indigo-tracker user.info MJPG-streamer [693]: storage queue grew with total size of 29 * 64036 = 1857044 bytes
Oct 12 17:49:48 indigo-tracker user.info MJPG-streamer [693]: storage queue grew with total size of 30 * 64036 = 1921080 bytes
Oct 12 17:49:48 indigo-tracker user.info MJPG-streamer [693]: storage queue grew with total size of 31 * 64036 = 1985116 bytes
Oct 12 17:49:48 indigo-tracker user.info MJPG-streamer [693]: storage queue grew with total size of 32 * 64036 = 2049152 bytes
Oct 12 17:49:48 indigo-tracker user.info MJPG-streamer [693]: storage queue grew with total size of 33 * 64036 = 2113188 bytes
Oct 12 17:49:48 indigo-tracker user.info MJPG-streamer [693]: storage queue grew with total size of 34 * 64036 = 2177224 bytes
Oct 12 17:49:48 indigo-tracker user.info MJPG-streamer [693]: storage queue grew with total size of 35 * 64036 = 2241260 bytes
Oct 12 17:49:48 indigo-tracker user.info MJPG-streamer [693]: storage queue grew with total size of 36 * 64036 = 2305296 bytes
Oct 12 17:49:49 indigo-tracker user.info MJPG-streamer [693]: storage queue grew with total size of 37 * 64036 = 2369332 bytes
Oct 12 17:49:49 indigo-tracker user.info MJPG-streamer [693]: storage queue grew with total size of 38 * 64036 = 2433368 bytes
Oct 12 17:49:49 indigo-tracker user.info MJPG-streamer [693]: storage queue grew with total size of 39 * 64036 = 2497404 bytes
Oct 12 17:49:49 indigo-tracker user.info MJPG-streamer [693]: storage queue grew with total size of 40 * 64036 = 2561440 bytes
Oct 12 17:49:49 indigo-tracker user.info MJPG-streamer [693]: storage queue grew with total size of 41 * 64036 = 2625476 bytes
Oct 12 17:49:49 indigo-tracker user.info MJPG-streamer [693]: storage queue grew with total size of 42 * 64036 = 2689512 bytes
Oct 12 17:49:49 indigo-tracker user.info MJPG-streamer [693]: storage queue grew with total size of 43 * 64036 = 2753548 bytes
Oct 12 17:49:49 indigo-tracker user.info MJPG-streamer [693]: storage queue grew with total size of 44 * 64036 = 2817584 bytes
Oct 12 17:49:49 indigo-tracker user.info MJPG-streamer [693]: storage queue grew with total size of 45 * 64036 = 2881620 bytes
Oct 12 17:49:49 indigo-tracker user.info MJPG-streamer [693]: storage queue grew with total size of 46 * 64036 = 2945656 bytes
Oct 12 17:49:50 indigo-tracker user.info MJPG-streamer [693]: storage queue grew with total size of 47 * 64036 = 3009692 bytes
Oct 12 17:49:50 indigo-tracker user.info MJPG-streamer [693]: storage queue grew with total size of 48 * 64036 = 3073728 bytes
Oct 12 17:49:50 indigo-tracker user.info MJPG-streamer [693]: storage queue grew with total size of 49 * 64036 = 3137764 bytes
Oct 12 17:49:50 indigo-tracker user.info MJPG-streamer [693]: storage queue grew with total size of 50 * 64036 = 3201800 bytes
Oct 12 17:49:50 indigo-tracker user.info MJPG-streamer [693]: storage queue grew with total size of 51 * 64036 = 3265836 bytes
Oct 12 17:49:50 indigo-tracker user.info MJPG-streamer [693]: storage queue grew with total size of 52 * 64036 = 3329872 bytes
Oct 12 17:49:50 indigo-tracker user.info MJPG-streamer [693]: storage queue grew with total size of 53 * 64036 = 3393908 bytes
Oct 12 17:49:50 indigo-tracker user.info MJPG-streamer [693]: storage queue grew with total size of 54 * 64036 = 3457944 bytes
Oct 12 17:49:50 indigo-tracker user.info MJPG-streamer [693]: storage queue grew with total size of 55 * 64036 = 3521980 bytes
Oct 12 17:49:50 indigo-tracker user.info MJPG-streamer [693]: storage queue grew with total size of 56 * 64036 = 3586016 bytes
Oct 12 17:49:51 indigo-tracker user.info MJPG-streamer [693]: storage queue grew with total size of 57 * 64036 = 3650052 bytes
Oct 12 17:49:51 indigo-tracker user.info MJPG-streamer [693]: storage queue grew with total size of 58 * 64036 = 3714088 bytes
Oct 12 17:49:51 indigo-tracker user.info MJPG-streamer [693]: storage queue grew with total size of 59 * 64036 = 3778124 bytes
Oct 12 17:49:51 indigo-tracker user.info MJPG-streamer [693]: storage queue grew with total size of 60 * 64036 = 3842160 bytes
Oct 12 17:49:51 indigo-tracker user.info MJPG-streamer [693]: storage queue grew with total size of 61 * 64036 = 3906196 bytes
Oct 12 17:49:51 indigo-tracker user.info MJPG-streamer [693]: storage queue grew with total size of 62 * 64036 = 3970232 bytes
Oct 12 17:49:51 indigo-tracker user.info MJPG-streamer [693]: storage queue grew with total size of 63 * 64036 = 4034268 bytes
Oct 12 17:49:51 indigo-tracker user.info MJPG-streamer [693]: storage queue grew with total size of 64 * 64036 = 4098304 bytes
Oct 12 17:49:51 indigo-tracker user.info MJPG-streamer [693]: storage queue grew with total size of 65 * 64036 = 4162340 bytes
Oct 12 17:49:51 indigo-tracker user.info MJPG-streamer [693]: storage queue grew with total size of 66 * 64036 = 4226376 bytes
Oct 12 17:49:52 indigo-tracker user.info MJPG-streamer [693]: storage queue grew with total size of 67 * 64036 = 4290412 bytes
Oct 12 17:49:52 indigo-tracker user.info MJPG-streamer [693]: storage queue grew with total size of 68 * 64036 = 4354448 bytes
Oct 12 17:49:52 indigo-tracker user.info MJPG-streamer [693]: storage queue grew with total size of 69 * 64036 = 4418484 bytes
Oct 12 17:49:52 indigo-tracker user.info MJPG-streamer [693]: storage queue grew with total size of 70 * 64036 = 4482520 bytes
Oct 12 17:49:52 indigo-tracker user.info MJPG-streamer [693]: storage queue grew with total size of 71 * 64036 = 4546556 bytes
Oct 12 17:49:52 indigo-tracker user.info MJPG-streamer [693]: storage queue grew with total size of 72 * 64036 = 4610592 bytes
Oct 12 17:49:52 indigo-tracker user.info MJPG-streamer [693]: storage queue grew with total size of 73 * 64036 = 4674628 bytes
Oct 12 17:49:52 indigo-tracker user.info MJPG-streamer [693]: storage queue grew with total size of 74 * 64036 = 4738664 bytes
Oct 12 17:49:52 indigo-tracker user.info MJPG-streamer [693]: storage queue grew with total size of 75 * 64036 = 4802700 bytes
Oct 12 17:49:52 indigo-tracker user.info MJPG-streamer [693]: storage queue grew with total size of 76 * 64036 = 4866736 bytes
Oct 12 17:49:53 indigo-tracker user.info MJPG-streamer [693]: storage queue grew with total size of 77 * 64036 = 4930772 bytes
Oct 12 17:49:53 indigo-tracker user.info MJPG-streamer [693]: storage queue grew with total size of 78 * 64036 = 4994808 bytes
Oct 12 17:49:53 indigo-tracker user.info MJPG-streamer [693]: storage queue grew with total size of 79 * 64036 = 5058844 bytes
Oct 12 17:49:53 indigo-tracker user.info MJPG-streamer [693]: storage queue grew with total size of 80 * 64036 = 5122880 bytes
Oct 12 17:49:53 indigo-tracker cron.err crond[489]: time disparity of 21973789 minutes detected
Oct 12 17:49:53 indigo-tracker user.info MJPG-streamer [693]: storage queue grew with total size of 81 * 64036 = 5186916 bytes
Oct 12 17:49:53 indigo-tracker user.info MJPG-streamer [693]: storage queue grew with total size of 82 * 64036 = 5250952 bytes
Oct 12 17:49:53 indigo-tracker user.info MJPG-streamer [693]: storage queue grew with total size of 83 * 64036 = 5314988 bytes
Oct 12 17:49:53 indigo-tracker user.info MJPG-streamer [693]: storage queue grew with total size of 84 * 64036 = 5379024 bytes
Oct 12 17:49:53 indigo-tracker user.info MJPG-streamer [693]: storage queue grew with total size of 85 * 64036 = 5443060 bytes
Oct 12 17:49:53 indigo-tracker user.info MJPG-streamer [693]: storage queue grew with total size of 86 * 64036 = 5507096 bytes
Oct 12 17:49:54 indigo-tracker user.info MJPG-streamer [693]: storage queue grew with total size of 87 * 64036 = 5571132 bytes
Oct 12 17:49:54 indigo-tracker user.info MJPG-streamer [693]: storage queue grew with total size of 88 * 64036 = 5635168 bytes
Oct 12 17:49:54 indigo-tracker user.info MJPG-streamer [693]: storage queue grew with total size of 89 * 64036 = 5699204 bytes
Oct 12 17:49:54 indigo-tracker user.info MJPG-streamer [693]: storage queue grew with total size of 90 * 64036 = 5763240 bytes
Oct 12 17:49:54 indigo-tracker user.info MJPG-streamer [693]: storage queue grew with total size of 91 * 64036 = 5827276 bytes
Oct 12 17:49:54 indigo-tracker user.info MJPG-streamer [693]: storage queue grew with total size of 92 * 64036 = 5891312 bytes
Oct 12 17:49:54 indigo-tracker user.info MJPG-streamer [693]: storage queue grew with total size of 93 * 64036 = 5955348 bytes
Oct 12 17:49:54 indigo-tracker user.info MJPG-streamer [693]: storage queue grew with total size of 94 * 64036 = 6019384 bytes
Oct 12 17:49:54 indigo-tracker user.info MJPG-streamer [693]: storage queue grew with total size of 95 * 64036 = 6083420 bytes
Oct 12 17:49:54 indigo-tracker user.info MJPG-streamer [693]: storage queue grew with total size of 96 * 64036 = 6147456 bytes
Oct 12 17:49:55 indigo-tracker user.info MJPG-streamer [693]: storage queue grew with total size of 97 * 64036 = 6211492 bytes
Oct 12 17:49:55 indigo-tracker user.info MJPG-streamer [693]: storage queue grew with total size of 98 * 64036 = 6275528 bytes
Oct 12 17:49:55 indigo-tracker user.info MJPG-streamer [693]: storage queue grew with total size of 99 * 64036 = 6339564 bytes
Oct 12 17:49:55 indigo-tracker user.info MJPG-streamer [693]: storage queue grew with total size of 100 * 64036 = 6403600 bytes
Oct 12 17:49:55 indigo-tracker user.info MJPG-streamer [693]: storage queue grew with total size of 101 * 64036 = 6467636 bytes
Oct 12 17:49:55 indigo-tracker user.info MJPG-streamer [693]: storage queue grew with total size of 102 * 64036 = 6531672 bytes
Oct 12 17:49:55 indigo-tracker user.info MJPG-streamer [693]: storage queue grew with total size of 103 * 64036 = 6595708 bytes
Oct 12 17:49:55 indigo-tracker user.info MJPG-streamer [693]: storage queue grew with total size of 104 * 64036 = 6659744 bytes
Oct 12 17:49:55 indigo-tracker user.info MJPG-streamer [693]: storage queue grew with total size of 105 * 64036 = 6723780 bytes
Oct 12 17:49:55 indigo-tracker user.info MJPG-streamer [693]: storage queue grew with total size of 106 * 64036 = 6787816 bytes
Oct 12 17:49:56 indigo-tracker user.info MJPG-streamer [693]: storage queue grew with total size of 107 * 64036 = 6851852 bytes
Oct 12 17:49:56 indigo-tracker user.info MJPG-streamer [693]: storage queue grew with total size of 108 * 64036 = 6915888 bytes
Oct 12 17:49:56 indigo-tracker user.info MJPG-streamer [693]: storage queue grew with total size of 109 * 64036 = 6979924 bytes
Oct 12 17:49:56 indigo-tracker user.info MJPG-streamer [693]: storage queue grew with total size of 110 * 64036 = 7043960 bytes
Oct 12 17:49:56 indigo-tracker user.info MJPG-streamer [693]: storage queue grew with total size of 111 * 64036 = 7107996 bytes
Oct 12 17:49:56 indigo-tracker user.info MJPG-streamer [693]: storage queue grew with total size of 112 * 64036 = 7172032 bytes
Oct 12 17:49:56 indigo-tracker user.info MJPG-streamer [693]: storage queue grew with total size of 113 * 64036 = 7236068 bytes
Oct 12 17:49:56 indigo-tracker user.info MJPG-streamer [693]: storage queue grew with total size of 114 * 64036 = 7300104 bytes
Oct 12 17:49:56 indigo-tracker user.info MJPG-streamer [693]: storage queue grew with total size of 115 * 64036 = 7364140 bytes
Oct 12 17:49:56 indigo-tracker user.info MJPG-streamer [693]: storage queue grew with total size of 116 * 64036 = 7428176 bytes
Oct 12 17:49:57 indigo-tracker user.info MJPG-streamer [693]: storage queue grew with total size of 117 * 64036 = 7492212 bytes
Oct 12 17:49:57 indigo-tracker user.info MJPG-streamer [693]: storage queue grew with total size of 118 * 64036 = 7556248 bytes
Oct 12 17:49:57 indigo-tracker user.info MJPG-streamer [693]: storage queue grew with total size of 119 * 64036 = 7620284 bytes
Oct 12 17:49:57 indigo-tracker user.info MJPG-streamer [693]: storage queue grew with total size of 120 * 64036 = 7684320 bytes
Oct 12 17:49:57 indigo-tracker user.info MJPG-streamer [693]: storage queue grew with total size of 121 * 64036 = 7748356 bytes
Oct 12 17:49:57 indigo-tracker user.info MJPG-streamer [693]: storage queue grew with total size of 122 * 64036 = 7812392 bytes
Oct 12 17:49:57 indigo-tracker user.info MJPG-streamer [693]: storage queue grew with total size of 123 * 64036 = 7876428 bytes
Oct 12 17:49:57 indigo-tracker user.info MJPG-streamer [693]: storage queue grew with total size of 124 * 64036 = 7940464 bytes
Oct 12 17:49:57 indigo-tracker user.info MJPG-streamer [693]: storage queue grew with total size of 125 * 64036 = 8004500 bytes
Oct 12 17:49:57 indigo-tracker user.info MJPG-streamer [693]: storage queue grew with total size of 126 * 64036 = 8068536 bytes
Oct 12 17:49:58 indigo-tracker user.info MJPG-streamer [693]: storage queue grew with total size of 127 * 64036 = 8132572 bytes
Oct 12 17:49:58 indigo-tracker user.info MJPG-streamer [693]: storage queue grew with total size of 128 * 64036 = 8196608 bytes
Oct 12 17:49:58 indigo-tracker user.info MJPG-streamer [693]: storage queue grew with total size of 129 * 64036 = 8260644 bytes
Oct 12 17:49:58 indigo-tracker user.info MJPG-streamer [693]: storage queue grew with total size of 130 * 64036 = 8324680 bytes
Oct 12 17:49:58 indigo-tracker user.info MJPG-streamer [693]: storage queue grew with total size of 131 * 64036 = 8388716 bytes
Oct 12 17:49:58 indigo-tracker user.info MJPG-streamer [693]: storage queue grew with total size of 132 * 64036 = 8452752 bytes
Oct 12 17:49:58 indigo-tracker user.info MJPG-streamer [693]: storage queue grew with total size of 133 * 64036 = 8516788 bytes
Oct 12 17:49:58 indigo-tracker user.info MJPG-streamer [693]: storage queue grew with total size of 134 * 64036 = 8580824 bytes
Oct 12 17:49:58 indigo-tracker user.info MJPG-streamer [693]: storage queue grew with total size of 135 * 64036 = 8644860 bytes
Oct 12 17:49:58 indigo-tracker user.info MJPG-streamer [693]: storage queue grew with total size of 136 * 64036 = 8708896 bytes
Jan  1 03:00:15 indigo-tracker syslog.info syslogd started: BusyBox v1.18.3
Jan  1 03:00:15 indigo-tracker user.notice kernel: klogd started: BusyBox v1.18.3 (2011-03-29 18:29:13 MSD)
Jan  1 03:00:15 indigo-tracker user.notice kernel: Linux version 2.6.38+ (yury@debian-dev-vm) (gcc version 4.4.5 (indigo-ct-ng) ) #60 Wed Sep 21 16:51:48 MSD 2011
Jan  1 03:00:15 indigo-tracker user.warn kernel: CPU: ARM926EJ-S [41069265] revision 5 (ARMv5TEJ), cr=00053177
Jan  1 03:00:15 indigo-tracker user.warn kernel: CPU: VIVT data cache, VIVT instruction cache
Jan  1 03:00:15 indigo-tracker user.warn kernel: Machine: Indigo AT91SAM9260-SK
Jan  1 03:00:15 indigo-tracker user.warn kernel: Memory policy: ECC disabled, Data cache writeback
Jan  1 03:00:15 indigo-tracker user.warn kernel: Clocks: CPU 196 MHz, master 98 MHz, main 12.000 MHz
Jan  1 03:00:15 indigo-tracker user.debug kernel: On node 0 totalpages: 16384
Jan  1 03:00:15 indigo-tracker user.debug kernel: free_area_init_node: node 0, pgdat c0369484, node_mem_map c037b000
Jan  1 03:00:15 indigo-tracker user.debug kernel:   Normal zone: 128 pages used for memmap
Jan  1 03:00:15 indigo-tracker user.debug kernel:   Normal zone: 0 pages reserved
Jan  1 03:00:15 indigo-tracker user.debug kernel:   Normal zone: 16256 pages, LIFO batch:3
Jan  1 03:00:15 indigo-tracker user.debug kernel: pcpu-alloc: s0 r0 d32768 u32768 alloc=1*32768
Jan  1 03:00:15 indigo-tracker user.debug kernel: pcpu-alloc: [0] 0 
Jan  1 03:00:15 indigo-tracker user.warn kernel: Built 1 zonelists in Zone order, mobility grouping on.  Total pages: 16256
Jan  1 03:00:15 indigo-tracker user.notice kernel: Kernel command line: console=ttyS0,115200=mem=64M root=/dev/mtdblock3
Jan  1 03:00:15 indigo-tracker user.info kernel: PID hash table entries: 256 (order: -2, 1024 bytes)
Jan  1 03:00:15 indigo-tracker user.info kernel: Dentry cache hash table entries: 8192 (order: 3, 32768 bytes)
Jan  1 03:00:15 indigo-tracker user.info kernel: Inode-cache hash table entries: 4096 (order: 2, 16384 bytes)
Jan  1 03:00:15 indigo-tracker user.info kernel: Memory: 64MB = 64MB total
Jan  1 03:00:15 indigo-tracker user.notice kernel: Memory: 61364k/61364k available, 4172k reserved, 0K highmem
Jan  1 03:00:15 indigo-tracker user.notice kernel: Virtual kernel memory layout:
Jan  1 03:00:15 indigo-tracker user.notice kernel:     vector  : 0xffff0000 - 0xffff1000   (   4 kB)
Jan  1 03:00:15 indigo-tracker user.notice kernel:     fixmap  : 0xfff00000 - 0xfffe0000   ( 896 kB)
Jan  1 03:00:15 indigo-tracker user.notice kernel:     DMA     : 0xffc00000 - 0xffe00000   (   2 MB)
Jan  1 03:00:15 indigo-tracker user.notice kernel:     vmalloc : 0xc4800000 - 0xfee00000   ( 934 MB)
Jan  1 03:00:15 indigo-tracker user.notice kernel:     lowmem  : 0xc0000000 - 0xc4000000   (  64 MB)
Jan  1 03:00:15 indigo-tracker user.notice kernel:     modules : 0xbf000000 - 0xc0000000   (  16 MB)
Jan  1 03:00:15 indigo-tracker user.notice kernel:       .init : 0xc0008000 - 0xc0024000   ( 112 kB)
Jan  1 03:00:15 indigo-tracker user.notice kernel:       .text : 0xc0024000 - 0xc03419d4   (3191 kB)
Jan  1 03:00:15 indigo-tracker user.notice kernel:       .data : 0xc0342000 - 0xc0369c60   ( 160 kB)
Jan  1 03:00:15 indigo-tracker user.info kernel: NR_IRQS:192
Jan  1 03:00:15 indigo-tracker user.info kernel: AT91: 96 gpio irqs in 3 banks
Jan  1 03:00:15 indigo-tracker user.warn kernel: Console: colour dummy device 80x30
Jan  1 03:00:15 indigo-tracker user.info kernel: console [ttyS0] enabled
Jan  1 03:00:15 indigo-tracker user.info kernel: Calibrating delay loop... 97.89 BogoMIPS (lpj=489472)
Jan  1 03:00:15 indigo-tracker user.info kernel: pid_max: default: 32768 minimum: 301
Jan  1 03:00:15 indigo-tracker user.warn kernel: Mount-cache hash table entries: 512
Jan  1 03:00:15 indigo-tracker user.info kernel: CPU: Testing write buffer coherency: ok
Jan  1 03:00:15 indigo-tracker user.info kernel: NET: Registered protocol family 16
Jan  1 03:00:15 indigo-tracker user.warn kernel: bio: create slab <bio-0> at 0
Jan  1 03:00:15 indigo-tracker user.notice kernel: SCSI subsystem initialized
Jan  1 03:00:15 indigo-tracker user.info kernel: usbcore: registered new interface driver usbfs
Jan  1 03:00:15 indigo-tracker user.info kernel: usbcore: registered new interface driver hub
Jan  1 03:00:15 indigo-tracker user.info kernel: usbcore: registered new device driver usb
Jan  1 03:00:15 indigo-tracker user.info kernel: Advanced Linux Sound Architecture Driver Version 1.0.23.
Jan  1 03:00:15 indigo-tracker user.info kernel: Switching to clocksource pit
Jan  1 03:00:15 indigo-tracker user.info kernel: NET: Registered protocol family 2
Jan  1 03:00:15 indigo-tracker user.info kernel: IP route cache hash table entries: 1024 (order: 0, 4096 bytes)
Jan  1 03:00:15 indigo-tracker user.info kernel: TCP established hash table entries: 2048 (order: 2, 16384 bytes)
Jan  1 03:00:15 indigo-tracker user.info kernel: TCP bind hash table entries: 2048 (order: 1, 8192 bytes)
Jan  1 03:00:15 indigo-tracker user.info kernel: TCP: Hash tables configured (established 2048 bind 2048)
Jan  1 03:00:15 indigo-tracker user.info kernel: TCP reno registered
Jan  1 03:00:15 indigo-tracker user.info kernel: UDP hash table entries: 256 (order: 0, 4096 bytes)
Jan  1 03:00:15 indigo-tracker user.info kernel: UDP-Lite hash table entries: 256 (order: 0, 4096 bytes)
Jan  1 03:00:15 indigo-tracker user.info kernel: NET: Registered protocol family 1
Jan  1 03:00:15 indigo-tracker user.debug kernel: yaffs: yaffs built Sep 21 2011 13:46:29 Installing.
Jan  1 03:00:15 indigo-tracker user.info kernel: msgmni has been set to 119
Jan  1 03:00:15 indigo-tracker user.info kernel: io scheduler noop registered (default)
Jan  1 03:00:15 indigo-tracker user.info kernel: io scheduler deadline registered
Jan  1 03:00:15 indigo-tracker user.info kernel: atmel_usart.0: ttyS0 at MMIO 0xfefff200 (irq = 1) is a ATMEL_SERIAL
Jan  1 03:00:15 indigo-tracker user.info kernel: atmel_usart.1: ttyS1 at MMIO 0xfffb0000 (irq = 6) is a ATMEL_SERIAL
Jan  1 03:00:15 indigo-tracker user.info kernel: atmel_usart.2: ttyS2 at MMIO 0xfffb8000 (irq = 8) is a ATMEL_SERIAL
Jan  1 03:00:15 indigo-tracker user.debug kernel: SK-AT91SAM9XE512: SIM508 power management driver, major 135, minor 0.
Jan  1 03:00:15 indigo-tracker user.info kernel: brd: module loaded
Jan  1 03:00:15 indigo-tracker user.info kernel: loop: module loaded
Jan  1 03:00:15 indigo-tracker user.info kernel: ssc ssc.0: Atmel SSC device at 0xc4818000 (irq 14)
Jan  1 03:00:15 indigo-tracker user.info kernel: NAND device: Manufacturer ID: 0xec, Chip ID: 0xda (Samsung NAND 256MiB 3,3V 8-bit)
Jan  1 03:00:15 indigo-tracker user.info kernel: Scanning device for bad blocks
Jan  1 03:00:15 indigo-tracker user.warn kernel: Bad eraseblock 1686 at 0x00000d2c0000
Jan  1 03:00:15 indigo-tracker user.notice kernel: Creating 6 MTD partitions on "atmel_nand":
Jan  1 03:00:15 indigo-tracker user.notice kernel: 0x000000000000-0x000000020000 : "Bootstrap partition"
Jan  1 03:00:15 indigo-tracker user.notice kernel: 0x000000020000-0x000000060000 : "U-boot Partition"
Jan  1 03:00:15 indigo-tracker user.notice kernel: 0x0000000a0000-0x0000002a0000 : "Kernel Partition"
Jan  1 03:00:15 indigo-tracker user.notice kernel: 0x000000800000-0x000010000000 : "Storage Partition"
Jan  1 03:00:15 indigo-tracker user.notice kernel: 0x000000060000-0x000000080000 : "U-boot Environment"
Jan  1 03:00:15 indigo-tracker user.notice kernel: 0x000000080000-0x0000000a0000 : "U-boot Environment Backup"
Jan  1 03:00:15 indigo-tracker user.info kernel: atmel_spi atmel_spi.0: Atmel SPI Controller at 0xfffc8000 (irq 12)
Jan  1 03:00:15 indigo-tracker user.info kernel: atmel_spi atmel_spi.1: Atmel SPI Controller at 0xfffcc000 (irq 13)
Jan  1 03:00:15 indigo-tracker user.info kernel: PPP generic driver version 2.4.2
Jan  1 03:00:15 indigo-tracker user.info kernel: PPP Deflate Compression module registered
Jan  1 03:00:15 indigo-tracker user.info kernel: PPP BSD Compression module registered
Jan  1 03:00:15 indigo-tracker user.info kernel: PPP MPPE Compression module registered
Jan  1 03:00:15 indigo-tracker user.info kernel: NET: Registered protocol family 24
Jan  1 03:00:15 indigo-tracker user.info kernel: SLIP: version 0.8.4-NET3.019-NEWTTY (dynamic channels, max=256).
Jan  1 03:00:15 indigo-tracker user.info kernel: CSLIP: code copyright 1989 Regents of the University of California.
Jan  1 03:00:15 indigo-tracker user.info kernel: tun: Universal TUN/TAP device driver, 1.6
Jan  1 03:00:15 indigo-tracker user.info kernel: tun: (C) 1999-2004 Max Krasnyansky <maxk@qualcomm.com>
Jan  1 03:00:15 indigo-tracker user.info kernel: macb macb: invalid hw address, using random
Jan  1 03:00:15 indigo-tracker user.info kernel: MACB_mii_bus: probed
Jan  1 03:00:15 indigo-tracker user.info kernel: eth0: Atmel MACB at 0xfffc4000 irq 21 (a2:0b:ea:cf:91:22)
Jan  1 03:00:15 indigo-tracker user.info kernel: eth0: attached PHY driver [Micrel KS8001 or KS8721] (mii_bus:phy_addr=ffffffff:01, irq=-1)
Jan  1 03:00:15 indigo-tracker user.info kernel: ohci_hcd: USB 1.1 'Open' Host Controller (OHCI) Driver
Jan  1 03:00:15 indigo-tracker user.info kernel: at91_ohci at91_ohci: AT91 OHCI
Jan  1 03:00:15 indigo-tracker user.info kernel: at91_ohci at91_ohci: new USB bus registered, assigned bus number 1
Jan  1 03:00:15 indigo-tracker user.info kernel: at91_ohci at91_ohci: irq 20, io mem 0x00500000
Jan  1 03:00:15 indigo-tracker user.info kernel: usb usb1: New USB device found, idVendor=1d6b, idProduct=0001
Jan  1 03:00:15 indigo-tracker user.info kernel: usb usb1: New USB device strings: Mfr=3, Product=2, SerialNumber=1
Jan  1 03:00:15 indigo-tracker user.info kernel: usb usb1: Product: AT91 OHCI
Jan  1 03:00:15 indigo-tracker user.info kernel: usb usb1: Manufacturer: Linux 2.6.38+ ohci_hcd
Jan  1 03:00:15 indigo-tracker user.info kernel: usb usb1: SerialNumber: at91
Jan  1 03:00:15 indigo-tracker user.info kernel: hub 1-0:1.0: USB hub found
Jan  1 03:00:15 indigo-tracker user.info kernel: hub 1-0:1.0: 2 ports detected
Jan  1 03:00:15 indigo-tracker user.info kernel: Initializing USB Mass Storage driver...
Jan  1 03:00:15 indigo-tracker user.info kernel: usbcore: registered new interface driver usb-storage
Jan  1 03:00:15 indigo-tracker user.info kernel: USB Mass Storage support registered.
Jan  1 03:00:15 indigo-tracker user.info kernel: rtc-at91sam9 at91_rtt.0: rtc core: registered at91_rtt as rtc0
Jan  1 03:00:15 indigo-tracker user.warn kernel: rtc-at91sam9 at91_rtt.0: rtc0: SET TIME!
Jan  1 03:00:15 indigo-tracker user.info kernel: i2c /dev entries driver
Jan  1 03:00:15 indigo-tracker user.info kernel: Linux video capture interface: v2.00
Jan  1 03:00:15 indigo-tracker user.info kernel: usbcore: registered new interface driver uvcvideo
Jan  1 03:00:15 indigo-tracker user.info kernel: USB Video Class driver (v1.0.0)
Jan  1 03:00:15 indigo-tracker user.info kernel: AT91SAM9 Watchdog enabled (heartbeat=15 sec, nowayout=0)
Jan  1 03:00:15 indigo-tracker user.info kernel: usbcore: registered new interface driver snd-usb-audio
Jan  1 03:00:15 indigo-tracker user.info kernel: ALSA device list:
Jan  1 03:00:15 indigo-tracker user.info kernel:   No soundcards found.
Jan  1 03:00:15 indigo-tracker user.info kernel: nf_conntrack version 0.5.0 (958 buckets, 3832 max)
Jan  1 03:00:15 indigo-tracker user.info kernel: ip_tables: (C) 2000-2006 Netfilter Core Team
Jan  1 03:00:15 indigo-tracker user.info kernel: TCP cubic registered
Jan  1 03:00:15 indigo-tracker user.info kernel: NET: Registered protocol family 17
Jan  1 03:00:15 indigo-tracker user.err kernel: rtc-at91sam9 at91_rtt.0: hctosys: unable to read the hardware clock
Jan  1 03:00:15 indigo-tracker user.info kernel: atmel_mci atmel_mci: Atmel MCI controller at 0xfffa8000 irq 9, 1 slots
Jan  1 03:00:15 indigo-tracker user.info kernel: yaffs: dev is 32505859 name is "mtdblock3" rw
Jan  1 03:00:15 indigo-tracker user.info kernel: yaffs: passed flags ""
Jan  1 03:00:15 indigo-tracker user.debug kernel: yaffs: yaffs: Attempting MTD mount of 31.3,"mtdblock3"
Jan  1 03:00:15 indigo-tracker user.debug kernel: yaffs: auto selecting yaffs2
Jan  1 03:00:15 indigo-tracker user.debug kernel: yaffs: block 1623 is bad
Jan  1 03:00:15 indigo-tracker user.info kernel: usb 1-1: new full speed USB device using at91_ohci and address 2
Jan  1 03:00:15 indigo-tracker user.info kernel: usb 1-1: New USB device found, idVendor=046d, idProduct=0819
Jan  1 03:00:15 indigo-tracker user.info kernel: usb 1-1: New USB device strings: Mfr=0, Product=0, SerialNumber=2
Jan  1 03:00:15 indigo-tracker user.info kernel: usb 1-1: SerialNumber: 9D01EEA0
Jan  1 03:00:15 indigo-tracker user.info kernel: uvcvideo: Found UVC 1.00 device <unnamed> (046d:0819)
Jan  1 03:00:15 indigo-tracker user.info kernel: input: UVC Camera (046d:0819) as /devices/platform/at91_ohci/usb1/1-1/1-1:1.0/input/input0
Jan  1 03:00:15 indigo-tracker user.debug kernel: yaffs: yaffs_read_super: is_checkpointed 0
Jan  1 03:00:15 indigo-tracker user.warn kernel: VFS: Mounted root (yaffs filesystem) on device 31:3.
Jan  1 03:00:15 indigo-tracker user.info kernel: Freeing init memory: 112K
Jan  1 03:00:15 indigo-tracker user.alert kernel: piopins: with filter
Jan  1 03:00:15 indigo-tracker user.warn kernel: piopins: system time doesn't seem to be true, will not flush anything
Jan  1 03:00:15 indigo-tracker user.info kernel: SK-AT91SAM9XE512: SIM508 GPS power OFF.
Jan  1 03:00:15 indigo-tracker user.info kernel: SK-AT91SAM9XE512: SIM508 GPS power ON.
Jan  1 03:00:16 indigo-tracker local2.info chat[637]: timeout set to 45 seconds
Jan  1 03:00:16 indigo-tracker local2.info chat[637]: expect (OK)
Jan  1 03:00:16 indigo-tracker local2.info chat[637]: ^M
Jan  1 03:00:16 indigo-tracker local2.info chat[637]: AT+CGDCONT=1,"IP","internet"^M^M
Jan  1 03:00:16 indigo-tracker local2.info chat[637]: OK
Jan  1 03:00:16 indigo-tracker local2.info chat[637]:  -- got it
Jan  1 03:00:16 indigo-tracker local2.info chat[637]: send (ATD*99#^M)
Jan  1 03:00:16 indigo-tracker local2.info chat[637]: expect (CONNECT)
Jan  1 03:00:16 indigo-tracker local2.info chat[637]: ^M
Jan  1 03:00:16 indigo-tracker local2.info chat[637]: ATD*99#^M^M
Jan  1 03:00:16 indigo-tracker local2.info chat[637]: CONNECT
Jan  1 03:00:16 indigo-tracker local2.info chat[637]:  -- got it
Jan  1 03:00:16 indigo-tracker local2.info chat[637]: send (^M)
Jan  1 03:00:16 indigo-tracker daemon.debug pppd[634]: Script chat -v -f /etc/ppp/chatscripts/megafon-connect finished (pid 636), status = 0x0
Jan  1 03:00:16 indigo-tracker daemon.info pppd[634]: Serial connection established.
Jan  1 03:00:16 indigo-tracker daemon.debug pppd[634]: using channel 1
Jan  1 03:00:16 indigo-tracker daemon.info pppd[634]: Using interface ppp0
Jan  1 03:00:16 indigo-tracker daemon.notice pppd[634]: Connect: ppp0 <--> /dev/ttyS1
Jan  1 03:00:17 indigo-tracker daemon.warn pppd[634]: Warning - secret file /etc/ppp/pap-secrets has world and/or group access
Jan  1 03:00:17 indigo-tracker daemon.debug pppd[634]: sent [LCP ConfReq id=0x1 <asyncmap 0x0> <magic 0xbe2d47e2>]
Jan  1 03:00:17 indigo-tracker daemon.debug pppd[634]: rcvd [LCP ConfAck id=0x1 <asyncmap 0x0> <magic 0xbe2d47e2>]
Jan  1 03:00:19 indigo-tracker daemon.debug pppd[634]: rcvd [LCP ConfReq id=0x2 <mru 1600> <auth pap> <magic 0xc3c65c9> <asyncmap 0x0> <pcomp> <accomp>]
Jan  1 03:00:19 indigo-tracker daemon.debug pppd[634]: No auth is possible
Jan  1 03:00:19 indigo-tracker daemon.debug pppd[634]: sent [LCP ConfRej id=0x2 <auth pap> <pcomp> <accomp>]
Jan  1 03:00:19 indigo-tracker daemon.debug pppd[634]: rcvd [LCP ConfReq id=0x3 <mru 1600> <magic 0xc3c65c9> <asyncmap 0x0>]
Jan  1 03:00:19 indigo-tracker daemon.debug pppd[634]: sent [LCP ConfAck id=0x3 <mru 1600> <magic 0xc3c65c9> <asyncmap 0x0>]
Jan  1 03:00:19 indigo-tracker daemon.debug pppd[634]: sent [IPCP ConfReq id=0x1 <addr 0.0.0.0>]
Jan  1 03:00:22 indigo-tracker daemon.debug pppd[634]: rcvd [IPCP ConfNak id=0x1 <addr 10.109.21.85>]
Jan  1 03:00:22 indigo-tracker daemon.debug pppd[634]: sent [IPCP ConfReq id=0x2 <addr 10.109.21.85>]
Jan  1 03:00:22 indigo-tracker daemon.debug pppd[634]: rcvd [IPCP ConfReq id=0x1 <addr 10.0.0.1>]
Jan  1 03:00:22 indigo-tracker daemon.debug pppd[634]: sent [IPCP ConfAck id=0x1 <addr 10.0.0.1>]
Jan  1 03:00:25 indigo-tracker daemon.debug pppd[634]: sent [IPCP ConfReq id=0x2 <addr 10.109.21.85>]
Jan  1 03:00:25 indigo-tracker daemon.debug pppd[634]: rcvd [IPCP ConfAck id=0x2 <addr 10.109.21.85>]
Jan  1 03:00:25 indigo-tracker daemon.notice pppd[634]: replacing old default route to eth0 [192.168.17.254]
Jan  1 03:00:25 indigo-tracker daemon.notice pppd[634]: local  IP address 10.109.21.85
Jan  1 03:00:25 indigo-tracker daemon.notice pppd[634]: remote IP address 10.0.0.1
Jan  1 03:00:25 indigo-tracker daemon.debug pppd[634]: Script /etc/ppp/ip-up started (pid 650)
Jan  1 03:00:25 indigo-tracker user.notice root: Trying to get system time over ntp
