Oct  8 10:13:11 indigo-tracker user.debug sender: send success
Oct  8 10:13:12 indigo-tracker user.debug sender: nothing to send, continuing
Oct  8 10:13:20 indigo-tracker user.debug sender: send success
Oct  8 10:13:21 indigo-tracker user.debug sender: nothing to send, continuing
Oct  8 10:13:31 indigo-tracker user.debug sender: send success
Oct  8 10:13:32 indigo-tracker user.debug sender: nothing to send, continuing
Oct  8 10:13:40 indigo-tracker user.debug sender: send success
Oct  8 10:13:42 indigo-tracker user.debug sender: nothing to send, continuing
Oct  8 10:13:51 indigo-tracker user.debug sender: send success
Oct  8 10:13:52 indigo-tracker user.debug sender: nothing to send, continuing
Oct  8 10:14:00 indigo-tracker user.debug sender: send success
Oct  8 10:14:01 indigo-tracker cron.info crond[486]: crond: USER root pid 1081 cmd /etc/cron/check_updates.sh
Oct  8 10:14:01 indigo-tracker user.debug sender: nothing to send, continuing
Oct  8 10:14:11 indigo-tracker user.debug sender: send success
Oct  8 10:14:12 indigo-tracker user.debug sender: nothing to send, continuing
Oct  8 10:14:26 indigo-tracker user.debug sender: send success
Oct  8 10:14:27 indigo-tracker user.debug sender: nothing to send, continuing
Oct  8 10:14:31 indigo-tracker user.debug sender: send success
Oct  8 10:14:32 indigo-tracker user.debug sender: nothing to send, continuing
Oct  8 10:14:39 indigo-tracker user.debug sqlite: movement stop
Oct  8 10:14:46 indigo-tracker user.debug sender: send success
Oct  8 10:14:47 indigo-tracker user.debug sender: nothing to send, continuing
Oct  8 10:15:01 indigo-tracker cron.info crond[486]: crond: USER root pid 1100 cmd /etc/cron/check_ntp
Oct  8 10:15:01 indigo-tracker cron.info crond[486]: crond: USER root pid 1101 cmd /etc/cron/check_updates.sh
Oct  8 10:15:01 indigo-tracker user.notice root: Current time is valid
Oct  8 10:15:23 indigo-tracker user.info MJPG-streamer [690]: storage_queue reached soft-limit 150
Oct  8 10:15:39 indigo-tracker user.debug sqlite: sending keepalive
Oct  8 10:15:46 indigo-tracker user.debug sender: send success
Oct  8 10:15:47 indigo-tracker user.debug sender: nothing to send, continuing
Oct  8 10:16:01 indigo-tracker cron.info crond[486]: crond: USER root pid 1123 cmd /etc/cron/check_updates.sh
Oct  8 10:16:40 indigo-tracker user.debug sqlite: movement start
Oct  8 10:16:43 indigo-tracker user.debug sender: send success
Oct  8 10:16:44 indigo-tracker user.debug sender: nothing to send, continuing
Oct  8 10:16:50 indigo-tracker user.debug sqlite: movement stop
Oct  8 10:16:52 indigo-tracker user.debug sender: send success
Oct  8 10:16:55 indigo-tracker user.debug sender: nothing to send, continuing
Oct  8 10:17:00 indigo-tracker user.debug sqlite: movement start
Oct  8 10:17:01 indigo-tracker cron.info crond[486]: crond: USER root pid 1147 cmd /etc/cron/check_updates.sh
Oct  8 10:17:03 indigo-tracker user.debug sender: send success
Oct  8 10:17:04 indigo-tracker user.debug sender: nothing to send, continuing
Oct  8 10:17:13 indigo-tracker user.debug sender: send success
Oct  8 10:17:14 indigo-tracker user.debug sender: nothing to send, continuing
Oct  8 10:17:22 indigo-tracker user.debug sender: send success
Oct  8 10:17:23 indigo-tracker user.debug sender: nothing to send, continuing
Oct  8 10:17:33 indigo-tracker user.debug sender: send success
Oct  8 10:17:34 indigo-tracker user.debug sender: nothing to send, continuing
Oct  8 10:17:41 indigo-tracker user.debug sqlite: movement stop
Oct  8 10:17:43 indigo-tracker user.debug sender: send success
Oct  8 10:17:44 indigo-tracker user.debug sender: nothing to send, continuing
Oct  8 10:18:01 indigo-tracker user.debug sqlite: movement start
Oct  8 10:18:01 indigo-tracker cron.info crond[486]: crond: USER root pid 1169 cmd /etc/cron/check_updates.sh
Oct  8 10:18:15 indigo-tracker user.debug sender: send success
Oct  8 10:18:18 indigo-tracker user.debug sender: nothing to send, continuing
Oct  8 10:18:23 indigo-tracker user.debug sender: send success
Oct  8 10:18:24 indigo-tracker user.debug sender: nothing to send, continuing
Oct  8 10:18:33 indigo-tracker user.debug sender: send success
Oct  8 10:18:34 indigo-tracker user.debug sender: nothing to send, continuing
Oct  8 10:18:41 indigo-tracker user.debug sqlite: movement stop
Oct  8 10:18:43 indigo-tracker user.debug sender: send success
Oct  8 10:18:44 indigo-tracker user.debug sender: nothing to send, continuing
Oct  8 10:18:52 indigo-tracker user.debug sqlite: movement start
Oct  8 10:18:54 indigo-tracker user.debug sender: send success
Oct  8 10:18:55 indigo-tracker user.debug sender: nothing to send, continuing
Oct  8 10:19:01 indigo-tracker cron.info crond[486]: crond: USER root pid 1191 cmd /etc/cron/check_updates.sh
Oct  8 10:19:04 indigo-tracker user.debug sender: send success
Oct  8 10:19:05 indigo-tracker user.debug sender: nothing to send, continuing
Oct  8 10:19:12 indigo-tracker user.debug sqlite: movement stop
Oct  8 10:19:14 indigo-tracker user.debug sender: send success
Oct  8 10:19:15 indigo-tracker user.debug sender: nothing to send, continuing
Oct  8 10:19:22 indigo-tracker user.debug sqlite: movement start
Oct  8 10:19:24 indigo-tracker user.debug sender: send success
Oct  8 10:19:25 indigo-tracker user.debug sender: nothing to send, continuing
Oct  8 10:19:39 indigo-tracker user.debug sender: send success
Oct  8 10:19:40 indigo-tracker user.debug sender: nothing to send, continuing
Oct  8 10:19:44 indigo-tracker user.debug sender: send success
Oct  8 10:19:45 indigo-tracker user.debug sender: nothing to send, continuing
Oct  8 10:19:54 indigo-tracker user.debug sender: send success
Oct  8 10:19:55 indigo-tracker user.debug sender: nothing to send, continuing
Oct  8 10:20:01 indigo-tracker cron.info crond[486]: crond: USER root pid 1213 cmd /etc/cron/check_updates.sh
Oct  8 10:20:04 indigo-tracker user.debug sender: send success
Oct  8 10:20:05 indigo-tracker user.debug sender: nothing to send, continuing
Oct  8 10:20:13 indigo-tracker user.debug sqlite: movement stop
Oct  8 10:20:15 indigo-tracker user.debug sender: send success
Oct  8 10:20:16 indigo-tracker user.debug sender: nothing to send, continuing
Oct  8 10:20:23 indigo-tracker user.debug sqlite: movement start
Oct  8 10:20:33 indigo-tracker user.debug sqlite: movement stop
Oct  8 10:20:42 indigo-tracker user.debug sender: send success
Oct  8 10:20:47 indigo-tracker user.debug sender: nothing to send, continuing
Oct  8 10:21:01 indigo-tracker cron.info crond[486]: crond: USER root pid 1239 cmd /etc/cron/check_updates.sh
Oct  8 10:21:13 indigo-tracker user.debug sqlite: movement start
Oct  8 10:21:16 indigo-tracker user.debug sender: send success
Oct  8 10:21:17 indigo-tracker user.debug sender: nothing to send, continuing
Oct  8 10:21:26 indigo-tracker user.debug sender: send success
Oct  8 10:21:27 indigo-tracker user.debug sender: nothing to send, continuing
Oct  8 10:21:36 indigo-tracker user.debug sender: send success
Oct  8 10:21:37 indigo-tracker user.debug sender: nothing to send, continuing
Oct  8 10:21:49 indigo-tracker user.debug sender: send success
Oct  8 10:21:50 indigo-tracker user.debug sender: nothing to send, continuing
Oct  8 10:21:56 indigo-tracker user.debug sender: send success
Oct  8 10:21:57 indigo-tracker user.debug sender: nothing to send, continuing
Oct  8 10:22:01 indigo-tracker cron.info crond[486]: crond: USER root pid 1257 cmd /etc/cron/check_updates.sh
Oct  8 10:22:06 indigo-tracker user.debug sender: send success
Oct  8 10:22:07 indigo-tracker user.debug sender: nothing to send, continuing
Oct  8 10:22:16 indigo-tracker user.debug sender: send success
Oct  8 10:22:17 indigo-tracker user.debug sender: nothing to send, continuing
Oct  8 10:22:24 indigo-tracker user.debug sqlite: movement stop
Oct  8 10:22:26 indigo-tracker user.debug sender: send success
Oct  8 10:22:27 indigo-tracker user.debug sender: nothing to send, continuing
Oct  8 10:22:34 indigo-tracker user.debug sqlite: movement start
Oct  8 10:22:37 indigo-tracker user.debug sender: send success
Oct  8 10:22:38 indigo-tracker user.debug sender: nothing to send, continuing
Oct  8 10:22:45 indigo-tracker user.debug sqlite: movement stop
Oct  8 10:22:48 indigo-tracker user.debug sender: send success
Oct  8 10:22:49 indigo-tracker user.debug sender: nothing to send, continuing
Oct  8 10:23:01 indigo-tracker cron.info crond[486]: crond: USER root pid 1283 cmd /etc/cron/check_updates.sh
Oct  8 10:23:05 indigo-tracker user.debug sqlite: movement start
Oct  8 10:23:08 indigo-tracker user.debug sender: send success
Oct  8 10:23:09 indigo-tracker user.debug sender: nothing to send, continuing
Oct  8 10:23:17 indigo-tracker user.debug sender: send success
Oct  8 10:23:18 indigo-tracker user.debug sender: nothing to send, continuing
Oct  8 10:23:29 indigo-tracker user.debug sender: send success
Oct  8 10:23:30 indigo-tracker user.debug sender: nothing to send, continuing
Oct  8 10:23:37 indigo-tracker user.debug sender: send success
Oct  8 10:23:38 indigo-tracker user.debug sender: nothing to send, continuing
Oct  8 10:23:47 indigo-tracker user.debug sender: send success
Oct  8 10:23:48 indigo-tracker user.debug sender: nothing to send, continuing
Oct  8 10:23:58 indigo-tracker user.debug sender: send success
Oct  8 10:23:59 indigo-tracker user.debug sender: nothing to send, continuing
Oct  8 10:24:01 indigo-tracker cron.info crond[486]: crond: USER root pid 1301 cmd /etc/cron/check_updates.sh
Oct  8 10:24:08 indigo-tracker user.debug sender: send success
Oct  8 10:24:09 indigo-tracker user.debug sender: nothing to send, continuing
Oct  8 10:24:15 indigo-tracker user.debug sqlite: movement stop
Oct  8 10:24:18 indigo-tracker user.debug sender: send success
Oct  8 10:24:19 indigo-tracker user.debug sender: nothing to send, continuing
Oct  8 10:24:26 indigo-tracker user.debug sqlite: movement start
Oct  8 10:24:27 indigo-tracker user.debug sender: send success
Oct  8 10:24:28 indigo-tracker user.debug sender: nothing to send, continuing
Oct  8 10:24:38 indigo-tracker user.debug sender: send success
Oct  8 10:24:39 indigo-tracker user.debug sender: nothing to send, continuing
Oct  8 10:24:46 indigo-tracker user.debug sqlite: movement stop
Oct  8 10:24:49 indigo-tracker user.debug sender: send success
Oct  8 10:24:50 indigo-tracker user.debug sender: nothing to send, continuing
Oct  8 10:25:01 indigo-tracker cron.info crond[486]: crond: USER root pid 1327 cmd /etc/cron/check_updates.sh
Oct  8 10:25:06 indigo-tracker user.debug sqlite: movement start
Oct  8 10:25:18 indigo-tracker user.debug sender: send success
Oct  8 10:25:21 indigo-tracker user.debug sender: nothing to send, continuing
Oct  8 10:25:23 indigo-tracker user.info MJPG-streamer [690]: storage_queue reached soft-limit 150
Oct  8 10:25:44 indigo-tracker user.debug sender: send success
Oct  8 10:25:50 indigo-tracker user.debug sender: nothing to send, continuing
Oct  8 10:25:59 indigo-tracker user.debug sender: send success
Oct  8 10:26:00 indigo-tracker user.debug sender: nothing to send, continuing
Oct  8 10:26:01 indigo-tracker cron.info crond[486]: crond: USER root pid 1345 cmd /etc/cron/check_updates.sh
Oct  8 10:26:09 indigo-tracker user.debug sender: send success
Oct  8 10:26:10 indigo-tracker user.debug sender: nothing to send, continuing
Oct  8 10:26:19 indigo-tracker user.debug sender: send success
Oct  8 10:26:20 indigo-tracker user.debug sender: nothing to send, continuing
Oct  8 10:26:29 indigo-tracker user.debug sender: send success
Oct  8 10:26:30 indigo-tracker user.debug sender: nothing to send, continuing
Oct  8 10:26:39 indigo-tracker user.debug sender: send success
Oct  8 10:26:40 indigo-tracker user.debug sender: nothing to send, continuing
Oct  8 10:26:49 indigo-tracker user.debug sender: send success
Oct  8 10:26:50 indigo-tracker user.debug sender: nothing to send, continuing
Oct  8 10:27:01 indigo-tracker cron.info crond[486]: crond: USER root pid 1359 cmd /etc/cron/check_updates.sh
Oct  8 10:27:04 indigo-tracker user.debug sender: send success
Oct  8 10:27:05 indigo-tracker user.debug sender: nothing to send, continuing
Oct  8 10:27:09 indigo-tracker user.debug sender: send success
Oct  8 10:27:10 indigo-tracker user.debug sender: nothing to send, continuing
Oct  8 10:27:20 indigo-tracker user.debug sender: send success
Oct  8 10:27:21 indigo-tracker user.debug sender: nothing to send, continuing
Oct  8 10:27:30 indigo-tracker user.debug sender: send success
Oct  8 10:27:31 indigo-tracker user.debug sender: nothing to send, continuing
Oct  8 10:27:39 indigo-tracker user.debug sender: send success
Oct  8 10:27:40 indigo-tracker user.debug sender: nothing to send, continuing
Oct  8 10:27:49 indigo-tracker user.debug sender: send success
Oct  8 10:27:50 indigo-tracker user.debug sender: nothing to send, continuing
Oct  8 10:27:57 indigo-tracker user.debug sqlite: movement stop
Oct  8 10:28:00 indigo-tracker user.debug sender: send success
Oct  8 10:28:01 indigo-tracker user.debug sender: nothing to send, continuing
Oct  8 10:28:01 indigo-tracker cron.info crond[486]: crond: USER root pid 1377 cmd /etc/cron/check_updates.sh
Oct  8 10:28:07 indigo-tracker user.debug sqlite: movement start
Oct  8 10:28:10 indigo-tracker user.debug sender: send success
Oct  8 10:28:11 indigo-tracker user.debug sender: nothing to send, continuing
Oct  8 10:28:20 indigo-tracker user.debug sender: send success
Oct  8 10:28:21 indigo-tracker user.debug sender: nothing to send, continuing
Oct  8 10:28:30 indigo-tracker user.debug sender: send success
Oct  8 10:28:31 indigo-tracker user.debug sender: nothing to send, continuing
Oct  8 10:28:40 indigo-tracker user.debug sender: send success
Oct  8 10:28:41 indigo-tracker user.debug sender: nothing to send, continuing
Oct  8 10:28:50 indigo-tracker user.debug sender: send success
Oct  8 10:28:51 indigo-tracker user.debug sender: nothing to send, continuing
Oct  8 10:28:58 indigo-tracker user.debug sqlite: movement stop
Oct  8 10:29:00 indigo-tracker user.debug sender: send success
Oct  8 10:29:01 indigo-tracker user.debug sender: nothing to send, continuing
Oct  8 10:29:01 indigo-tracker cron.info crond[486]: crond: USER root pid 1399 cmd /etc/cron/check_updates.sh
Oct  8 10:29:08 indigo-tracker user.debug sqlite: movement start
Oct  8 10:29:10 indigo-tracker user.debug sender: send success
Oct  8 10:29:12 indigo-tracker user.debug sender: nothing to send, continuing
Oct  8 10:29:21 indigo-tracker user.debug sender: send success
Oct  8 10:29:22 indigo-tracker user.debug sender: nothing to send, continuing
Oct  8 10:29:28 indigo-tracker user.debug sqlite: movement stop
Oct  8 10:29:31 indigo-tracker user.debug sender: send success
Oct  8 10:29:32 indigo-tracker user.debug sender: nothing to send, continuing
Oct  8 10:29:49 indigo-tracker user.debug sqlite: movement start
Oct  8 10:29:51 indigo-tracker user.debug sender: send success
Oct  8 10:29:52 indigo-tracker user.debug sender: nothing to send, continuing
Oct  8 10:30:01 indigo-tracker cron.info crond[486]: crond: USER root pid 1425 cmd /etc/cron/check_pppd
Oct  8 10:30:01 indigo-tracker cron.info crond[486]: crond: USER root pid 1426 cmd /etc/cron/check_updates.sh
Oct  8 10:30:01 indigo-tracker user.debug sender: send success
Oct  8 10:30:02 indigo-tracker user.debug sender: nothing to send, continuing
Oct  8 10:30:02 indigo-tracker user.notice root: pppd ok, 8.8.8.8 pingable
Oct  8 10:30:09 indigo-tracker user.debug sqlite: movement stop
Oct  8 10:30:11 indigo-tracker user.debug sender: send success
Oct  8 10:30:12 indigo-tracker user.debug sender: nothing to send, continuing
Oct  8 10:30:19 indigo-tracker user.debug sqlite: movement start
Oct  8 10:30:21 indigo-tracker user.debug sender: send success
Oct  8 10:30:22 indigo-tracker user.debug sender: nothing to send, continuing
Oct  8 10:30:34 indigo-tracker user.debug sender: send success
Oct  8 10:30:35 indigo-tracker user.debug sender: nothing to send, continuing
Oct  8 10:30:42 indigo-tracker user.debug sender: send success
Oct  8 10:30:43 indigo-tracker user.debug sender: nothing to send, continuing
Oct  8 10:30:50 indigo-tracker user.debug sqlite: movement stop
Oct  8 10:30:52 indigo-tracker user.debug sender: send success
Oct  8 10:30:53 indigo-tracker user.debug sender: nothing to send, continuing
Oct  8 10:31:01 indigo-tracker cron.info crond[486]: crond: USER root pid 1454 cmd /etc/cron/check_updates.sh
Oct  8 10:31:10 indigo-tracker user.debug sqlite: movement start
Oct  8 10:31:13 indigo-tracker user.debug sender: send success
Oct  8 10:31:14 indigo-tracker user.debug sender: nothing to send, continuing
Oct  8 10:31:20 indigo-tracker user.debug sqlite: movement stop
Oct  8 10:31:23 indigo-tracker user.debug sender: send success
Oct  8 10:31:24 indigo-tracker user.debug sender: nothing to send, continuing
Oct  8 10:31:40 indigo-tracker user.debug sqlite: movement start
Oct  8 10:31:51 indigo-tracker user.debug sender: send success
Oct  8 10:31:54 indigo-tracker user.debug sender: nothing to send, continuing
Oct  8 10:32:01 indigo-tracker cron.info crond[486]: crond: USER root pid 1480 cmd /etc/cron/check_updates.sh
Oct  8 10:32:02 indigo-tracker user.debug sender: send success
Oct  8 10:32:03 indigo-tracker user.debug sender: nothing to send, continuing
Oct  8 10:32:12 indigo-tracker user.debug sender: send success
Oct  8 10:32:14 indigo-tracker user.debug sender: nothing to send, continuing
Oct  8 10:32:21 indigo-tracker user.debug sqlite: movement stop
Oct  8 10:32:24 indigo-tracker user.debug sender: send success
Oct  8 10:32:25 indigo-tracker user.debug sender: nothing to send, continuing
Oct  8 10:32:31 indigo-tracker user.debug sqlite: movement start
Oct  8 10:32:34 indigo-tracker user.debug sender: send success
Oct  8 10:32:35 indigo-tracker user.debug sender: nothing to send, continuing
Oct  8 10:32:44 indigo-tracker user.debug sender: send success
Oct  8 10:32:45 indigo-tracker user.debug sender: nothing to send, continuing
Oct  8 10:32:54 indigo-tracker user.debug sender: send success
Oct  8 10:32:55 indigo-tracker user.debug sender: nothing to send, continuing
Oct  8 10:33:01 indigo-tracker cron.info crond[486]: crond: USER root pid 1502 cmd /etc/cron/check_updates.sh
Oct  8 10:33:04 indigo-tracker user.debug sender: send success
Oct  8 10:33:05 indigo-tracker user.debug sender: nothing to send, continuing
Oct  8 10:33:14 indigo-tracker user.debug sender: send success
Oct  8 10:33:15 indigo-tracker user.debug sender: nothing to send, continuing
Oct  8 10:33:24 indigo-tracker user.debug sender: send success
Oct  8 10:33:25 indigo-tracker user.debug sender: nothing to send, continuing
Oct  8 10:33:34 indigo-tracker user.debug sender: send success
Oct  8 10:33:35 indigo-tracker user.debug sender: nothing to send, continuing
Oct  8 10:33:44 indigo-tracker user.debug sender: send success
Oct  8 10:33:45 indigo-tracker user.debug sender: nothing to send, continuing
Oct  8 10:33:52 indigo-tracker user.debug sqlite: movement stop
Oct  8 10:33:54 indigo-tracker user.debug sender: send success
Oct  8 10:33:55 indigo-tracker user.debug sender: nothing to send, continuing
Oct  8 10:34:01 indigo-tracker cron.info crond[486]: crond: USER root pid 1520 cmd /etc/cron/check_updates.sh
Oct  8 10:34:12 indigo-tracker user.debug sqlite: movement start
Oct  8 10:34:15 indigo-tracker user.debug sender: send success
Oct  8 10:34:16 indigo-tracker user.debug sender: nothing to send, continuing
Oct  8 10:34:22 indigo-tracker user.debug sqlite: movement stop
Oct  8 10:34:25 indigo-tracker user.debug sender: send success
Oct  8 10:34:26 indigo-tracker user.debug sender: nothing to send, continuing
Oct  8 10:35:01 indigo-tracker cron.info crond[486]: crond: USER root pid 1543 cmd /etc/cron/check_updates.sh
Oct  8 10:35:23 indigo-tracker user.debug sqlite: sending keepalive
Oct  8 10:35:23 indigo-tracker user.info MJPG-streamer [690]: storage_queue reached soft-limit 150
Oct  8 10:35:25 indigo-tracker user.debug sender: send success
Oct  8 10:35:26 indigo-tracker user.debug sender: nothing to send, continuing
Oct  8 10:36:01 indigo-tracker cron.info crond[486]: crond: USER root pid 1561 cmd /etc/cron/check_updates.sh
Oct  8 10:37:01 indigo-tracker cron.info crond[486]: crond: USER root pid 1575 cmd /etc/cron/check_updates.sh
Oct  8 10:37:23 indigo-tracker user.debug sqlite: sending keepalive
Oct  8 10:37:25 indigo-tracker user.debug sender: send success
Oct  8 10:37:26 indigo-tracker user.debug sender: nothing to send, continuing
Oct  8 10:38:01 indigo-tracker cron.info crond[486]: crond: USER root pid 1593 cmd /etc/cron/check_updates.sh
Oct  8 10:39:01 indigo-tracker cron.info crond[486]: crond: USER root pid 1607 cmd /etc/cron/check_updates.sh
Oct  8 10:40:01 indigo-tracker cron.info crond[486]: crond: USER root pid 1621 cmd /etc/cron/check_updates.sh
Oct  8 10:41:01 indigo-tracker cron.info crond[486]: crond: USER root pid 1635 cmd /etc/cron/check_updates.sh
Oct  8 10:42:01 indigo-tracker cron.info crond[486]: crond: USER root pid 1649 cmd /etc/cron/check_updates.sh
Oct  8 10:42:24 indigo-tracker user.debug sqlite: sending keepalive
Oct  8 10:42:26 indigo-tracker user.debug sender: send success
Oct  8 10:42:27 indigo-tracker user.debug sender: nothing to send, continuing
Oct  8 10:43:01 indigo-tracker cron.info crond[486]: crond: USER root pid 1667 cmd /etc/cron/check_updates.sh
Oct  8 10:44:01 indigo-tracker cron.info crond[486]: crond: USER root pid 1681 cmd /etc/cron/check_updates.sh
Oct  8 10:45:01 indigo-tracker cron.info crond[486]: crond: USER root pid 1696 cmd /etc/cron/check_ntp
Oct  8 10:45:01 indigo-tracker cron.info crond[486]: crond: USER root pid 1697 cmd /etc/cron/check_updates.sh
Oct  8 10:45:01 indigo-tracker user.notice root: Current time is valid
Oct  8 10:45:23 indigo-tracker user.info MJPG-streamer [690]: storage_queue reached soft-limit 150
Oct  8 10:46:01 indigo-tracker cron.info crond[486]: crond: USER root pid 1715 cmd /etc/cron/check_updates.sh
Oct  8 10:47:01 indigo-tracker cron.info crond[486]: crond: USER root pid 1729 cmd /etc/cron/check_updates.sh
Oct  8 10:48:01 indigo-tracker cron.info crond[486]: crond: USER root pid 1743 cmd /etc/cron/check_updates.sh
Oct  8 10:49:01 indigo-tracker cron.info crond[486]: crond: USER root pid 1757 cmd /etc/cron/check_updates.sh
Oct  8 10:50:01 indigo-tracker cron.info crond[486]: crond: USER root pid 1769 cmd /etc/cron/check_updates.sh
Oct  8 10:50:55 indigo-tracker user.debug sqlite: movement start
Oct  8 10:50:58 indigo-tracker user.debug sender: send success
Oct  8 10:50:59 indigo-tracker user.debug sender: nothing to send, continuing
Oct  8 10:51:01 indigo-tracker cron.info crond[486]: crond: USER root pid 1787 cmd /etc/cron/check_updates.sh
Oct  8 10:51:05 indigo-tracker user.debug sqlite: movement stop
Oct  8 10:51:08 indigo-tracker user.debug sender: send success
Oct  8 10:51:09 indigo-tracker user.debug sender: nothing to send, continuing
Oct  8 10:52:01 indigo-tracker cron.info crond[486]: crond: USER root pid 1805 cmd /etc/cron/check_updates.sh
Oct  8 10:52:06 indigo-tracker user.debug sqlite: sending keepalive
Oct  8 10:52:06 indigo-tracker user.debug sqlite: movement start
Oct  8 10:52:09 indigo-tracker user.debug sender: send success
Oct  8 10:52:10 indigo-tracker user.debug sender: nothing to send, continuing
Oct  8 10:52:16 indigo-tracker user.debug sqlite: movement stop
Oct  8 10:52:19 indigo-tracker user.debug sender: send success
Oct  8 10:52:20 indigo-tracker user.debug sender: nothing to send, continuing
Oct  8 10:53:01 indigo-tracker cron.info crond[486]: crond: USER root pid 1831 cmd /etc/cron/check_updates.sh
Oct  8 10:53:17 indigo-tracker user.debug sqlite: sending keepalive
Oct  8 10:53:19 indigo-tracker user.debug sender: send success
Oct  8 10:53:20 indigo-tracker user.debug sender: nothing to send, continuing
Oct  8 10:54:01 indigo-tracker cron.info crond[486]: crond: USER root pid 1849 cmd /etc/cron/check_updates.sh
Oct  8 10:55:01 indigo-tracker cron.info crond[486]: crond: USER root pid 1863 cmd /etc/cron/check_updates.sh
Oct  8 10:55:17 indigo-tracker user.debug sqlite: sending keepalive
Oct  8 10:55:20 indigo-tracker user.debug sender: send success
Oct  8 10:55:21 indigo-tracker user.debug sender: nothing to send, continuing
Oct  8 10:55:23 indigo-tracker user.info MJPG-streamer [690]: storage_queue reached soft-limit 150
Oct  8 10:55:35 indigo-tracker daemon.notice openvpn[678]: TLS: soft reset sec=0 bytes=21357/0 pkts=353/0
Oct  8 10:55:41 indigo-tracker daemon.notice openvpn[678]: VERIFY OK: depth=1, /C=RU/ST=ROSTOV-ON-DON/L=Taganrog/O=Indigo/CN=dev-vpn/emailAddress=yury@indigosystem.ru
Oct  8 10:55:41 indigo-tracker daemon.notice openvpn[678]: VERIFY OK: nsCertType=SERVER
Oct  8 10:55:41 indigo-tracker daemon.notice openvpn[678]: VERIFY OK: depth=0, /C=RU/ST=ROSTOV-ON-DON/O=Indigo/CN=dev-vpn/emailAddress=yury@indigosystem.ru
Oct  8 10:55:52 indigo-tracker daemon.notice openvpn[678]: Data Channel Encrypt: Cipher 'BF-CBC' initialized with 128 bit key
Oct  8 10:55:52 indigo-tracker daemon.notice openvpn[678]: Data Channel Encrypt: Using 160 bit message hash 'SHA1' for HMAC authentication
Oct  8 10:55:52 indigo-tracker daemon.notice openvpn[678]: Data Channel Decrypt: Cipher 'BF-CBC' initialized with 128 bit key
Oct  8 10:55:52 indigo-tracker daemon.notice openvpn[678]: Data Channel Decrypt: Using 160 bit message hash 'SHA1' for HMAC authentication
Oct  8 10:55:52 indigo-tracker daemon.notice openvpn[678]: Control Channel: TLSv1, cipher TLSv1/SSLv3 DHE-RSA-AES256-SHA, 1024 bit RSA
Oct  8 10:56:01 indigo-tracker cron.info crond[486]: crond: USER root pid 1882 cmd /etc/cron/check_updates.sh
Oct  8 10:57:01 indigo-tracker cron.info crond[486]: crond: USER root pid 1896 cmd /etc/cron/check_updates.sh
Oct  8 10:57:58 indigo-tracker user.debug sqlite: movement start
Oct  8 10:58:00 indigo-tracker user.debug sender: send success
Oct  8 10:58:01 indigo-tracker cron.info crond[486]: crond: USER root pid 1914 cmd /etc/cron/check_updates.sh
Oct  8 10:58:01 indigo-tracker user.debug sender: nothing to send, continuing
Oct  8 10:58:10 indigo-tracker user.debug sender: send success
Oct  8 10:58:11 indigo-tracker user.debug sender: nothing to send, continuing
Oct  8 10:58:20 indigo-tracker user.debug sender: send success
Oct  8 10:58:21 indigo-tracker user.debug sender: nothing to send, continuing
Oct  8 10:58:30 indigo-tracker user.debug sender: send success
Oct  8 10:58:31 indigo-tracker user.debug sender: nothing to send, continuing
Oct  8 10:58:40 indigo-tracker user.debug sender: send success
Oct  8 10:58:41 indigo-tracker user.debug sender: nothing to send, continuing
Oct  8 10:58:50 indigo-tracker user.debug sender: send success
Oct  8 10:58:51 indigo-tracker user.debug sender: nothing to send, continuing
Oct  8 10:59:01 indigo-tracker cron.info crond[486]: crond: USER root pid 1928 cmd /etc/cron/check_updates.sh
Oct  8 10:59:01 indigo-tracker user.debug sender: send success
Oct  8 10:59:02 indigo-tracker user.debug sender: nothing to send, continuing
Oct  8 10:59:10 indigo-tracker user.debug sender: send success
Oct  8 10:59:11 indigo-tracker user.debug sender: nothing to send, continuing
Oct  8 10:59:18 indigo-tracker user.debug sqlite: movement stop
Oct  8 10:59:20 indigo-tracker user.debug sender: send success
Oct  8 10:59:21 indigo-tracker user.debug sender: nothing to send, continuing
Oct  8 10:59:29 indigo-tracker user.debug sqlite: movement start
Oct  8 10:59:31 indigo-tracker user.debug sender: send success
Oct  8 10:59:32 indigo-tracker user.debug sender: nothing to send, continuing
Oct  8 10:59:42 indigo-tracker user.debug sender: send success
Oct  8 10:59:43 indigo-tracker user.debug sender: nothing to send, continuing
Oct  8 10:59:54 indigo-tracker user.debug sender: send success
Oct  8 10:59:55 indigo-tracker user.debug sender: nothing to send, continuing
Oct  8 11:00:00 indigo-tracker user.debug recorder: scheduling next file at 1318060800 seconds unix time
Oct  8 11:00:01 indigo-tracker cron.info crond[486]: crond: USER root pid 1950 cmd /etc/cron/check_pppd
Oct  8 11:00:01 indigo-tracker cron.info crond[486]: crond: USER root pid 1951 cmd /etc/cron/check_updates.sh
Oct  8 11:00:01 indigo-tracker user.debug sender: send success
Oct  8 11:00:02 indigo-tracker user.notice root: pppd ok, 8.8.8.8 pingable
Oct  8 11:00:02 indigo-tracker user.debug sender: nothing to send, continuing
Oct  8 11:00:11 indigo-tracker user.debug sender: send success
Oct  8 11:00:12 indigo-tracker user.debug sender: nothing to send, continuing
Oct  8 11:00:21 indigo-tracker user.debug sender: send success
Oct  8 11:00:22 indigo-tracker user.debug sender: nothing to send, continuing
Oct  8 11:00:31 indigo-tracker user.debug sender: send success
Oct  8 11:00:32 indigo-tracker user.debug sender: nothing to send, continuing
Oct  8 11:00:41 indigo-tracker user.debug sender: send success
Oct  8 11:00:42 indigo-tracker user.debug sender: nothing to send, continuing
Oct  8 11:00:49 indigo-tracker user.debug sqlite: movement stop
Oct  8 11:00:51 indigo-tracker user.debug sender: send success
Oct  8 11:00:52 indigo-tracker user.debug sender: nothing to send, continuing
Oct  8 11:01:01 indigo-tracker cron.info crond[486]: crond: USER root pid 1973 cmd /etc/cron/check_updates.sh
Oct  8 11:01:04 indigo-tracker daemon.notice openvpn[678]: [dev-vpn] Inactivity timeout (--ping-restart), restarting
Oct  8 11:01:04 indigo-tracker daemon.notice openvpn[678]: TCP/UDP: Closing socket
Oct  8 11:01:04 indigo-tracker daemon.notice openvpn[678]: SIGUSR1[soft,ping-restart] received, process restarting
Oct  8 11:01:04 indigo-tracker daemon.notice openvpn[678]: Restart pause, 2 second(s)
Oct  8 11:01:06 indigo-tracker daemon.warn openvpn[678]: NOTE: the current --script-security setting may allow this configuration to call user-defined scripts
Oct  8 11:01:06 indigo-tracker daemon.notice openvpn[678]: Re-using SSL/TLS context
Oct  8 11:01:06 indigo-tracker daemon.notice openvpn[678]: LZO compression initialized
Oct  8 11:01:06 indigo-tracker daemon.notice openvpn[678]: Control Channel MTU parms [ L:1546 D:138 EF:38 EB:0 ET:0 EL:0 ]
Oct  8 11:01:06 indigo-tracker daemon.notice openvpn[678]: Socket Buffers: R=[108544->131072] S=[108544->131072]
Oct  8 11:01:07 indigo-tracker daemon.notice openvpn[678]: Data Channel MTU parms [ L:1546 D:1300 EF:46 EB:135 ET:0 EL:0 AF:3/1 ]
Oct  8 11:01:07 indigo-tracker daemon.notice openvpn[678]: Fragmentation MTU parms [ L:1546 D:1300 EF:45 EB:135 ET:1 EL:0 AF:3/1 ]
Oct  8 11:01:07 indigo-tracker daemon.notice openvpn[678]: UDPv4 link local: [undef]
Oct  8 11:01:07 indigo-tracker daemon.notice openvpn[678]: UDPv4 link remote: 72.249.145.165:1194
Oct  8 11:01:08 indigo-tracker daemon.notice openvpn[678]: TLS: Initial packet from 72.249.145.165:1194, sid=d145f2f7 00e619ea
Oct  8 11:01:13 indigo-tracker daemon.notice openvpn[678]: VERIFY OK: depth=1, /C=RU/ST=ROSTOV-ON-DON/L=Taganrog/O=Indigo/CN=dev-vpn/emailAddress=yury@indigosystem.ru
Oct  8 11:01:13 indigo-tracker daemon.notice openvpn[678]: VERIFY OK: nsCertType=SERVER
Oct  8 11:01:13 indigo-tracker daemon.notice openvpn[678]: VERIFY OK: depth=0, /C=RU/ST=ROSTOV-ON-DON/O=Indigo/CN=dev-vpn/emailAddress=yury@indigosystem.ru
Oct  8 11:01:30 indigo-tracker daemon.notice openvpn[678]: Data Channel Encrypt: Cipher 'BF-CBC' initialized with 128 bit key
Oct  8 11:01:30 indigo-tracker daemon.notice openvpn[678]: Data Channel Encrypt: Using 160 bit message hash 'SHA1' for HMAC authentication
Oct  8 11:01:30 indigo-tracker daemon.notice openvpn[678]: Data Channel Decrypt: Cipher 'BF-CBC' initialized with 128 bit key
Oct  8 11:01:30 indigo-tracker daemon.notice openvpn[678]: Data Channel Decrypt: Using 160 bit message hash 'SHA1' for HMAC authentication
Oct  8 11:01:30 indigo-tracker daemon.notice openvpn[678]: Control Channel: TLSv1, cipher TLSv1/SSLv3 DHE-RSA-AES256-SHA, 1024 bit RSA
Oct  8 11:01:30 indigo-tracker daemon.notice openvpn[678]: [dev-vpn] Peer Connection Initiated with 72.249.145.165:1194
Oct  8 11:01:32 indigo-tracker daemon.notice openvpn[678]: SENT CONTROL [dev-vpn]: 'PUSH_REQUEST' (status=1)
Oct  8 11:01:33 indigo-tracker daemon.notice openvpn[678]: PUSH: Received control message: 'PUSH_REPLY,route 192.168.201.0 255.255.255.0,topology net30,ping 20,ping-restart 50,ifconfig 192.168.201.54 192.168.201.53'
Oct  8 11:01:33 indigo-tracker daemon.notice openvpn[678]: OPTIONS IMPORT: timers and/or timeouts modified
Oct  8 11:01:33 indigo-tracker daemon.notice openvpn[678]: OPTIONS IMPORT: --ifconfig/up options modified
Oct  8 11:01:33 indigo-tracker daemon.notice openvpn[678]: OPTIONS IMPORT: route options modified
Oct  8 11:01:33 indigo-tracker daemon.notice openvpn[678]: Preserving previous TUN/TAP instance: tun0
Oct  8 11:01:33 indigo-tracker daemon.notice openvpn[678]: Initialization Sequence Completed
Oct  8 11:01:40 indigo-tracker user.debug sqlite: movement start
Oct  8 11:01:42 indigo-tracker user.debug sender: send success
Oct  8 11:01:43 indigo-tracker user.debug sender: nothing to send, continuing
Oct  8 11:02:01 indigo-tracker cron.info crond[486]: crond: USER root pid 1991 cmd /etc/cron/check_updates.sh
Oct  8 11:02:03 indigo-tracker user.debug sender: send success
Oct  8 11:02:06 indigo-tracker user.debug sender: nothing to send, continuing
Oct  8 11:02:12 indigo-tracker user.debug sender: send success
Oct  8 11:02:13 indigo-tracker user.debug sender: nothing to send, continuing
Oct  8 11:02:28 indigo-tracker user.debug sender: send success
Oct  8 11:02:29 indigo-tracker user.debug sender: nothing to send, continuing
Oct  8 11:02:30 indigo-tracker user.debug sqlite: movement stop
Oct  8 11:02:33 indigo-tracker user.debug sender: send success
Oct  8 11:02:34 indigo-tracker user.debug sender: nothing to send, continuing
Oct  8 11:02:40 indigo-tracker user.debug sqlite: movement start
Oct  8 11:02:43 indigo-tracker user.debug sender: send success
Oct  8 11:02:44 indigo-tracker user.debug sender: nothing to send, continuing
Oct  8 11:02:53 indigo-tracker user.debug sender: send success
Oct  8 11:02:54 indigo-tracker user.debug sender: nothing to send, continuing
Oct  8 11:03:01 indigo-tracker cron.info crond[486]: crond: USER root pid 2013 cmd /etc/cron/check_updates.sh
Oct  8 11:03:03 indigo-tracker user.debug sender: send success
Oct  8 11:03:04 indigo-tracker user.debug sender: nothing to send, continuing
Oct  8 11:03:13 indigo-tracker user.debug sender: send success
Oct  8 11:03:14 indigo-tracker user.debug sender: nothing to send, continuing
Oct  8 11:03:23 indigo-tracker user.debug sender: send success
Oct  8 11:03:24 indigo-tracker user.debug sender: nothing to send, continuing
Oct  8 11:03:31 indigo-tracker user.debug sqlite: movement stop
Oct  8 11:03:33 indigo-tracker user.debug sender: send success
Oct  8 11:03:34 indigo-tracker user.debug sender: nothing to send, continuing
Oct  8 11:04:01 indigo-tracker cron.info crond[486]: crond: USER root pid 2035 cmd /etc/cron/check_updates.sh
Oct  8 11:04:01 indigo-tracker user.debug sqlite: movement start
Oct  8 11:04:04 indigo-tracker user.debug sender: send success
Oct  8 11:04:05 indigo-tracker user.debug sender: nothing to send, continuing
Oct  8 11:04:14 indigo-tracker user.debug sender: send success
Oct  8 11:04:15 indigo-tracker user.debug sender: nothing to send, continuing
Oct  8 11:04:24 indigo-tracker user.debug sender: send success
Oct  8 11:04:25 indigo-tracker user.debug sender: nothing to send, continuing
Oct  8 11:04:34 indigo-tracker user.debug sender: send success
Oct  8 11:04:35 indigo-tracker user.debug sender: nothing to send, continuing
Oct  8 11:04:44 indigo-tracker user.debug sender: send success
Oct  8 11:04:45 indigo-tracker user.debug sender: nothing to send, continuing
Oct  8 11:04:56 indigo-tracker user.debug sender: send success
Oct  8 11:04:58 indigo-tracker user.debug sender: nothing to send, continuing
Oct  8 11:05:01 indigo-tracker cron.info crond[486]: crond: USER root pid 2047 cmd /etc/cron/check_updates.sh
Oct  8 11:05:01 indigo-tracker cron.info crond[486]: crond: USER root pid 2048 cmd /etc/cron/rotate_video.sh
Oct  8 11:05:02 indigo-tracker user.debug sqlite: movement stop
Oct  8 11:05:02 indigo-tracker user.notice root: no flash drive to rotate video on
Oct  8 11:05:04 indigo-tracker user.debug sender: send success
Oct  8 11:05:06 indigo-tracker user.debug sender: nothing to send, continuing
Oct  8 11:05:23 indigo-tracker user.info MJPG-streamer [690]: storage_queue reached soft-limit 150
Oct  8 11:06:01 indigo-tracker cron.info crond[486]: crond: USER root pid 2075 cmd /etc/cron/check_updates.sh
Oct  8 11:06:02 indigo-tracker user.debug sqlite: sending keepalive
Oct  8 11:06:04 indigo-tracker user.debug sender: send success
Oct  8 11:06:06 indigo-tracker user.debug sender: nothing to send, continuing
Oct  8 11:06:23 indigo-tracker user.debug sqlite: movement start
Oct  8 11:06:25 indigo-tracker user.debug sender: send success
Oct  8 11:06:26 indigo-tracker user.debug sender: nothing to send, continuing
Oct  8 11:06:40 indigo-tracker user.debug sender: send success
Oct  8 11:06:41 indigo-tracker user.debug sender: nothing to send, continuing
Oct  8 11:06:43 indigo-tracker user.debug sqlite: movement stop
Oct  8 11:06:49 indigo-tracker user.debug sender: send success
Oct  8 11:06:50 indigo-tracker user.debug sender: nothing to send, continuing
Oct  8 11:06:53 indigo-tracker user.debug sqlite: movement start
Oct  8 11:07:01 indigo-tracker cron.info crond[486]: crond: USER root pid 2105 cmd /etc/cron/check_updates.sh
Oct  8 11:07:01 indigo-tracker user.debug sender: send success
Oct  8 11:07:02 indigo-tracker user.debug sender: nothing to send, continuing
Oct  8 11:07:05 indigo-tracker user.debug sender: send success
Oct  8 11:07:06 indigo-tracker user.debug sender: nothing to send, continuing
Oct  8 11:07:15 indigo-tracker user.debug sender: send success
Oct  8 11:07:16 indigo-tracker user.debug sender: nothing to send, continuing
Oct  8 11:07:25 indigo-tracker user.debug sender: send success
Oct  8 11:07:26 indigo-tracker user.debug sender: nothing to send, continuing
Oct  8 11:07:41 indigo-tracker user.debug sender: send success
Oct  8 11:07:42 indigo-tracker user.debug sender: nothing to send, continuing
Oct  8 11:07:46 indigo-tracker user.debug sender: send success
Oct  8 11:07:47 indigo-tracker user.debug sender: nothing to send, continuing
Oct  8 11:08:01 indigo-tracker cron.info crond[486]: crond: USER root pid 2119 cmd /etc/cron/check_updates.sh
Oct  8 11:08:03 indigo-tracker user.debug sender: send success
Oct  8 11:08:04 indigo-tracker user.debug sender: nothing to send, continuing
Oct  8 11:08:04 indigo-tracker user.debug sqlite: movement stop
Oct  8 11:08:07 indigo-tracker user.debug sender: send success
Oct  8 11:08:08 indigo-tracker user.debug sender: nothing to send, continuing
Oct  8 11:08:14 indigo-tracker user.debug sqlite: movement start
Oct  8 11:08:26 indigo-tracker user.debug sender: send success
Oct  8 11:08:30 indigo-tracker user.debug sender: nothing to send, continuing
Oct  8 11:08:36 indigo-tracker user.debug sender: send success
Oct  8 11:08:37 indigo-tracker user.debug sender: nothing to send, continuing
Oct  8 11:08:46 indigo-tracker user.debug sender: send success
Oct  8 11:08:47 indigo-tracker user.debug sender: nothing to send, continuing
Oct  8 11:08:56 indigo-tracker user.debug sender: send success
Oct  8 11:08:57 indigo-tracker user.debug sender: nothing to send, continuing
Oct  8 11:09:01 indigo-tracker cron.info crond[486]: crond: USER root pid 2141 cmd /etc/cron/check_updates.sh
Oct  8 11:09:11 indigo-tracker user.debug sender: send success
Oct  8 11:09:12 indigo-tracker user.debug sender: nothing to send, continuing
Oct  8 11:09:16 indigo-tracker user.debug sender: send success
Oct  8 11:09:17 indigo-tracker user.debug sender: nothing to send, continuing
Oct  8 11:09:30 indigo-tracker user.debug sender: send success
Oct  8 11:09:31 indigo-tracker user.debug sender: nothing to send, continuing
Oct  8 11:09:38 indigo-tracker user.debug sender: send success
Oct  8 11:09:39 indigo-tracker user.debug sender: nothing to send, continuing
Oct  8 11:09:47 indigo-tracker user.debug sender: send success
Oct  8 11:09:48 indigo-tracker user.debug sender: nothing to send, continuing
Oct  8 11:09:55 indigo-tracker user.debug sqlite: movement stop
Oct  8 11:09:58 indigo-tracker user.debug sender: send success
Oct  8 11:09:59 indigo-tracker user.debug sender: nothing to send, continuing
Oct  8 11:10:01 indigo-tracker cron.info crond[486]: crond: USER root pid 2159 cmd /etc/cron/check_updates.sh
Oct  8 11:10:05 indigo-tracker user.debug sqlite: movement start
Oct  8 11:10:08 indigo-tracker user.debug sender: send success
Oct  8 11:10:09 indigo-tracker user.debug sender: nothing to send, continuing
Oct  8 11:10:23 indigo-tracker user.debug sender: send success
Oct  8 11:10:24 indigo-tracker user.debug sender: nothing to send, continuing
Oct  8 11:10:27 indigo-tracker user.debug sender: send success
Oct  8 11:10:28 indigo-tracker user.debug sender: nothing to send, continuing
Oct  8 11:10:42 indigo-tracker user.debug sender: send success
Oct  8 11:10:43 indigo-tracker user.debug sender: nothing to send, continuing
Oct  8 11:10:47 indigo-tracker user.debug sender: send success
Oct  8 11:10:48 indigo-tracker user.debug sender: nothing to send, continuing
Oct  8 11:10:57 indigo-tracker user.debug sender: send success
Oct  8 11:10:58 indigo-tracker user.debug sender: nothing to send, continuing
Oct  8 11:11:01 indigo-tracker cron.info crond[486]: crond: USER root pid 2177 cmd /etc/cron/check_updates.sh
Oct  8 11:11:08 indigo-tracker user.debug sender: send success
Oct  8 11:11:09 indigo-tracker user.debug sender: nothing to send, continuing
Oct  8 11:11:18 indigo-tracker user.debug sender: send success
Oct  8 11:11:19 indigo-tracker user.debug sender: nothing to send, continuing
Oct  8 11:11:27 indigo-tracker user.debug sender: send success
Oct  8 11:11:28 indigo-tracker user.debug sender: nothing to send, continuing
Oct  8 11:11:43 indigo-tracker user.debug sender: send success
Oct  8 11:11:44 indigo-tracker user.debug sender: nothing to send, continuing
Oct  8 11:11:48 indigo-tracker user.debug sender: send success
Oct  8 11:11:49 indigo-tracker user.debug sender: nothing to send, continuing
Oct  8 11:11:57 indigo-tracker user.debug sender: send success
Oct  8 11:11:58 indigo-tracker user.debug sender: nothing to send, continuing
Oct  8 11:12:01 indigo-tracker cron.info crond[486]: crond: USER root pid 2191 cmd /etc/cron/check_updates.sh
Oct  8 11:12:07 indigo-tracker user.debug sender: send success
Oct  8 11:12:08 indigo-tracker user.debug sender: nothing to send, continuing
Oct  8 11:12:18 indigo-tracker user.debug sender: send success
Oct  8 11:12:19 indigo-tracker user.debug sender: nothing to send, continuing
Oct  8 11:12:28 indigo-tracker user.debug sender: send success
Oct  8 11:12:29 indigo-tracker user.debug sender: nothing to send, continuing
Oct  8 11:12:38 indigo-tracker user.debug sender: send success
Oct  8 11:12:39 indigo-tracker user.debug sender: nothing to send, continuing
Oct  8 11:12:48 indigo-tracker user.debug sender: send success
Oct  8 11:12:49 indigo-tracker user.debug sender: nothing to send, continuing
Oct  8 11:12:58 indigo-tracker user.debug sender: send success
Oct  8 11:13:00 indigo-tracker user.debug sender: nothing to send, continuing
Oct  8 11:13:01 indigo-tracker cron.info crond[486]: crond: USER root pid 2205 cmd /etc/cron/check_updates.sh
Oct  8 11:13:08 indigo-tracker user.debug sender: send success
Oct  8 11:13:10 indigo-tracker user.debug sender: nothing to send, continuing
Oct  8 11:13:19 indigo-tracker user.debug sender: send success
Oct  8 11:13:20 indigo-tracker user.debug sender: nothing to send, continuing
Oct  8 11:13:28 indigo-tracker user.debug sender: send success
Oct  8 11:13:29 indigo-tracker user.debug sender: nothing to send, continuing
Oct  8 11:13:39 indigo-tracker user.debug sender: send success
Oct  8 11:13:40 indigo-tracker user.debug sender: nothing to send, continuing
Oct  8 11:13:48 indigo-tracker user.debug sender: send success
Oct  8 11:13:49 indigo-tracker user.debug sender: nothing to send, continuing
Oct  8 11:13:56 indigo-tracker user.debug sqlite: movement stop
Oct  8 11:13:59 indigo-tracker user.debug sender: send success
Oct  8 11:14:00 indigo-tracker user.debug sender: nothing to send, continuing
Oct  8 11:14:01 indigo-tracker cron.info crond[486]: crond: USER root pid 2223 cmd /etc/cron/check_updates.sh
Oct  8 11:14:06 indigo-tracker user.debug sqlite: movement start
Oct  8 11:14:09 indigo-tracker user.debug sender: send success
Oct  8 11:14:10 indigo-tracker user.debug sender: nothing to send, continuing
Oct  8 11:14:19 indigo-tracker user.debug sender: send success
Oct  8 11:14:20 indigo-tracker user.debug sender: nothing to send, continuing
Oct  8 11:14:29 indigo-tracker user.debug sender: send success
Oct  8 11:14:30 indigo-tracker user.debug sender: nothing to send, continuing
Oct  8 11:14:39 indigo-tracker user.debug sender: send success
Oct  8 11:14:40 indigo-tracker user.debug sender: nothing to send, continuing
Oct  8 11:14:50 indigo-tracker user.debug sender: send success
Oct  8 11:14:51 indigo-tracker user.debug sender: nothing to send, continuing
Oct  8 11:14:59 indigo-tracker user.debug sender: send success
Oct  8 11:15:00 indigo-tracker user.debug sender: nothing to send, continuing
Oct  8 11:15:01 indigo-tracker cron.info crond[486]: crond: USER root pid 2241 cmd /etc/cron/check_ntp
Oct  8 11:15:01 indigo-tracker cron.info crond[486]: crond: USER root pid 2242 cmd /etc/cron/check_updates.sh
Oct  8 11:15:02 indigo-tracker user.notice root: Current time is valid
Oct  8 11:15:07 indigo-tracker user.debug sqlite: movement stop
Oct  8 11:15:10 indigo-tracker user.debug sender: send success
Oct  8 11:15:11 indigo-tracker user.debug sender: nothing to send, continuing
Oct  8 11:15:17 indigo-tracker user.debug sqlite: movement start
Oct  8 11:15:20 indigo-tracker user.debug sender: send success
Oct  8 11:15:21 indigo-tracker user.debug sender: nothing to send, continuing
Oct  8 11:15:23 indigo-tracker user.info MJPG-streamer [690]: storage_queue reached soft-limit 150
Oct  8 11:15:30 indigo-tracker user.debug sender: send success
Oct  8 11:15:31 indigo-tracker user.debug sender: nothing to send, continuing
Oct  8 11:15:40 indigo-tracker user.debug sender: send success
Oct  8 11:15:41 indigo-tracker user.debug sender: nothing to send, continuing
Oct  8 11:15:50 indigo-tracker user.debug sender: send success
Oct  8 11:15:51 indigo-tracker user.debug sender: nothing to send, continuing
Oct  8 11:15:57 indigo-tracker user.debug sqlite: movement stop
Oct  8 11:16:00 indigo-tracker user.debug sender: send success
Oct  8 11:16:01 indigo-tracker user.debug sender: nothing to send, continuing
Oct  8 11:16:01 indigo-tracker cron.info crond[486]: crond: USER root pid 2272 cmd /etc/cron/check_updates.sh
Oct  8 11:16:38 indigo-tracker user.debug sqlite: movement start
Oct  8 11:16:40 indigo-tracker user.debug sender: send success
Oct  8 11:16:41 indigo-tracker user.debug sender: nothing to send, continuing
Oct  8 11:16:50 indigo-tracker user.debug sender: send success
Oct  8 11:16:51 indigo-tracker user.debug sender: nothing to send, continuing
Oct  8 11:17:02 indigo-tracker cron.info crond[486]: crond: USER root pid 2290 cmd /etc/cron/check_updates.sh
Oct  8 11:17:02 indigo-tracker user.debug sender: send success
Oct  8 11:17:03 indigo-tracker user.debug sender: nothing to send, continuing
Oct  8 11:17:11 indigo-tracker user.debug sender: send success
Oct  8 11:17:12 indigo-tracker user.debug sender: nothing to send, continuing
Oct  8 11:17:25 indigo-tracker user.debug sender: send success
Oct  8 11:17:26 indigo-tracker user.debug sender: nothing to send, continuing
Oct  8 11:17:28 indigo-tracker user.debug sqlite: movement stop
Oct  8 11:17:31 indigo-tracker user.debug sender: send success
Oct  8 11:17:32 indigo-tracker user.debug sender: nothing to send, continuing
Oct  8 11:17:38 indigo-tracker user.debug sqlite: movement start
Oct  8 11:17:41 indigo-tracker user.debug sender: send success
Oct  8 11:17:42 indigo-tracker user.debug sender: nothing to send, continuing
Oct  8 11:17:51 indigo-tracker user.debug sender: send success
Oct  8 11:17:52 indigo-tracker user.debug sender: nothing to send, continuing
Oct  8 11:18:01 indigo-tracker cron.info crond[486]: crond: USER root pid 2310 cmd /etc/cron/check_updates.sh
Oct  8 11:18:07 indigo-tracker user.debug sender: send success
Oct  8 11:18:08 indigo-tracker user.debug sender: nothing to send, continuing
Oct  8 11:18:09 indigo-tracker user.debug sqlite: movement stop
Oct  8 11:18:15 indigo-tracker user.debug sender: send success
Oct  8 11:18:19 indigo-tracker user.debug sender: nothing to send, continuing
Oct  8 11:18:19 indigo-tracker user.debug sqlite: movement start
Oct  8 11:18:22 indigo-tracker user.debug sender: send success
Oct  8 11:18:23 indigo-tracker user.debug sender: nothing to send, continuing
Oct  8 11:18:32 indigo-tracker user.debug sender: send success
Oct  8 11:18:33 indigo-tracker user.debug sender: nothing to send, continuing
Oct  8 11:18:42 indigo-tracker user.debug sender: send success
Oct  8 11:18:43 indigo-tracker user.debug sender: nothing to send, continuing
Oct  8 11:18:52 indigo-tracker user.debug sender: send success
Oct  8 11:18:53 indigo-tracker user.debug sender: nothing to send, continuing
Oct  8 11:19:01 indigo-tracker cron.info crond[486]: crond: USER root pid 2332 cmd /etc/cron/check_updates.sh
Oct  8 11:19:02 indigo-tracker user.debug sender: send success
Oct  8 11:19:03 indigo-tracker user.debug sender: nothing to send, continuing
Oct  8 11:19:10 indigo-tracker user.debug sqlite: movement stop
Oct  8 11:19:12 indigo-tracker user.debug sender: send success
Oct  8 11:19:14 indigo-tracker user.debug sender: nothing to send, continuing
Oct  8 11:19:40 indigo-tracker user.debug sqlite: movement start
Oct  8 11:19:42 indigo-tracker user.debug sender: send success
Oct  8 11:19:43 indigo-tracker user.debug sender: nothing to send, continuing
Oct  8 11:19:52 indigo-tracker user.debug sender: send success
Oct  8 11:19:53 indigo-tracker user.debug sender: nothing to send, continuing
Oct  8 11:20:00 indigo-tracker user.debug sqlite: movement stop
Oct  8 11:20:01 indigo-tracker cron.info crond[486]: crond: USER root pid 2358 cmd /etc/cron/check_updates.sh
Oct  8 11:20:02 indigo-tracker user.debug sender: send success
Oct  8 11:20:05 indigo-tracker user.debug sender: nothing to send, continuing
Oct  8 11:20:20 indigo-tracker user.debug sqlite: movement start
Oct  8 11:20:29 indigo-tracker user.debug sender: send success
Oct  8 11:20:30 indigo-tracker user.debug sender: nothing to send, continuing
Oct  8 11:20:33 indigo-tracker user.debug sender: send success
Oct  8 11:20:34 indigo-tracker user.debug sender: nothing to send, continuing
Oct  8 11:20:43 indigo-tracker user.debug sender: send success
Oct  8 11:20:44 indigo-tracker user.debug sender: nothing to send, continuing
Oct  8 11:20:51 indigo-tracker user.debug sqlite: movement stop
Oct  8 11:20:53 indigo-tracker user.debug sender: send success
Oct  8 11:20:54 indigo-tracker user.debug sender: nothing to send, continuing
Oct  8 11:21:01 indigo-tracker cron.info crond[486]: crond: USER root pid 2381 cmd /etc/cron/check_updates.sh
Oct  8 11:21:11 indigo-tracker user.debug sqlite: movement start
Oct  8 11:21:13 indigo-tracker user.debug sender: send success
Oct  8 11:21:14 indigo-tracker user.debug sender: nothing to send, continuing
Oct  8 11:21:23 indigo-tracker user.debug sender: send success
Oct  8 11:21:24 indigo-tracker user.debug sender: nothing to send, continuing
Oct  8 11:21:33 indigo-tracker user.debug sender: send success
Oct  8 11:21:34 indigo-tracker user.debug sender: nothing to send, continuing
Oct  8 11:21:43 indigo-tracker user.debug sender: send success
Oct  8 11:21:44 indigo-tracker user.debug sender: nothing to send, continuing
Oct  8 11:21:53 indigo-tracker user.debug sender: send success
Oct  8 11:21:54 indigo-tracker user.debug sender: nothing to send, continuing
Oct  8 11:22:01 indigo-tracker cron.info crond[486]: crond: USER root pid 2399 cmd /etc/cron/check_updates.sh
Oct  8 11:22:02 indigo-tracker user.debug sqlite: movement stop
Oct  8 11:22:03 indigo-tracker user.debug sender: send success
Oct  8 11:22:04 indigo-tracker user.debug sender: nothing to send, continuing
Oct  8 11:22:12 indigo-tracker user.debug sqlite: movement start
Oct  8 11:22:15 indigo-tracker user.debug sender: send success
Oct  8 11:22:16 indigo-tracker user.debug sender: nothing to send, continuing
Oct  8 11:22:24 indigo-tracker user.debug sender: send success
Oct  8 11:22:25 indigo-tracker user.debug sender: nothing to send, continuing
Oct  8 11:22:35 indigo-tracker user.debug sender: send success
Oct  8 11:22:36 indigo-tracker user.debug sender: nothing to send, continuing
Oct  8 11:22:44 indigo-tracker user.debug sender: send success
Oct  8 11:22:45 indigo-tracker user.debug sender: nothing to send, continuing
Oct  8 11:22:54 indigo-tracker user.debug sender: send success
Oct  8 11:22:55 indigo-tracker user.debug sender: nothing to send, continuing
Oct  8 11:23:01 indigo-tracker cron.info crond[486]: crond: USER root pid 2421 cmd /etc/cron/check_updates.sh
Oct  8 11:23:04 indigo-tracker user.debug sender: send success
Oct  8 11:23:05 indigo-tracker user.debug sender: nothing to send, continuing
Oct  8 11:23:12 indigo-tracker user.debug sqlite: movement stop
Oct  8 11:23:15 indigo-tracker user.debug sender: send success
Oct  8 11:23:16 indigo-tracker user.debug sender: nothing to send, continuing
Oct  8 11:23:23 indigo-tracker user.debug sqlite: movement start
Oct  8 11:23:26 indigo-tracker user.debug sender: send success
Oct  8 11:23:27 indigo-tracker user.debug sender: nothing to send, continuing
Oct  8 11:23:35 indigo-tracker user.debug sender: send success
Oct  8 11:23:36 indigo-tracker user.debug sender: nothing to send, continuing
Oct  8 11:23:50 indigo-tracker user.debug sender: send success
Oct  8 11:23:51 indigo-tracker user.debug sender: nothing to send, continuing
Oct  8 11:23:55 indigo-tracker user.debug sender: send success
Oct  8 11:23:56 indigo-tracker user.debug sender: nothing to send, continuing
Oct  8 11:24:01 indigo-tracker cron.info crond[486]: crond: USER root pid 2443 cmd /etc/cron/check_updates.sh
Oct  8 11:24:05 indigo-tracker user.debug sender: send success
Oct  8 11:24:06 indigo-tracker user.debug sender: nothing to send, continuing
Oct  8 11:24:23 indigo-tracker user.debug sender: send success
Oct  8 11:24:23 indigo-tracker user.debug sqlite: movement stop
Oct  8 11:24:26 indigo-tracker user.debug sender: nothing to send, continuing
Oct  8 11:24:43 indigo-tracker user.debug sqlite: movement start
Oct  8 11:24:47 indigo-tracker user.debug sender: send success
Oct  8 11:24:48 indigo-tracker user.debug sender: nothing to send, continuing
Oct  8 11:24:56 indigo-tracker user.debug sender: send success
Oct  8 11:24:57 indigo-tracker user.debug sender: nothing to send, continuing
Oct  8 11:25:01 indigo-tracker cron.info crond[486]: crond: USER root pid 2465 cmd /etc/cron/check_updates.sh
Oct  8 11:25:12 indigo-tracker user.debug sender: send success
Oct  8 11:25:13 indigo-tracker user.debug sender: nothing to send, continuing
Oct  8 11:25:16 indigo-tracker user.debug sender: send success
Oct  8 11:25:17 indigo-tracker user.debug sender: nothing to send, continuing
Oct  8 11:25:23 indigo-tracker user.info MJPG-streamer [690]: storage_queue reached soft-limit 150
Oct  8 11:25:27 indigo-tracker user.debug sender: send success
Oct  8 11:25:28 indigo-tracker user.debug sender: nothing to send, continuing
Oct  8 11:25:34 indigo-tracker user.debug sqlite: movement stop
Oct  8 11:25:36 indigo-tracker user.debug sender: send success
Oct  8 11:25:37 indigo-tracker user.debug sender: nothing to send, continuing
Oct  8 11:26:01 indigo-tracker cron.info crond[486]: crond: USER root pid 2483 cmd /etc/cron/check_updates.sh
Oct  8 11:26:04 indigo-tracker user.debug sqlite: movement start
Oct  8 11:26:07 indigo-tracker user.debug sender: send success
Oct  8 11:26:08 indigo-tracker user.debug sender: nothing to send, continuing
Oct  8 11:26:19 indigo-tracker user.debug sender: send success
Oct  8 11:26:20 indigo-tracker user.debug sender: nothing to send, continuing
Oct  8 11:26:27 indigo-tracker user.debug sender: send success
Oct  8 11:26:29 indigo-tracker user.debug sender: nothing to send, continuing
Oct  8 11:26:37 indigo-tracker user.debug sender: send success
Jan  1 03:00:15 indigo-tracker syslog.info syslogd started: BusyBox v1.18.3
Jan  1 03:00:15 indigo-tracker user.notice kernel: klogd started: BusyBox v1.18.3 (2011-03-29 18:29:13 MSD)
Jan  1 03:00:15 indigo-tracker user.notice kernel: Linux version 2.6.38+ (yury@debian-dev-vm) (gcc version 4.4.5 (indigo-ct-ng) ) #60 Wed Sep 21 16:51:48 MSD 2011
Jan  1 03:00:15 indigo-tracker user.warn kernel: CPU: ARM926EJ-S [41069265] revision 5 (ARMv5TEJ), cr=00053177
Jan  1 03:00:15 indigo-tracker user.warn kernel: CPU: VIVT data cache, VIVT instruction cache
Jan  1 03:00:15 indigo-tracker user.warn kernel: Machine: Indigo AT91SAM9260-SK
Jan  1 03:00:15 indigo-tracker user.warn kernel: Memory policy: ECC disabled, Data cache writeback
Jan  1 03:00:15 indigo-tracker user.warn kernel: Clocks: CPU 196 MHz, master 98 MHz, main 12.000 MHz
Jan  1 03:00:15 indigo-tracker user.debug kernel: On node 0 totalpages: 16384
Jan  1 03:00:15 indigo-tracker user.debug kernel: free_area_init_node: node 0, pgdat c0369484, node_mem_map c037b000
Jan  1 03:00:15 indigo-tracker user.debug kernel:   Normal zone: 128 pages used for memmap
Jan  1 03:00:15 indigo-tracker user.debug kernel:   Normal zone: 0 pages reserved
Jan  1 03:00:15 indigo-tracker user.debug kernel:   Normal zone: 16256 pages, LIFO batch:3
Jan  1 03:00:15 indigo-tracker user.debug kernel: pcpu-alloc: s0 r0 d32768 u32768 alloc=1*32768
Jan  1 03:00:15 indigo-tracker user.debug kernel: pcpu-alloc: [0] 0 
Jan  1 03:00:15 indigo-tracker user.warn kernel: Built 1 zonelists in Zone order, mobility grouping on.  Total pages: 16256
Jan  1 03:00:15 indigo-tracker user.notice kernel: Kernel command line: console=ttyS0,115200=mem=64M root=/dev/mtdblock3
Jan  1 03:00:15 indigo-tracker user.info kernel: PID hash table entries: 256 (order: -2, 1024 bytes)
Jan  1 03:00:15 indigo-tracker user.info kernel: Dentry cache hash table entries: 8192 (order: 3, 32768 bytes)
Jan  1 03:00:15 indigo-tracker user.info kernel: Inode-cache hash table entries: 4096 (order: 2, 16384 bytes)
Jan  1 03:00:15 indigo-tracker user.info kernel: Memory: 64MB = 64MB total
Jan  1 03:00:15 indigo-tracker user.notice kernel: Memory: 61364k/61364k available, 4172k reserved, 0K highmem
Jan  1 03:00:15 indigo-tracker user.notice kernel: Virtual kernel memory layout:
Jan  1 03:00:15 indigo-tracker user.notice kernel:     vector  : 0xffff0000 - 0xffff1000   (   4 kB)
Jan  1 03:00:15 indigo-tracker user.notice kernel:     fixmap  : 0xfff00000 - 0xfffe0000   ( 896 kB)
Jan  1 03:00:15 indigo-tracker user.notice kernel:     DMA     : 0xffc00000 - 0xffe00000   (   2 MB)
Jan  1 03:00:15 indigo-tracker user.notice kernel:     vmalloc : 0xc4800000 - 0xfee00000   ( 934 MB)
Jan  1 03:00:15 indigo-tracker user.notice kernel:     lowmem  : 0xc0000000 - 0xc4000000   (  64 MB)
Jan  1 03:00:15 indigo-tracker user.notice kernel:     modules : 0xbf000000 - 0xc0000000   (  16 MB)
Jan  1 03:00:15 indigo-tracker user.notice kernel:       .init : 0xc0008000 - 0xc0024000   ( 112 kB)
Jan  1 03:00:15 indigo-tracker user.notice kernel:       .text : 0xc0024000 - 0xc03419d4   (3191 kB)
Jan  1 03:00:15 indigo-tracker user.notice kernel:       .data : 0xc0342000 - 0xc0369c60   ( 160 kB)
Jan  1 03:00:15 indigo-tracker user.info kernel: NR_IRQS:192
Jan  1 03:00:15 indigo-tracker user.info kernel: AT91: 96 gpio irqs in 3 banks
Jan  1 03:00:15 indigo-tracker user.warn kernel: Console: colour dummy device 80x30
Jan  1 03:00:15 indigo-tracker user.info kernel: console [ttyS0] enabled
Jan  1 03:00:15 indigo-tracker user.info kernel: Calibrating delay loop... 97.89 BogoMIPS (lpj=489472)
Jan  1 03:00:15 indigo-tracker user.info kernel: pid_max: default: 32768 minimum: 301
Jan  1 03:00:15 indigo-tracker user.warn kernel: Mount-cache hash table entries: 512
Jan  1 03:00:15 indigo-tracker user.info kernel: CPU: Testing write buffer coherency: ok
Jan  1 03:00:15 indigo-tracker user.info kernel: NET: Registered protocol family 16
Jan  1 03:00:15 indigo-tracker user.warn kernel: bio: create slab <bio-0> at 0
Jan  1 03:00:15 indigo-tracker user.notice kernel: SCSI subsystem initialized
Jan  1 03:00:15 indigo-tracker user.info kernel: usbcore: registered new interface driver usbfs
Jan  1 03:00:15 indigo-tracker user.info kernel: usbcore: registered new interface driver hub
Jan  1 03:00:15 indigo-tracker user.info kernel: usbcore: registered new device driver usb
Jan  1 03:00:15 indigo-tracker user.info kernel: Advanced Linux Sound Architecture Driver Version 1.0.23.
Jan  1 03:00:15 indigo-tracker user.info kernel: Switching to clocksource pit
Jan  1 03:00:15 indigo-tracker user.info kernel: NET: Registered protocol family 2
Jan  1 03:00:15 indigo-tracker user.info kernel: IP route cache hash table entries: 1024 (order: 0, 4096 bytes)
Jan  1 03:00:15 indigo-tracker user.info kernel: TCP established hash table entries: 2048 (order: 2, 16384 bytes)
Jan  1 03:00:15 indigo-tracker user.info kernel: TCP bind hash table entries: 2048 (order: 1, 8192 bytes)
Jan  1 03:00:15 indigo-tracker user.info kernel: TCP: Hash tables configured (established 2048 bind 2048)
Jan  1 03:00:15 indigo-tracker user.info kernel: TCP reno registered
Jan  1 03:00:15 indigo-tracker user.info kernel: UDP hash table entries: 256 (order: 0, 4096 bytes)
Jan  1 03:00:15 indigo-tracker user.info kernel: UDP-Lite hash table entries: 256 (order: 0, 4096 bytes)
Jan  1 03:00:15 indigo-tracker user.info kernel: NET: Registered protocol family 1
Jan  1 03:00:15 indigo-tracker user.debug kernel: yaffs: yaffs built Sep 21 2011 13:46:29 Installing.
Jan  1 03:00:15 indigo-tracker user.info kernel: msgmni has been set to 119
Jan  1 03:00:15 indigo-tracker user.info kernel: io scheduler noop registered (default)
Jan  1 03:00:15 indigo-tracker user.info kernel: io scheduler deadline registered
Jan  1 03:00:15 indigo-tracker user.info kernel: atmel_usart.0: ttyS0 at MMIO 0xfefff200 (irq = 1) is a ATMEL_SERIAL
Jan  1 03:00:15 indigo-tracker user.info kernel: atmel_usart.1: ttyS1 at MMIO 0xfffb0000 (irq = 6) is a ATMEL_SERIAL
Jan  1 03:00:15 indigo-tracker user.info kernel: atmel_usart.2: ttyS2 at MMIO 0xfffb8000 (irq = 8) is a ATMEL_SERIAL
Jan  1 03:00:15 indigo-tracker user.debug kernel: SK-AT91SAM9XE512: SIM508 power management driver, major 135, minor 0.
Jan  1 03:00:15 indigo-tracker user.info kernel: brd: module loaded
Jan  1 03:00:15 indigo-tracker user.info kernel: loop: module loaded
Jan  1 03:00:15 indigo-tracker user.info kernel: ssc ssc.0: Atmel SSC device at 0xc4818000 (irq 14)
Jan  1 03:00:15 indigo-tracker user.info kernel: NAND device: Manufacturer ID: 0xec, Chip ID: 0xda (Samsung NAND 256MiB 3,3V 8-bit)
Jan  1 03:00:15 indigo-tracker user.info kernel: Scanning device for bad blocks
Jan  1 03:00:15 indigo-tracker user.warn kernel: Bad eraseblock 1686 at 0x00000d2c0000
Jan  1 03:00:15 indigo-tracker user.notice kernel: Creating 6 MTD partitions on "atmel_nand":
Jan  1 03:00:15 indigo-tracker user.notice kernel: 0x000000000000-0x000000020000 : "Bootstrap partition"
Jan  1 03:00:15 indigo-tracker user.notice kernel: 0x000000020000-0x000000060000 : "U-boot Partition"
Jan  1 03:00:15 indigo-tracker user.notice kernel: 0x0000000a0000-0x0000002a0000 : "Kernel Partition"
Jan  1 03:00:15 indigo-tracker user.notice kernel: 0x000000800000-0x000010000000 : "Storage Partition"
Jan  1 03:00:15 indigo-tracker user.notice kernel: 0x000000060000-0x000000080000 : "U-boot Environment"
Jan  1 03:00:15 indigo-tracker user.notice kernel: 0x000000080000-0x0000000a0000 : "U-boot Environment Backup"
Jan  1 03:00:15 indigo-tracker user.info kernel: atmel_spi atmel_spi.0: Atmel SPI Controller at 0xfffc8000 (irq 12)
Jan  1 03:00:15 indigo-tracker user.info kernel: atmel_spi atmel_spi.1: Atmel SPI Controller at 0xfffcc000 (irq 13)
Jan  1 03:00:15 indigo-tracker user.info kernel: PPP generic driver version 2.4.2
Jan  1 03:00:15 indigo-tracker user.info kernel: PPP Deflate Compression module registered
Jan  1 03:00:15 indigo-tracker user.info kernel: PPP BSD Compression module registered
Jan  1 03:00:15 indigo-tracker user.info kernel: PPP MPPE Compression module registered
Jan  1 03:00:15 indigo-tracker user.info kernel: NET: Registered protocol family 24
Jan  1 03:00:15 indigo-tracker user.info kernel: SLIP: version 0.8.4-NET3.019-NEWTTY (dynamic channels, max=256).
Jan  1 03:00:15 indigo-tracker user.info kernel: CSLIP: code copyright 1989 Regents of the University of California.
Jan  1 03:00:15 indigo-tracker user.info kernel: tun: Universal TUN/TAP device driver, 1.6
Jan  1 03:00:15 indigo-tracker user.info kernel: tun: (C) 1999-2004 Max Krasnyansky <maxk@qualcomm.com>
Jan  1 03:00:15 indigo-tracker user.info kernel: macb macb: invalid hw address, using random
Jan  1 03:00:15 indigo-tracker user.info kernel: MACB_mii_bus: probed
Jan  1 03:00:15 indigo-tracker user.info kernel: eth0: Atmel MACB at 0xfffc4000 irq 21 (a2:0b:ea:cf:91:22)
Jan  1 03:00:15 indigo-tracker user.info kernel: eth0: attached PHY driver [Micrel KS8001 or KS8721] (mii_bus:phy_addr=ffffffff:01, irq=-1)
Jan  1 03:00:15 indigo-tracker user.info kernel: ohci_hcd: USB 1.1 'Open' Host Controller (OHCI) Driver
Jan  1 03:00:15 indigo-tracker user.info kernel: at91_ohci at91_ohci: AT91 OHCI
Jan  1 03:00:15 indigo-tracker user.info kernel: at91_ohci at91_ohci: new USB bus registered, assigned bus number 1
Jan  1 03:00:15 indigo-tracker user.info kernel: at91_ohci at91_ohci: irq 20, io mem 0x00500000
Jan  1 03:00:15 indigo-tracker user.info kernel: usb usb1: New USB device found, idVendor=1d6b, idProduct=0001
Jan  1 03:00:15 indigo-tracker user.info kernel: usb usb1: New USB device strings: Mfr=3, Product=2, SerialNumber=1
Jan  1 03:00:15 indigo-tracker user.info kernel: usb usb1: Product: AT91 OHCI
Jan  1 03:00:15 indigo-tracker user.info kernel: usb usb1: Manufacturer: Linux 2.6.38+ ohci_hcd
Jan  1 03:00:15 indigo-tracker user.info kernel: usb usb1: SerialNumber: at91
Jan  1 03:00:15 indigo-tracker user.info kernel: hub 1-0:1.0: USB hub found
Jan  1 03:00:15 indigo-tracker user.info kernel: hub 1-0:1.0: 2 ports detected
Jan  1 03:00:15 indigo-tracker user.info kernel: Initializing USB Mass Storage driver...
Jan  1 03:00:15 indigo-tracker user.info kernel: usbcore: registered new interface driver usb-storage
Jan  1 03:00:15 indigo-tracker user.info kernel: USB Mass Storage support registered.
Jan  1 03:00:15 indigo-tracker user.info kernel: rtc-at91sam9 at91_rtt.0: rtc core: registered at91_rtt as rtc0
Jan  1 03:00:15 indigo-tracker user.warn kernel: rtc-at91sam9 at91_rtt.0: rtc0: SET TIME!
Jan  1 03:00:15 indigo-tracker user.info kernel: i2c /dev entries driver
Jan  1 03:00:15 indigo-tracker user.info kernel: Linux video capture interface: v2.00
Jan  1 03:00:15 indigo-tracker user.info kernel: usbcore: registered new interface driver uvcvideo
Jan  1 03:00:15 indigo-tracker user.info kernel: USB Video Class driver (v1.0.0)
Jan  1 03:00:15 indigo-tracker user.info kernel: AT91SAM9 Watchdog enabled (heartbeat=15 sec, nowayout=0)
Jan  1 03:00:15 indigo-tracker user.info kernel: usbcore: registered new interface driver snd-usb-audio
Jan  1 03:00:15 indigo-tracker user.info kernel: ALSA device list:
Jan  1 03:00:15 indigo-tracker user.info kernel:   No soundcards found.
Jan  1 03:00:15 indigo-tracker user.info kernel: nf_conntrack version 0.5.0 (958 buckets, 3832 max)
Jan  1 03:00:15 indigo-tracker user.info kernel: ip_tables: (C) 2000-2006 Netfilter Core Team
Jan  1 03:00:15 indigo-tracker user.info kernel: TCP cubic registered
Jan  1 03:00:15 indigo-tracker user.info kernel: NET: Registered protocol family 17
Jan  1 03:00:15 indigo-tracker user.err kernel: rtc-at91sam9 at91_rtt.0: hctosys: unable to read the hardware clock
Jan  1 03:00:15 indigo-tracker user.info kernel: atmel_mci atmel_mci: Atmel MCI controller at 0xfffa8000 irq 9, 1 slots
Jan  1 03:00:15 indigo-tracker user.info kernel: yaffs: dev is 32505859 name is "mtdblock3" rw
Jan  1 03:00:15 indigo-tracker user.info kernel: yaffs: passed flags ""
Jan  1 03:00:15 indigo-tracker user.debug kernel: yaffs: yaffs: Attempting MTD mount of 31.3,"mtdblock3"
Jan  1 03:00:15 indigo-tracker user.debug kernel: yaffs: auto selecting yaffs2
Jan  1 03:00:15 indigo-tracker user.debug kernel: yaffs: block 1623 is bad
Jan  1 03:00:15 indigo-tracker user.info kernel: usb 1-1: new full speed USB device using at91_ohci and address 2
Jan  1 03:00:15 indigo-tracker user.info kernel: usb 1-1: New USB device found, idVendor=046d, idProduct=0819
Jan  1 03:00:15 indigo-tracker user.info kernel: usb 1-1: New USB device strings: Mfr=0, Product=0, SerialNumber=2
Jan  1 03:00:15 indigo-tracker user.info kernel: usb 1-1: SerialNumber: 9D01EEA0
Jan  1 03:00:15 indigo-tracker user.info kernel: uvcvideo: Found UVC 1.00 device <unnamed> (046d:0819)
Jan  1 03:00:15 indigo-tracker user.info kernel: input: UVC Camera (046d:0819) as /devices/platform/at91_ohci/usb1/1-1/1-1:1.0/input/input0
Jan  1 03:00:15 indigo-tracker user.debug kernel: yaffs: yaffs_read_super: is_checkpointed 0
Jan  1 03:00:15 indigo-tracker user.warn kernel: VFS: Mounted root (yaffs filesystem) on device 31:3.
Jan  1 03:00:15 indigo-tracker user.info kernel: Freeing init memory: 112K
Jan  1 03:00:15 indigo-tracker user.alert kernel: piopins: with filter
Jan  1 03:00:15 indigo-tracker user.warn kernel: piopins: system time doesn't seem to be true, will not flush anything
Jan  1 03:00:15 indigo-tracker user.info kernel: SK-AT91SAM9XE512: SIM508 GPS power OFF.
Jan  1 03:00:15 indigo-tracker user.info kernel: SK-AT91SAM9XE512: SIM508 GPS power ON.
Jan  1 03:00:16 indigo-tracker local2.info chat[637]: timeout set to 45 seconds
Jan  1 03:00:16 indigo-tracker local2.info chat[637]: expect (OK)
Jan  1 03:00:16 indigo-tracker local2.info chat[637]: ^M
Jan  1 03:00:16 indigo-tracker local2.info chat[637]: AT+CGDCONT=1,"IP","internet"^M^M
Jan  1 03:00:16 indigo-tracker local2.info chat[637]: OK
Jan  1 03:00:16 indigo-tracker local2.info chat[637]:  -- got it
Jan  1 03:00:16 indigo-tracker local2.info chat[637]: send (ATD*99#^M)
Jan  1 03:00:16 indigo-tracker local2.info chat[637]: expect (CONNECT)
Jan  1 03:00:16 indigo-tracker local2.info chat[637]: ^M
Jan  1 03:00:16 indigo-tracker local2.info chat[637]: ATD*99#^M^M
Jan  1 03:00:16 indigo-tracker local2.info chat[637]: CONNECT
Jan  1 03:00:16 indigo-tracker local2.info chat[637]:  -- got it
Jan  1 03:00:16 indigo-tracker local2.info chat[637]: send (^M)
Jan  1 03:00:16 indigo-tracker daemon.debug pppd[634]: Script chat -v -f /etc/ppp/chatscripts/megafon-connect finished (pid 636), status = 0x0
Jan  1 03:00:16 indigo-tracker daemon.info pppd[634]: Serial connection established.
Jan  1 03:00:16 indigo-tracker daemon.debug pppd[634]: using channel 1
Jan  1 03:00:16 indigo-tracker daemon.info pppd[634]: Using interface ppp0
Jan  1 03:00:16 indigo-tracker daemon.notice pppd[634]: Connect: ppp0 <--> /dev/ttyS1
Jan  1 03:00:17 indigo-tracker daemon.warn pppd[634]: Warning - secret file /etc/ppp/pap-secrets has world and/or group access
Jan  1 03:00:17 indigo-tracker daemon.debug pppd[634]: sent [LCP ConfReq id=0x1 <asyncmap 0x0> <magic 0x7c498908>]
Jan  1 03:00:17 indigo-tracker daemon.debug pppd[634]: rcvd [LCP ConfAck id=0x1 <asyncmap 0x0> <magic 0x7c498908>]
Jan  1 03:00:19 indigo-tracker daemon.debug pppd[634]: rcvd [LCP ConfReq id=0x2 <mru 1600> <auth pap> <magic 0xc3c65c9> <asyncmap 0x0> <pcomp> <accomp>]
Jan  1 03:00:19 indigo-tracker daemon.debug pppd[634]: No auth is possible
Jan  1 03:00:19 indigo-tracker daemon.debug pppd[634]: sent [LCP ConfRej id=0x2 <auth pap> <pcomp> <accomp>]
Jan  1 03:00:19 indigo-tracker daemon.debug pppd[634]: rcvd [LCP ConfReq id=0x3 <mru 1600> <magic 0xc3c65c9> <asyncmap 0x0>]
Jan  1 03:00:19 indigo-tracker daemon.debug pppd[634]: sent [LCP ConfAck id=0x3 <mru 1600> <magic 0xc3c65c9> <asyncmap 0x0>]
Jan  1 03:00:19 indigo-tracker daemon.debug pppd[634]: sent [IPCP ConfReq id=0x1 <addr 0.0.0.0>]
Jan  1 03:00:22 indigo-tracker daemon.debug pppd[634]: rcvd [IPCP ConfNak id=0x1 <addr 10.193.158.74>]
Jan  1 03:00:22 indigo-tracker daemon.debug pppd[634]: sent [IPCP ConfReq id=0x2 <addr 10.193.158.74>]
Jan  1 03:00:22 indigo-tracker daemon.debug pppd[634]: rcvd [IPCP ConfReq id=0x1 <addr 10.0.0.1>]
Jan  1 03:00:22 indigo-tracker daemon.debug pppd[634]: sent [IPCP ConfAck id=0x1 <addr 10.0.0.1>]
Jan  1 03:00:25 indigo-tracker daemon.debug pppd[634]: sent [IPCP ConfReq id=0x2 <addr 10.193.158.74>]
Jan  1 03:00:25 indigo-tracker daemon.debug pppd[634]: rcvd [IPCP ConfAck id=0x2 <addr 10.193.158.74>]
Jan  1 03:00:25 indigo-tracker daemon.notice pppd[634]: replacing old default route to eth0 [192.168.17.254]
Jan  1 03:00:25 indigo-tracker daemon.notice pppd[634]: local  IP address 10.193.158.74
Jan  1 03:00:25 indigo-tracker daemon.notice pppd[634]: remote IP address 10.0.0.1
Jan  1 03:00:25 indigo-tracker daemon.debug pppd[634]: Script /etc/ppp/ip-up started (pid 650)
Jan  1 03:00:25 indigo-tracker user.notice root: Trying to get system time over ntp
Jan  1 03:00:25 indigo-tracker daemon.notice ntpdate[654]: ntpdate 4.2.6p3@1.2290 Sun Feb 20 22:12:26 UTC 2011 (1)
Oct  8 11:27:58 indigo-tracker daemon.notice ntpdate[654]: step time server 85.21.78.23 offset 1318058834.994800 sec
Oct  8 11:27:58 indigo-tracker user.notice root: Playing ntp started
Oct  8 11:27:58 indigo-tracker user.notice root: sender started
Oct  8 11:27:58 indigo-tracker user.notice root: gpsreader started
Oct  8 11:27:58 indigo-tracker user.notice root: people started
Oct  8 11:27:59 indigo-tracker user.debug sender: using uuid d8af39fb-7fc0-4f42-b976-fa460112c6ae
Oct  8 11:27:59 indigo-tracker user.debug sqlite: gps connected ok
Oct  8 11:28:00 indigo-tracker user.debug sqlite: gpsdb started ok
Oct  8 11:28:00 indigo-tracker user.debug sqlite: gps created
Oct  8 11:28:00 indigo-tracker daemon.notice openvpn[676]: OpenVPN 2.1.4 arm-linux [SSL] [LZO2] [EPOLL] built on Feb 21 2011
Oct  8 11:28:00 indigo-tracker daemon.warn openvpn[676]: NOTE: the current --script-security setting may allow this configuration to call user-defined scripts
Oct  8 11:28:00 indigo-tracker daemon.warn openvpn[676]: WARNING: file 'keys/device3.key' is group or others accessible
Oct  8 11:28:00 indigo-tracker daemon.notice openvpn[676]: LZO compression initialized
Oct  8 11:28:00 indigo-tracker daemon.notice openvpn[676]: Control Channel MTU parms [ L:1546 D:138 EF:38 EB:0 ET:0 EL:0 ]
Oct  8 11:28:00 indigo-tracker daemon.notice openvpn[676]: Socket Buffers: R=[108544->131072] S=[108544->131072]
Oct  8 11:28:00 indigo-tracker user.debug sender: nothing to send, continuing
Oct  8 11:28:01 indigo-tracker daemon.notice openvpn[676]: Data Channel MTU parms [ L:1546 D:1300 EF:46 EB:135 ET:0 EL:0 AF:3/1 ]
Oct  8 11:28:01 indigo-tracker daemon.notice openvpn[676]: Fragmentation MTU parms [ L:1546 D:1300 EF:45 EB:135 ET:1 EL:0 AF:3/1 ]
Oct  8 11:28:01 indigo-tracker daemon.notice openvpn[679]: UDPv4 link local: [undef]
Oct  8 11:28:01 indigo-tracker daemon.notice openvpn[679]: UDPv4 link remote: 72.249.145.165:1194
Oct  8 11:28:01 indigo-tracker user.notice root: recorder started
Oct  8 11:28:01 indigo-tracker user.debug recorder: recorder started
Oct  8 11:28:01 indigo-tracker user.debug recorder: ready to record
Oct  8 11:28:01 indigo-tracker user.debug recorder: scheduling next file at 1318060800 seconds unix time
Oct  8 11:28:02 indigo-tracker daemon.notice openvpn[679]: TLS: Initial packet from 72.249.145.165:1194, sid=848bea22 c1357d11
Oct  8 11:28:04 indigo-tracker user.notice root: mjpeg-streamer started
Oct  8 11:28:04 indigo-tracker user.debug sqlite: got carrier
Oct  8 11:28:05 indigo-tracker user.info MJPG-streamer [695]: starting application
Oct  8 11:28:05 indigo-tracker user.info MJPG-streamer [695]: MJPG Streamer Version: svn rev: exported
Oct  8 11:28:05 indigo-tracker user.info MJPG-streamer [695]: Using V4L2 device.: /dev/video0
Oct  8 11:28:05 indigo-tracker user.info MJPG-streamer [695]: Desired Resolution: 640 x 480
Oct  8 11:28:05 indigo-tracker user.info MJPG-streamer [695]: Frames Per Second.: 10
Oct  8 11:28:05 indigo-tracker user.notice root: Current time is valid
Oct  8 11:28:05 indigo-tracker user.info MJPG-streamer [695]: Format............: MJPEG
Oct  8 11:28:05 indigo-tracker daemon.debug pppd[634]: Script /etc/ppp/ip-up finished (pid 650), status = 0x0
Oct  8 11:28:05 indigo-tracker user.info MJPG-streamer [695]: output folder.....: /mnt/mmcblk0p1/video
Oct  8 11:28:05 indigo-tracker user.info MJPG-streamer [695]: input plugin.....: 0: /opt/input_uvc.so
Oct  8 11:28:05 indigo-tracker user.info MJPG-streamer [695]: delay after save..: 0
Oct  8 11:28:05 indigo-tracker user.info MJPG-streamer [695]: ringbuffer size...: no ringbuffer
Oct  8 11:28:05 indigo-tracker user.info MJPG-streamer [695]: command...........: disabled
Oct  8 11:28:05 indigo-tracker user.info MJPG-streamer [695]: www-folder-path...: /opt/mjpeg/www/
Oct  8 11:28:05 indigo-tracker user.info MJPG-streamer [695]: HTTP TCP port.....: 8080
Oct  8 11:28:05 indigo-tracker user.info MJPG-streamer [695]: username:password.: disabled
Oct  8 11:28:05 indigo-tracker user.info MJPG-streamer [695]: commands..........: enabled
Oct  8 11:28:05 indigo-tracker user.info MJPG-streamer [695]: starting input plugin /opt/input_uvc.so
Oct  8 11:28:05 indigo-tracker user.info MJPG-streamer [695]: starting output plugin: /opt/output_file.so (ID: 00)
Oct  8 11:28:05 indigo-tracker user.info MJPG-streamer [695]: starting output plugin: /opt/output_http.so (ID: 01)
Oct  8 11:28:06 indigo-tracker user.debug sqlite: lost carrier
Oct  8 11:28:06 indigo-tracker user.info MJPG-streamer [695]: turning light off for camera 0
Oct  8 11:28:06 indigo-tracker user.info MJPG-streamer [695]: storage queue grew with total size of 1 * 64036 = 64036 bytes
Oct  8 11:28:06 indigo-tracker user.info MJPG-streamer [695]: storage queue grew with total size of 2 * 64036 = 128072 bytes
Oct  8 11:28:06 indigo-tracker user.info MJPG-streamer [695]: storage queue grew with total size of 3 * 64036 = 192108 bytes
Oct  8 11:28:06 indigo-tracker user.info MJPG-streamer [695]: storage queue grew with total size of 4 * 64036 = 256144 bytes
Oct  8 11:28:06 indigo-tracker user.info MJPG-streamer [695]: storage queue grew with total size of 5 * 64036 = 320180 bytes
Oct  8 11:28:06 indigo-tracker user.info MJPG-streamer [695]: storage queue grew with total size of 6 * 64036 = 384216 bytes
Oct  8 11:28:07 indigo-tracker user.info MJPG-streamer [695]: storage queue grew with total size of 7 * 64036 = 448252 bytes
Oct  8 11:28:07 indigo-tracker user.info MJPG-streamer [695]: storage queue grew with total size of 8 * 64036 = 512288 bytes
Oct  8 11:28:07 indigo-tracker user.info MJPG-streamer [695]: storage queue grew with total size of 9 * 64036 = 576324 bytes
Oct  8 11:28:07 indigo-tracker user.info MJPG-streamer [695]: storage queue grew with total size of 10 * 64036 = 640360 bytes
Oct  8 11:28:07 indigo-tracker user.info MJPG-streamer [695]: storage queue grew with total size of 11 * 64036 = 704396 bytes
Oct  8 11:28:07 indigo-tracker user.info MJPG-streamer [695]: storage queue grew with total size of 12 * 64036 = 768432 bytes
Oct  8 11:28:07 indigo-tracker user.info MJPG-streamer [695]: storage queue grew with total size of 13 * 64036 = 832468 bytes
Oct  8 11:28:07 indigo-tracker user.info MJPG-streamer [695]: storage queue grew with total size of 14 * 64036 = 896504 bytes
Oct  8 11:28:07 indigo-tracker user.info MJPG-streamer [695]: storage queue grew with total size of 15 * 64036 = 960540 bytes
Oct  8 11:28:07 indigo-tracker user.info MJPG-streamer [695]: storage queue grew with total size of 16 * 64036 = 1024576 bytes
Jan  1 03:00:15 indigo-tracker syslog.info syslogd started: BusyBox v1.18.3
Jan  1 03:00:15 indigo-tracker user.notice kernel: Linux version 2.6.38+ (yury@debian-dev-vm) (gcc version 4.4.5 (indigo-ct-ng) ) #60 Wed Sep 21 16:51:48 MSD 2011
Jan  1 03:00:15 indigo-tracker user.warn kernel: CPU: ARM926EJ-S [41069265] revision 5 (ARMv5TEJ), cr=00053177
Jan  1 03:00:15 indigo-tracker user.warn kernel: CPU: VIVT data cache, VIVT instruction cache
Jan  1 03:00:15 indigo-tracker user.warn kernel: Machine: Indigo AT91SAM9260-SK
Jan  1 03:00:15 indigo-tracker user.warn kernel: Memory policy: ECC disabled, Data cache writeback
Jan  1 03:00:15 indigo-tracker user.warn kernel: Clocks: CPU 196 MHz, master 98 MHz, main 12.000 MHz
Jan  1 03:00:15 indigo-tracker user.debug kernel: On node 0 totalpages: 16384
Jan  1 03:00:15 indigo-tracker user.debug kernel: free_area_init_node: node 0, pgdat c0369484, node_mem_map c037b000
Jan  1 03:00:15 indigo-tracker user.debug kernel:   Normal zone: 128 pages used for memmap
Jan  1 03:00:15 indigo-tracker user.debug kernel:   Normal zone: 0 pages reserved
Jan  1 03:00:15 indigo-tracker user.debug kernel:   Normal zone: 16256 pages, LIFO batch:3
Jan  1 03:00:15 indigo-tracker user.debug kernel: pcpu-alloc: s0 r0 d32768 u32768 alloc=1*32768
Jan  1 03:00:15 indigo-tracker user.debug kernel: pcpu-alloc: [0] 0 
Jan  1 03:00:15 indigo-tracker user.warn kernel: Built 1 zonelists in Zone order, mobility grouping on.  Total pages: 16256
Jan  1 03:00:15 indigo-tracker user.notice kernel: Kernel command line: console=ttyS0,115200=mem=64M root=/dev/mtdblock3
Jan  1 03:00:15 indigo-tracker user.info kernel: PID hash table entries: 256 (order: -2, 1024 bytes)
Jan  1 03:00:15 indigo-tracker user.info kernel: Dentry cache hash table entries: 8192 (order: 3, 32768 bytes)
Jan  1 03:00:15 indigo-tracker user.info kernel: Inode-cache hash table entries: 4096 (order: 2, 16384 bytes)
Jan  1 03:00:15 indigo-tracker user.info kernel: Memory: 64MB = 64MB total
Jan  1 03:00:15 indigo-tracker user.notice kernel: Memory: 61364k/61364k available, 4172k reserved, 0K highmem
Jan  1 03:00:15 indigo-tracker user.notice kernel: Virtual kernel memory layout:
Jan  1 03:00:15 indigo-tracker user.notice kernel:     vector  : 0xffff0000 - 0xffff1000   (   4 kB)
Jan  1 03:00:15 indigo-tracker user.notice kernel:     fixmap  : 0xfff00000 - 0xfffe0000   ( 896 kB)
Jan  1 03:00:15 indigo-tracker user.notice kernel:     DMA     : 0xffc00000 - 0xffe00000   (   2 MB)
Jan  1 03:00:15 indigo-tracker user.notice kernel:     vmalloc : 0xc4800000 - 0xfee00000   ( 934 MB)
Jan  1 03:00:15 indigo-tracker user.notice kernel:     lowmem  : 0xc0000000 - 0xc4000000   (  64 MB)
Jan  1 03:00:15 indigo-tracker user.notice kernel:     modules : 0xbf000000 - 0xc0000000   (  16 MB)
Jan  1 03:00:15 indigo-tracker user.notice kernel:       .init : 0xc0008000 - 0xc0024000   ( 112 kB)
Jan  1 03:00:15 indigo-tracker user.notice kernel:       .text : 0xc0024000 - 0xc03419d4   (3191 kB)
Jan  1 03:00:15 indigo-tracker user.notice kernel:       .data : 0xc0342000 - 0xc0369c60   ( 160 kB)
Jan  1 03:00:15 indigo-tracker user.info kernel: NR_IRQS:192
Jan  1 03:00:15 indigo-tracker user.info kernel: AT91: 96 gpio irqs in 3 banks
Jan  1 03:00:15 indigo-tracker user.warn kernel: Console: colour dummy device 80x30
Jan  1 03:00:15 indigo-tracker user.info kernel: console [ttyS0] enabled
Jan  1 03:00:15 indigo-tracker user.info kernel: Calibrating delay loop... 97.89 BogoMIPS (lpj=489472)
Jan  1 03:00:15 indigo-tracker user.info kernel: pid_max: default: 32768 minimum: 301
Jan  1 03:00:15 indigo-tracker user.warn kernel: Mount-cache hash table entries: 512
Jan  1 03:00:15 indigo-tracker user.info kernel: CPU: Testing write buffer coherency: ok
Jan  1 03:00:15 indigo-tracker user.info kernel: NET: Registered protocol family 16
Jan  1 03:00:15 indigo-tracker user.warn kernel: bio: create slab <bio-0> at 0
Jan  1 03:00:15 indigo-tracker user.notice kernel: SCSI subsystem initialized
Jan  1 03:00:15 indigo-tracker user.info kernel: usbcore: registered new interface driver usbfs
Jan  1 03:00:15 indigo-tracker user.info kernel: usbcore: registered new interface driver hub
Jan  1 03:00:15 indigo-tracker user.info kernel: usbcore: registered new device driver usb
Jan  1 03:00:15 indigo-tracker user.info kernel: Advanced Linux Sound Architecture Driver Version 1.0.23.
Jan  1 03:00:15 indigo-tracker user.info kernel: Switching to clocksource pit
Jan  1 03:00:15 indigo-tracker user.info kernel: NET: Registered protocol family 2
Jan  1 03:00:15 indigo-tracker user.info kernel: IP route cache hash table entries: 1024 (order: 0, 4096 bytes)
Jan  1 03:00:15 indigo-tracker user.info kernel: TCP established hash table entries: 2048 (order: 2, 16384 bytes)
Jan  1 03:00:15 indigo-tracker user.info kernel: TCP bind hash table entries: 2048 (order: 1, 8192 bytes)
Jan  1 03:00:15 indigo-tracker user.info kernel: TCP: Hash tables configured (established 2048 bind 2048)
Jan  1 03:00:15 indigo-tracker user.info kernel: TCP reno registered
Jan  1 03:00:15 indigo-tracker user.info kernel: UDP hash table entries: 256 (order: 0, 4096 bytes)
Jan  1 03:00:15 indigo-tracker user.info kernel: UDP-Lite hash table entries: 256 (order: 0, 4096 bytes)
Jan  1 03:00:15 indigo-tracker user.info kernel: NET: Registered protocol family 1
Jan  1 03:00:15 indigo-tracker user.debug kernel: yaffs: yaffs built Sep 21 2011 13:46:29 Installing.
Jan  1 03:00:15 indigo-tracker user.info kernel: msgmni has been set to 119
Jan  1 03:00:15 indigo-tracker user.info kernel: io scheduler noop registered (default)
Jan  1 03:00:15 indigo-tracker user.info kernel: io scheduler deadline registered
Jan  1 03:00:15 indigo-tracker user.info kernel: atmel_usart.0: ttyS0 at MMIO 0xfefff200 (irq = 1) is a ATMEL_SERIAL
Jan  1 03:00:15 indigo-tracker user.info kernel: atmel_usart.1: ttyS1 at MMIO 0xfffb0000 (irq = 6) is a ATMEL_SERIAL
Jan  1 03:00:15 indigo-tracker user.info kernel: atmel_usart.2: ttyS2 at MMIO 0xfffb8000 (irq = 8) is a ATMEL_SERIAL
Jan  1 03:00:15 indigo-tracker user.debug kernel: SK-AT91SAM9XE512: SIM508 power management driver, major 135, minor 0.
Jan  1 03:00:15 indigo-tracker user.info kernel: brd: module loaded
Jan  1 03:00:15 indigo-tracker user.info kernel: loop: module loaded
Jan  1 03:00:15 indigo-tracker user.info kernel: ssc ssc.0: Atmel SSC device at 0xc4818000 (irq 14)
Jan  1 03:00:15 indigo-tracker user.info kernel: NAND device: Manufacturer ID: 0xec, Chip ID: 0xda (Samsung NAND 256MiB 3,3V 8-bit)
Jan  1 03:00:15 indigo-tracker user.info kernel: Scanning device for bad blocks
Jan  1 03:00:15 indigo-tracker user.warn kernel: Bad eraseblock 1686 at 0x00000d2c0000
Jan  1 03:00:15 indigo-tracker user.notice kernel: Creating 6 MTD partitions on "atmel_nand":
Jan  1 03:00:15 indigo-tracker user.notice kernel: 0x000000000000-0x000000020000 : "Bootstrap partition"
Jan  1 03:00:15 indigo-tracker user.notice kernel: 0x000000020000-0x000000060000 : "U-boot Partition"
Jan  1 03:00:15 indigo-tracker user.notice kernel: 0x0000000a0000-0x0000002a0000 : "Kernel Partition"
Jan  1 03:00:15 indigo-tracker user.notice kernel: 0x000000800000-0x000010000000 : "Storage Partition"
Jan  1 03:00:15 indigo-tracker user.notice kernel: 0x000000060000-0x000000080000 : "U-boot Environment"
Jan  1 03:00:15 indigo-tracker user.notice kernel: 0x000000080000-0x0000000a0000 : "U-boot Environment Backup"
Jan  1 03:00:15 indigo-tracker user.info kernel: atmel_spi atmel_spi.0: Atmel SPI Controller at 0xfffc8000 (irq 12)
Jan  1 03:00:15 indigo-tracker user.info kernel: atmel_spi atmel_spi.1: Atmel SPI Controller at 0xfffcc000 (irq 13)
Jan  1 03:00:15 indigo-tracker user.info kernel: PPP generic driver version 2.4.2
Jan  1 03:00:15 indigo-tracker user.info kernel: PPP Deflate Compression module registered
Jan  1 03:00:15 indigo-tracker user.info kernel: PPP BSD Compression module registered
Jan  1 03:00:15 indigo-tracker user.info kernel: PPP MPPE Compression module registered
Jan  1 03:00:15 indigo-tracker user.info kernel: NET: Registered protocol family 24
Jan  1 03:00:15 indigo-tracker user.info kernel: SLIP: version 0.8.4-NET3.019-NEWTTY (dynamic channels, max=256).
Jan  1 03:00:15 indigo-tracker user.info kernel: CSLIP: code copyright 1989 Regents of the University of California.
Jan  1 03:00:15 indigo-tracker user.info kernel: tun: Universal TUN/TAP device driver, 1.6
Jan  1 03:00:15 indigo-tracker user.info kernel: tun: (C) 1999-2004 Max Krasnyansky <maxk@qualcomm.com>
Jan  1 03:00:15 indigo-tracker user.info kernel: macb macb: invalid hw address, using random
Jan  1 03:00:15 indigo-tracker user.info kernel: MACB_mii_bus: probed
Jan  1 03:00:15 indigo-tracker user.info kernel: eth0: Atmel MACB at 0xfffc4000 irq 21 (a2:0b:ea:cf:91:22)
Jan  1 03:00:15 indigo-tracker user.info kernel: eth0: attached PHY driver [Micrel KS8001 or KS8721] (mii_bus:phy_addr=ffffffff:01, irq=-1)
Jan  1 03:00:15 indigo-tracker user.info kernel: ohci_hcd: USB 1.1 'Open' Host Controller (OHCI) Driver
Jan  1 03:00:15 indigo-tracker user.info kernel: at91_ohci at91_ohci: AT91 OHCI
Jan  1 03:00:15 indigo-tracker user.info kernel: at91_ohci at91_ohci: new USB bus registered, assigned bus number 1
Jan  1 03:00:15 indigo-tracker user.info kernel: at91_ohci at91_ohci: irq 20, io mem 0x00500000
Jan  1 03:00:15 indigo-tracker user.info kernel: usb usb1: New USB device found, idVendor=1d6b, idProduct=0001
Jan  1 03:00:15 indigo-tracker user.info kernel: usb usb1: New USB device strings: Mfr=3, Product=2, SerialNumber=1
Jan  1 03:00:15 indigo-tracker user.info kernel: usb usb1: Product: AT91 OHCI
Jan  1 03:00:15 indigo-tracker user.info kernel: usb usb1: Manufacturer: Linux 2.6.38+ ohci_hcd
Jan  1 03:00:15 indigo-tracker user.info kernel: usb usb1: SerialNumber: at91
Jan  1 03:00:15 indigo-tracker user.info kernel: hub 1-0:1.0: USB hub found
Jan  1 03:00:15 indigo-tracker user.info kernel: hub 1-0:1.0: 2 ports detected
Jan  1 03:00:15 indigo-tracker user.info kernel: Initializing USB Mass Storage driver...
Jan  1 03:00:15 indigo-tracker user.info kernel: usbcore: registered new interface driver usb-storage
Jan  1 03:00:15 indigo-tracker user.info kernel: USB Mass Storage support registered.
Jan  1 03:00:15 indigo-tracker user.info kernel: rtc-at91sam9 at91_rtt.0: rtc core: registered at91_rtt as rtc0
Jan  1 03:00:15 indigo-tracker user.warn kernel: rtc-at91sam9 at91_rtt.0: rtc0: SET TIME!
Jan  1 03:00:15 indigo-tracker user.info kernel: i2c /dev entries driver
Jan  1 03:00:15 indigo-tracker user.info kernel: Linux video capture interface: v2.00
Jan  1 03:00:15 indigo-tracker user.info kernel: usbcore: registered new interface driver uvcvideo
Jan  1 03:00:15 indigo-tracker user.info kernel: USB Video Class driver (v1.0.0)
Jan  1 03:00:15 indigo-tracker user.info kernel: AT91SAM9 Watchdog enabled (heartbeat=15 sec, nowayout=0)
Jan  1 03:00:15 indigo-tracker user.info kernel: usbcore: registered new interface driver snd-usb-audio
Jan  1 03:00:15 indigo-tracker user.info kernel: ALSA device list:
Jan  1 03:00:15 indigo-tracker user.info kernel:   No soundcards found.
Jan  1 03:00:15 indigo-tracker user.info kernel: nf_conntrack version 0.5.0 (958 buckets, 3832 max)
Jan  1 03:00:15 indigo-tracker user.info kernel: ip_tables: (C) 2000-2006 Netfilter Core Team
Jan  1 03:00:15 indigo-tracker user.info kernel: TCP cubic registered
Jan  1 03:00:15 indigo-tracker user.info kernel: NET: Registered protocol family 17
Jan  1 03:00:15 indigo-tracker user.err kernel: rtc-at91sam9 at91_rtt.0: hctosys: unable to read the hardware clock
Jan  1 03:00:15 indigo-tracker user.info kernel: atmel_mci atmel_mci: Atmel MCI controller at 0xfffa8000 irq 9, 1 slots
Jan  1 03:00:15 indigo-tracker user.info kernel: yaffs: dev is 32505859 name is "mtdblock3" rw
Jan  1 03:00:15 indigo-tracker user.info kernel: yaffs: passed flags ""
Jan  1 03:00:15 indigo-tracker user.debug kernel: yaffs: yaffs: Attempting MTD mount of 31.3,"mtdblock3"
Jan  1 03:00:15 indigo-tracker user.debug kernel: yaffs: auto selecting yaffs2
Jan  1 03:00:15 indigo-tracker user.debug kernel: yaffs: block 1623 is bad
Jan  1 03:00:15 indigo-tracker user.info kernel: usb 1-1: new full speed USB device using at91_ohci and address 2
Jan  1 03:00:15 indigo-tracker user.info kernel: usb 1-1: New USB device found, idVendor=046d, idProduct=0819
Jan  1 03:00:15 indigo-tracker user.info kernel: usb 1-1: New USB device strings: Mfr=0, Product=0, SerialNumber=2
Jan  1 03:00:15 indigo-tracker user.info kernel: usb 1-1: SerialNumber: 9D01EEA0
Jan  1 03:00:15 indigo-tracker user.info kernel: uvcvideo: Found UVC 1.00 device <unnamed> (046d:0819)
Jan  1 03:00:15 indigo-tracker user.info kernel: input: UVC Camera (046d:0819) as /devices/platform/at91_ohci/usb1/1-1/1-1:1.0/input/input0
Jan  1 03:00:15 indigo-tracker user.debug kernel: yaffs: yaffs_read_super: is_checkpointed 0
Jan  1 03:00:15 indigo-tracker user.warn kernel: VFS: Mounted root (yaffs filesystem) on device 31:3.
Jan  1 03:00:15 indigo-tracker user.info kernel: Freeing init memory: 112K
Jan  1 03:00:15 indigo-tracker user.alert kernel: piopins: with filter
Jan  1 03:00:15 indigo-tracker user.warn kernel: piopins: system time doesn't seem to be true, will not flush anything
Jan  1 03:00:15 indigo-tracker user.info kernel: SK-AT91SAM9XE512: SIM508 GPS power OFF.
Jan  1 03:00:15 indigo-tracker user.info kernel: SK-AT91SAM9XE512: SIM508 GPS power ON.
Jan  1 03:00:15 indigo-tracker syslog.info syslogd started: BusyBox v1.18.3
Jan  1 03:00:15 indigo-tracker user.notice kernel: klogd started: BusyBox v1.18.3 (2011-03-29 18:29:13 MSD)
Jan  1 03:00:15 indigo-tracker user.notice kernel: Linux version 2.6.38+ (yury@debian-dev-vm) (gcc version 4.4.5 (indigo-ct-ng) ) #60 Wed Sep 21 16:51:48 MSD 2011
Jan  1 03:00:15 indigo-tracker user.warn kernel: CPU: ARM926EJ-S [41069265] revision 5 (ARMv5TEJ), cr=00053177
Jan  1 03:00:15 indigo-tracker user.warn kernel: CPU: VIVT data cache, VIVT instruction cache
Jan  1 03:00:15 indigo-tracker user.warn kernel: Machine: Indigo AT91SAM9260-SK
Jan  1 03:00:15 indigo-tracker user.warn kernel: Memory policy: ECC disabled, Data cache writeback
Jan  1 03:00:15 indigo-tracker user.warn kernel: Clocks: CPU 196 MHz, master 98 MHz, main 12.000 MHz
Jan  1 03:00:15 indigo-tracker user.debug kernel: On node 0 totalpages: 16384
Jan  1 03:00:15 indigo-tracker user.debug kernel: free_area_init_node: node 0, pgdat c0369484, node_mem_map c037b000
Jan  1 03:00:15 indigo-tracker user.debug kernel:   Normal zone: 128 pages used for memmap
Jan  1 03:00:15 indigo-tracker user.debug kernel:   Normal zone: 0 pages reserved
Jan  1 03:00:15 indigo-tracker user.debug kernel:   Normal zone: 16256 pages, LIFO batch:3
Jan  1 03:00:15 indigo-tracker user.debug kernel: pcpu-alloc: s0 r0 d32768 u32768 alloc=1*32768
Jan  1 03:00:15 indigo-tracker user.debug kernel: pcpu-alloc: [0] 0 
Jan  1 03:00:15 indigo-tracker user.warn kernel: Built 1 zonelists in Zone order, mobility grouping on.  Total pages: 16256
Jan  1 03:00:15 indigo-tracker user.notice kernel: Kernel command line: console=ttyS0,115200=mem=64M root=/dev/mtdblock3
Jan  1 03:00:15 indigo-tracker user.info kernel: PID hash table entries: 256 (order: -2, 1024 bytes)
Jan  1 03:00:15 indigo-tracker user.info kernel: Dentry cache hash table entries: 8192 (order: 3, 32768 bytes)
Jan  1 03:00:15 indigo-tracker user.info kernel: Inode-cache hash table entries: 4096 (order: 2, 16384 bytes)
Jan  1 03:00:15 indigo-tracker user.info kernel: Memory: 64MB = 64MB total
Jan  1 03:00:15 indigo-tracker user.notice kernel: Memory: 61364k/61364k available, 4172k reserved, 0K highmem
Jan  1 03:00:15 indigo-tracker user.notice kernel: Virtual kernel memory layout:
Jan  1 03:00:15 indigo-tracker user.notice kernel:     vector  : 0xffff0000 - 0xffff1000   (   4 kB)
Jan  1 03:00:15 indigo-tracker user.notice kernel:     fixmap  : 0xfff00000 - 0xfffe0000   ( 896 kB)
Jan  1 03:00:15 indigo-tracker user.notice kernel:     DMA     : 0xffc00000 - 0xffe00000   (   2 MB)
Jan  1 03:00:15 indigo-tracker user.notice kernel:     vmalloc : 0xc4800000 - 0xfee00000   ( 934 MB)
Jan  1 03:00:15 indigo-tracker user.notice kernel:     lowmem  : 0xc0000000 - 0xc4000000   (  64 MB)
Jan  1 03:00:15 indigo-tracker user.notice kernel:     modules : 0xbf000000 - 0xc0000000   (  16 MB)
Jan  1 03:00:15 indigo-tracker user.notice kernel:       .init : 0xc0008000 - 0xc0024000   ( 112 kB)
Jan  1 03:00:15 indigo-tracker user.notice kernel:       .text : 0xc0024000 - 0xc03419d4   (3191 kB)
Jan  1 03:00:15 indigo-tracker user.notice kernel:       .data : 0xc0342000 - 0xc0369c60   ( 160 kB)
Jan  1 03:00:15 indigo-tracker user.info kernel: NR_IRQS:192
Jan  1 03:00:15 indigo-tracker user.info kernel: AT91: 96 gpio irqs in 3 banks
Jan  1 03:00:15 indigo-tracker user.warn kernel: Console: colour dummy device 80x30
Jan  1 03:00:15 indigo-tracker user.info kernel: console [ttyS0] enabled
Jan  1 03:00:15 indigo-tracker user.info kernel: Calibrating delay loop... 97.89 BogoMIPS (lpj=489472)
Jan  1 03:00:15 indigo-tracker user.info kernel: pid_max: default: 32768 minimum: 301
Jan  1 03:00:15 indigo-tracker user.warn kernel: Mount-cache hash table entries: 512
Jan  1 03:00:15 indigo-tracker user.info kernel: CPU: Testing write buffer coherency: ok
Jan  1 03:00:15 indigo-tracker user.info kernel: NET: Registered protocol family 16
Jan  1 03:00:15 indigo-tracker user.warn kernel: bio: create slab <bio-0> at 0
Jan  1 03:00:15 indigo-tracker user.notice kernel: SCSI subsystem initialized
Jan  1 03:00:15 indigo-tracker user.info kernel: usbcore: registered new interface driver usbfs
Jan  1 03:00:15 indigo-tracker user.info kernel: usbcore: registered new interface driver hub
Jan  1 03:00:15 indigo-tracker user.info kernel: usbcore: registered new device driver usb
Jan  1 03:00:15 indigo-tracker user.info kernel: Advanced Linux Sound Architecture Driver Version 1.0.23.
Jan  1 03:00:15 indigo-tracker user.info kernel: Switching to clocksource pit
Jan  1 03:00:15 indigo-tracker user.info kernel: NET: Registered protocol family 2
Jan  1 03:00:15 indigo-tracker user.info kernel: IP route cache hash table entries: 1024 (order: 0, 4096 bytes)
Jan  1 03:00:15 indigo-tracker user.info kernel: TCP established hash table entries: 2048 (order: 2, 16384 bytes)
Jan  1 03:00:15 indigo-tracker user.info kernel: TCP bind hash table entries: 2048 (order: 1, 8192 bytes)
Jan  1 03:00:15 indigo-tracker user.info kernel: TCP: Hash tables configured (established 2048 bind 2048)
Jan  1 03:00:15 indigo-tracker user.info kernel: TCP reno registered
Jan  1 03:00:15 indigo-tracker user.info kernel: UDP hash table entries: 256 (order: 0, 4096 bytes)
Jan  1 03:00:15 indigo-tracker user.info kernel: UDP-Lite hash table entries: 256 (order: 0, 4096 bytes)
Jan  1 03:00:15 indigo-tracker user.info kernel: NET: Registered protocol family 1
Jan  1 03:00:15 indigo-tracker user.debug kernel: yaffs: yaffs built Sep 21 2011 13:46:29 Installing.
Jan  1 03:00:15 indigo-tracker user.info kernel: msgmni has been set to 119
Jan  1 03:00:15 indigo-tracker user.info kernel: io scheduler noop registered (default)
Jan  1 03:00:15 indigo-tracker user.info kernel: io scheduler deadline registered
Jan  1 03:00:15 indigo-tracker user.info kernel: atmel_usart.0: ttyS0 at MMIO 0xfefff200 (irq = 1) is a ATMEL_SERIAL
Jan  1 03:00:15 indigo-tracker user.info kernel: atmel_usart.1: ttyS1 at MMIO 0xfffb0000 (irq = 6) is a ATMEL_SERIAL
Jan  1 03:00:15 indigo-tracker user.info kernel: atmel_usart.2: ttyS2 at MMIO 0xfffb8000 (irq = 8) is a ATMEL_SERIAL
