Jan  1 03:00:14 indigo-tracker user.notice kernel: 0x0000000a0000-0x0000002a0000 : "Kernel Partition"
Jan  1 03:00:14 indigo-tracker user.notice kernel: 0x000000800000-0x000010000000 : "Storage Partition"
Jan  1 03:00:14 indigo-tracker user.notice kernel: 0x000000060000-0x000000080000 : "U-boot Environment"
Jan  1 03:00:14 indigo-tracker user.notice kernel: 0x000000080000-0x0000000a0000 : "U-boot Environment Backup"
Jan  1 03:00:14 indigo-tracker user.info kernel: atmel_spi atmel_spi.0: Atmel SPI Controller at 0xfffc8000 (irq 12)
Jan  1 03:00:14 indigo-tracker user.info kernel: atmel_spi atmel_spi.1: Atmel SPI Controller at 0xfffcc000 (irq 13)
Jan  1 03:00:14 indigo-tracker user.info kernel: PPP generic driver version 2.4.2
Jan  1 03:00:14 indigo-tracker user.info kernel: PPP Deflate Compression module registered
Jan  1 03:00:14 indigo-tracker user.info kernel: PPP BSD Compression module registered
Jan  1 03:00:14 indigo-tracker user.info kernel: PPP MPPE Compression module registered
Jan  1 03:00:14 indigo-tracker user.info kernel: NET: Registered protocol family 24
Jan  1 03:00:14 indigo-tracker user.info kernel: SLIP: version 0.8.4-NET3.019-NEWTTY (dynamic channels, max=256).
Jan  1 03:00:14 indigo-tracker user.info kernel: CSLIP: code copyright 1989 Regents of the University of California.
Jan  1 03:00:14 indigo-tracker user.info kernel: tun: Universal TUN/TAP device driver, 1.6
Jan  1 03:00:14 indigo-tracker user.info kernel: tun: (C) 1999-2004 Max Krasnyansky <maxk@qualcomm.com>
Jan  1 03:00:14 indigo-tracker user.info kernel: MACB_mii_bus: probed
Jan  1 03:00:14 indigo-tracker user.info kernel: eth0: Atmel MACB at 0xfffc4000 irq 21 (00:1f:f2:00:00:00)
Jan  1 03:00:14 indigo-tracker user.info kernel: eth0: attached PHY driver [Micrel KS8001 or KS8721] (mii_bus:phy_addr=ffffffff:01, irq=-1)
Jan  1 03:00:14 indigo-tracker user.info kernel: ohci_hcd: USB 1.1 'Open' Host Controller (OHCI) Driver
Jan  1 03:00:14 indigo-tracker user.info kernel: at91_ohci at91_ohci: AT91 OHCI
Jan  1 03:00:14 indigo-tracker user.info kernel: at91_ohci at91_ohci: new USB bus registered, assigned bus number 1
Jan  1 03:00:14 indigo-tracker user.info kernel: at91_ohci at91_ohci: irq 20, io mem 0x00500000
Jan  1 03:00:14 indigo-tracker user.info kernel: usb usb1: New USB device found, idVendor=1d6b, idProduct=0001
Jan  1 03:00:14 indigo-tracker user.info kernel: usb usb1: New USB device strings: Mfr=3, Product=2, SerialNumber=1
Jan  1 03:00:14 indigo-tracker user.info kernel: usb usb1: Product: AT91 OHCI
Jan  1 03:00:14 indigo-tracker user.info kernel: usb usb1: Manufacturer: Linux 2.6.38+ ohci_hcd
Jan  1 03:00:14 indigo-tracker user.info kernel: usb usb1: SerialNumber: at91
Jan  1 03:00:14 indigo-tracker user.info kernel: hub 1-0:1.0: USB hub found
Jan  1 03:00:14 indigo-tracker user.info kernel: hub 1-0:1.0: 2 ports detected
Jan  1 03:00:14 indigo-tracker user.info kernel: Initializing USB Mass Storage driver...
Jan  1 03:00:14 indigo-tracker user.info kernel: usbcore: registered new interface driver usb-storage
Jan  1 03:00:14 indigo-tracker user.info kernel: USB Mass Storage support registered.
Jan  1 03:00:14 indigo-tracker user.info kernel: rtc-at91sam9 at91_rtt.0: rtc core: registered at91_rtt as rtc0
Jan  1 03:00:14 indigo-tracker user.warn kernel: rtc-at91sam9 at91_rtt.0: rtc0: SET TIME!
Jan  1 03:00:14 indigo-tracker user.info kernel: i2c /dev entries driver
Jan  1 03:00:14 indigo-tracker user.info kernel: Linux video capture interface: v2.00
Jan  1 03:00:14 indigo-tracker user.info kernel: usbcore: registered new interface driver uvcvideo
Jan  1 03:00:14 indigo-tracker user.info kernel: USB Video Class driver (v1.0.0)
Jan  1 03:00:14 indigo-tracker user.info kernel: AT91SAM9 Watchdog enabled (heartbeat=15 sec, nowayout=0)
Jan  1 03:00:14 indigo-tracker user.info kernel: usbcore: registered new interface driver snd-usb-audio
Jan  1 03:00:14 indigo-tracker user.info kernel: ALSA device list:
Jan  1 03:00:14 indigo-tracker user.info kernel:   No soundcards found.
Jan  1 03:00:14 indigo-tracker user.info kernel: nf_conntrack version 0.5.0 (958 buckets, 3832 max)
Jan  1 03:00:14 indigo-tracker user.info kernel: ip_tables: (C) 2000-2006 Netfilter Core Team
Jan  1 03:00:14 indigo-tracker user.info kernel: TCP cubic registered
Jan  1 03:00:14 indigo-tracker user.info kernel: NET: Registered protocol family 17
Jan  1 03:00:14 indigo-tracker user.err kernel: rtc-at91sam9 at91_rtt.0: hctosys: unable to read the hardware clock
Jan  1 03:00:14 indigo-tracker user.info kernel: atmel_mci atmel_mci: Atmel MCI controller at 0xfffa8000 irq 9, 1 slots
Jan  1 03:00:14 indigo-tracker user.info kernel: yaffs: dev is 32505859 name is "mtdblock3" rw
Jan  1 03:00:14 indigo-tracker user.info kernel: yaffs: passed flags ""
Jan  1 03:00:14 indigo-tracker user.debug kernel: yaffs: yaffs: Attempting MTD mount of 31.3,"mtdblock3"
Jan  1 03:00:14 indigo-tracker user.debug kernel: yaffs: auto selecting yaffs2
Jan  1 03:00:14 indigo-tracker user.debug kernel: yaffs: block 1623 is bad
Jan  1 03:00:14 indigo-tracker user.warn kernel: mmc0: host does not support reading read-only switch. assuming write-enable.
Jan  1 03:00:14 indigo-tracker user.info kernel: mmc0: new SDHC card at address 0001
Jan  1 03:00:14 indigo-tracker user.info kernel: mmcblk0: mmc0:0001 00000 7.46 GiB 
Jan  1 03:00:14 indigo-tracker user.info kernel:  mmcblk0: p1
Jan  1 03:00:14 indigo-tracker user.debug kernel: yaffs: yaffs_read_super: is_checkpointed 0
Jan  1 03:00:14 indigo-tracker user.warn kernel: VFS: Mounted root (yaffs filesystem) on device 31:3.
Jan  1 03:00:14 indigo-tracker user.info kernel: Freeing init memory: 112K
Jan  1 03:00:14 indigo-tracker user.alert kernel: piopins: with filter
Jan  1 03:00:14 indigo-tracker user.warn kernel: piopins: system time doesn't seem to be true, will not flush anything
Jan  1 03:00:14 indigo-tracker user.info kernel: SK-AT91SAM9XE512: SIM508 GPS power OFF.
Jan  1 03:00:14 indigo-tracker user.info kernel: eth0: link up (100/Full)
Jan  1 03:00:14 indigo-tracker user.info kernel: SK-AT91SAM9XE512: SIM508 GPS power ON.
Jan  1 03:00:15 indigo-tracker local2.info chat[640]: timeout set to 45 seconds
Jan  1 03:00:15 indigo-tracker local2.info chat[640]: expect (OK)
Jan  1 03:00:15 indigo-tracker local2.info chat[640]: ^M
Jan  1 03:00:15 indigo-tracker local2.info chat[640]: AT+CGDCONT=1,"IP","internet"^M^M
Jan  1 03:00:15 indigo-tracker local2.info chat[640]: OK
Jan  1 03:00:15 indigo-tracker local2.info chat[640]:  -- got it
Jan  1 03:00:15 indigo-tracker local2.info chat[640]: send (ATD*99#^M)
Jan  1 03:00:15 indigo-tracker local2.info chat[640]: expect (CONNECT)
Jan  1 03:00:15 indigo-tracker local2.info chat[640]: ^M
Jan  1 03:00:28 indigo-tracker auth.info login[648]: root login on 'ttyS0'
Jan  1 03:01:00 indigo-tracker local2.info chat[640]: alarm
Jan  1 03:01:00 indigo-tracker local2.info chat[640]: Failed
Jan  1 03:01:00 indigo-tracker daemon.debug pppd[637]: Script chat -v -f /etc/ppp/chatscripts/megafon-connect finished (pid 639), status = 0x3
Jan  1 03:01:00 indigo-tracker daemon.err pppd[637]: Connect script failed
Jan  1 03:01:01 indigo-tracker local2.info chat[656]: abort on (BUSY)
Jan  1 03:01:01 indigo-tracker local2.info chat[656]: abort on (ERROR)
Jan  1 03:01:01 indigo-tracker local2.info chat[656]: abort on (UNDER-VOLTAGE WARNNING)
Jan  1 03:01:01 indigo-tracker local2.info chat[656]: send (ATZ^M)
Jan  1 03:01:01 indigo-tracker local2.info chat[656]: timeout set to 12 seconds
Jan  1 03:01:01 indigo-tracker local2.info chat[656]: expect (OK)
Jan  1 03:01:01 indigo-tracker local2.info chat[656]: ATZ^M^M
Jan  1 03:01:01 indigo-tracker local2.info chat[656]: OK
Jan  1 03:01:01 indigo-tracker local2.info chat[656]:  -- got it
Jan  1 03:01:01 indigo-tracker local2.info chat[656]: send (AT+CGDCONT=1,"IP","internet"^M)
Jan  1 03:01:02 indigo-tracker cron.info crond[478]: crond: USER root pid 657 cmd /etc/cron/check_updates.sh
Jan  1 03:01:02 indigo-tracker local2.info chat[656]: timeout set to 45 seconds
Jan  1 03:01:02 indigo-tracker local2.info chat[656]: expect (OK)
Jan  1 03:01:02 indigo-tracker local2.info chat[656]: ^M
Jan  1 03:01:02 indigo-tracker local2.info chat[656]: AT+CGDCONT=1,"IP","internet"^M^M
Jan  1 03:01:02 indigo-tracker local2.info chat[656]: OK
Jan  1 03:01:02 indigo-tracker local2.info chat[656]:  -- got it
Jan  1 03:01:02 indigo-tracker local2.info chat[656]: send (ATD*99#^M)
Jan  1 03:01:02 indigo-tracker local2.info chat[656]: expect (CONNECT)
Jan  1 03:01:02 indigo-tracker local2.info chat[656]: ^M
Jan  1 03:01:47 indigo-tracker local2.info chat[656]: alarm
Jan  1 03:01:47 indigo-tracker local2.info chat[656]: Failed
Jan  1 03:01:47 indigo-tracker daemon.debug pppd[637]: Script chat -v -f /etc/ppp/chatscripts/megafon-connect finished (pid 655), status = 0x3
Jan  1 03:01:47 indigo-tracker daemon.err pppd[637]: Connect script failed
Jan  1 03:01:48 indigo-tracker local2.info chat[661]: abort on (BUSY)
Jan  1 03:01:48 indigo-tracker local2.info chat[661]: abort on (ERROR)
Jan  1 03:01:48 indigo-tracker local2.info chat[661]: abort on (UNDER-VOLTAGE WARNNING)
Jan  1 03:01:48 indigo-tracker local2.info chat[661]: send (ATZ^M)
Jan  1 03:01:48 indigo-tracker local2.info chat[661]: timeout set to 12 seconds
Jan  1 03:01:48 indigo-tracker local2.info chat[661]: expect (OK)
Jan  1 03:01:48 indigo-tracker local2.info chat[661]: ATZ^M^M
Jan  1 03:01:48 indigo-tracker local2.info chat[661]: OK
Jan  1 03:01:48 indigo-tracker local2.info chat[661]:  -- got it
Jan  1 03:01:48 indigo-tracker local2.info chat[661]: send (AT+CGDCONT=1,"IP","internet"^M)
Jan  1 03:01:49 indigo-tracker local2.info chat[661]: timeout set to 45 seconds
Jan  1 03:01:49 indigo-tracker local2.info chat[661]: expect (OK)
Jan  1 03:01:49 indigo-tracker local2.info chat[661]: ^M
Jan  1 03:01:49 indigo-tracker local2.info chat[661]: AT+CGDCONT=1,"IP","internet"^M^M
Jan  1 03:01:49 indigo-tracker local2.info chat[661]: OK
Jan  1 03:01:49 indigo-tracker local2.info chat[661]:  -- got it
Jan  1 03:01:49 indigo-tracker local2.info chat[661]: send (ATD*99#^M)
Jan  1 03:01:49 indigo-tracker local2.info chat[661]: expect (CONNECT)
Jan  1 03:01:49 indigo-tracker local2.info chat[661]: ^M
Jan  1 03:02:01 indigo-tracker cron.info crond[478]: crond: USER root pid 662 cmd /etc/cron/check_updates.sh
Jan  1 03:02:02 indigo-tracker user.info kernel: warning: `vsftpd' uses 32-bit capabilities (legacy support in use)
Jan  1 03:02:34 indigo-tracker local2.info chat[661]: alarm
Jan  1 03:02:34 indigo-tracker local2.info chat[661]: Failed
Jan  1 03:02:34 indigo-tracker daemon.debug pppd[637]: Script chat -v -f /etc/ppp/chatscripts/megafon-connect finished (pid 660), status = 0x3
Jan  1 03:02:34 indigo-tracker daemon.err pppd[637]: Connect script failed
Jan  1 03:02:35 indigo-tracker local2.info chat[668]: abort on (BUSY)
Jan  1 03:02:35 indigo-tracker local2.info chat[668]: abort on (ERROR)
Jan  1 03:02:35 indigo-tracker local2.info chat[668]: abort on (UNDER-VOLTAGE WARNNING)
Jan  1 03:02:35 indigo-tracker local2.info chat[668]: send (ATZ^M)
Jan  1 03:02:35 indigo-tracker local2.info chat[668]: timeout set to 12 seconds
Jan  1 03:02:35 indigo-tracker local2.info chat[668]: expect (OK)
Jan  1 03:02:35 indigo-tracker local2.info chat[668]: ATZ^M^M
Jan  1 03:02:35 indigo-tracker local2.info chat[668]: OK
Jan  1 03:02:35 indigo-tracker local2.info chat[668]:  -- got it
Jan  1 03:02:35 indigo-tracker local2.info chat[668]: send (AT+CGDCONT=1,"IP","internet"^M)
Jan  1 03:02:36 indigo-tracker local2.info chat[668]: timeout set to 45 seconds
Jan  1 03:02:36 indigo-tracker local2.info chat[668]: expect (OK)
Jan  1 03:02:36 indigo-tracker local2.info chat[668]: ^M
Jan  1 03:02:36 indigo-tracker local2.info chat[668]: AT+CGDCONT=1,"IP","internet"^M^M
Jan  1 03:02:36 indigo-tracker local2.info chat[668]: OK
Jan  1 03:02:36 indigo-tracker local2.info chat[668]:  -- got it
Jan  1 03:02:36 indigo-tracker local2.info chat[668]: send (ATD*99#^M)
Jan  1 03:02:36 indigo-tracker local2.info chat[668]: expect (CONNECT)
Jan  1 03:02:36 indigo-tracker local2.info chat[668]: ^M
Jan  1 03:03:01 indigo-tracker cron.info crond[478]: crond: USER root pid 669 cmd /etc/cron/check_updates.sh
Jan  1 03:03:01 indigo-tracker user.notice root: update package fd14879-f0e251e installed
Jan  1 03:03:21 indigo-tracker local2.info chat[668]: alarm
Jan  1 03:03:21 indigo-tracker local2.info chat[668]: Failed
Jan  1 03:03:21 indigo-tracker daemon.debug pppd[637]: Script chat -v -f /etc/ppp/chatscripts/megafon-connect finished (pid 667), status = 0x3
Jan  1 03:03:21 indigo-tracker daemon.err pppd[637]: Connect script failed
Jan  1 03:03:22 indigo-tracker local2.info chat[683]: abort on (BUSY)
Jan  1 03:03:22 indigo-tracker local2.info chat[683]: abort on (ERROR)
Jan  1 03:03:22 indigo-tracker local2.info chat[683]: abort on (UNDER-VOLTAGE WARNNING)
Jan  1 03:03:22 indigo-tracker local2.info chat[683]: send (ATZ^M)
Jan  1 03:03:22 indigo-tracker local2.info chat[683]: timeout set to 12 seconds
Jan  1 03:03:22 indigo-tracker local2.info chat[683]: expect (OK)
Jan  1 03:03:22 indigo-tracker local2.info chat[683]: ATZ^M^M
Jan  1 03:03:22 indigo-tracker local2.info chat[683]: OK
Jan  1 03:03:22 indigo-tracker local2.info chat[683]:  -- got it
Jan  1 03:03:22 indigo-tracker local2.info chat[683]: send (AT+CGDCONT=1,"IP","internet"^M)
Jan  1 03:03:23 indigo-tracker local2.info chat[683]: timeout set to 45 seconds
Jan  1 03:03:23 indigo-tracker local2.info chat[683]: expect (OK)
Jan  1 03:03:23 indigo-tracker local2.info chat[683]: ^M
Jan  1 03:03:23 indigo-tracker local2.info chat[683]: AT+CGDCONT=1,"IP","internet"^M^M
Jan  1 03:03:23 indigo-tracker local2.info chat[683]: OK
Jan  1 03:03:23 indigo-tracker local2.info chat[683]:  -- got it
Jan  1 03:03:23 indigo-tracker local2.info chat[683]: send (ATD*99#^M)
Jan  1 03:03:23 indigo-tracker local2.info chat[683]: expect (CONNECT)
Jan  1 03:03:23 indigo-tracker local2.info chat[683]: ^M
Jan  1 03:04:01 indigo-tracker cron.info crond[478]: crond: USER root pid 684 cmd /etc/cron/check_updates.sh
Jan  1 03:04:08 indigo-tracker local2.info chat[683]: alarm
Jan  1 03:04:08 indigo-tracker local2.info chat[683]: Failed
Jan  1 03:04:08 indigo-tracker daemon.debug pppd[637]: Script chat -v -f /etc/ppp/chatscripts/megafon-connect finished (pid 682), status = 0x3
Jan  1 03:04:08 indigo-tracker daemon.err pppd[637]: Connect script failed
Jan  1 03:04:09 indigo-tracker local2.info chat[687]: abort on (BUSY)
Jan  1 03:04:09 indigo-tracker local2.info chat[687]: abort on (ERROR)
Jan  1 03:04:09 indigo-tracker local2.info chat[687]: abort on (UNDER-VOLTAGE WARNNING)
Jan  1 03:04:09 indigo-tracker local2.info chat[687]: send (ATZ^M)
Jan  1 03:04:09 indigo-tracker local2.info chat[687]: timeout set to 12 seconds
Jan  1 03:04:09 indigo-tracker local2.info chat[687]: expect (OK)
Jan  1 03:04:09 indigo-tracker local2.info chat[687]: ATZ^M^M
Jan  1 03:04:09 indigo-tracker local2.info chat[687]: OK
Jan  1 03:04:09 indigo-tracker local2.info chat[687]:  -- got it
Jan  1 03:04:09 indigo-tracker local2.info chat[687]: send (AT+CGDCONT=1,"IP","internet"^M)
Jan  1 03:04:10 indigo-tracker local2.info chat[687]: timeout set to 45 seconds
Jan  1 03:04:10 indigo-tracker local2.info chat[687]: expect (OK)
Jan  1 03:04:10 indigo-tracker local2.info chat[687]: ^M
Jan  1 03:04:10 indigo-tracker local2.info chat[687]: AT+CGDCONT=1,"IP","internet"^M^M
Jan  1 03:04:10 indigo-tracker local2.info chat[687]: OK
Jan  1 03:04:10 indigo-tracker local2.info chat[687]:  -- got it
Jan  1 03:04:10 indigo-tracker local2.info chat[687]: send (ATD*99#^M)
Jan  1 03:04:10 indigo-tracker local2.info chat[687]: expect (CONNECT)
Jan  1 03:04:10 indigo-tracker local2.info chat[687]: ^M
Jan  1 03:04:55 indigo-tracker local2.info chat[687]: alarm
Jan  1 03:04:55 indigo-tracker local2.info chat[687]: Failed
Jan  1 03:04:55 indigo-tracker daemon.debug pppd[637]: Script chat -v -f /etc/ppp/chatscripts/megafon-connect finished (pid 686), status = 0x3
Jan  1 03:04:55 indigo-tracker daemon.err pppd[637]: Connect script failed
Jan  1 03:04:56 indigo-tracker local2.info chat[689]: abort on (BUSY)
Jan  1 03:04:56 indigo-tracker local2.info chat[689]: abort on (ERROR)
Jan  1 03:04:56 indigo-tracker local2.info chat[689]: abort on (UNDER-VOLTAGE WARNNING)
Jan  1 03:04:56 indigo-tracker local2.info chat[689]: send (ATZ^M)
Jan  1 03:04:56 indigo-tracker local2.info chat[689]: timeout set to 12 seconds
Jan  1 03:04:56 indigo-tracker local2.info chat[689]: expect (OK)
Jan  1 03:04:56 indigo-tracker local2.info chat[689]: ATZ^M^M
Jan  1 03:04:56 indigo-tracker local2.info chat[689]: OK
Jan  1 03:04:56 indigo-tracker local2.info chat[689]:  -- got it
Jan  1 03:04:56 indigo-tracker local2.info chat[689]: send (AT+CGDCONT=1,"IP","internet"^M)
Jan  1 03:04:57 indigo-tracker local2.info chat[689]: timeout set to 45 seconds
Jan  1 03:04:57 indigo-tracker local2.info chat[689]: expect (OK)
Jan  1 03:04:57 indigo-tracker local2.info chat[689]: ^M
Jan  1 03:04:57 indigo-tracker local2.info chat[689]: AT+CGDCONT=1,"IP","internet"^M^M
Jan  1 03:04:57 indigo-tracker local2.info chat[689]: OK
Jan  1 03:04:57 indigo-tracker local2.info chat[689]:  -- got it
Jan  1 03:04:57 indigo-tracker local2.info chat[689]: send (ATD*99#^M)
Jan  1 03:04:57 indigo-tracker local2.info chat[689]: expect (CONNECT)
Jan  1 03:04:57 indigo-tracker local2.info chat[689]: ^M
Jan  1 03:05:01 indigo-tracker cron.info crond[478]: crond: USER root pid 690 cmd /etc/cron/check_updates.sh
Jan  1 03:05:01 indigo-tracker cron.info crond[478]: crond: USER root pid 691 cmd /etc/cron/rotate_video.sh
Jan  1 03:05:01 indigo-tracker user.notice root: no flash drive to rotate video on
Jan  1 03:05:42 indigo-tracker local2.info chat[689]: alarm
Jan  1 03:05:42 indigo-tracker local2.info chat[689]: Failed
Jan  1 03:05:42 indigo-tracker daemon.debug pppd[637]: Script chat -v -f /etc/ppp/chatscripts/megafon-connect finished (pid 688), status = 0x3
Jan  1 03:05:42 indigo-tracker daemon.err pppd[637]: Connect script failed
Jan  1 03:05:43 indigo-tracker local2.info chat[703]: abort on (BUSY)
Jan  1 03:05:43 indigo-tracker local2.info chat[703]: abort on (ERROR)
Jan  1 03:05:43 indigo-tracker local2.info chat[703]: abort on (UNDER-VOLTAGE WARNNING)
Jan  1 03:05:43 indigo-tracker local2.info chat[703]: send (ATZ^M)
Jan  1 03:05:43 indigo-tracker local2.info chat[703]: timeout set to 12 seconds
Jan  1 03:05:43 indigo-tracker local2.info chat[703]: expect (OK)
Jan  1 03:05:43 indigo-tracker local2.info chat[703]: ATZ^M^M
Jan  1 03:05:43 indigo-tracker local2.info chat[703]: OK
Jan  1 03:05:43 indigo-tracker local2.info chat[703]:  -- got it
Jan  1 03:05:43 indigo-tracker local2.info chat[703]: send (AT+CGDCONT=1,"IP","internet"^M)
Jan  1 03:05:44 indigo-tracker local2.info chat[703]: timeout set to 45 seconds
Jan  1 03:05:44 indigo-tracker local2.info chat[703]: expect (OK)
Jan  1 03:05:44 indigo-tracker local2.info chat[703]: ^M
Jan  1 03:05:44 indigo-tracker local2.info chat[703]: AT+CGDCONT=1,"IP","internet"^M^M
Jan  1 03:05:44 indigo-tracker local2.info chat[703]: OK
Jan  1 03:05:44 indigo-tracker local2.info chat[703]:  -- got it
Jan  1 03:05:44 indigo-tracker local2.info chat[703]: send (ATD*99#^M)
Jan  1 03:05:44 indigo-tracker local2.info chat[703]: expect (CONNECT)
Jan  1 03:05:44 indigo-tracker local2.info chat[703]: ^M
Jan  1 03:06:01 indigo-tracker cron.info crond[478]: crond: USER root pid 704 cmd /etc/cron/check_updates.sh
Jan  1 03:06:29 indigo-tracker local2.info chat[703]: alarm
Jan  1 03:06:29 indigo-tracker local2.info chat[703]: Failed
Jan  1 03:06:29 indigo-tracker daemon.debug pppd[637]: Script chat -v -f /etc/ppp/chatscripts/megafon-connect finished (pid 702), status = 0x3
Jan  1 03:06:29 indigo-tracker daemon.err pppd[637]: Connect script failed
Jan  1 03:06:30 indigo-tracker local2.info chat[707]: abort on (BUSY)
Jan  1 03:06:30 indigo-tracker local2.info chat[707]: abort on (ERROR)
Jan  1 03:06:30 indigo-tracker local2.info chat[707]: abort on (UNDER-VOLTAGE WARNNING)
Jan  1 03:06:30 indigo-tracker local2.info chat[707]: send (ATZ^M)
Jan  1 03:06:30 indigo-tracker local2.info chat[707]: timeout set to 12 seconds
Jan  1 03:06:30 indigo-tracker local2.info chat[707]: expect (OK)
Jan  1 03:06:30 indigo-tracker local2.info chat[707]: ATZ^M^M
Jan  1 03:06:30 indigo-tracker local2.info chat[707]: OK
Jan  1 03:06:30 indigo-tracker local2.info chat[707]:  -- got it
Jan  1 03:06:30 indigo-tracker local2.info chat[707]: send (AT+CGDCONT=1,"IP","internet"^M)
Jan  1 03:06:31 indigo-tracker local2.info chat[707]: timeout set to 45 seconds
Jan  1 03:06:31 indigo-tracker local2.info chat[707]: expect (OK)
Jan  1 03:06:31 indigo-tracker local2.info chat[707]: ^M
Jan  1 03:06:31 indigo-tracker local2.info chat[707]: AT+CGDCONT=1,"IP","internet"^M^M
Jan  1 03:06:31 indigo-tracker local2.info chat[707]: OK
Jan  1 03:06:31 indigo-tracker local2.info chat[707]:  -- got it
Jan  1 03:06:31 indigo-tracker local2.info chat[707]: send (ATD*99#^M)
Jan  1 03:06:31 indigo-tracker local2.info chat[707]: expect (CONNECT)
Jan  1 03:06:31 indigo-tracker local2.info chat[707]: ^M
Jan  1 03:07:01 indigo-tracker cron.info crond[478]: crond: USER root pid 708 cmd /etc/cron/check_updates.sh
Jan  1 03:07:16 indigo-tracker local2.info chat[707]: alarm
Jan  1 03:07:16 indigo-tracker local2.info chat[707]: Failed
Jan  1 03:07:16 indigo-tracker daemon.debug pppd[637]: Script chat -v -f /etc/ppp/chatscripts/megafon-connect finished (pid 706), status = 0x3
Jan  1 03:07:16 indigo-tracker daemon.err pppd[637]: Connect script failed
Jan  1 03:07:17 indigo-tracker local2.info chat[711]: abort on (BUSY)
Jan  1 03:07:17 indigo-tracker local2.info chat[711]: abort on (ERROR)
Jan  1 03:07:17 indigo-tracker local2.info chat[711]: abort on (UNDER-VOLTAGE WARNNING)
Jan  1 03:07:17 indigo-tracker local2.info chat[711]: send (ATZ^M)
Jan  1 03:07:17 indigo-tracker local2.info chat[711]: timeout set to 12 seconds
Jan  1 03:07:17 indigo-tracker local2.info chat[711]: expect (OK)
Jan  1 03:07:17 indigo-tracker local2.info chat[711]: ATZ^M^M
Jan  1 03:07:17 indigo-tracker local2.info chat[711]: OK
Jan  1 03:07:17 indigo-tracker local2.info chat[711]:  -- got it
Jan  1 03:07:17 indigo-tracker local2.info chat[711]: send (AT+CGDCONT=1,"IP","internet"^M)
Jan  1 03:07:18 indigo-tracker local2.info chat[711]: timeout set to 45 seconds
Jan  1 03:07:18 indigo-tracker local2.info chat[711]: expect (OK)
Jan  1 03:07:18 indigo-tracker local2.info chat[711]: ^M
Jan  1 03:07:18 indigo-tracker local2.info chat[711]: AT+CGDCONT=1,"IP","internet"^M^M
Jan  1 03:07:18 indigo-tracker local2.info chat[711]: OK
Jan  1 03:07:18 indigo-tracker local2.info chat[711]:  -- got it
Jan  1 03:07:18 indigo-tracker local2.info chat[711]: send (ATD*99#^M)
Jan  1 03:07:18 indigo-tracker local2.info chat[711]: expect (CONNECT)
Jan  1 03:07:18 indigo-tracker local2.info chat[711]: ^M
Jan  1 03:08:01 indigo-tracker cron.info crond[478]: crond: USER root pid 712 cmd /etc/cron/check_updates.sh
Jan  1 03:08:03 indigo-tracker local2.info chat[711]: alarm
Jan  1 03:08:03 indigo-tracker local2.info chat[711]: Failed
Jan  1 03:08:03 indigo-tracker daemon.debug pppd[637]: Script chat -v -f /etc/ppp/chatscripts/megafon-connect finished (pid 710), status = 0x3
Jan  1 03:08:03 indigo-tracker daemon.err pppd[637]: Connect script failed
Jan  1 03:08:04 indigo-tracker local2.info chat[715]: abort on (BUSY)
Jan  1 03:08:04 indigo-tracker local2.info chat[715]: abort on (ERROR)
Jan  1 03:08:04 indigo-tracker local2.info chat[715]: abort on (UNDER-VOLTAGE WARNNING)
Jan  1 03:08:04 indigo-tracker local2.info chat[715]: send (ATZ^M)
Jan  1 03:08:04 indigo-tracker local2.info chat[715]: timeout set to 12 seconds
Jan  1 03:08:04 indigo-tracker local2.info chat[715]: expect (OK)
Jan  1 03:08:04 indigo-tracker local2.info chat[715]: ATZ^M^M
Jan  1 03:08:04 indigo-tracker local2.info chat[715]: OK
Jan  1 03:08:04 indigo-tracker local2.info chat[715]:  -- got it
Jan  1 03:08:04 indigo-tracker local2.info chat[715]: send (AT+CGDCONT=1,"IP","internet"^M)
Jan  1 03:08:05 indigo-tracker local2.info chat[715]: timeout set to 45 seconds
Jan  1 03:08:05 indigo-tracker local2.info chat[715]: expect (OK)
Jan  1 03:08:05 indigo-tracker local2.info chat[715]: ^M
Jan  1 03:08:05 indigo-tracker local2.info chat[715]: AT+CGDCONT=1,"IP","internet"^M^M
Jan  1 03:08:05 indigo-tracker local2.info chat[715]: OK
Jan  1 03:08:05 indigo-tracker local2.info chat[715]:  -- got it
Jan  1 03:08:05 indigo-tracker local2.info chat[715]: send (ATD*99#^M)
Jan  1 03:08:05 indigo-tracker local2.info chat[715]: expect (CONNECT)
Jan  1 03:08:05 indigo-tracker local2.info chat[715]: ^M
Jan  1 03:08:50 indigo-tracker local2.info chat[715]: alarm
Jan  1 03:08:50 indigo-tracker local2.info chat[715]: Failed
Jan  1 03:08:50 indigo-tracker daemon.debug pppd[637]: Script chat -v -f /etc/ppp/chatscripts/megafon-connect finished (pid 714), status = 0x3
Jan  1 03:08:50 indigo-tracker daemon.err pppd[637]: Connect script failed
Jan  1 03:08:51 indigo-tracker local2.info chat[717]: abort on (BUSY)
Jan  1 03:08:51 indigo-tracker local2.info chat[717]: abort on (ERROR)
Jan  1 03:08:51 indigo-tracker local2.info chat[717]: abort on (UNDER-VOLTAGE WARNNING)
Jan  1 03:08:51 indigo-tracker local2.info chat[717]: send (ATZ^M)
Jan  1 03:08:51 indigo-tracker local2.info chat[717]: timeout set to 12 seconds
Jan  1 03:08:51 indigo-tracker local2.info chat[717]: expect (OK)
Jan  1 03:08:51 indigo-tracker local2.info chat[717]: ATZ^M^M
Jan  1 03:08:51 indigo-tracker local2.info chat[717]: OK
Jan  1 03:08:51 indigo-tracker local2.info chat[717]:  -- got it
Jan  1 03:08:51 indigo-tracker local2.info chat[717]: send (AT+CGDCONT=1,"IP","internet"^M)
Jan  1 03:08:52 indigo-tracker local2.info chat[717]: timeout set to 45 seconds
Jan  1 03:08:52 indigo-tracker local2.info chat[717]: expect (OK)
Jan  1 03:08:52 indigo-tracker local2.info chat[717]: ^M
Jan  1 03:08:52 indigo-tracker local2.info chat[717]: AT+CGDCONT=1,"IP","internet"^M^M
Jan  1 03:08:52 indigo-tracker local2.info chat[717]: OK
Jan  1 03:08:52 indigo-tracker local2.info chat[717]:  -- got it
Jan  1 03:08:52 indigo-tracker local2.info chat[717]: send (ATD*99#^M)
Jan  1 03:08:52 indigo-tracker local2.info chat[717]: expect (CONNECT)
Jan  1 03:08:52 indigo-tracker local2.info chat[717]: ^M
Jan  1 03:09:01 indigo-tracker cron.info crond[478]: crond: USER root pid 718 cmd /etc/cron/check_updates.sh
Jan  1 03:09:37 indigo-tracker local2.info chat[717]: alarm
Jan  1 03:09:37 indigo-tracker local2.info chat[717]: Failed
Jan  1 03:09:37 indigo-tracker daemon.debug pppd[637]: Script chat -v -f /etc/ppp/chatscripts/megafon-connect finished (pid 716), status = 0x3
Jan  1 03:09:37 indigo-tracker daemon.err pppd[637]: Connect script failed
Jan  1 03:09:38 indigo-tracker local2.info chat[721]: abort on (BUSY)
Jan  1 03:09:38 indigo-tracker local2.info chat[721]: abort on (ERROR)
Jan  1 03:09:38 indigo-tracker local2.info chat[721]: abort on (UNDER-VOLTAGE WARNNING)
Jan  1 03:09:38 indigo-tracker local2.info chat[721]: send (ATZ^M)
Jan  1 03:09:38 indigo-tracker local2.info chat[721]: timeout set to 12 seconds
Jan  1 03:09:38 indigo-tracker local2.info chat[721]: expect (OK)
Jan  1 03:09:38 indigo-tracker local2.info chat[721]: ATZ^M^M
Jan  1 03:09:38 indigo-tracker local2.info chat[721]: OK
Jan  1 03:09:38 indigo-tracker local2.info chat[721]:  -- got it
Jan  1 03:09:38 indigo-tracker local2.info chat[721]: send (AT+CGDCONT=1,"IP","internet"^M)
Jan  1 03:09:39 indigo-tracker local2.info chat[721]: timeout set to 45 seconds
Jan  1 03:09:39 indigo-tracker local2.info chat[721]: expect (OK)
Jan  1 03:09:39 indigo-tracker local2.info chat[721]: ^M
Jan  1 03:09:39 indigo-tracker local2.info chat[721]: AT+CGDCONT=1,"IP","internet"^M^M
Jan  1 03:09:39 indigo-tracker local2.info chat[721]: OK
Jan  1 03:09:39 indigo-tracker local2.info chat[721]:  -- got it
Jan  1 03:09:39 indigo-tracker local2.info chat[721]: send (ATD*99#^M)
Jan  1 03:09:39 indigo-tracker local2.info chat[721]: expect (CONNECT)
Jan  1 03:09:39 indigo-tracker local2.info chat[721]: ^M
Jan  1 03:10:01 indigo-tracker cron.info crond[478]: crond: USER root pid 722 cmd /etc/cron/check_updates.sh
Jan  1 03:10:24 indigo-tracker local2.info chat[721]: alarm
Jan  1 03:10:24 indigo-tracker local2.info chat[721]: Failed
Jan  1 03:10:24 indigo-tracker daemon.debug pppd[637]: Script chat -v -f /etc/ppp/chatscripts/megafon-connect finished (pid 720), status = 0x3
Jan  1 03:10:24 indigo-tracker daemon.err pppd[637]: Connect script failed
Jan  1 03:10:25 indigo-tracker local2.info chat[725]: abort on (BUSY)
Jan  1 03:10:25 indigo-tracker local2.info chat[725]: abort on (ERROR)
Jan  1 03:10:25 indigo-tracker local2.info chat[725]: abort on (UNDER-VOLTAGE WARNNING)
Jan  1 03:10:25 indigo-tracker local2.info chat[725]: send (ATZ^M)
Jan  1 03:10:25 indigo-tracker local2.info chat[725]: timeout set to 12 seconds
Jan  1 03:10:25 indigo-tracker local2.info chat[725]: expect (OK)
Jan  1 03:10:25 indigo-tracker local2.info chat[725]: ATZ^M^M
Jan  1 03:10:25 indigo-tracker local2.info chat[725]: OK
Jan  1 03:10:25 indigo-tracker local2.info chat[725]:  -- got it
Jan  1 03:10:25 indigo-tracker local2.info chat[725]: send (AT+CGDCONT=1,"IP","internet"^M)
Jan  1 03:10:26 indigo-tracker local2.info chat[725]: timeout set to 45 seconds
Jan  1 03:10:26 indigo-tracker local2.info chat[725]: expect (OK)
Jan  1 03:10:26 indigo-tracker local2.info chat[725]: ^M
Jan  1 03:10:26 indigo-tracker local2.info chat[725]: AT+CGDCONT=1,"IP","internet"^M^M
Jan  1 03:10:26 indigo-tracker local2.info chat[725]: OK
Jan  1 03:10:26 indigo-tracker local2.info chat[725]:  -- got it
Jan  1 03:10:26 indigo-tracker local2.info chat[725]: send (ATD*99#^M)
Jan  1 03:10:26 indigo-tracker local2.info chat[725]: expect (CONNECT)
Jan  1 03:10:26 indigo-tracker local2.info chat[725]: ^M
Jan  1 03:11:01 indigo-tracker cron.info crond[478]: crond: USER root pid 727 cmd /etc/cron/check_updates.sh
Jan  1 03:11:11 indigo-tracker local2.info chat[725]: alarm
Jan  1 03:11:11 indigo-tracker local2.info chat[725]: Failed
Jan  1 03:11:11 indigo-tracker daemon.debug pppd[637]: Script chat -v -f /etc/ppp/chatscripts/megafon-connect finished (pid 724), status = 0x3
Jan  1 03:11:11 indigo-tracker daemon.err pppd[637]: Connect script failed
Jan  1 03:11:12 indigo-tracker local2.info chat[730]: abort on (BUSY)
Jan  1 03:11:12 indigo-tracker local2.info chat[730]: abort on (ERROR)
Jan  1 03:11:12 indigo-tracker local2.info chat[730]: abort on (UNDER-VOLTAGE WARNNING)
Jan  1 03:11:12 indigo-tracker local2.info chat[730]: send (ATZ^M)
Jan  1 03:11:12 indigo-tracker local2.info chat[730]: timeout set to 12 seconds
Jan  1 03:11:12 indigo-tracker local2.info chat[730]: expect (OK)
Jan  1 03:11:12 indigo-tracker local2.info chat[730]: ATZ^M^M
Jan  1 03:11:12 indigo-tracker local2.info chat[730]: OK
Jan  1 03:11:12 indigo-tracker local2.info chat[730]:  -- got it
Jan  1 03:11:12 indigo-tracker local2.info chat[730]: send (AT+CGDCONT=1,"IP","internet"^M)
Jan  1 03:11:13 indigo-tracker local2.info chat[730]: timeout set to 45 seconds
Jan  1 03:11:13 indigo-tracker local2.info chat[730]: expect (OK)
Jan  1 03:11:13 indigo-tracker local2.info chat[730]: ^M
Jan  1 03:11:13 indigo-tracker local2.info chat[730]: AT+CGDCONT=1,"IP","internet"^M^M
Jan  1 03:11:13 indigo-tracker local2.info chat[730]: OK
Jan  1 03:11:13 indigo-tracker local2.info chat[730]:  -- got it
Jan  1 03:11:13 indigo-tracker local2.info chat[730]: send (ATD*99#^M)
Jan  1 03:11:13 indigo-tracker local2.info chat[730]: expect (CONNECT)
Jan  1 03:11:13 indigo-tracker local2.info chat[730]: ^M
Jan  1 03:11:58 indigo-tracker local2.info chat[730]: alarm
Jan  1 03:11:58 indigo-tracker local2.info chat[730]: Failed
Jan  1 03:11:58 indigo-tracker daemon.debug pppd[637]: Script chat -v -f /etc/ppp/chatscripts/megafon-connect finished (pid 729), status = 0x3
Jan  1 03:11:58 indigo-tracker daemon.err pppd[637]: Connect script failed
Jan  1 03:11:59 indigo-tracker local2.info chat[732]: abort on (BUSY)
Jan  1 03:11:59 indigo-tracker local2.info chat[732]: abort on (ERROR)
Jan  1 03:11:59 indigo-tracker local2.info chat[732]: abort on (UNDER-VOLTAGE WARNNING)
Jan  1 03:11:59 indigo-tracker local2.info chat[732]: send (ATZ^M)
Jan  1 03:11:59 indigo-tracker local2.info chat[732]: timeout set to 12 seconds
Jan  1 03:11:59 indigo-tracker local2.info chat[732]: expect (OK)
Jan  1 03:11:59 indigo-tracker local2.info chat[732]: ATZ^M^M
Jan  1 03:11:59 indigo-tracker local2.info chat[732]: OK
Jan  1 03:11:59 indigo-tracker local2.info chat[732]:  -- got it
Jan  1 03:11:59 indigo-tracker local2.info chat[732]: send (AT+CGDCONT=1,"IP","internet"^M)
Jan  1 03:12:00 indigo-tracker local2.info chat[732]: timeout set to 45 seconds
Jan  1 03:12:00 indigo-tracker local2.info chat[732]: expect (OK)
Jan  1 03:12:00 indigo-tracker local2.info chat[732]: ^M
Jan  1 03:12:00 indigo-tracker local2.info chat[732]: AT+CGDCONT=1,"IP","internet"^M^M
Jan  1 03:12:00 indigo-tracker local2.info chat[732]: OK
Jan  1 03:12:00 indigo-tracker local2.info chat[732]:  -- got it
Jan  1 03:12:00 indigo-tracker local2.info chat[732]: send (ATD*99#^M)
Jan  1 03:12:00 indigo-tracker local2.info chat[732]: expect (CONNECT)
Jan  1 03:12:00 indigo-tracker local2.info chat[732]: ^M
Jan  1 03:12:01 indigo-tracker cron.info crond[478]: crond: USER root pid 733 cmd /etc/cron/check_updates.sh
Jan  1 03:12:45 indigo-tracker local2.info chat[732]: alarm
Jan  1 03:12:45 indigo-tracker local2.info chat[732]: Failed
Jan  1 03:12:45 indigo-tracker daemon.debug pppd[637]: Script chat -v -f /etc/ppp/chatscripts/megafon-connect finished (pid 731), status = 0x3
Jan  1 03:12:45 indigo-tracker daemon.err pppd[637]: Connect script failed
Jan  1 03:12:46 indigo-tracker local2.info chat[736]: abort on (BUSY)
Jan  1 03:12:46 indigo-tracker local2.info chat[736]: abort on (ERROR)
Jan  1 03:12:46 indigo-tracker local2.info chat[736]: abort on (UNDER-VOLTAGE WARNNING)
Jan  1 03:12:46 indigo-tracker local2.info chat[736]: send (ATZ^M)
Jan  1 03:12:46 indigo-tracker local2.info chat[736]: timeout set to 12 seconds
Jan  1 03:12:46 indigo-tracker local2.info chat[736]: expect (OK)
Jan  1 03:12:46 indigo-tracker local2.info chat[736]: ATZ^M^M
Jan  1 03:12:46 indigo-tracker local2.info chat[736]: OK
Jan  1 03:12:46 indigo-tracker local2.info chat[736]:  -- got it
Jan  1 03:12:46 indigo-tracker local2.info chat[736]: send (AT+CGDCONT=1,"IP","internet"^M)
Jan  1 03:12:47 indigo-tracker local2.info chat[736]: timeout set to 45 seconds
Jan  1 03:12:47 indigo-tracker local2.info chat[736]: expect (OK)
Jan  1 03:12:47 indigo-tracker local2.info chat[736]: ^M
Jan  1 03:12:47 indigo-tracker local2.info chat[736]: AT+CGDCONT=1,"IP","internet"^M^M
Jan  1 03:12:47 indigo-tracker local2.info chat[736]: OK
Jan  1 03:12:47 indigo-tracker local2.info chat[736]:  -- got it
Jan  1 03:12:47 indigo-tracker local2.info chat[736]: send (ATD*99#^M)
Jan  1 03:12:47 indigo-tracker local2.info chat[736]: expect (CONNECT)
Jan  1 03:12:47 indigo-tracker local2.info chat[736]: ^M
Jan  1 03:13:01 indigo-tracker cron.info crond[478]: crond: USER root pid 737 cmd /etc/cron/check_updates.sh
Jan  1 03:13:32 indigo-tracker local2.info chat[736]: alarm
Jan  1 03:13:32 indigo-tracker local2.info chat[736]: Failed
Jan  1 03:13:32 indigo-tracker daemon.debug pppd[637]: Script chat -v -f /etc/ppp/chatscripts/megafon-connect finished (pid 735), status = 0x3
Jan  1 03:13:32 indigo-tracker daemon.err pppd[637]: Connect script failed
Jan  1 03:13:33 indigo-tracker local2.info chat[740]: abort on (BUSY)
Jan  1 03:13:33 indigo-tracker local2.info chat[740]: abort on (ERROR)
Jan  1 03:13:33 indigo-tracker local2.info chat[740]: abort on (UNDER-VOLTAGE WARNNING)
Jan  1 03:13:33 indigo-tracker local2.info chat[740]: send (ATZ^M)
Jan  1 03:13:33 indigo-tracker local2.info chat[740]: timeout set to 12 seconds
Jan  1 03:13:33 indigo-tracker local2.info chat[740]: expect (OK)
Jan  1 03:13:33 indigo-tracker local2.info chat[740]: ATZ^M^M
Jan  1 03:13:33 indigo-tracker local2.info chat[740]: OK
Jan  1 03:13:33 indigo-tracker local2.info chat[740]:  -- got it
Jan  1 03:13:33 indigo-tracker local2.info chat[740]: send (AT+CGDCONT=1,"IP","internet"^M)
Jan  1 03:13:34 indigo-tracker local2.info chat[740]: timeout set to 45 seconds
Jan  1 03:13:34 indigo-tracker local2.info chat[740]: expect (OK)
Jan  1 03:13:34 indigo-tracker local2.info chat[740]: ^M
Jan  1 03:13:34 indigo-tracker local2.info chat[740]: AT+CGDCONT=1,"IP","internet"^M^M
Jan  1 03:13:34 indigo-tracker local2.info chat[740]: OK
Jan  1 03:13:34 indigo-tracker local2.info chat[740]:  -- got it
Jan  1 03:13:34 indigo-tracker local2.info chat[740]: send (ATD*99#^M)
Jan  1 03:13:34 indigo-tracker local2.info chat[740]: expect (CONNECT)
Jan  1 03:13:34 indigo-tracker local2.info chat[740]: ^M
Jan  1 03:14:01 indigo-tracker cron.info crond[478]: crond: USER root pid 741 cmd /etc/cron/check_updates.sh
Jan  1 03:14:19 indigo-tracker local2.info chat[740]: alarm
Jan  1 03:14:19 indigo-tracker local2.info chat[740]: Failed
Jan  1 03:14:19 indigo-tracker daemon.debug pppd[637]: Script chat -v -f /etc/ppp/chatscripts/megafon-connect finished (pid 739), status = 0x3
Jan  1 03:14:19 indigo-tracker daemon.err pppd[637]: Connect script failed
Jan  1 03:14:20 indigo-tracker local2.info chat[744]: abort on (BUSY)
Jan  1 03:14:20 indigo-tracker local2.info chat[744]: abort on (ERROR)
Jan  1 03:14:20 indigo-tracker local2.info chat[744]: abort on (UNDER-VOLTAGE WARNNING)
Jan  1 03:14:20 indigo-tracker local2.info chat[744]: send (ATZ^M)
Jan  1 03:14:20 indigo-tracker local2.info chat[744]: timeout set to 12 seconds
Jan  1 03:14:20 indigo-tracker local2.info chat[744]: expect (OK)
Jan  1 03:14:20 indigo-tracker local2.info chat[744]: ATZ^M^M
Jan  1 03:14:20 indigo-tracker local2.info chat[744]: OK
Jan  1 03:14:20 indigo-tracker local2.info chat[744]:  -- got it
Jan  1 03:14:20 indigo-tracker local2.info chat[744]: send (AT+CGDCONT=1,"IP","internet"^M)
Jan  1 03:14:21 indigo-tracker local2.info chat[744]: timeout set to 45 seconds
Jan  1 03:14:21 indigo-tracker local2.info chat[744]: expect (OK)
Jan  1 03:14:21 indigo-tracker local2.info chat[744]: ^M
Jan  1 03:14:21 indigo-tracker local2.info chat[744]: AT+CGDCONT=1,"IP","internet"^M^M
Jan  1 03:14:21 indigo-tracker local2.info chat[744]: OK
Jan  1 03:14:21 indigo-tracker local2.info chat[744]:  -- got it
Jan  1 03:14:21 indigo-tracker local2.info chat[744]: send (ATD*99#^M)
Jan  1 03:14:21 indigo-tracker local2.info chat[744]: expect (CONNECT)
Jan  1 03:14:21 indigo-tracker local2.info chat[744]: ^M
Jan  1 03:15:01 indigo-tracker cron.info crond[478]: crond: USER root pid 745 cmd /etc/cron/check_ntp
Jan  1 03:15:01 indigo-tracker cron.info crond[478]: crond: USER root pid 746 cmd /etc/cron/check_updates.sh
Jan  1 03:15:01 indigo-tracker user.notice root: Current time is not valid
Jan  1 03:15:06 indigo-tracker local2.info chat[744]: alarm
Jan  1 03:15:06 indigo-tracker local2.info chat[744]: Failed
Jan  1 03:15:06 indigo-tracker daemon.debug pppd[637]: Script chat -v -f /etc/ppp/chatscripts/megafon-connect finished (pid 743), status = 0x3
Jan  1 03:15:06 indigo-tracker daemon.err pppd[637]: Connect script failed
Jan  1 03:15:07 indigo-tracker local2.info chat[753]: abort on (BUSY)
Jan  1 03:15:07 indigo-tracker local2.info chat[753]: abort on (ERROR)
Jan  1 03:15:07 indigo-tracker local2.info chat[753]: abort on (UNDER-VOLTAGE WARNNING)
Jan  1 03:15:07 indigo-tracker local2.info chat[753]: send (ATZ^M)
Jan  1 03:15:07 indigo-tracker local2.info chat[753]: timeout set to 12 seconds
Jan  1 03:15:07 indigo-tracker local2.info chat[753]: expect (OK)
Jan  1 03:15:07 indigo-tracker local2.info chat[753]: ATZ^M^M
Jan  1 03:15:07 indigo-tracker local2.info chat[753]: OK
Jan  1 03:15:07 indigo-tracker local2.info chat[753]:  -- got it
Jan  1 03:15:07 indigo-tracker local2.info chat[753]: send (AT+CGDCONT=1,"IP","internet"^M)
Jan  1 03:15:08 indigo-tracker local2.info chat[753]: timeout set to 45 seconds
Jan  1 03:15:08 indigo-tracker local2.info chat[753]: expect (OK)
Jan  1 03:15:08 indigo-tracker local2.info chat[753]: ^M
Jan  1 03:15:08 indigo-tracker local2.info chat[753]: AT+CGDCONT=1,"IP","internet"^M^M
Jan  1 03:15:08 indigo-tracker local2.info chat[753]: OK
Jan  1 03:15:08 indigo-tracker local2.info chat[753]:  -- got it
Jan  1 03:15:08 indigo-tracker local2.info chat[753]: send (ATD*99#^M)
Jan  1 03:15:08 indigo-tracker local2.info chat[753]: expect (CONNECT)
Jan  1 03:15:08 indigo-tracker local2.info chat[753]: ^M
Jan  1 03:15:53 indigo-tracker local2.info chat[753]: alarm
Jan  1 03:15:53 indigo-tracker local2.info chat[753]: Failed
Jan  1 03:15:53 indigo-tracker daemon.debug pppd[637]: Script chat -v -f /etc/ppp/chatscripts/megafon-connect finished (pid 752), status = 0x3
Jan  1 03:15:53 indigo-tracker daemon.err pppd[637]: Connect script failed
Jan  1 03:15:54 indigo-tracker local2.info chat[755]: abort on (BUSY)
Jan  1 03:15:54 indigo-tracker local2.info chat[755]: abort on (ERROR)
Jan  1 03:15:54 indigo-tracker local2.info chat[755]: abort on (UNDER-VOLTAGE WARNNING)
Jan  1 03:15:54 indigo-tracker local2.info chat[755]: send (ATZ^M)
Jan  1 03:15:54 indigo-tracker local2.info chat[755]: timeout set to 12 seconds
Jan  1 03:15:54 indigo-tracker local2.info chat[755]: expect (OK)
Jan  1 03:15:54 indigo-tracker local2.info chat[755]: ATZ^M^M
Jan  1 03:15:54 indigo-tracker local2.info chat[755]: OK
Jan  1 03:15:54 indigo-tracker local2.info chat[755]:  -- got it
Jan  1 03:15:54 indigo-tracker local2.info chat[755]: send (AT+CGDCONT=1,"IP","internet"^M)
Jan  1 03:15:55 indigo-tracker local2.info chat[755]: timeout set to 45 seconds
Jan  1 03:15:55 indigo-tracker local2.info chat[755]: expect (OK)
Jan  1 03:15:55 indigo-tracker local2.info chat[755]: ^M
Jan  1 03:15:55 indigo-tracker local2.info chat[755]: AT+CGDCONT=1,"IP","internet"^M^M
Jan  1 03:15:55 indigo-tracker local2.info chat[755]: OK
Jan  1 03:15:55 indigo-tracker local2.info chat[755]:  -- got it
Jan  1 03:15:55 indigo-tracker local2.info chat[755]: send (ATD*99#^M)
Jan  1 03:15:55 indigo-tracker local2.info chat[755]: expect (CONNECT)
Jan  1 03:15:55 indigo-tracker local2.info chat[755]: ^M
Jan  1 03:16:01 indigo-tracker cron.info crond[478]: crond: USER root pid 756 cmd /etc/cron/check_updates.sh
Jan  1 03:16:40 indigo-tracker local2.info chat[755]: alarm
Jan  1 03:16:40 indigo-tracker local2.info chat[755]: Failed
Jan  1 03:16:40 indigo-tracker daemon.debug pppd[637]: Script chat -v -f /etc/ppp/chatscripts/megafon-connect finished (pid 754), status = 0x3
Jan  1 03:16:40 indigo-tracker daemon.err pppd[637]: Connect script failed
Jan  1 03:16:41 indigo-tracker local2.info chat[759]: abort on (BUSY)
Jan  1 03:16:41 indigo-tracker local2.info chat[759]: abort on (ERROR)
Jan  1 03:16:41 indigo-tracker local2.info chat[759]: abort on (UNDER-VOLTAGE WARNNING)
Jan  1 03:16:41 indigo-tracker local2.info chat[759]: send (ATZ^M)
Jan  1 03:16:41 indigo-tracker local2.info chat[759]: timeout set to 12 seconds
Jan  1 03:16:41 indigo-tracker local2.info chat[759]: expect (OK)
Jan  1 03:16:41 indigo-tracker local2.info chat[759]: ATZ^M^M
Jan  1 03:16:41 indigo-tracker local2.info chat[759]: OK
Jan  1 03:16:41 indigo-tracker local2.info chat[759]:  -- got it
Jan  1 03:16:41 indigo-tracker local2.info chat[759]: send (AT+CGDCONT=1,"IP","internet"^M)
Jan  1 03:16:42 indigo-tracker local2.info chat[759]: timeout set to 45 seconds
Jan  1 03:16:42 indigo-tracker local2.info chat[759]: expect (OK)
Jan  1 03:16:42 indigo-tracker local2.info chat[759]: ^M
Jan  1 03:16:42 indigo-tracker local2.info chat[759]: AT+CGDCONT=1,"IP","internet"^M^M
Jan  1 03:16:42 indigo-tracker local2.info chat[759]: OK
Jan  1 03:16:42 indigo-tracker local2.info chat[759]:  -- got it
Jan  1 03:16:42 indigo-tracker local2.info chat[759]: send (ATD*99#^M)
Jan  1 03:16:42 indigo-tracker local2.info chat[759]: expect (CONNECT)
Jan  1 03:16:42 indigo-tracker local2.info chat[759]: ^M
Jan  1 03:17:01 indigo-tracker cron.info crond[478]: crond: USER root pid 760 cmd /etc/cron/check_updates.sh
Jan  1 03:17:27 indigo-tracker local2.info chat[759]: alarm
Jan  1 03:17:27 indigo-tracker local2.info chat[759]: Failed
Jan  1 03:17:27 indigo-tracker daemon.debug pppd[637]: Script chat -v -f /etc/ppp/chatscripts/megafon-connect finished (pid 758), status = 0x3
Jan  1 03:17:27 indigo-tracker daemon.err pppd[637]: Connect script failed
Jan  1 03:17:28 indigo-tracker local2.info chat[763]: abort on (BUSY)
Jan  1 03:17:28 indigo-tracker local2.info chat[763]: abort on (ERROR)
Jan  1 03:17:28 indigo-tracker local2.info chat[763]: abort on (UNDER-VOLTAGE WARNNING)
Jan  1 03:17:28 indigo-tracker local2.info chat[763]: send (ATZ^M)
Jan  1 03:17:28 indigo-tracker local2.info chat[763]: timeout set to 12 seconds
Jan  1 03:17:28 indigo-tracker local2.info chat[763]: expect (OK)
Jan  1 03:17:29 indigo-tracker local2.info chat[763]: ATZ^M^M
Jan  1 03:17:29 indigo-tracker local2.info chat[763]: OK
Jan  1 03:17:29 indigo-tracker local2.info chat[763]:  -- got it
Jan  1 03:17:29 indigo-tracker local2.info chat[763]: send (AT+CGDCONT=1,"IP","internet"^M)
Jan  1 03:17:29 indigo-tracker local2.info chat[763]: timeout set to 45 seconds
Jan  1 03:17:29 indigo-tracker local2.info chat[763]: expect (OK)
Jan  1 03:17:29 indigo-tracker local2.info chat[763]: ^M
Jan  1 03:17:29 indigo-tracker local2.info chat[763]: AT+CGDCONT=1,"IP","internet"^M^M
Jan  1 03:17:29 indigo-tracker local2.info chat[763]: OK
Jan  1 03:17:29 indigo-tracker local2.info chat[763]:  -- got it
Jan  1 03:17:29 indigo-tracker local2.info chat[763]: send (ATD*99#^M)
Jan  1 03:17:29 indigo-tracker local2.info chat[763]: expect (CONNECT)
Jan  1 03:17:29 indigo-tracker local2.info chat[763]: ^M
Jan  1 03:18:01 indigo-tracker cron.info crond[478]: crond: USER root pid 764 cmd /etc/cron/check_updates.sh
Jan  1 03:18:14 indigo-tracker local2.info chat[763]: alarm
Jan  1 03:18:14 indigo-tracker local2.info chat[763]: Failed
Jan  1 03:18:14 indigo-tracker daemon.debug pppd[637]: Script chat -v -f /etc/ppp/chatscripts/megafon-connect finished (pid 762), status = 0x3
Jan  1 03:18:14 indigo-tracker daemon.err pppd[637]: Connect script failed
Jan  1 03:18:15 indigo-tracker local2.info chat[767]: abort on (BUSY)
Jan  1 03:18:15 indigo-tracker local2.info chat[767]: abort on (ERROR)
Jan  1 03:18:15 indigo-tracker local2.info chat[767]: abort on (UNDER-VOLTAGE WARNNING)
Jan  1 03:18:15 indigo-tracker local2.info chat[767]: send (ATZ^M)
Jan  1 03:18:15 indigo-tracker local2.info chat[767]: timeout set to 12 seconds
Jan  1 03:18:15 indigo-tracker local2.info chat[767]: expect (OK)
Jan  1 03:18:16 indigo-tracker local2.info chat[767]: ATZ^M^M
Jan  1 03:18:16 indigo-tracker local2.info chat[767]: OK
Jan  1 03:18:16 indigo-tracker local2.info chat[767]:  -- got it
Jan  1 03:18:16 indigo-tracker local2.info chat[767]: send (AT+CGDCONT=1,"IP","internet"^M)
Jan  1 03:18:16 indigo-tracker local2.info chat[767]: timeout set to 45 seconds
Jan  1 03:18:16 indigo-tracker local2.info chat[767]: expect (OK)
Jan  1 03:18:16 indigo-tracker local2.info chat[767]: ^M
Jan  1 03:18:16 indigo-tracker local2.info chat[767]: AT+CGDCONT=1,"IP","internet"^M^M
Jan  1 03:18:16 indigo-tracker local2.info chat[767]: OK
Jan  1 03:18:16 indigo-tracker local2.info chat[767]:  -- got it
Jan  1 03:18:16 indigo-tracker local2.info chat[767]: send (ATD*99#^M)
Jan  1 03:18:16 indigo-tracker local2.info chat[767]: expect (CONNECT)
Jan  1 03:18:16 indigo-tracker local2.info chat[767]: ^M
Jan  1 03:19:01 indigo-tracker cron.info crond[478]: crond: USER root pid 768 cmd /etc/cron/check_updates.sh
Jan  1 03:19:01 indigo-tracker local2.info chat[767]: alarm
Jan  1 03:19:01 indigo-tracker local2.info chat[767]: Failed
Jan  1 03:19:01 indigo-tracker daemon.debug pppd[637]: Script chat -v -f /etc/ppp/chatscripts/megafon-connect finished (pid 766), status = 0x3
Jan  1 03:19:01 indigo-tracker daemon.err pppd[637]: Connect script failed
Jan  1 03:19:02 indigo-tracker local2.info chat[771]: abort on (BUSY)
Jan  1 03:19:02 indigo-tracker local2.info chat[771]: abort on (ERROR)
Jan  1 03:19:02 indigo-tracker local2.info chat[771]: abort on (UNDER-VOLTAGE WARNNING)
Jan  1 03:19:02 indigo-tracker local2.info chat[771]: send (ATZ^M)
Jan  1 03:19:03 indigo-tracker local2.info chat[771]: timeout set to 12 seconds
Jan  1 03:19:03 indigo-tracker local2.info chat[771]: expect (OK)
Jan  1 03:19:03 indigo-tracker local2.info chat[771]: ATZ^M^M
Jan  1 03:19:03 indigo-tracker local2.info chat[771]: OK
Jan  1 03:19:03 indigo-tracker local2.info chat[771]:  -- got it
Jan  1 03:19:03 indigo-tracker local2.info chat[771]: send (AT+CGDCONT=1,"IP","internet"^M)
Jan  1 03:19:03 indigo-tracker local2.info chat[771]: timeout set to 45 seconds
Jan  1 03:19:03 indigo-tracker local2.info chat[771]: expect (OK)
Jan  1 03:19:03 indigo-tracker local2.info chat[771]: ^M
Jan  1 03:19:03 indigo-tracker local2.info chat[771]: AT+CGDCONT=1,"IP","internet"^M^M
Jan  1 03:19:03 indigo-tracker local2.info chat[771]: OK
Jan  1 03:19:03 indigo-tracker local2.info chat[771]:  -- got it
Jan  1 03:19:03 indigo-tracker local2.info chat[771]: send (ATD*99#^M)
Jan  1 03:19:03 indigo-tracker local2.info chat[771]: expect (CONNECT)
Jan  1 03:19:03 indigo-tracker local2.info chat[771]: ^M
Jan  1 03:19:48 indigo-tracker local2.info chat[771]: alarm
Jan  1 03:19:48 indigo-tracker local2.info chat[771]: Failed
Jan  1 03:19:48 indigo-tracker daemon.debug pppd[637]: Script chat -v -f /etc/ppp/chatscripts/megafon-connect finished (pid 770), status = 0x3
Jan  1 03:19:48 indigo-tracker daemon.err pppd[637]: Connect script failed
Jan  1 03:19:49 indigo-tracker local2.info chat[773]: abort on (BUSY)
Jan  1 03:19:49 indigo-tracker local2.info chat[773]: abort on (ERROR)
Jan  1 03:19:49 indigo-tracker local2.info chat[773]: abort on (UNDER-VOLTAGE WARNNING)
Jan  1 03:19:49 indigo-tracker local2.info chat[773]: send (ATZ^M)
Jan  1 03:19:50 indigo-tracker local2.info chat[773]: timeout set to 12 seconds
Jan  1 03:19:50 indigo-tracker local2.info chat[773]: expect (OK)
Jan  1 03:19:50 indigo-tracker local2.info chat[773]: ATZ^M^M
Jan  1 03:19:50 indigo-tracker local2.info chat[773]: OK
Jan  1 03:19:50 indigo-tracker local2.info chat[773]:  -- got it
Jan  1 03:19:50 indigo-tracker local2.info chat[773]: send (AT+CGDCONT=1,"IP","internet"^M)
Jan  1 03:19:50 indigo-tracker local2.info chat[773]: timeout set to 45 seconds
Jan  1 03:19:50 indigo-tracker local2.info chat[773]: expect (OK)
Jan  1 03:19:50 indigo-tracker local2.info chat[773]: ^M
Jan  1 03:19:50 indigo-tracker local2.info chat[773]: AT+CGDCONT=1,"IP","internet"^M^M
Jan  1 03:19:50 indigo-tracker local2.info chat[773]: OK
Jan  1 03:19:50 indigo-tracker local2.info chat[773]:  -- got it
Jan  1 03:19:50 indigo-tracker local2.info chat[773]: send (ATD*99#^M)
Jan  1 03:19:50 indigo-tracker local2.info chat[773]: expect (CONNECT)
Jan  1 03:19:50 indigo-tracker local2.info chat[773]: ^M
Jan  1 03:20:01 indigo-tracker cron.info crond[478]: crond: USER root pid 774 cmd /etc/cron/check_updates.sh
Jan  1 03:20:35 indigo-tracker local2.info chat[773]: alarm
Jan  1 03:20:35 indigo-tracker local2.info chat[773]: Failed
Jan  1 03:20:35 indigo-tracker daemon.debug pppd[637]: Script chat -v -f /etc/ppp/chatscripts/megafon-connect finished (pid 772), status = 0x3
Jan  1 03:20:35 indigo-tracker daemon.err pppd[637]: Connect script failed
Jan  1 03:20:36 indigo-tracker local2.info chat[777]: abort on (BUSY)
Jan  1 03:20:36 indigo-tracker local2.info chat[777]: abort on (ERROR)
Jan  1 03:20:36 indigo-tracker local2.info chat[777]: abort on (UNDER-VOLTAGE WARNNING)
Jan  1 03:20:36 indigo-tracker local2.info chat[777]: send (ATZ^M)
Jan  1 03:20:37 indigo-tracker local2.info chat[777]: timeout set to 12 seconds
Jan  1 03:20:37 indigo-tracker local2.info chat[777]: expect (OK)
Jan  1 03:20:37 indigo-tracker local2.info chat[777]: ATZ^M^M
Jan  1 03:20:37 indigo-tracker local2.info chat[777]: OK
Jan  1 03:20:37 indigo-tracker local2.info chat[777]:  -- got it
Jan  1 03:20:37 indigo-tracker local2.info chat[777]: send (AT+CGDCONT=1,"IP","internet"^M)
Jan  1 03:20:37 indigo-tracker local2.info chat[777]: timeout set to 45 seconds
Jan  1 03:20:37 indigo-tracker local2.info chat[777]: expect (OK)
Jan  1 03:20:37 indigo-tracker local2.info chat[777]: ^M
Jan  1 03:20:37 indigo-tracker local2.info chat[777]: AT+CGDCONT=1,"IP","internet"^M^M
Jan  1 03:20:37 indigo-tracker local2.info chat[777]: OK
Jan  1 03:20:37 indigo-tracker local2.info chat[777]:  -- got it
Jan  1 03:20:37 indigo-tracker local2.info chat[777]: send (ATD*99#^M)
Jan  1 03:20:37 indigo-tracker local2.info chat[777]: expect (CONNECT)
Jan  1 03:20:37 indigo-tracker local2.info chat[777]: ^M
Jan  1 03:21:01 indigo-tracker cron.info crond[478]: crond: USER root pid 779 cmd /etc/cron/check_updates.sh
Jan  1 03:21:22 indigo-tracker local2.info chat[777]: alarm
Jan  1 03:21:22 indigo-tracker local2.info chat[777]: Failed
Jan  1 03:21:22 indigo-tracker daemon.debug pppd[637]: Script chat -v -f /etc/ppp/chatscripts/megafon-connect finished (pid 776), status = 0x3
Jan  1 03:21:22 indigo-tracker daemon.err pppd[637]: Connect script failed
Jan  1 03:21:24 indigo-tracker local2.info chat[782]: abort on (BUSY)
Jan  1 03:21:24 indigo-tracker local2.info chat[782]: abort on (ERROR)
Jan  1 03:21:24 indigo-tracker local2.info chat[782]: abort on (UNDER-VOLTAGE WARNNING)
Jan  1 03:21:24 indigo-tracker local2.info chat[782]: send (ATZ^M)
Jan  1 03:21:24 indigo-tracker local2.info chat[782]: timeout set to 12 seconds
Jan  1 03:21:24 indigo-tracker local2.info chat[782]: expect (OK)
Jan  1 03:21:24 indigo-tracker local2.info chat[782]: ATZ^M^M
Jan  1 03:21:24 indigo-tracker local2.info chat[782]: OK
Jan  1 03:21:24 indigo-tracker local2.info chat[782]:  -- got it
Jan  1 03:21:24 indigo-tracker local2.info chat[782]: send (AT+CGDCONT=1,"IP","internet"^M)
Jan  1 03:21:24 indigo-tracker local2.info chat[782]: timeout set to 45 seconds
Jan  1 03:21:24 indigo-tracker local2.info chat[782]: expect (OK)
Jan  1 03:21:24 indigo-tracker local2.info chat[782]: ^M
Jan  1 03:21:24 indigo-tracker local2.info chat[782]: AT+CGDCONT=1,"IP","internet"^M^M
Jan  1 03:21:24 indigo-tracker local2.info chat[782]: OK
Jan  1 03:21:24 indigo-tracker local2.info chat[782]:  -- got it
Jan  1 03:21:24 indigo-tracker local2.info chat[782]: send (ATD*99#^M)
Jan  1 03:21:24 indigo-tracker local2.info chat[782]: expect (CONNECT)
Jan  1 03:21:24 indigo-tracker local2.info chat[782]: ^M
Jan  1 03:22:01 indigo-tracker cron.info crond[478]: crond: USER root pid 783 cmd /etc/cron/check_updates.sh
Jan  1 03:22:09 indigo-tracker local2.info chat[782]: alarm
Jan  1 03:22:09 indigo-tracker local2.info chat[782]: Failed
Jan  1 03:22:09 indigo-tracker daemon.debug pppd[637]: Script chat -v -f /etc/ppp/chatscripts/megafon-connect finished (pid 781), status = 0x3
Jan  1 03:22:09 indigo-tracker daemon.err pppd[637]: Connect script failed
Jan  1 03:22:11 indigo-tracker local2.info chat[786]: abort on (BUSY)
Jan  1 03:22:11 indigo-tracker local2.info chat[786]: abort on (ERROR)
Jan  1 03:22:11 indigo-tracker local2.info chat[786]: abort on (UNDER-VOLTAGE WARNNING)
Jan  1 03:22:11 indigo-tracker local2.info chat[786]: send (ATZ^M)
Jan  1 03:22:11 indigo-tracker local2.info chat[786]: timeout set to 12 seconds
Jan  1 03:22:11 indigo-tracker local2.info chat[786]: expect (OK)
Jan  1 03:22:11 indigo-tracker local2.info chat[786]: ATZ^M^M
Jan  1 03:22:11 indigo-tracker local2.info chat[786]: OK
Jan  1 03:22:11 indigo-tracker local2.info chat[786]:  -- got it
Jan  1 03:22:11 indigo-tracker local2.info chat[786]: send (AT+CGDCONT=1,"IP","internet"^M)
Jan  1 03:22:11 indigo-tracker local2.info chat[786]: timeout set to 45 seconds
Jan  1 03:22:11 indigo-tracker local2.info chat[786]: expect (OK)
Jan  1 03:22:11 indigo-tracker local2.info chat[786]: ^M
Jan  1 03:22:11 indigo-tracker local2.info chat[786]: AT+CGDCONT=1,"IP","internet"^M^M
Jan  1 03:22:11 indigo-tracker local2.info chat[786]: OK
Jan  1 03:22:11 indigo-tracker local2.info chat[786]:  -- got it
Jan  1 03:22:11 indigo-tracker local2.info chat[786]: send (ATD*99#^M)
Jan  1 03:22:11 indigo-tracker local2.info chat[786]: expect (CONNECT)
Jan  1 03:22:11 indigo-tracker local2.info chat[786]: ^M
Jan  1 03:22:56 indigo-tracker local2.info chat[786]: alarm
Jan  1 03:22:56 indigo-tracker local2.info chat[786]: Failed
Jan  1 03:22:56 indigo-tracker daemon.debug pppd[637]: Script chat -v -f /etc/ppp/chatscripts/megafon-connect finished (pid 785), status = 0x3
Jan  1 03:22:56 indigo-tracker daemon.err pppd[637]: Connect script failed
Jan  1 03:22:58 indigo-tracker local2.info chat[788]: abort on (BUSY)
Jan  1 03:22:58 indigo-tracker local2.info chat[788]: abort on (ERROR)
Jan  1 03:22:58 indigo-tracker local2.info chat[788]: abort on (UNDER-VOLTAGE WARNNING)
Jan  1 03:22:58 indigo-tracker local2.info chat[788]: send (ATZ^M)
Jan  1 03:22:58 indigo-tracker local2.info chat[788]: timeout set to 12 seconds
Jan  1 03:22:58 indigo-tracker local2.info chat[788]: expect (OK)
Jan  1 03:22:58 indigo-tracker local2.info chat[788]: ATZ^M^M
Jan  1 03:22:58 indigo-tracker local2.info chat[788]: OK
Jan  1 03:22:58 indigo-tracker local2.info chat[788]:  -- got it
Jan  1 03:22:58 indigo-tracker local2.info chat[788]: send (AT+CGDCONT=1,"IP","internet"^M)
Jan  1 03:22:58 indigo-tracker local2.info chat[788]: timeout set to 45 seconds
Jan  1 03:22:58 indigo-tracker local2.info chat[788]: expect (OK)
Jan  1 03:22:58 indigo-tracker local2.info chat[788]: ^M
Jan  1 03:22:58 indigo-tracker local2.info chat[788]: AT+CGDCONT=1,"IP","internet"^M^M
Jan  1 03:22:58 indigo-tracker local2.info chat[788]: OK
Jan  1 03:22:58 indigo-tracker local2.info chat[788]:  -- got it
Jan  1 03:22:58 indigo-tracker local2.info chat[788]: send (ATD*99#^M)
Jan  1 03:22:58 indigo-tracker local2.info chat[788]: expect (CONNECT)
Jan  1 03:22:58 indigo-tracker local2.info chat[788]: ^M
Jan  1 03:23:01 indigo-tracker cron.info crond[478]: crond: USER root pid 789 cmd /etc/cron/check_updates.sh
Jan  1 03:23:43 indigo-tracker local2.info chat[788]: alarm
Jan  1 03:23:43 indigo-tracker local2.info chat[788]: Failed
Jan  1 03:23:44 indigo-tracker daemon.debug pppd[637]: Script chat -v -f /etc/ppp/chatscripts/megafon-connect finished (pid 787), status = 0x3
Jan  1 03:23:44 indigo-tracker daemon.err pppd[637]: Connect script failed
Jan  1 03:23:45 indigo-tracker local2.info chat[792]: abort on (BUSY)
Jan  1 03:23:45 indigo-tracker local2.info chat[792]: abort on (ERROR)
Jan  1 03:23:45 indigo-tracker local2.info chat[792]: abort on (UNDER-VOLTAGE WARNNING)
Jan  1 03:23:45 indigo-tracker local2.info chat[792]: send (ATZ^M)
Jan  1 03:23:45 indigo-tracker local2.info chat[792]: timeout set to 12 seconds
Jan  1 03:23:45 indigo-tracker local2.info chat[792]: expect (OK)
Jan  1 03:23:45 indigo-tracker local2.info chat[792]: ATZ^M^M
Jan  1 03:23:45 indigo-tracker local2.info chat[792]: OK
Jan  1 03:23:45 indigo-tracker local2.info chat[792]:  -- got it
Jan  1 03:23:45 indigo-tracker local2.info chat[792]: send (AT+CGDCONT=1,"IP","internet"^M)
Jan  1 03:23:45 indigo-tracker local2.info chat[792]: timeout set to 45 seconds
Jan  1 03:23:45 indigo-tracker local2.info chat[792]: expect (OK)
Jan  1 03:23:45 indigo-tracker local2.info chat[792]: ^M
Jan  1 03:23:45 indigo-tracker local2.info chat[792]: AT+CGDCONT=1,"IP","internet"^M^M
Jan  1 03:23:45 indigo-tracker local2.info chat[792]: OK
Jan  1 03:23:45 indigo-tracker local2.info chat[792]:  -- got it
Jan  1 03:23:45 indigo-tracker local2.info chat[792]: send (ATD*99#^M)
Jan  1 03:23:46 indigo-tracker local2.info chat[792]: expect (CONNECT)
Jan  1 03:23:46 indigo-tracker local2.info chat[792]: ^M
Jan  1 03:24:01 indigo-tracker cron.info crond[478]: crond: USER root pid 793 cmd /etc/cron/check_updates.sh
Jan  1 03:24:31 indigo-tracker local2.info chat[792]: alarm
Jan  1 03:24:31 indigo-tracker local2.info chat[792]: Failed
Jan  1 03:24:31 indigo-tracker daemon.debug pppd[637]: Script chat -v -f /etc/ppp/chatscripts/megafon-connect finished (pid 791), status = 0x3
Jan  1 03:24:31 indigo-tracker daemon.err pppd[637]: Connect script failed
Jan  1 03:24:32 indigo-tracker local2.info chat[796]: abort on (BUSY)
Jan  1 03:24:32 indigo-tracker local2.info chat[796]: abort on (ERROR)
Jan  1 03:24:32 indigo-tracker local2.info chat[796]: abort on (UNDER-VOLTAGE WARNNING)
Jan  1 03:24:32 indigo-tracker local2.info chat[796]: send (ATZ^M)
Jan  1 03:24:32 indigo-tracker local2.info chat[796]: timeout set to 12 seconds
Jan  1 03:24:32 indigo-tracker local2.info chat[796]: expect (OK)
Jan  1 03:24:32 indigo-tracker local2.info chat[796]: ATZ^M^M
Jan  1 03:24:32 indigo-tracker local2.info chat[796]: OK
Jan  1 03:24:32 indigo-tracker local2.info chat[796]:  -- got it
Jan  1 03:24:32 indigo-tracker local2.info chat[796]: send (AT+CGDCONT=1,"IP","internet"^M)
Jan  1 03:24:32 indigo-tracker local2.info chat[796]: timeout set to 45 seconds
Jan  1 03:24:32 indigo-tracker local2.info chat[796]: expect (OK)
Jan  1 03:24:32 indigo-tracker local2.info chat[796]: ^M
Jan  1 03:24:32 indigo-tracker local2.info chat[796]: AT+CGDCONT=1,"IP","internet"^M^M
Jan  1 03:24:32 indigo-tracker local2.info chat[796]: OK
Jan  1 03:24:32 indigo-tracker local2.info chat[796]:  -- got it
Jan  1 03:24:32 indigo-tracker local2.info chat[796]: send (ATD*99#^M)
Jan  1 03:24:33 indigo-tracker local2.info chat[796]: expect (CONNECT)
Jan  1 03:24:33 indigo-tracker local2.info chat[796]: ^M
Jan  1 03:25:01 indigo-tracker cron.info crond[478]: crond: USER root pid 797 cmd /etc/cron/check_updates.sh
Jan  1 03:25:18 indigo-tracker local2.info chat[796]: alarm
Jan  1 03:25:18 indigo-tracker local2.info chat[796]: Failed
Jan  1 03:25:18 indigo-tracker daemon.debug pppd[637]: Script chat -v -f /etc/ppp/chatscripts/megafon-connect finished (pid 795), status = 0x3
Jan  1 03:25:18 indigo-tracker daemon.err pppd[637]: Connect script failed
Jan  1 03:25:19 indigo-tracker local2.info chat[802]: abort on (BUSY)
Jan  1 03:25:19 indigo-tracker local2.info chat[802]: abort on (ERROR)
Jan  1 03:25:19 indigo-tracker local2.info chat[802]: abort on (UNDER-VOLTAGE WARNNING)
Jan  1 03:25:19 indigo-tracker local2.info chat[802]: send (ATZ^M)
Jan  1 03:25:19 indigo-tracker local2.info chat[802]: timeout set to 12 seconds
Jan  1 03:25:19 indigo-tracker local2.info chat[802]: expect (OK)
Jan  1 03:25:19 indigo-tracker local2.info chat[802]: ATZ^M^M
Jan  1 03:25:19 indigo-tracker local2.info chat[802]: OK
Jan  1 03:25:19 indigo-tracker local2.info chat[802]:  -- got it
Jan  1 03:25:19 indigo-tracker local2.info chat[802]: send (AT+CGDCONT=1,"IP","internet"^M)
Jan  1 03:25:19 indigo-tracker local2.info chat[802]: timeout set to 45 seconds
Jan  1 03:25:19 indigo-tracker local2.info chat[802]: expect (OK)
Jan  1 03:25:19 indigo-tracker local2.info chat[802]: ^M
Jan  1 03:25:19 indigo-tracker local2.info chat[802]: AT+CGDCONT=1,"IP","internet"^M^M
Jan  1 03:25:19 indigo-tracker local2.info chat[802]: OK
Jan  1 03:25:19 indigo-tracker local2.info chat[802]:  -- got it
Jan  1 03:25:19 indigo-tracker local2.info chat[802]: send (ATD*99#^M)
Jan  1 03:25:20 indigo-tracker local2.info chat[802]: expect (CONNECT)
Jan  1 03:25:20 indigo-tracker local2.info chat[802]: ^M
Jan  1 03:02:06 indigo-tracker syslog.info syslogd started: BusyBox v1.18.3
Jan  1 03:02:06 indigo-tracker user.notice kernel: Linux version 2.6.38+ (yury@debian-dev-vm) (gcc version 4.4.5 (indigo-ct-ng) ) #60 Wed Sep 21 16:51:48 MSD 2011
Jan  1 03:02:06 indigo-tracker user.warn kernel: CPU: ARM926EJ-S [41069265] revision 5 (ARMv5TEJ), cr=00053177
Jan  1 03:02:06 indigo-tracker user.warn kernel: CPU: VIVT data cache, VIVT instruction cache
Jan  1 03:02:06 indigo-tracker user.warn kernel: Machine: Indigo AT91SAM9260-SK
Jan  1 03:02:06 indigo-tracker user.warn kernel: Memory policy: ECC disabled, Data cache writeback
Jan  1 03:02:06 indigo-tracker user.warn kernel: Clocks: CPU 196 MHz, master 98 MHz, main 12.000 MHz
Jan  1 03:02:06 indigo-tracker user.debug kernel: On node 0 totalpages: 16384
Jan  1 03:02:06 indigo-tracker user.debug kernel: free_area_init_node: node 0, pgdat c0369484, node_mem_map c037b000
Jan  1 03:02:06 indigo-tracker user.debug kernel:   Normal zone: 128 pages used for memmap
Jan  1 03:02:06 indigo-tracker user.debug kernel:   Normal zone: 0 pages reserved
Jan  1 03:02:06 indigo-tracker user.debug kernel:   Normal zone: 16256 pages, LIFO batch:3
Jan  1 03:02:06 indigo-tracker user.debug kernel: pcpu-alloc: s0 r0 d32768 u32768 alloc=1*32768
Jan  1 03:02:06 indigo-tracker user.debug kernel: pcpu-alloc: [0] 0 
Jan  1 03:02:06 indigo-tracker user.warn kernel: Built 1 zonelists in Zone order, mobility grouping on.  Total pages: 16256
Jan  1 03:02:06 indigo-tracker user.notice kernel: Kernel command line: console=ttyS0,115200=mem=64M root=/dev/mtdblock3
Jan  1 03:02:06 indigo-tracker user.info kernel: PID hash table entries: 256 (order: -2, 1024 bytes)
Jan  1 03:02:06 indigo-tracker user.info kernel: Dentry cache hash table entries: 8192 (order: 3, 32768 bytes)
Jan  1 03:02:06 indigo-tracker user.info kernel: Inode-cache hash table entries: 4096 (order: 2, 16384 bytes)
Jan  1 03:02:06 indigo-tracker user.info kernel: Memory: 64MB = 64MB total
Jan  1 03:02:06 indigo-tracker user.notice kernel: Memory: 61364k/61364k available, 4172k reserved, 0K highmem
Jan  1 03:02:06 indigo-tracker user.notice kernel: Virtual kernel memory layout:
Jan  1 03:02:06 indigo-tracker user.notice kernel:     vector  : 0xffff0000 - 0xffff1000   (   4 kB)
Jan  1 03:02:06 indigo-tracker user.notice kernel:     fixmap  : 0xfff00000 - 0xfffe0000   ( 896 kB)
Jan  1 03:02:06 indigo-tracker user.notice kernel:     DMA     : 0xffc00000 - 0xffe00000   (   2 MB)
Jan  1 03:02:06 indigo-tracker user.notice kernel:     vmalloc : 0xc4800000 - 0xfee00000   ( 934 MB)
Jan  1 03:02:06 indigo-tracker user.notice kernel:     lowmem  : 0xc0000000 - 0xc4000000   (  64 MB)
Jan  1 03:02:06 indigo-tracker user.notice kernel:     modules : 0xbf000000 - 0xc0000000   (  16 MB)
Jan  1 03:02:06 indigo-tracker user.notice kernel:       .init : 0xc0008000 - 0xc0024000   ( 112 kB)
Jan  1 03:02:06 indigo-tracker user.notice kernel:       .text : 0xc0024000 - 0xc03419d4   (3191 kB)
Jan  1 03:02:06 indigo-tracker user.notice kernel:       .data : 0xc0342000 - 0xc0369c60   ( 160 kB)
Jan  1 03:02:06 indigo-tracker user.info kernel: NR_IRQS:192
Jan  1 03:02:06 indigo-tracker user.info kernel: AT91: 96 gpio irqs in 3 banks
Jan  1 03:02:06 indigo-tracker user.warn kernel: Console: colour dummy device 80x30
Jan  1 03:02:06 indigo-tracker user.info kernel: console [ttyS0] enabled
Jan  1 03:02:06 indigo-tracker user.info kernel: Calibrating delay loop... 97.89 BogoMIPS (lpj=489472)
Jan  1 03:02:06 indigo-tracker user.info kernel: pid_max: default: 32768 minimum: 301
Jan  1 03:02:06 indigo-tracker user.warn kernel: Mount-cache hash table entries: 512
Jan  1 03:02:06 indigo-tracker user.info kernel: CPU: Testing write buffer coherency: ok
Jan  1 03:02:06 indigo-tracker user.info kernel: NET: Registered protocol family 16
Jan  1 03:02:06 indigo-tracker user.warn kernel: bio: create slab <bio-0> at 0
Jan  1 03:02:06 indigo-tracker user.notice kernel: SCSI subsystem initialized
Jan  1 03:02:06 indigo-tracker user.info kernel: usbcore: registered new interface driver usbfs
Jan  1 03:02:06 indigo-tracker user.info kernel: usbcore: registered new interface driver hub
Jan  1 03:02:06 indigo-tracker user.info kernel: usbcore: registered new device driver usb
Jan  1 03:02:06 indigo-tracker user.info kernel: Advanced Linux Sound Architecture Driver Version 1.0.23.
Jan  1 03:02:06 indigo-tracker user.info kernel: Switching to clocksource pit
Jan  1 03:02:06 indigo-tracker user.info kernel: NET: Registered protocol family 2
Jan  1 03:02:06 indigo-tracker user.info kernel: IP route cache hash table entries: 1024 (order: 0, 4096 bytes)
Jan  1 03:02:06 indigo-tracker user.info kernel: TCP established hash table entries: 2048 (order: 2, 16384 bytes)
Jan  1 03:02:06 indigo-tracker user.info kernel: TCP bind hash table entries: 2048 (order: 1, 8192 bytes)
Jan  1 03:02:06 indigo-tracker user.info kernel: TCP: Hash tables configured (established 2048 bind 2048)
Jan  1 03:02:06 indigo-tracker user.info kernel: TCP reno registered
Jan  1 03:02:06 indigo-tracker user.info kernel: UDP hash table entries: 256 (order: 0, 4096 bytes)
Jan  1 03:02:06 indigo-tracker user.info kernel: UDP-Lite hash table entries: 256 (order: 0, 4096 bytes)
Jan  1 03:02:06 indigo-tracker user.info kernel: NET: Registered protocol family 1
Jan  1 03:02:06 indigo-tracker user.debug kernel: yaffs: yaffs built Sep 21 2011 13:46:29 Installing.
Jan  1 03:02:06 indigo-tracker user.info kernel: msgmni has been set to 119
Jan  1 03:02:06 indigo-tracker user.info kernel: io scheduler noop registered (default)
Jan  1 03:02:06 indigo-tracker user.info kernel: io scheduler deadline registered
Jan  1 03:02:06 indigo-tracker user.info kernel: atmel_usart.0: ttyS0 at MMIO 0xfefff200 (irq = 1) is a ATMEL_SERIAL
Jan  1 03:02:06 indigo-tracker user.info kernel: atmel_usart.1: ttyS1 at MMIO 0xfffb0000 (irq = 6) is a ATMEL_SERIAL
Jan  1 03:02:06 indigo-tracker user.info kernel: atmel_usart.2: ttyS2 at MMIO 0xfffb8000 (irq = 8) is a ATMEL_SERIAL
Jan  1 03:02:06 indigo-tracker user.debug kernel: SK-AT91SAM9XE512: SIM508 power management driver, major 135, minor 0.
Jan  1 03:02:06 indigo-tracker user.info kernel: brd: module loaded
Jan  1 03:02:06 indigo-tracker user.info kernel: loop: module loaded
Jan  1 03:02:06 indigo-tracker user.info kernel: ssc ssc.0: Atmel SSC device at 0xc4818000 (irq 14)
Jan  1 03:02:06 indigo-tracker user.info kernel: NAND device: Manufacturer ID: 0xec, Chip ID: 0xda (Samsung NAND 256MiB 3,3V 8-bit)
Jan  1 03:02:06 indigo-tracker user.info kernel: Scanning device for bad blocks
Jan  1 03:02:06 indigo-tracker user.warn kernel: Bad eraseblock 1686 at 0x00000d2c0000
Jan  1 03:02:06 indigo-tracker user.notice kernel: Creating 6 MTD partitions on "atmel_nand":
Jan  1 03:02:06 indigo-tracker user.notice kernel: 0x000000000000-0x000000020000 : "Bootstrap partition"
Jan  1 03:02:06 indigo-tracker user.notice kernel: 0x000000020000-0x000000060000 : "U-boot Partition"
Jan  1 03:02:06 indigo-tracker user.notice kernel: 0x0000000a0000-0x0000002a0000 : "Kernel Partition"
Jan  1 03:02:06 indigo-tracker user.notice kernel: 0x000000800000-0x000010000000 : "Storage Partition"
Jan  1 03:02:06 indigo-tracker user.notice kernel: 0x000000060000-0x000000080000 : "U-boot Environment"
Jan  1 03:02:06 indigo-tracker user.notice kernel: 0x000000080000-0x0000000a0000 : "U-boot Environment Backup"
Jan  1 03:02:06 indigo-tracker user.info kernel: atmel_spi atmel_spi.0: Atmel SPI Controller at 0xfffc8000 (irq 12)
Jan  1 03:02:06 indigo-tracker user.info kernel: atmel_spi atmel_spi.1: Atmel SPI Controller at 0xfffcc000 (irq 13)
Jan  1 03:02:06 indigo-tracker user.info kernel: PPP generic driver version 2.4.2
Jan  1 03:02:06 indigo-tracker user.info kernel: PPP Deflate Compression module registered
Jan  1 03:02:06 indigo-tracker user.info kernel: PPP BSD Compression module registered
Jan  1 03:02:06 indigo-tracker user.info kernel: PPP MPPE Compression module registered
Jan  1 03:02:06 indigo-tracker user.info kernel: NET: Registered protocol family 24
Jan  1 03:02:06 indigo-tracker user.info kernel: SLIP: version 0.8.4-NET3.019-NEWTTY (dynamic channels, max=256).
Jan  1 03:02:06 indigo-tracker user.info kernel: CSLIP: code copyright 1989 Regents of the University of California.
Jan  1 03:02:06 indigo-tracker user.info kernel: tun: Universal TUN/TAP device driver, 1.6
Jan  1 03:02:06 indigo-tracker user.info kernel: tun: (C) 1999-2004 Max Krasnyansky <maxk@qualcomm.com>
Jan  1 03:02:06 indigo-tracker user.info kernel: macb macb: invalid hw address, using random
Jan  1 03:02:06 indigo-tracker user.info kernel: MACB_mii_bus: probed
Jan  1 03:02:06 indigo-tracker user.info kernel: eth0: Atmel MACB at 0xfffc4000 irq 21 (26:cf:d5:8f:6a:f2)
Jan  1 03:02:06 indigo-tracker user.info kernel: eth0: attached PHY driver [Micrel KS8001 or KS8721] (mii_bus:phy_addr=ffffffff:01, irq=-1)
Jan  1 03:02:06 indigo-tracker user.info kernel: ohci_hcd: USB 1.1 'Open' Host Controller (OHCI) Driver
Jan  1 03:02:06 indigo-tracker user.info kernel: at91_ohci at91_ohci: AT91 OHCI
Jan  1 03:02:06 indigo-tracker user.info kernel: at91_ohci at91_ohci: new USB bus registered, assigned bus number 1
Jan  1 03:02:06 indigo-tracker user.info kernel: at91_ohci at91_ohci: irq 20, io mem 0x00500000
Jan  1 03:02:06 indigo-tracker user.info kernel: usb usb1: New USB device found, idVendor=1d6b, idProduct=0001
Jan  1 03:02:06 indigo-tracker user.info kernel: usb usb1: New USB device strings: Mfr=3, Product=2, SerialNumber=1
Jan  1 03:02:06 indigo-tracker user.info kernel: usb usb1: Product: AT91 OHCI
Jan  1 03:02:06 indigo-tracker user.info kernel: usb usb1: Manufacturer: Linux 2.6.38+ ohci_hcd
Jan  1 03:02:06 indigo-tracker user.info kernel: usb usb1: SerialNumber: at91
Jan  1 03:02:06 indigo-tracker user.info kernel: hub 1-0:1.0: USB hub found
Jan  1 03:02:06 indigo-tracker user.info kernel: hub 1-0:1.0: 2 ports detected
Jan  1 03:02:06 indigo-tracker user.info kernel: Initializing USB Mass Storage driver...
Jan  1 03:02:06 indigo-tracker user.info kernel: usbcore: registered new interface driver usb-storage
Jan  1 03:02:06 indigo-tracker user.info kernel: USB Mass Storage support registered.
Jan  1 03:02:06 indigo-tracker user.info kernel: rtc-at91sam9 at91_rtt.0: rtc core: registered at91_rtt as rtc0
Jan  1 03:02:06 indigo-tracker user.warn kernel: rtc-at91sam9 at91_rtt.0: rtc0: SET TIME!
Jan  1 03:02:06 indigo-tracker user.info kernel: i2c /dev entries driver
Jan  1 03:02:06 indigo-tracker user.info kernel: Linux video capture interface: v2.00
Jan  1 03:02:06 indigo-tracker user.info kernel: usbcore: registered new interface driver uvcvideo
Jan  1 03:02:06 indigo-tracker user.info kernel: USB Video Class driver (v1.0.0)
Jan  1 03:02:06 indigo-tracker user.info kernel: AT91SAM9 Watchdog enabled (heartbeat=15 sec, nowayout=0)
Jan  1 03:02:06 indigo-tracker user.info kernel: usbcore: registered new interface driver snd-usb-audio
Jan  1 03:02:06 indigo-tracker user.info kernel: ALSA device list:
Jan  1 03:02:06 indigo-tracker user.info kernel:   No soundcards found.
Jan  1 03:02:06 indigo-tracker user.info kernel: nf_conntrack version 0.5.0 (958 buckets, 3832 max)
Jan  1 03:02:06 indigo-tracker user.info kernel: ip_tables: (C) 2000-2006 Netfilter Core Team
Jan  1 03:02:06 indigo-tracker user.info kernel: TCP cubic registered
Jan  1 03:02:06 indigo-tracker user.info kernel: NET: Registered protocol family 17
Jan  1 03:02:06 indigo-tracker user.err kernel: rtc-at91sam9 at91_rtt.0: hctosys: unable to read the hardware clock
Jan  1 03:02:06 indigo-tracker user.info kernel: atmel_mci atmel_mci: Atmel MCI controller at 0xfffa8000 irq 9, 1 slots
Jan  1 03:02:06 indigo-tracker user.info kernel: yaffs: dev is 32505859 name is "mtdblock3" rw
Jan  1 03:02:06 indigo-tracker user.info kernel: yaffs: passed flags ""
Jan  1 03:02:06 indigo-tracker user.debug kernel: yaffs: yaffs: Attempting MTD mount of 31.3,"mtdblock3"
Jan  1 03:02:06 indigo-tracker user.debug kernel: yaffs: auto selecting yaffs2
Jan  1 03:02:06 indigo-tracker user.debug kernel: yaffs: block 1623 is bad
Jan  1 03:02:06 indigo-tracker user.warn kernel: mmc0: host does not support reading read-only switch. assuming write-enable.
Jan  1 03:02:06 indigo-tracker user.info kernel: mmc0: new SDHC card at address b368
Jan  1 03:02:06 indigo-tracker user.info kernel: mmcblk0: mmc0:b368 SDC   15.0 GiB 
Jan  1 03:02:06 indigo-tracker user.info kernel:  mmcblk0: p1
Jan  1 03:02:06 indigo-tracker user.debug kernel: yaffs: yaffs_read_super: is_checkpointed 0
Jan  1 03:02:06 indigo-tracker user.warn kernel: VFS: Mounted root (yaffs filesystem) on device 31:3.
Jan  1 03:02:06 indigo-tracker user.info kernel: Freeing init memory: 112K
Jan  1 03:02:06 indigo-tracker user.alert kernel: piopins: with filter
Jan  1 03:02:06 indigo-tracker user.warn kernel: piopins: system time doesn't seem to be true, will not flush anything
Jan  1 03:02:06 indigo-tracker user.info kernel: SK-AT91SAM9XE512: SIM508 GPS power OFF.
Jan  1 03:02:06 indigo-tracker user.info kernel: SK-AT91SAM9XE512: SIM508 GPS power ON.
Jan  1 03:02:06 indigo-tracker local2.info chat[644]: timeout set to 45 seconds
Jan  1 03:02:06 indigo-tracker local2.info chat[644]: expect (OK)
Jan  1 03:02:06 indigo-tracker local2.info chat[644]: ^M
Jan  1 03:02:06 indigo-tracker local2.info chat[644]: AT+CGDCONT=1,"IP","internet"^M^M
Jan  1 03:02:06 indigo-tracker local2.info chat[644]: OK
Jan  1 03:02:06 indigo-tracker local2.info chat[644]:  -- got it
Jan  1 03:02:06 indigo-tracker local2.info chat[644]: send (ATD*99#^M)
Jan  1 03:02:07 indigo-tracker local2.info chat[644]: expect (CONNECT)
Jan  1 03:02:07 indigo-tracker local2.info chat[644]: ^M
Jan  1 03:01:21 indigo-tracker syslog.info syslogd started: BusyBox v1.18.3
Jan  1 03:01:21 indigo-tracker user.notice kernel: klogd started: BusyBox v1.18.3 (2011-03-29 18:29:13 MSD)
Jan  1 03:01:21 indigo-tracker user.notice kernel: Linux version 2.6.38+ (yury@debian-dev-vm) (gcc version 4.4.5 (indigo-ct-ng) ) #60 Wed Sep 21 16:51:48 MSD 2011
Jan  1 03:01:21 indigo-tracker user.warn kernel: CPU: ARM926EJ-S [41069265] revision 5 (ARMv5TEJ), cr=00053177
Jan  1 03:01:21 indigo-tracker user.warn kernel: CPU: VIVT data cache, VIVT instruction cache
Jan  1 03:01:21 indigo-tracker user.warn kernel: Machine: Indigo AT91SAM9260-SK
Jan  1 03:01:21 indigo-tracker user.warn kernel: Memory policy: ECC disabled, Data cache writeback
Jan  1 03:01:21 indigo-tracker user.warn kernel: Clocks: CPU 196 MHz, master 98 MHz, main 12.000 MHz
Jan  1 03:01:21 indigo-tracker user.debug kernel: On node 0 totalpages: 16384
Jan  1 03:01:21 indigo-tracker user.debug kernel: free_area_init_node: node 0, pgdat c0369484, node_mem_map c037b000
Jan  1 03:01:21 indigo-tracker user.debug kernel:   Normal zone: 128 pages used for memmap
Jan  1 03:01:21 indigo-tracker user.debug kernel:   Normal zone: 0 pages reserved
Jan  1 03:01:21 indigo-tracker user.debug kernel:   Normal zone: 16256 pages, LIFO batch:3
Jan  1 03:01:21 indigo-tracker user.debug kernel: pcpu-alloc: s0 r0 d32768 u32768 alloc=1*32768
Jan  1 03:01:21 indigo-tracker user.debug kernel: pcpu-alloc: [0] 0 
Jan  1 03:01:21 indigo-tracker user.warn kernel: Built 1 zonelists in Zone order, mobility grouping on.  Total pages: 16256
Jan  1 03:01:21 indigo-tracker user.notice kernel: Kernel command line: console=ttyS0,115200=mem=64M root=/dev/mtdblock3
Jan  1 03:01:21 indigo-tracker user.info kernel: PID hash table entries: 256 (order: -2, 1024 bytes)
Jan  1 03:01:21 indigo-tracker user.info kernel: Dentry cache hash table entries: 8192 (order: 3, 32768 bytes)
Jan  1 03:01:21 indigo-tracker user.info kernel: Inode-cache hash table entries: 4096 (order: 2, 16384 bytes)
Jan  1 03:01:21 indigo-tracker user.info kernel: Memory: 64MB = 64MB total
Jan  1 03:01:21 indigo-tracker user.notice kernel: Memory: 61364k/61364k available, 4172k reserved, 0K highmem
Jan  1 03:01:21 indigo-tracker user.notice kernel: Virtual kernel memory layout:
Jan  1 03:01:21 indigo-tracker user.notice kernel:     vector  : 0xffff0000 - 0xffff1000   (   4 kB)
Jan  1 03:01:21 indigo-tracker user.notice kernel:     fixmap  : 0xfff00000 - 0xfffe0000   ( 896 kB)
Jan  1 03:01:21 indigo-tracker user.notice kernel:     DMA     : 0xffc00000 - 0xffe00000   (   2 MB)
Jan  1 03:01:21 indigo-tracker user.notice kernel:     vmalloc : 0xc4800000 - 0xfee00000   ( 934 MB)
Jan  1 03:01:21 indigo-tracker user.notice kernel:     lowmem  : 0xc0000000 - 0xc4000000   (  64 MB)
Jan  1 03:01:21 indigo-tracker user.notice kernel:     modules : 0xbf000000 - 0xc0000000   (  16 MB)
Jan  1 03:01:21 indigo-tracker user.notice kernel:       .init : 0xc0008000 - 0xc0024000   ( 112 kB)
Jan  1 03:01:21 indigo-tracker user.notice kernel:       .text : 0xc0024000 - 0xc03419d4   (3191 kB)
Jan  1 03:01:21 indigo-tracker user.notice kernel:       .data : 0xc0342000 - 0xc0369c60   ( 160 kB)
Jan  1 03:01:21 indigo-tracker user.info kernel: NR_IRQS:192
Jan  1 03:01:21 indigo-tracker user.info kernel: AT91: 96 gpio irqs in 3 banks
Jan  1 03:01:21 indigo-tracker user.warn kernel: Console: colour dummy device 80x30
Jan  1 03:01:21 indigo-tracker user.info kernel: console [ttyS0] enabled
Jan  1 03:01:21 indigo-tracker user.info kernel: Calibrating delay loop... 97.89 BogoMIPS (lpj=489472)
Jan  1 03:01:21 indigo-tracker user.info kernel: pid_max: default: 32768 minimum: 301
Jan  1 03:01:21 indigo-tracker user.warn kernel: Mount-cache hash table entries: 512
Jan  1 03:01:21 indigo-tracker user.info kernel: CPU: Testing write buffer coherency: ok
Jan  1 03:01:21 indigo-tracker user.info kernel: NET: Registered protocol family 16
Jan  1 03:01:21 indigo-tracker user.warn kernel: bio: create slab <bio-0> at 0
Jan  1 03:01:21 indigo-tracker user.notice kernel: SCSI subsystem initialized
Jan  1 03:01:21 indigo-tracker user.info kernel: usbcore: registered new interface driver usbfs
Jan  1 03:01:21 indigo-tracker user.info kernel: usbcore: registered new interface driver hub
Jan  1 03:01:21 indigo-tracker user.info kernel: usbcore: registered new device driver usb
Jan  1 03:01:21 indigo-tracker user.info kernel: Advanced Linux Sound Architecture Driver Version 1.0.23.
Jan  1 03:01:21 indigo-tracker user.info kernel: Switching to clocksource pit
Jan  1 03:01:21 indigo-tracker user.info kernel: NET: Registered protocol family 2
Jan  1 03:01:21 indigo-tracker user.info kernel: IP route cache hash table entries: 1024 (order: 0, 4096 bytes)
Jan  1 03:01:21 indigo-tracker user.info kernel: TCP established hash table entries: 2048 (order: 2, 16384 bytes)
Jan  1 03:01:21 indigo-tracker user.info kernel: TCP bind hash table entries: 2048 (order: 1, 8192 bytes)
Jan  1 03:01:21 indigo-tracker user.info kernel: TCP: Hash tables configured (established 2048 bind 2048)
Jan  1 03:01:21 indigo-tracker user.info kernel: TCP reno registered
Jan  1 03:01:21 indigo-tracker user.info kernel: UDP hash table entries: 256 (order: 0, 4096 bytes)
Jan  1 03:01:21 indigo-tracker user.info kernel: UDP-Lite hash table entries: 256 (order: 0, 4096 bytes)
Jan  1 03:01:21 indigo-tracker user.info kernel: NET: Registered protocol family 1
Jan  1 03:01:21 indigo-tracker user.debug kernel: yaffs: yaffs built Sep 21 2011 13:46:29 Installing.
Jan  1 03:01:21 indigo-tracker user.info kernel: msgmni has been set to 119
Jan  1 03:01:21 indigo-tracker user.info kernel: io scheduler noop registered (default)
Jan  1 03:01:21 indigo-tracker user.info kernel: io scheduler deadline registered
Jan  1 03:01:21 indigo-tracker user.info kernel: atmel_usart.0: ttyS0 at MMIO 0xfefff200 (irq = 1) is a ATMEL_SERIAL
Jan  1 03:01:21 indigo-tracker user.info kernel: atmel_usart.1: ttyS1 at MMIO 0xfffb0000 (irq = 6) is a ATMEL_SERIAL
Jan  1 03:01:21 indigo-tracker user.info kernel: atmel_usart.2: ttyS2 at MMIO 0xfffb8000 (irq = 8) is a ATMEL_SERIAL
Jan  1 03:01:21 indigo-tracker user.debug kernel: SK-AT91SAM9XE512: SIM508 power management driver, major 135, minor 0.
Jan  1 03:01:21 indigo-tracker user.info kernel: brd: module loaded
Jan  1 03:01:21 indigo-tracker user.info kernel: loop: module loaded
Jan  1 03:01:21 indigo-tracker user.info kernel: ssc ssc.0: Atmel SSC device at 0xc4818000 (irq 14)
Jan  1 03:01:21 indigo-tracker user.info kernel: NAND device: Manufacturer ID: 0xec, Chip ID: 0xda (Samsung NAND 256MiB 3,3V 8-bit)
Jan  1 03:01:21 indigo-tracker user.info kernel: Scanning device for bad blocks
Jan  1 03:01:21 indigo-tracker user.warn kernel: Bad eraseblock 1686 at 0x00000d2c0000
Jan  1 03:01:21 indigo-tracker user.notice kernel: Creating 6 MTD partitions on "atmel_nand":
Jan  1 03:01:21 indigo-tracker user.notice kernel: 0x000000000000-0x000000020000 : "Bootstrap partition"
Jan  1 03:01:21 indigo-tracker user.notice kernel: 0x000000020000-0x000000060000 : "U-boot Partition"
Jan  1 03:01:21 indigo-tracker user.notice kernel: 0x0000000a0000-0x0000002a0000 : "Kernel Partition"
Jan  1 03:01:21 indigo-tracker user.notice kernel: 0x000000800000-0x000010000000 : "Storage Partition"
Jan  1 03:01:21 indigo-tracker user.notice kernel: 0x000000060000-0x000000080000 : "U-boot Environment"
Jan  1 03:01:21 indigo-tracker user.notice kernel: 0x000000080000-0x0000000a0000 : "U-boot Environment Backup"
Jan  1 03:01:21 indigo-tracker user.info kernel: atmel_spi atmel_spi.0: Atmel SPI Controller at 0xfffc8000 (irq 12)
Jan  1 03:01:21 indigo-tracker user.info kernel: atmel_spi atmel_spi.1: Atmel SPI Controller at 0xfffcc000 (irq 13)
Jan  1 03:01:21 indigo-tracker user.info kernel: PPP generic driver version 2.4.2
Jan  1 03:01:21 indigo-tracker user.info kernel: PPP Deflate Compression module registered
Jan  1 03:01:21 indigo-tracker user.info kernel: PPP BSD Compression module registered
Jan  1 03:01:21 indigo-tracker user.info kernel: PPP MPPE Compression module registered
Jan  1 03:01:21 indigo-tracker user.info kernel: NET: Registered protocol family 24
Jan  1 03:01:21 indigo-tracker user.info kernel: SLIP: version 0.8.4-NET3.019-NEWTTY (dynamic channels, max=256).
Jan  1 03:01:21 indigo-tracker user.info kernel: CSLIP: code copyright 1989 Regents of the University of California.
Jan  1 03:01:21 indigo-tracker user.info kernel: tun: Universal TUN/TAP device driver, 1.6
Jan  1 03:01:21 indigo-tracker user.info kernel: tun: (C) 1999-2004 Max Krasnyansky <maxk@qualcomm.com>
Jan  1 03:01:21 indigo-tracker user.info kernel: macb macb: invalid hw address, using random
Jan  1 03:01:21 indigo-tracker user.info kernel: MACB_mii_bus: probed
Jan  1 03:01:21 indigo-tracker user.info kernel: eth0: Atmel MACB at 0xfffc4000 irq 21 (26:cf:d5:8f:6a:f2)
Jan  1 03:01:21 indigo-tracker user.info kernel: eth0: attached PHY driver [Micrel KS8001 or KS8721] (mii_bus:phy_addr=ffffffff:01, irq=-1)
Jan  1 03:01:21 indigo-tracker user.info kernel: ohci_hcd: USB 1.1 'Open' Host Controller (OHCI) Driver
Jan  1 03:01:21 indigo-tracker user.info kernel: at91_ohci at91_ohci: AT91 OHCI
Jan  1 03:01:21 indigo-tracker user.info kernel: at91_ohci at91_ohci: new USB bus registered, assigned bus number 1
Jan  1 03:01:21 indigo-tracker user.info kernel: at91_ohci at91_ohci: irq 20, io mem 0x00500000
Jan  1 03:01:21 indigo-tracker user.info kernel: usb usb1: New USB device found, idVendor=1d6b, idProduct=0001
Jan  1 03:01:21 indigo-tracker user.info kernel: usb usb1: New USB device strings: Mfr=3, Product=2, SerialNumber=1
Jan  1 03:01:21 indigo-tracker user.info kernel: usb usb1: Product: AT91 OHCI
Jan  1 03:01:21 indigo-tracker user.info kernel: usb usb1: Manufacturer: Linux 2.6.38+ ohci_hcd
Jan  1 03:01:21 indigo-tracker user.info kernel: usb usb1: SerialNumber: at91
Jan  1 03:01:21 indigo-tracker user.info kernel: hub 1-0:1.0: USB hub found
Jan  1 03:01:21 indigo-tracker user.info kernel: hub 1-0:1.0: 2 ports detected
Jan  1 03:01:21 indigo-tracker user.info kernel: Initializing USB Mass Storage driver...
Jan  1 03:01:21 indigo-tracker user.info kernel: usbcore: registered new interface driver usb-storage
Jan  1 03:01:21 indigo-tracker user.info kernel: USB Mass Storage support registered.
Jan  1 03:01:21 indigo-tracker user.info kernel: rtc-at91sam9 at91_rtt.0: rtc core: registered at91_rtt as rtc0
Jan  1 03:01:21 indigo-tracker user.warn kernel: rtc-at91sam9 at91_rtt.0: rtc0: SET TIME!
Jan  1 03:01:21 indigo-tracker user.info kernel: i2c /dev entries driver
Jan  1 03:01:21 indigo-tracker user.info kernel: Linux video capture interface: v2.00
Jan  1 03:01:21 indigo-tracker user.info kernel: usbcore: registered new interface driver uvcvideo
Jan  1 03:01:21 indigo-tracker user.info kernel: USB Video Class driver (v1.0.0)
Jan  1 03:01:21 indigo-tracker user.info kernel: AT91SAM9 Watchdog enabled (heartbeat=15 sec, nowayout=0)
Jan  1 03:01:21 indigo-tracker user.info kernel: usbcore: registered new interface driver snd-usb-audio
Jan  1 03:01:21 indigo-tracker user.info kernel: ALSA device list:
Jan  1 03:01:21 indigo-tracker user.info kernel:   No soundcards found.
Jan  1 03:01:21 indigo-tracker user.info kernel: nf_conntrack version 0.5.0 (958 buckets, 3832 max)
Jan  1 03:01:21 indigo-tracker user.info kernel: ip_tables: (C) 2000-2006 Netfilter Core Team
Jan  1 03:01:21 indigo-tracker user.info kernel: TCP cubic registered
Jan  1 03:01:21 indigo-tracker user.info kernel: NET: Registered protocol family 17
Jan  1 03:01:21 indigo-tracker user.err kernel: rtc-at91sam9 at91_rtt.0: hctosys: unable to read the hardware clock
Jan  1 03:01:21 indigo-tracker user.info kernel: atmel_mci atmel_mci: Atmel MCI controller at 0xfffa8000 irq 9, 1 slots
Jan  1 03:01:21 indigo-tracker user.info kernel: yaffs: dev is 32505859 name is "mtdblock3" rw
Jan  1 03:01:21 indigo-tracker user.info kernel: yaffs: passed flags ""
Jan  1 03:01:21 indigo-tracker user.debug kernel: yaffs: yaffs: Attempting MTD mount of 31.3,"mtdblock3"
Jan  1 03:01:21 indigo-tracker user.debug kernel: yaffs: auto selecting yaffs2
Jan  1 03:01:21 indigo-tracker user.debug kernel: yaffs: block 1623 is bad
Jan  1 03:01:21 indigo-tracker user.info kernel: usb 1-1: new full speed USB device using at91_ohci and address 2
Jan  1 03:01:21 indigo-tracker user.info kernel: usb 1-1: New USB device found, idVendor=046d, idProduct=0819
Jan  1 03:01:21 indigo-tracker user.info kernel: usb 1-1: New USB device strings: Mfr=0, Product=0, SerialNumber=2
Jan  1 03:01:21 indigo-tracker user.info kernel: usb 1-1: SerialNumber: 9D01EEA0
Jan  1 03:01:21 indigo-tracker user.info kernel: uvcvideo: Found UVC 1.00 device <unnamed> (046d:0819)
Jan  1 03:01:21 indigo-tracker user.info kernel: input: UVC Camera (046d:0819) as /devices/platform/at91_ohci/usb1/1-1/1-1:1.0/input/input0
Jan  1 03:01:21 indigo-tracker user.warn kernel: mmc0: host does not support reading read-only switch. assuming write-enable.
Jan  1 03:01:21 indigo-tracker user.info kernel: mmc0: new SDHC card at address b368
Jan  1 03:01:21 indigo-tracker user.info kernel: mmcblk0: mmc0:b368 SDC   15.0 GiB 
Jan  1 03:01:21 indigo-tracker user.info kernel:  mmcblk0: p1
Jan  1 03:01:21 indigo-tracker user.debug kernel: yaffs: yaffs_read_super: is_checkpointed 0
Jan  1 03:01:21 indigo-tracker user.warn kernel: VFS: Mounted root (yaffs filesystem) on device 31:3.
Jan  1 03:01:21 indigo-tracker user.info kernel: Freeing init memory: 112K
Jan  1 03:01:21 indigo-tracker user.alert kernel: piopins: with filter
Jan  1 03:01:21 indigo-tracker user.warn kernel: piopins: system time doesn't seem to be true, will not flush anything
Jan  1 03:01:21 indigo-tracker user.info kernel: SK-AT91SAM9XE512: SIM508 GPS power OFF.
Jan  1 03:01:21 indigo-tracker user.info kernel: SK-AT91SAM9XE512: SIM508 GPS power ON.
Jan  1 03:01:21 indigo-tracker local2.info chat[657]: timeout set to 45 seconds
Jan  1 03:01:21 indigo-tracker local2.info chat[657]: expect (OK)
Jan  1 03:01:21 indigo-tracker local2.info chat[657]: ^M
Jan  1 03:01:21 indigo-tracker local2.info chat[657]: AT+CGDCONT=1,"IP","internet"^M^M
Jan  1 03:01:21 indigo-tracker local2.info chat[657]: OK
Jan  1 03:01:21 indigo-tracker local2.info chat[657]:  -- got it
Jan  1 03:01:21 indigo-tracker local2.info chat[657]: send (ATD*99#^M)
Jan  1 03:01:21 indigo-tracker local2.info chat[657]: expect (CONNECT)
Jan  1 03:01:21 indigo-tracker local2.info chat[657]: ^M
Jan  1 03:01:21 indigo-tracker local2.info chat[657]: ATD*99#^M^M
Jan  1 03:01:21 indigo-tracker local2.info chat[657]: CONNECT
Jan  1 03:01:21 indigo-tracker local2.info chat[657]:  -- got it
Jan  1 03:01:21 indigo-tracker local2.info chat[657]: send (^M)
Jan  1 03:01:21 indigo-tracker daemon.debug pppd[654]: Script chat -v -f /etc/ppp/chatscripts/megafon-connect finished (pid 656), status = 0x0
Jan  1 03:01:21 indigo-tracker daemon.info pppd[654]: Serial connection established.
Jan  1 03:01:21 indigo-tracker daemon.debug pppd[654]: using channel 1
Jan  1 03:01:21 indigo-tracker daemon.info pppd[654]: Using interface ppp0
Jan  1 03:01:21 indigo-tracker daemon.notice pppd[654]: Connect: ppp0 <--> /dev/ttyS1
Jan  1 03:01:22 indigo-tracker daemon.warn pppd[654]: Warning - secret file /etc/ppp/pap-secrets has world and/or group access
Jan  1 03:01:22 indigo-tracker daemon.debug pppd[654]: sent [LCP ConfReq id=0x1 <asyncmap 0x0> <magic 0xe5941732>]
Jan  1 03:01:22 indigo-tracker daemon.debug pppd[654]: rcvd [LCP ConfAck id=0x1 <asyncmap 0x0> <magic 0xe5941732>]
Jan  1 03:01:24 indigo-tracker daemon.debug pppd[654]: rcvd [LCP ConfReq id=0x2 <mru 1600> <auth pap> <magic 0xc3c65c9> <asyncmap 0x0> <pcomp> <accomp>]
Jan  1 03:01:24 indigo-tracker daemon.debug pppd[654]: No auth is possible
Jan  1 03:01:24 indigo-tracker daemon.debug pppd[654]: sent [LCP ConfRej id=0x2 <auth pap> <pcomp> <accomp>]
Jan  1 03:01:24 indigo-tracker daemon.debug pppd[654]: rcvd [LCP ConfReq id=0x3 <mru 1600> <magic 0xc3c65c9> <asyncmap 0x0>]
Jan  1 03:01:24 indigo-tracker daemon.debug pppd[654]: sent [LCP ConfAck id=0x3 <mru 1600> <magic 0xc3c65c9> <asyncmap 0x0>]
Jan  1 03:01:24 indigo-tracker daemon.debug pppd[654]: sent [IPCP ConfReq id=0x1 <addr 0.0.0.0>]
Jan  1 03:01:27 indigo-tracker daemon.debug pppd[654]: rcvd [IPCP ConfNak id=0x1 <addr 10.109.77.36>]
Jan  1 03:01:27 indigo-tracker daemon.debug pppd[654]: sent [IPCP ConfReq id=0x2 <addr 10.109.77.36>]
Jan  1 03:01:27 indigo-tracker daemon.debug pppd[654]: rcvd [IPCP ConfReq id=0x1 <addr 10.0.0.1>]
Jan  1 03:01:27 indigo-tracker daemon.debug pppd[654]: sent [IPCP ConfAck id=0x1 <addr 10.0.0.1>]
Jan  1 03:01:30 indigo-tracker daemon.debug pppd[654]: sent [IPCP ConfReq id=0x2 <addr 10.109.77.36>]
Jan  1 03:01:30 indigo-tracker daemon.debug pppd[654]: rcvd [IPCP ConfAck id=0x2 <addr 10.109.77.36>]
Jan  1 03:01:30 indigo-tracker daemon.notice pppd[654]: replacing old default route to eth0 [192.168.17.254]
Jan  1 03:01:30 indigo-tracker daemon.notice pppd[654]: local  IP address 10.109.77.36
Jan  1 03:01:30 indigo-tracker daemon.notice pppd[654]: remote IP address 10.0.0.1
Jan  1 03:01:30 indigo-tracker daemon.debug pppd[654]: Script /etc/ppp/ip-up started (pid 671)
Jan  1 03:01:30 indigo-tracker user.notice root: Trying to get system time over ntp
Jan  1 03:01:30 indigo-tracker daemon.notice ntpdate[675]: ntpdate 4.2.6p3@1.2290 Sun Feb 20 22:12:26 UTC 2011 (1)
Sep 25 00:54:15 indigo-tracker daemon.notice ntpdate[675]: step time server 188.254.50.181 offset 1316897545.276344 sec
Sep 25 00:54:15 indigo-tracker user.notice root: Playing ntp started
Sep 25 00:54:15 indigo-tracker user.notice root: sender started
Sep 25 00:54:15 indigo-tracker user.notice root: gpsreader started
Sep 25 00:54:15 indigo-tracker user.notice root: people started
Sep 25 00:54:16 indigo-tracker user.debug sqlite: gps connected ok
Sep 25 00:54:16 indigo-tracker user.debug sender: using uuid d8af39fb-7fc0-4f42-b976-fa460112c6ae
Sep 25 00:54:16 indigo-tracker daemon.notice openvpn[697]: OpenVPN 2.1.4 arm-linux [SSL] [LZO2] [EPOLL] built on Feb 21 2011
Sep 25 00:54:16 indigo-tracker daemon.warn openvpn[697]: NOTE: the current --script-security setting may allow this configuration to call user-defined scripts
Sep 25 00:54:17 indigo-tracker daemon.warn openvpn[697]: WARNING: file 'keys/device3.key' is group or others accessible
Sep 25 00:54:17 indigo-tracker daemon.notice openvpn[697]: LZO compression initialized
Sep 25 00:54:17 indigo-tracker daemon.notice openvpn[697]: Control Channel MTU parms [ L:1546 D:138 EF:38 EB:0 ET:0 EL:0 ]
Sep 25 00:54:17 indigo-tracker daemon.notice openvpn[697]: Socket Buffers: R=[108544->131072] S=[108544->131072]
Sep 25 00:54:17 indigo-tracker daemon.notice openvpn[697]: Data Channel MTU parms [ L:1546 D:1300 EF:46 EB:135 ET:0 EL:0 AF:3/1 ]
Sep 25 00:54:17 indigo-tracker daemon.notice openvpn[697]: Fragmentation MTU parms [ L:1546 D:1300 EF:45 EB:135 ET:1 EL:0 AF:3/1 ]
Sep 25 00:54:17 indigo-tracker daemon.notice openvpn[700]: UDPv4 link local: [undef]
Sep 25 00:54:17 indigo-tracker daemon.notice openvpn[700]: UDPv4 link remote: 72.249.145.165:1194
Sep 25 00:54:18 indigo-tracker user.notice root: recorder started
Sep 25 00:54:18 indigo-tracker user.debug recorder: recorder started
Sep 25 00:54:18 indigo-tracker user.debug recorder: ready to record
Sep 25 00:54:18 indigo-tracker user.debug recorder: scheduling next file at 1316898000 seconds unix time
Sep 25 00:54:19 indigo-tracker daemon.notice openvpn[700]: TLS: Initial packet from 72.249.145.165:1194, sid=6856c4a9 85531968
Sep 25 00:54:21 indigo-tracker user.notice root: mjpeg-streamer started
Sep 25 00:54:21 indigo-tracker user.info MJPG-streamer [712]: starting application
Sep 25 00:54:21 indigo-tracker user.info MJPG-streamer [712]: MJPG Streamer Version: svn rev: exported
Sep 25 00:54:22 indigo-tracker user.debug sender: send success
Sep 25 00:54:22 indigo-tracker user.info MJPG-streamer [712]: Using V4L2 device.: /dev/video0
Sep 25 00:54:22 indigo-tracker user.info MJPG-streamer [712]: Desired Resolution: 640 x 480
Sep 25 00:54:22 indigo-tracker user.info MJPG-streamer [712]: Frames Per Second.: 10
Sep 25 00:54:22 indigo-tracker user.info MJPG-streamer [712]: Format............: MJPEG
Sep 25 00:54:22 indigo-tracker user.notice root: Current time is valid
Sep 25 00:54:22 indigo-tracker user.info MJPG-streamer [712]: output folder.....: /mnt/mmcblk0p1/video
Sep 25 00:54:22 indigo-tracker user.info MJPG-streamer [712]: input plugin.....: 0: /opt/input_uvc.so
Sep 25 00:54:22 indigo-tracker user.info MJPG-streamer [712]: delay after save..: 0
Sep 25 00:54:22 indigo-tracker user.info MJPG-streamer [712]: ringbuffer size...: no ringbuffer
Sep 25 00:54:22 indigo-tracker user.info MJPG-streamer [712]: command...........: disabled
Sep 25 00:54:22 indigo-tracker user.info MJPG-streamer [712]: www-folder-path...: /opt/mjpeg/www/
Sep 25 00:54:22 indigo-tracker user.info MJPG-streamer [712]: HTTP TCP port.....: 8080
Sep 25 00:54:22 indigo-tracker user.info MJPG-streamer [712]: username:password.: disabled
Sep 25 00:54:22 indigo-tracker user.info MJPG-streamer [712]: commands..........: enabled
Sep 25 00:54:22 indigo-tracker user.info MJPG-streamer [712]: starting input plugin /opt/input_uvc.so
Sep 25 00:54:22 indigo-tracker user.info MJPG-streamer [712]: starting output plugin: /opt/output_file.so (ID: 00)
Sep 25 00:54:22 indigo-tracker user.info MJPG-streamer [712]: starting output plugin: /opt/output_http.so (ID: 01)
Sep 25 00:54:22 indigo-tracker daemon.debug pppd[654]: Script /etc/ppp/ip-up finished (pid 671), status = 0x0
Sep 25 00:54:23 indigo-tracker user.info MJPG-streamer [712]: turning light on for camera 0
Sep 25 00:54:23 indigo-tracker user.info MJPG-streamer [712]: storage queue grew with total size of 1 * 64036 = 64036 bytes
Sep 25 00:54:23 indigo-tracker user.info MJPG-streamer [712]: storage queue grew with total size of 2 * 64036 = 128072 bytes
Sep 25 00:54:23 indigo-tracker user.info MJPG-streamer [712]: storage queue grew with total size of 3 * 64036 = 192108 bytes
Sep 25 00:54:23 indigo-tracker user.info MJPG-streamer [712]: storage queue grew with total size of 4 * 64036 = 256144 bytes
Sep 25 00:54:23 indigo-tracker user.info MJPG-streamer [712]: storage queue grew with total size of 5 * 64036 = 320180 bytes
Sep 25 00:54:23 indigo-tracker user.info MJPG-streamer [712]: storage queue grew with total size of 6 * 64036 = 384216 bytes
Sep 25 00:54:24 indigo-tracker user.info MJPG-streamer [712]: storage queue grew with total size of 7 * 64036 = 448252 bytes
Sep 25 00:54:24 indigo-tracker user.info MJPG-streamer [712]: storage queue grew with total size of 8 * 64036 = 512288 bytes
