Oct 16 13:41:01 indigo-tracker cron.info crond[488]: crond: USER root pid 25265 cmd /etc/cron/check_updates.sh
Oct 16 13:42:01 indigo-tracker cron.info crond[488]: crond: USER root pid 25279 cmd /etc/cron/check_updates.sh
Oct 16 13:43:01 indigo-tracker cron.info crond[488]: crond: USER root pid 25293 cmd /etc/cron/check_updates.sh
Oct 16 13:44:01 indigo-tracker cron.info crond[488]: crond: USER root pid 25307 cmd /etc/cron/check_updates.sh
Oct 16 13:45:01 indigo-tracker cron.info crond[488]: crond: USER root pid 25321 cmd /etc/cron/check_ntp
Oct 16 13:45:01 indigo-tracker cron.info crond[488]: crond: USER root pid 25322 cmd /etc/cron/check_updates.sh
Oct 16 13:45:01 indigo-tracker user.notice root: Current time is valid
Oct 16 13:46:01 indigo-tracker cron.info crond[488]: crond: USER root pid 25338 cmd /etc/cron/check_updates.sh
Oct 16 13:47:01 indigo-tracker cron.info crond[488]: crond: USER root pid 25352 cmd /etc/cron/check_updates.sh
Oct 16 13:48:01 indigo-tracker cron.info crond[488]: crond: USER root pid 25366 cmd /etc/cron/check_updates.sh
Oct 16 13:49:01 indigo-tracker cron.info crond[488]: crond: USER root pid 25380 cmd /etc/cron/check_updates.sh
Oct 16 13:50:01 indigo-tracker cron.info crond[488]: crond: USER root pid 25395 cmd /etc/cron/check_updates.sh
Oct 16 13:50:21 indigo-tracker user.info MJPG-streamer [17666]: storage_queue reached soft-limit 150
Oct 16 13:51:01 indigo-tracker cron.info crond[488]: crond: USER root pid 25409 cmd /etc/cron/check_updates.sh
Oct 16 13:52:01 indigo-tracker cron.info crond[488]: crond: USER root pid 25423 cmd /etc/cron/check_updates.sh
Oct 16 13:53:01 indigo-tracker cron.info crond[488]: crond: USER root pid 25437 cmd /etc/cron/check_updates.sh
Oct 16 13:54:01 indigo-tracker cron.info crond[488]: crond: USER root pid 25451 cmd /etc/cron/check_updates.sh
Oct 16 13:55:01 indigo-tracker cron.info crond[488]: crond: USER root pid 25465 cmd /etc/cron/check_updates.sh
Oct 16 13:56:01 indigo-tracker cron.info crond[488]: crond: USER root pid 25479 cmd /etc/cron/check_updates.sh
Oct 16 13:57:01 indigo-tracker cron.info crond[488]: crond: USER root pid 25493 cmd /etc/cron/check_updates.sh
Oct 16 13:58:02 indigo-tracker cron.info crond[488]: crond: USER root pid 25507 cmd /etc/cron/check_updates.sh
Oct 16 13:59:01 indigo-tracker cron.info crond[488]: crond: USER root pid 25521 cmd /etc/cron/check_updates.sh
Oct 16 14:00:00 indigo-tracker user.debug recorder: scheduling next file at 1318762800 seconds unix time
Oct 16 14:00:01 indigo-tracker cron.info crond[488]: crond: USER root pid 25536 cmd /etc/cron/check_pppd
Oct 16 14:00:01 indigo-tracker cron.info crond[488]: crond: USER root pid 25537 cmd /etc/cron/check_updates.sh
Oct 16 14:00:02 indigo-tracker user.notice root: pppd ok, 8.8.8.8 pingable
Oct 16 14:00:21 indigo-tracker user.info MJPG-streamer [17666]: storage_queue reached soft-limit 150
Oct 16 14:01:01 indigo-tracker cron.info crond[488]: crond: USER root pid 25555 cmd /etc/cron/check_updates.sh
Oct 16 14:02:01 indigo-tracker cron.info crond[488]: crond: USER root pid 25569 cmd /etc/cron/check_updates.sh
Oct 16 14:03:01 indigo-tracker cron.info crond[488]: crond: USER root pid 25583 cmd /etc/cron/check_updates.sh
Oct 16 14:03:55 indigo-tracker user.debug sqlite: sending keepalive
Oct 16 14:04:01 indigo-tracker cron.info crond[488]: crond: USER root pid 25601 cmd /etc/cron/check_updates.sh
Oct 16 14:05:01 indigo-tracker cron.info crond[488]: crond: USER root pid 25615 cmd /etc/cron/check_updates.sh
Oct 16 14:05:01 indigo-tracker cron.info crond[488]: crond: USER root pid 25616 cmd /etc/cron/rotate_video.sh
Oct 16 14:05:01 indigo-tracker user.notice root: no flash drive to rotate video on
Oct 16 14:06:01 indigo-tracker cron.info crond[488]: crond: USER root pid 25637 cmd /etc/cron/check_updates.sh
Oct 16 14:07:01 indigo-tracker cron.info crond[488]: crond: USER root pid 25651 cmd /etc/cron/check_updates.sh
Oct 16 14:08:01 indigo-tracker cron.info crond[488]: crond: USER root pid 25665 cmd /etc/cron/check_updates.sh
Oct 16 14:09:01 indigo-tracker cron.info crond[488]: crond: USER root pid 25679 cmd /etc/cron/check_updates.sh
Oct 16 14:10:01 indigo-tracker cron.info crond[488]: crond: USER root pid 25694 cmd /etc/cron/check_updates.sh
Oct 16 14:10:21 indigo-tracker user.info MJPG-streamer [17666]: storage_queue reached soft-limit 150
Oct 16 14:11:01 indigo-tracker cron.info crond[488]: crond: USER root pid 25708 cmd /etc/cron/check_updates.sh
Oct 16 14:12:01 indigo-tracker cron.info crond[488]: crond: USER root pid 25722 cmd /etc/cron/check_updates.sh
Jan  1 03:00:11 indigo-tracker syslog.info syslogd started: BusyBox v1.18.3
Jan  1 03:00:11 indigo-tracker user.notice kernel: klogd started: BusyBox v1.18.3 (2011-03-29 18:29:13 MSD)
Jan  1 03:00:11 indigo-tracker user.notice kernel: Linux version 2.6.38+ (yury@debian-dev-vm) (gcc version 4.4.5 (indigo-ct-ng) ) #60 Wed Sep 21 16:51:48 MSD 2011
Jan  1 03:00:11 indigo-tracker user.warn kernel: CPU: ARM926EJ-S [41069265] revision 5 (ARMv5TEJ), cr=00053177
Jan  1 03:00:11 indigo-tracker user.warn kernel: CPU: VIVT data cache, VIVT instruction cache
Jan  1 03:00:11 indigo-tracker user.warn kernel: Machine: Indigo AT91SAM9260-SK
Jan  1 03:00:11 indigo-tracker user.warn kernel: Memory policy: ECC disabled, Data cache writeback
Jan  1 03:00:11 indigo-tracker user.warn kernel: Clocks: CPU 196 MHz, master 98 MHz, main 12.000 MHz
Jan  1 03:00:11 indigo-tracker user.debug kernel: On node 0 totalpages: 16384
Jan  1 03:00:11 indigo-tracker user.debug kernel: free_area_init_node: node 0, pgdat c0369484, node_mem_map c037b000
Jan  1 03:00:11 indigo-tracker user.debug kernel:   Normal zone: 128 pages used for memmap
Jan  1 03:00:11 indigo-tracker user.debug kernel:   Normal zone: 0 pages reserved
Jan  1 03:00:11 indigo-tracker user.debug kernel:   Normal zone: 16256 pages, LIFO batch:3
Jan  1 03:00:11 indigo-tracker user.debug kernel: pcpu-alloc: s0 r0 d32768 u32768 alloc=1*32768
Jan  1 03:00:11 indigo-tracker user.debug kernel: pcpu-alloc: [0] 0 
Jan  1 03:00:11 indigo-tracker user.warn kernel: Built 1 zonelists in Zone order, mobility grouping on.  Total pages: 16256
Jan  1 03:00:11 indigo-tracker user.notice kernel: Kernel command line: console=ttyS0,115200=mem=64M root=/dev/mtdblock3
Jan  1 03:00:11 indigo-tracker user.info kernel: PID hash table entries: 256 (order: -2, 1024 bytes)
Jan  1 03:00:11 indigo-tracker user.info kernel: Dentry cache hash table entries: 8192 (order: 3, 32768 bytes)
Jan  1 03:00:11 indigo-tracker user.info kernel: Inode-cache hash table entries: 4096 (order: 2, 16384 bytes)
Jan  1 03:00:11 indigo-tracker user.info kernel: Memory: 64MB = 64MB total
Jan  1 03:00:11 indigo-tracker user.notice kernel: Memory: 61364k/61364k available, 4172k reserved, 0K highmem
Jan  1 03:00:11 indigo-tracker user.notice kernel: Virtual kernel memory layout:
Jan  1 03:00:11 indigo-tracker user.notice kernel:     vector  : 0xffff0000 - 0xffff1000   (   4 kB)
Jan  1 03:00:11 indigo-tracker user.notice kernel:     fixmap  : 0xfff00000 - 0xfffe0000   ( 896 kB)
Jan  1 03:00:11 indigo-tracker user.notice kernel:     DMA     : 0xffc00000 - 0xffe00000   (   2 MB)
Jan  1 03:00:11 indigo-tracker user.notice kernel:     vmalloc : 0xc4800000 - 0xfee00000   ( 934 MB)
Jan  1 03:00:11 indigo-tracker user.notice kernel:     lowmem  : 0xc0000000 - 0xc4000000   (  64 MB)
Jan  1 03:00:11 indigo-tracker user.notice kernel:     modules : 0xbf000000 - 0xc0000000   (  16 MB)
Jan  1 03:00:11 indigo-tracker user.notice kernel:       .init : 0xc0008000 - 0xc0024000   ( 112 kB)
Jan  1 03:00:11 indigo-tracker user.notice kernel:       .text : 0xc0024000 - 0xc03419d4   (3191 kB)
Jan  1 03:00:11 indigo-tracker user.notice kernel:       .data : 0xc0342000 - 0xc0369c60   ( 160 kB)
Jan  1 03:00:11 indigo-tracker user.info kernel: NR_IRQS:192
Jan  1 03:00:11 indigo-tracker user.info kernel: AT91: 96 gpio irqs in 3 banks
Jan  1 03:00:11 indigo-tracker user.warn kernel: Console: colour dummy device 80x30
Jan  1 03:00:11 indigo-tracker user.info kernel: console [ttyS0] enabled
Jan  1 03:00:11 indigo-tracker user.info kernel: Calibrating delay loop... 97.89 BogoMIPS (lpj=489472)
Jan  1 03:00:11 indigo-tracker user.info kernel: pid_max: default: 32768 minimum: 301
Jan  1 03:00:11 indigo-tracker user.warn kernel: Mount-cache hash table entries: 512
Jan  1 03:00:11 indigo-tracker user.info kernel: CPU: Testing write buffer coherency: ok
Jan  1 03:00:11 indigo-tracker user.info kernel: NET: Registered protocol family 16
Jan  1 03:00:11 indigo-tracker user.warn kernel: bio: create slab <bio-0> at 0
Jan  1 03:00:11 indigo-tracker user.notice kernel: SCSI subsystem initialized
Jan  1 03:00:11 indigo-tracker user.info kernel: usbcore: registered new interface driver usbfs
Jan  1 03:00:11 indigo-tracker user.info kernel: usbcore: registered new interface driver hub
Jan  1 03:00:11 indigo-tracker user.info kernel: usbcore: registered new device driver usb
Jan  1 03:00:11 indigo-tracker user.info kernel: Advanced Linux Sound Architecture Driver Version 1.0.23.
Jan  1 03:00:11 indigo-tracker user.info kernel: Switching to clocksource pit
Jan  1 03:00:11 indigo-tracker user.info kernel: NET: Registered protocol family 2
Jan  1 03:00:11 indigo-tracker user.info kernel: IP route cache hash table entries: 1024 (order: 0, 4096 bytes)
Jan  1 03:00:11 indigo-tracker user.info kernel: TCP established hash table entries: 2048 (order: 2, 16384 bytes)
Jan  1 03:00:11 indigo-tracker user.info kernel: TCP bind hash table entries: 2048 (order: 1, 8192 bytes)
Jan  1 03:00:11 indigo-tracker user.info kernel: TCP: Hash tables configured (established 2048 bind 2048)
Jan  1 03:00:11 indigo-tracker user.info kernel: TCP reno registered
Jan  1 03:00:11 indigo-tracker user.info kernel: UDP hash table entries: 256 (order: 0, 4096 bytes)
Jan  1 03:00:11 indigo-tracker user.info kernel: UDP-Lite hash table entries: 256 (order: 0, 4096 bytes)
Jan  1 03:00:11 indigo-tracker user.info kernel: NET: Registered protocol family 1
Jan  1 03:00:11 indigo-tracker user.debug kernel: yaffs: yaffs built Sep 21 2011 13:46:29 Installing.
Jan  1 03:00:11 indigo-tracker user.info kernel: msgmni has been set to 119
Jan  1 03:00:11 indigo-tracker user.info kernel: io scheduler noop registered (default)
Jan  1 03:00:11 indigo-tracker user.info kernel: io scheduler deadline registered
Jan  1 03:00:11 indigo-tracker user.info kernel: atmel_usart.0: ttyS0 at MMIO 0xfefff200 (irq = 1) is a ATMEL_SERIAL
Jan  1 03:00:11 indigo-tracker user.info kernel: atmel_usart.1: ttyS1 at MMIO 0xfffb0000 (irq = 6) is a ATMEL_SERIAL
Jan  1 03:00:11 indigo-tracker user.info kernel: atmel_usart.2: ttyS2 at MMIO 0xfffb8000 (irq = 8) is a ATMEL_SERIAL
Jan  1 03:00:11 indigo-tracker user.debug kernel: SK-AT91SAM9XE512: SIM508 power management driver, major 135, minor 0.
Jan  1 03:00:11 indigo-tracker user.info kernel: brd: module loaded
Jan  1 03:00:11 indigo-tracker user.info kernel: loop: module loaded
Jan  1 03:00:11 indigo-tracker user.info kernel: ssc ssc.0: Atmel SSC device at 0xc4818000 (irq 14)
Jan  1 03:00:11 indigo-tracker user.info kernel: NAND device: Manufacturer ID: 0xec, Chip ID: 0xda (Samsung NAND 256MiB 3,3V 8-bit)
Jan  1 03:00:11 indigo-tracker user.info kernel: Scanning device for bad blocks
Jan  1 03:00:11 indigo-tracker user.warn kernel: Bad eraseblock 1686 at 0x00000d2c0000
Jan  1 03:00:11 indigo-tracker user.notice kernel: Creating 6 MTD partitions on "atmel_nand":
Jan  1 03:00:11 indigo-tracker user.notice kernel: 0x000000000000-0x000000020000 : "Bootstrap partition"
Jan  1 03:00:11 indigo-tracker user.notice kernel: 0x000000020000-0x000000060000 : "U-boot Partition"
Jan  1 03:00:11 indigo-tracker user.notice kernel: 0x0000000a0000-0x0000002a0000 : "Kernel Partition"
Jan  1 03:00:11 indigo-tracker user.notice kernel: 0x000000800000-0x000010000000 : "Storage Partition"
Jan  1 03:00:11 indigo-tracker user.notice kernel: 0x000000060000-0x000000080000 : "U-boot Environment"
Jan  1 03:00:11 indigo-tracker user.notice kernel: 0x000000080000-0x0000000a0000 : "U-boot Environment Backup"
Jan  1 03:00:11 indigo-tracker user.info kernel: atmel_spi atmel_spi.0: Atmel SPI Controller at 0xfffc8000 (irq 12)
Jan  1 03:00:11 indigo-tracker user.info kernel: atmel_spi atmel_spi.1: Atmel SPI Controller at 0xfffcc000 (irq 13)
Jan  1 03:00:11 indigo-tracker user.info kernel: PPP generic driver version 2.4.2
Jan  1 03:00:11 indigo-tracker user.info kernel: PPP Deflate Compression module registered
Jan  1 03:00:11 indigo-tracker user.info kernel: PPP BSD Compression module registered
Jan  1 03:00:11 indigo-tracker user.info kernel: PPP MPPE Compression module registered
Jan  1 03:00:11 indigo-tracker user.info kernel: NET: Registered protocol family 24
Jan  1 03:00:11 indigo-tracker user.info kernel: SLIP: version 0.8.4-NET3.019-NEWTTY (dynamic channels, max=256).
Jan  1 03:00:11 indigo-tracker user.info kernel: CSLIP: code copyright 1989 Regents of the University of California.
Jan  1 03:00:11 indigo-tracker user.info kernel: tun: Universal TUN/TAP device driver, 1.6
Jan  1 03:00:11 indigo-tracker user.info kernel: tun: (C) 1999-2004 Max Krasnyansky <maxk@qualcomm.com>
Jan  1 03:00:11 indigo-tracker user.info kernel: macb macb: invalid hw address, using random
Jan  1 03:00:11 indigo-tracker user.info kernel: MACB_mii_bus: probed
Jan  1 03:00:11 indigo-tracker user.info kernel: eth0: Atmel MACB at 0xfffc4000 irq 21 (26:cf:d5:8f:6a:f2)
Jan  1 03:00:11 indigo-tracker user.info kernel: eth0: attached PHY driver [Micrel KS8001 or KS8721] (mii_bus:phy_addr=ffffffff:01, irq=-1)
Jan  1 03:00:11 indigo-tracker user.info kernel: ohci_hcd: USB 1.1 'Open' Host Controller (OHCI) Driver
Jan  1 03:00:11 indigo-tracker user.info kernel: at91_ohci at91_ohci: AT91 OHCI
Jan  1 03:00:11 indigo-tracker user.info kernel: at91_ohci at91_ohci: new USB bus registered, assigned bus number 1
Jan  1 03:00:11 indigo-tracker user.info kernel: at91_ohci at91_ohci: irq 20, io mem 0x00500000
Jan  1 03:00:11 indigo-tracker user.info kernel: usb usb1: New USB device found, idVendor=1d6b, idProduct=0001
Jan  1 03:00:11 indigo-tracker user.info kernel: usb usb1: New USB device strings: Mfr=3, Product=2, SerialNumber=1
Jan  1 03:00:11 indigo-tracker user.info kernel: usb usb1: Product: AT91 OHCI
Jan  1 03:00:11 indigo-tracker user.info kernel: usb usb1: Manufacturer: Linux 2.6.38+ ohci_hcd
Jan  1 03:00:11 indigo-tracker user.info kernel: usb usb1: SerialNumber: at91
Jan  1 03:00:11 indigo-tracker user.info kernel: hub 1-0:1.0: USB hub found
Jan  1 03:00:11 indigo-tracker user.info kernel: hub 1-0:1.0: 2 ports detected
Jan  1 03:00:11 indigo-tracker user.info kernel: Initializing USB Mass Storage driver...
Jan  1 03:00:11 indigo-tracker user.info kernel: usbcore: registered new interface driver usb-storage
Jan  1 03:00:11 indigo-tracker user.info kernel: USB Mass Storage support registered.
Jan  1 03:00:11 indigo-tracker user.info kernel: rtc-at91sam9 at91_rtt.0: rtc core: registered at91_rtt as rtc0
Jan  1 03:00:11 indigo-tracker user.warn kernel: rtc-at91sam9 at91_rtt.0: rtc0: SET TIME!
Jan  1 03:00:11 indigo-tracker user.info kernel: i2c /dev entries driver
Jan  1 03:00:11 indigo-tracker user.info kernel: Linux video capture interface: v2.00
Jan  1 03:00:11 indigo-tracker user.info kernel: usbcore: registered new interface driver uvcvideo
Jan  1 03:00:11 indigo-tracker user.info kernel: USB Video Class driver (v1.0.0)
Jan  1 03:00:11 indigo-tracker user.info kernel: AT91SAM9 Watchdog enabled (heartbeat=15 sec, nowayout=0)
Jan  1 03:00:11 indigo-tracker user.info kernel: usbcore: registered new interface driver snd-usb-audio
Jan  1 03:00:11 indigo-tracker user.info kernel: ALSA device list:
Jan  1 03:00:11 indigo-tracker user.info kernel:   No soundcards found.
Jan  1 03:00:11 indigo-tracker user.info kernel: nf_conntrack version 0.5.0 (958 buckets, 3832 max)
Jan  1 03:00:11 indigo-tracker user.info kernel: ip_tables: (C) 2000-2006 Netfilter Core Team
Jan  1 03:00:11 indigo-tracker user.info kernel: TCP cubic registered
Jan  1 03:00:11 indigo-tracker user.info kernel: NET: Registered protocol family 17
Jan  1 03:00:11 indigo-tracker user.err kernel: rtc-at91sam9 at91_rtt.0: hctosys: unable to read the hardware clock
Jan  1 03:00:11 indigo-tracker user.info kernel: atmel_mci atmel_mci: Atmel MCI controller at 0xfffa8000 irq 9, 1 slots
Jan  1 03:00:11 indigo-tracker user.info kernel: yaffs: dev is 32505859 name is "mtdblock3" rw
Jan  1 03:00:11 indigo-tracker user.info kernel: yaffs: passed flags ""
Jan  1 03:00:11 indigo-tracker user.debug kernel: yaffs: yaffs: Attempting MTD mount of 31.3,"mtdblock3"
Jan  1 03:00:11 indigo-tracker user.debug kernel: yaffs: auto selecting yaffs2
Jan  1 03:00:11 indigo-tracker user.debug kernel: yaffs: yaffs_read_super: is_checkpointed 1
Jan  1 03:00:11 indigo-tracker user.warn kernel: VFS: Mounted root (yaffs filesystem) on device 31:3.
Jan  1 03:00:11 indigo-tracker user.info kernel: Freeing init memory: 112K
Jan  1 03:00:11 indigo-tracker user.info kernel: usb 1-1: new full speed USB device using at91_ohci and address 2
Jan  1 03:00:11 indigo-tracker user.info kernel: usb 1-1: New USB device found, idVendor=046d, idProduct=0819
Jan  1 03:00:11 indigo-tracker user.info kernel: usb 1-1: New USB device strings: Mfr=0, Product=0, SerialNumber=2
Jan  1 03:00:11 indigo-tracker user.info kernel: usb 1-1: SerialNumber: 9D01EEA0
Jan  1 03:00:11 indigo-tracker user.info kernel: uvcvideo: Found UVC 1.00 device <unnamed> (046d:0819)
Jan  1 03:00:11 indigo-tracker user.info kernel: input: UVC Camera (046d:0819) as /devices/platform/at91_ohci/usb1/1-1/1-1:1.0/input/input0
Jan  1 03:00:11 indigo-tracker user.alert kernel: piopins: with filter
Jan  1 03:00:11 indigo-tracker user.warn kernel: piopins: system time doesn't seem to be true, will not flush anything
Jan  1 03:00:11 indigo-tracker user.info kernel: SK-AT91SAM9XE512: SIM508 GPS power OFF.
Jan  1 03:00:11 indigo-tracker user.info kernel: SK-AT91SAM9XE512: SIM508 GPS power ON.
Jan  1 03:00:11 indigo-tracker local2.info chat[638]: timeout set to 45 seconds
Jan  1 03:00:11 indigo-tracker local2.info chat[638]: expect (OK)
Jan  1 03:00:11 indigo-tracker local2.info chat[638]: ^M
Jan  1 03:00:11 indigo-tracker local2.info chat[638]: AT+CGDCONT=1,"IP","internet"^M^M
Jan  1 03:00:11 indigo-tracker local2.info chat[638]: OK
Jan  1 03:00:11 indigo-tracker local2.info chat[638]:  -- got it
Jan  1 03:00:11 indigo-tracker local2.info chat[638]: send (ATD*99#^M)
Jan  1 03:00:11 indigo-tracker local2.info chat[638]: expect (CONNECT)
Jan  1 03:00:11 indigo-tracker local2.info chat[638]: ^M
Jan  1 03:00:12 indigo-tracker local2.info chat[638]: ATD*99#^M^M
Jan  1 03:00:12 indigo-tracker local2.info chat[638]: CONNECT
Jan  1 03:00:12 indigo-tracker local2.info chat[638]:  -- got it
Jan  1 03:00:12 indigo-tracker local2.info chat[638]: send (^M)
Jan  1 03:00:12 indigo-tracker daemon.debug pppd[635]: Script chat -v -f /etc/ppp/chatscripts/megafon-connect finished (pid 637), status = 0x0
Jan  1 03:00:12 indigo-tracker daemon.info pppd[635]: Serial connection established.
Jan  1 03:00:12 indigo-tracker daemon.debug pppd[635]: using channel 1
Jan  1 03:00:12 indigo-tracker daemon.info pppd[635]: Using interface ppp0
Jan  1 03:00:12 indigo-tracker daemon.notice pppd[635]: Connect: ppp0 <--> /dev/ttyS1
Jan  1 03:00:13 indigo-tracker daemon.warn pppd[635]: Warning - secret file /etc/ppp/pap-secrets has world and/or group access
Jan  1 03:00:13 indigo-tracker daemon.debug pppd[635]: sent [LCP ConfReq id=0x1 <asyncmap 0x0> <magic 0xe09dce34>]
Jan  1 03:00:13 indigo-tracker daemon.debug pppd[635]: rcvd [LCP ConfAck id=0x1 <asyncmap 0x0> <magic 0xe09dce34>]
Jan  1 03:00:15 indigo-tracker daemon.debug pppd[635]: rcvd [LCP ConfReq id=0x2 <mru 1600> <auth pap> <magic 0xc3c65c9> <asyncmap 0x0> <pcomp> <accomp>]
Jan  1 03:00:15 indigo-tracker daemon.debug pppd[635]: No auth is possible
Jan  1 03:00:15 indigo-tracker daemon.debug pppd[635]: sent [LCP ConfRej id=0x2 <auth pap> <pcomp> <accomp>]
Jan  1 03:00:15 indigo-tracker daemon.debug pppd[635]: rcvd [LCP ConfReq id=0x3 <mru 1600> <magic 0xc3c65c9> <asyncmap 0x0>]
Jan  1 03:00:15 indigo-tracker daemon.debug pppd[635]: sent [LCP ConfAck id=0x3 <mru 1600> <magic 0xc3c65c9> <asyncmap 0x0>]
Jan  1 03:00:15 indigo-tracker daemon.debug pppd[635]: sent [IPCP ConfReq id=0x1 <addr 0.0.0.0>]
Jan  1 03:00:18 indigo-tracker daemon.debug pppd[635]: sent [IPCP ConfReq id=0x1 <addr 0.0.0.0>]
Jan  1 03:00:21 indigo-tracker daemon.debug pppd[635]: sent [IPCP ConfReq id=0x1 <addr 0.0.0.0>]
Jan  1 03:00:21 indigo-tracker daemon.debug pppd[635]: rcvd [IPCP ConfNak id=0x1 <addr 10.238.81.243>]
Jan  1 03:00:21 indigo-tracker daemon.debug pppd[635]: sent [IPCP ConfReq id=0x2 <addr 10.238.81.243>]
Jan  1 03:00:21 indigo-tracker daemon.debug pppd[635]: rcvd [IPCP ConfReq id=0x1 <addr 10.0.0.1>]
Jan  1 03:00:21 indigo-tracker daemon.debug pppd[635]: sent [IPCP ConfAck id=0x1 <addr 10.0.0.1>]
Jan  1 03:00:21 indigo-tracker daemon.debug pppd[635]: rcvd [IPCP ConfAck id=0x2 <addr 10.238.81.243>]
Jan  1 03:00:21 indigo-tracker daemon.notice pppd[635]: replacing old default route to eth0 [192.168.17.254]
Jan  1 03:00:21 indigo-tracker daemon.notice pppd[635]: local  IP address 10.238.81.243
Jan  1 03:00:21 indigo-tracker daemon.notice pppd[635]: remote IP address 10.0.0.1
Jan  1 03:00:21 indigo-tracker daemon.debug pppd[635]: Script /etc/ppp/ip-up started (pid 651)
Jan  1 03:00:21 indigo-tracker user.notice root: Trying to get system time over ntp
Jan  1 03:00:21 indigo-tracker daemon.notice ntpdate[655]: ntpdate 4.2.6p3@1.2290 Sun Feb 20 22:12:26 UTC 2011 (1)
Oct 16 14:13:41 indigo-tracker daemon.notice ntpdate[655]: step time server 85.21.78.8 offset 1318759983.449214 sec
Oct 16 14:13:41 indigo-tracker user.notice root: Playing ntp started
Oct 16 14:13:41 indigo-tracker user.notice root: sender started
Oct 16 14:13:41 indigo-tracker user.notice root: gpsreader started
Oct 16 14:13:42 indigo-tracker user.notice root: people started
Oct 16 14:13:42 indigo-tracker user.debug sender: using uuid d8af39fb-7fc0-4f42-b976-fa460112c6ae
Oct 16 14:13:42 indigo-tracker user.debug sqlite: gps connected ok
Oct 16 14:13:43 indigo-tracker user.debug sqlite: gpsdb started ok
Oct 16 14:13:43 indigo-tracker user.debug sqlite: gps created
Oct 16 14:13:43 indigo-tracker daemon.notice openvpn[677]: OpenVPN 2.1.4 arm-linux [SSL] [LZO2] [EPOLL] built on Feb 21 2011
Oct 16 14:13:43 indigo-tracker daemon.warn openvpn[677]: NOTE: the current --script-security setting may allow this configuration to call user-defined scripts
Oct 16 14:13:43 indigo-tracker daemon.warn openvpn[677]: WARNING: file 'keys/device3.key' is group or others accessible
Oct 16 14:13:43 indigo-tracker daemon.notice openvpn[677]: LZO compression initialized
Oct 16 14:13:43 indigo-tracker daemon.notice openvpn[677]: Control Channel MTU parms [ L:1546 D:138 EF:38 EB:0 ET:0 EL:0 ]
Oct 16 14:13:43 indigo-tracker daemon.notice openvpn[677]: Socket Buffers: R=[108544->131072] S=[108544->131072]
Oct 16 14:13:44 indigo-tracker daemon.notice openvpn[677]: Data Channel MTU parms [ L:1546 D:1300 EF:46 EB:135 ET:0 EL:0 AF:3/1 ]
Oct 16 14:13:44 indigo-tracker daemon.notice openvpn[677]: Fragmentation MTU parms [ L:1546 D:1300 EF:45 EB:135 ET:1 EL:0 AF:3/1 ]
Oct 16 14:13:44 indigo-tracker daemon.notice openvpn[680]: UDPv4 link local: [undef]
Oct 16 14:13:44 indigo-tracker daemon.notice openvpn[680]: UDPv4 link remote: 72.249.145.165:1194
Oct 16 14:13:44 indigo-tracker user.notice root: recorder started
Oct 16 14:13:44 indigo-tracker user.debug recorder: recorder started
Oct 16 14:13:44 indigo-tracker user.debug recorder: ready to record
Oct 16 14:13:45 indigo-tracker user.debug recorder: scheduling next file at 1318762800 seconds unix time
Oct 16 14:13:45 indigo-tracker daemon.notice openvpn[680]: TLS: Initial packet from 72.249.145.165:1194, sid=0bdddfbd 0fd7d037
Jan  1 03:14:11 indigo-tracker syslog.info syslogd started: BusyBox v1.18.3
Jan  1 03:14:11 indigo-tracker user.notice kernel: klogd started: BusyBox v1.18.3 (2011-03-29 18:29:13 MSD)
Jan  1 03:14:11 indigo-tracker user.notice kernel: Linux version 2.6.38+ (yury@debian-dev-vm) (gcc version 4.4.5 (indigo-ct-ng) ) #60 Wed Sep 21 16:51:48 MSD 2011
Jan  1 03:14:11 indigo-tracker user.warn kernel: CPU: ARM926EJ-S [41069265] revision 5 (ARMv5TEJ), cr=00053177
Jan  1 03:14:11 indigo-tracker user.warn kernel: CPU: VIVT data cache, VIVT instruction cache
Jan  1 03:14:11 indigo-tracker user.warn kernel: Machine: Indigo AT91SAM9260-SK
Jan  1 03:14:11 indigo-tracker user.warn kernel: Memory policy: ECC disabled, Data cache writeback
Jan  1 03:14:11 indigo-tracker user.warn kernel: Clocks: CPU 196 MHz, master 98 MHz, main 12.000 MHz
Jan  1 03:14:11 indigo-tracker user.debug kernel: On node 0 totalpages: 16384
Jan  1 03:14:11 indigo-tracker user.debug kernel: free_area_init_node: node 0, pgdat c0369484, node_mem_map c037b000
Jan  1 03:14:11 indigo-tracker user.debug kernel:   Normal zone: 128 pages used for memmap
Jan  1 03:14:11 indigo-tracker user.debug kernel:   Normal zone: 0 pages reserved
Jan  1 03:14:11 indigo-tracker user.debug kernel:   Normal zone: 16256 pages, LIFO batch:3
Jan  1 03:14:11 indigo-tracker user.debug kernel: pcpu-alloc: s0 r0 d32768 u32768 alloc=1*32768
Jan  1 03:14:11 indigo-tracker user.debug kernel: pcpu-alloc: [0] 0 
Jan  1 03:14:11 indigo-tracker user.warn kernel: Built 1 zonelists in Zone order, mobility grouping on.  Total pages: 16256
Jan  1 03:14:11 indigo-tracker user.notice kernel: Kernel command line: console=ttyS0,115200=mem=64M root=/dev/mtdblock3
Jan  1 03:14:11 indigo-tracker user.info kernel: PID hash table entries: 256 (order: -2, 1024 bytes)
Jan  1 03:14:11 indigo-tracker user.info kernel: Dentry cache hash table entries: 8192 (order: 3, 32768 bytes)
Jan  1 03:14:11 indigo-tracker user.info kernel: Inode-cache hash table entries: 4096 (order: 2, 16384 bytes)
Jan  1 03:14:11 indigo-tracker user.info kernel: Memory: 64MB = 64MB total
Jan  1 03:14:11 indigo-tracker user.notice kernel: Memory: 61364k/61364k available, 4172k reserved, 0K highmem
Jan  1 03:14:11 indigo-tracker user.notice kernel: Virtual kernel memory layout:
Jan  1 03:14:11 indigo-tracker user.notice kernel:     vector  : 0xffff0000 - 0xffff1000   (   4 kB)
Jan  1 03:14:11 indigo-tracker user.notice kernel:     fixmap  : 0xfff00000 - 0xfffe0000   ( 896 kB)
Jan  1 03:14:11 indigo-tracker user.notice kernel:     DMA     : 0xffc00000 - 0xffe00000   (   2 MB)
Jan  1 03:14:11 indigo-tracker user.notice kernel:     vmalloc : 0xc4800000 - 0xfee00000   ( 934 MB)
Jan  1 03:14:11 indigo-tracker user.notice kernel:     lowmem  : 0xc0000000 - 0xc4000000   (  64 MB)
Jan  1 03:14:11 indigo-tracker user.notice kernel:     modules : 0xbf000000 - 0xc0000000   (  16 MB)
Jan  1 03:14:11 indigo-tracker user.notice kernel:       .init : 0xc0008000 - 0xc0024000   ( 112 kB)
Jan  1 03:14:11 indigo-tracker user.notice kernel:       .text : 0xc0024000 - 0xc03419d4   (3191 kB)
Jan  1 03:14:11 indigo-tracker user.notice kernel:       .data : 0xc0342000 - 0xc0369c60   ( 160 kB)
Jan  1 03:14:11 indigo-tracker user.info kernel: NR_IRQS:192
Jan  1 03:14:11 indigo-tracker user.info kernel: AT91: 96 gpio irqs in 3 banks
Jan  1 03:14:11 indigo-tracker user.warn kernel: Console: colour dummy device 80x30
Jan  1 03:14:11 indigo-tracker user.info kernel: console [ttyS0] enabled
Jan  1 03:14:11 indigo-tracker user.info kernel: Calibrating delay loop... 97.89 BogoMIPS (lpj=489472)
Jan  1 03:14:11 indigo-tracker user.info kernel: pid_max: default: 32768 minimum: 301
Jan  1 03:14:11 indigo-tracker user.warn kernel: Mount-cache hash table entries: 512
Jan  1 03:14:11 indigo-tracker user.info kernel: CPU: Testing write buffer coherency: ok
Jan  1 03:14:11 indigo-tracker user.info kernel: NET: Registered protocol family 16
Jan  1 03:14:11 indigo-tracker user.warn kernel: bio: create slab <bio-0> at 0
Jan  1 03:14:11 indigo-tracker user.notice kernel: SCSI subsystem initialized
Jan  1 03:14:11 indigo-tracker user.info kernel: usbcore: registered new interface driver usbfs
Jan  1 03:14:11 indigo-tracker user.info kernel: usbcore: registered new interface driver hub
Jan  1 03:14:11 indigo-tracker user.info kernel: usbcore: registered new device driver usb
Jan  1 03:14:11 indigo-tracker user.info kernel: Advanced Linux Sound Architecture Driver Version 1.0.23.
Jan  1 03:14:11 indigo-tracker user.info kernel: Switching to clocksource pit
Jan  1 03:14:11 indigo-tracker user.info kernel: NET: Registered protocol family 2
Jan  1 03:14:11 indigo-tracker user.info kernel: IP route cache hash table entries: 1024 (order: 0, 4096 bytes)
Jan  1 03:14:11 indigo-tracker user.info kernel: TCP established hash table entries: 2048 (order: 2, 16384 bytes)
Jan  1 03:14:11 indigo-tracker user.info kernel: TCP bind hash table entries: 2048 (order: 1, 8192 bytes)
Jan  1 03:14:11 indigo-tracker user.info kernel: TCP: Hash tables configured (established 2048 bind 2048)
Jan  1 03:14:11 indigo-tracker user.info kernel: TCP reno registered
Jan  1 03:14:11 indigo-tracker user.info kernel: UDP hash table entries: 256 (order: 0, 4096 bytes)
Jan  1 03:14:11 indigo-tracker user.info kernel: UDP-Lite hash table entries: 256 (order: 0, 4096 bytes)
Jan  1 03:14:11 indigo-tracker user.info kernel: NET: Registered protocol family 1
Jan  1 03:14:11 indigo-tracker user.debug kernel: yaffs: yaffs built Sep 21 2011 13:46:29 Installing.
Jan  1 03:14:11 indigo-tracker user.info kernel: msgmni has been set to 119
Jan  1 03:14:11 indigo-tracker user.info kernel: io scheduler noop registered (default)
Jan  1 03:14:11 indigo-tracker user.info kernel: io scheduler deadline registered
Jan  1 03:14:11 indigo-tracker user.info kernel: atmel_usart.0: ttyS0 at MMIO 0xfefff200 (irq = 1) is a ATMEL_SERIAL
Jan  1 03:14:11 indigo-tracker user.info kernel: atmel_usart.1: ttyS1 at MMIO 0xfffb0000 (irq = 6) is a ATMEL_SERIAL
Jan  1 03:14:11 indigo-tracker user.info kernel: atmel_usart.2: ttyS2 at MMIO 0xfffb8000 (irq = 8) is a ATMEL_SERIAL
Jan  1 03:14:11 indigo-tracker user.debug kernel: SK-AT91SAM9XE512: SIM508 power management driver, major 135, minor 0.
Jan  1 03:14:11 indigo-tracker user.info kernel: brd: module loaded
Jan  1 03:14:11 indigo-tracker user.info kernel: loop: module loaded
Jan  1 03:14:11 indigo-tracker user.info kernel: ssc ssc.0: Atmel SSC device at 0xc4818000 (irq 14)
Jan  1 03:14:11 indigo-tracker user.info kernel: NAND device: Manufacturer ID: 0xec, Chip ID: 0xda (Samsung NAND 256MiB 3,3V 8-bit)
Jan  1 03:14:11 indigo-tracker user.info kernel: Scanning device for bad blocks
Jan  1 03:14:11 indigo-tracker user.warn kernel: Bad eraseblock 1686 at 0x00000d2c0000
Jan  1 03:14:11 indigo-tracker user.notice kernel: Creating 6 MTD partitions on "atmel_nand":
Jan  1 03:14:11 indigo-tracker user.notice kernel: 0x000000000000-0x000000020000 : "Bootstrap partition"
Jan  1 03:14:11 indigo-tracker user.notice kernel: 0x000000020000-0x000000060000 : "U-boot Partition"
Jan  1 03:14:11 indigo-tracker user.notice kernel: 0x0000000a0000-0x0000002a0000 : "Kernel Partition"
Jan  1 03:14:11 indigo-tracker user.notice kernel: 0x000000800000-0x000010000000 : "Storage Partition"
Jan  1 03:14:11 indigo-tracker user.notice kernel: 0x000000060000-0x000000080000 : "U-boot Environment"
Jan  1 03:14:11 indigo-tracker user.notice kernel: 0x000000080000-0x0000000a0000 : "U-boot Environment Backup"
Jan  1 03:14:11 indigo-tracker user.info kernel: atmel_spi atmel_spi.0: Atmel SPI Controller at 0xfffc8000 (irq 12)
Jan  1 03:14:11 indigo-tracker user.info kernel: atmel_spi atmel_spi.1: Atmel SPI Controller at 0xfffcc000 (irq 13)
Jan  1 03:14:11 indigo-tracker user.info kernel: PPP generic driver version 2.4.2
Jan  1 03:14:11 indigo-tracker user.info kernel: PPP Deflate Compression module registered
Jan  1 03:14:11 indigo-tracker user.info kernel: PPP BSD Compression module registered
Jan  1 03:14:11 indigo-tracker user.info kernel: PPP MPPE Compression module registered
Jan  1 03:14:11 indigo-tracker user.info kernel: NET: Registered protocol family 24
Jan  1 03:14:11 indigo-tracker user.info kernel: SLIP: version 0.8.4-NET3.019-NEWTTY (dynamic channels, max=256).
Jan  1 03:14:11 indigo-tracker user.info kernel: CSLIP: code copyright 1989 Regents of the University of California.
Jan  1 03:14:11 indigo-tracker user.info kernel: tun: Universal TUN/TAP device driver, 1.6
Jan  1 03:14:11 indigo-tracker user.info kernel: tun: (C) 1999-2004 Max Krasnyansky <maxk@qualcomm.com>
Jan  1 03:14:11 indigo-tracker user.info kernel: macb macb: invalid hw address, using random
Jan  1 03:14:11 indigo-tracker user.info kernel: MACB_mii_bus: probed
Jan  1 03:14:11 indigo-tracker user.info kernel: eth0: Atmel MACB at 0xfffc4000 irq 21 (26:cf:d5:8f:6a:f2)
Jan  1 03:14:11 indigo-tracker user.info kernel: eth0: attached PHY driver [Micrel KS8001 or KS8721] (mii_bus:phy_addr=ffffffff:01, irq=-1)
Jan  1 03:14:11 indigo-tracker user.info kernel: ohci_hcd: USB 1.1 'Open' Host Controller (OHCI) Driver
Jan  1 03:14:11 indigo-tracker user.info kernel: at91_ohci at91_ohci: AT91 OHCI
Jan  1 03:14:11 indigo-tracker user.info kernel: at91_ohci at91_ohci: new USB bus registered, assigned bus number 1
Jan  1 03:14:11 indigo-tracker user.info kernel: at91_ohci at91_ohci: irq 20, io mem 0x00500000
Jan  1 03:14:11 indigo-tracker user.info kernel: usb usb1: New USB device found, idVendor=1d6b, idProduct=0001
Jan  1 03:14:11 indigo-tracker user.info kernel: usb usb1: New USB device strings: Mfr=3, Product=2, SerialNumber=1
Jan  1 03:14:11 indigo-tracker user.info kernel: usb usb1: Product: AT91 OHCI
Jan  1 03:14:11 indigo-tracker user.info kernel: usb usb1: Manufacturer: Linux 2.6.38+ ohci_hcd
Jan  1 03:14:11 indigo-tracker user.info kernel: usb usb1: SerialNumber: at91
Jan  1 03:14:11 indigo-tracker user.info kernel: hub 1-0:1.0: USB hub found
Jan  1 03:14:11 indigo-tracker user.info kernel: hub 1-0:1.0: 2 ports detected
Jan  1 03:14:11 indigo-tracker user.info kernel: Initializing USB Mass Storage driver...
Jan  1 03:14:11 indigo-tracker user.info kernel: usbcore: registered new interface driver usb-storage
Jan  1 03:14:11 indigo-tracker user.info kernel: USB Mass Storage support registered.
Jan  1 03:14:11 indigo-tracker user.info kernel: rtc-at91sam9 at91_rtt.0: rtc core: registered at91_rtt as rtc0
Jan  1 03:14:11 indigo-tracker user.warn kernel: rtc-at91sam9 at91_rtt.0: rtc0: SET TIME!
Jan  1 03:14:11 indigo-tracker user.info kernel: i2c /dev entries driver
Jan  1 03:14:11 indigo-tracker user.info kernel: Linux video capture interface: v2.00
Jan  1 03:14:11 indigo-tracker user.info kernel: usbcore: registered new interface driver uvcvideo
Jan  1 03:14:11 indigo-tracker user.info kernel: USB Video Class driver (v1.0.0)
Jan  1 03:14:11 indigo-tracker user.info kernel: AT91SAM9 Watchdog enabled (heartbeat=15 sec, nowayout=0)
Jan  1 03:14:11 indigo-tracker user.info kernel: usbcore: registered new interface driver snd-usb-audio
Jan  1 03:14:11 indigo-tracker user.info kernel: ALSA device list:
Jan  1 03:14:11 indigo-tracker user.info kernel:   No soundcards found.
Jan  1 03:14:11 indigo-tracker user.info kernel: nf_conntrack version 0.5.0 (958 buckets, 3832 max)
Jan  1 03:14:11 indigo-tracker user.info kernel: ip_tables: (C) 2000-2006 Netfilter Core Team
Jan  1 03:14:11 indigo-tracker user.info kernel: TCP cubic registered
Jan  1 03:14:11 indigo-tracker user.info kernel: NET: Registered protocol family 17
Jan  1 03:14:11 indigo-tracker user.err kernel: rtc-at91sam9 at91_rtt.0: hctosys: unable to read the hardware clock
Jan  1 03:14:11 indigo-tracker user.info kernel: atmel_mci atmel_mci: Atmel MCI controller at 0xfffa8000 irq 9, 1 slots
Jan  1 03:14:11 indigo-tracker user.info kernel: yaffs: dev is 32505859 name is "mtdblock3" rw
Jan  1 03:14:11 indigo-tracker user.info kernel: yaffs: passed flags ""
Jan  1 03:14:11 indigo-tracker user.debug kernel: yaffs: yaffs: Attempting MTD mount of 31.3,"mtdblock3"
Jan  1 03:14:11 indigo-tracker user.debug kernel: yaffs: auto selecting yaffs2
Jan  1 03:14:11 indigo-tracker user.debug kernel: yaffs: block 1623 is bad
Jan  1 03:14:11 indigo-tracker user.info kernel: usb 1-1: new full speed USB device using at91_ohci and address 2
Jan  1 03:14:11 indigo-tracker user.info kernel: usb 1-1: New USB device found, idVendor=046d, idProduct=0819
Jan  1 03:14:11 indigo-tracker user.info kernel: usb 1-1: New USB device strings: Mfr=0, Product=0, SerialNumber=2
Jan  1 03:14:11 indigo-tracker user.info kernel: usb 1-1: SerialNumber: 9D01EEA0
Jan  1 03:14:11 indigo-tracker user.info kernel: uvcvideo: Found UVC 1.00 device <unnamed> (046d:0819)
Jan  1 03:14:11 indigo-tracker user.warn kernel: mmc0: host does not support reading read-only switch. assuming write-enable.
Jan  1 03:14:11 indigo-tracker user.info kernel: input: UVC Camera (046d:0819) as /devices/platform/at91_ohci/usb1/1-1/1-1:1.0/input/input0
Jan  1 03:14:11 indigo-tracker user.info kernel: mmc0: new SDHC card at address b368
Jan  1 03:14:11 indigo-tracker user.info kernel: mmcblk0: mmc0:b368 SDC   15.0 GiB 
Jan  1 03:14:11 indigo-tracker user.info kernel:  mmcblk0: p1
Jan  1 03:14:11 indigo-tracker user.debug kernel: yaffs: yaffs_read_super: is_checkpointed 0
Jan  1 03:14:11 indigo-tracker user.warn kernel: VFS: Mounted root (yaffs filesystem) on device 31:3.
Jan  1 03:14:11 indigo-tracker user.info kernel: Freeing init memory: 112K
Jan  1 03:14:11 indigo-tracker user.alert kernel: piopins: with filter
Jan  1 03:14:11 indigo-tracker user.warn kernel: piopins: system time doesn't seem to be true, will not flush anything
Jan  1 03:14:11 indigo-tracker user.info kernel: SK-AT91SAM9XE512: SIM508 GPS power OFF.
Jan  1 03:14:11 indigo-tracker user.info kernel: SK-AT91SAM9XE512: SIM508 GPS power ON.
Jan  1 03:14:11 indigo-tracker local2.info chat[694]: timeout set to 45 seconds
Jan  1 03:14:11 indigo-tracker local2.info chat[694]: expect (OK)
Jan  1 03:14:11 indigo-tracker local2.info chat[694]: ^M
Jan  1 03:14:11 indigo-tracker local2.info chat[694]: AT+CGDCONT=1,"IP","internet"^M^M
Jan  1 03:14:11 indigo-tracker local2.info chat[694]: OK
Jan  1 03:14:11 indigo-tracker local2.info chat[694]:  -- got it
Jan  1 03:14:11 indigo-tracker local2.info chat[694]: send (ATD*99#^M)
Jan  1 03:14:11 indigo-tracker local2.info chat[694]: expect (CONNECT)
Jan  1 03:14:11 indigo-tracker local2.info chat[694]: ^M
Jan  1 03:14:11 indigo-tracker local2.info chat[694]: ATD*99#^M^M
Jan  1 03:14:11 indigo-tracker local2.info chat[694]: CONNECT
Jan  1 03:14:11 indigo-tracker local2.info chat[694]:  -- got it
Jan  1 03:14:11 indigo-tracker local2.info chat[694]: send (^M)
Jan  1 03:14:11 indigo-tracker daemon.debug pppd[691]: Script chat -v -f /etc/ppp/chatscripts/megafon-connect finished (pid 693), status = 0x0
Jan  1 03:14:11 indigo-tracker daemon.info pppd[691]: Serial connection established.
Jan  1 03:14:11 indigo-tracker daemon.debug pppd[691]: using channel 1
Jan  1 03:14:11 indigo-tracker daemon.info pppd[691]: Using interface ppp0
Jan  1 03:14:11 indigo-tracker daemon.notice pppd[691]: Connect: ppp0 <--> /dev/ttyS1
Jan  1 03:14:12 indigo-tracker daemon.warn pppd[691]: Warning - secret file /etc/ppp/pap-secrets has world and/or group access
Jan  1 03:14:12 indigo-tracker daemon.debug pppd[691]: sent [LCP ConfReq id=0x1 <asyncmap 0x0> <magic 0x974fdf82>]
Jan  1 03:14:12 indigo-tracker daemon.debug pppd[691]: rcvd [LCP ConfAck id=0x1 <asyncmap 0x0> <magic 0x974fdf82>]
Jan  1 03:14:14 indigo-tracker daemon.debug pppd[691]: rcvd [LCP ConfReq id=0x2 <mru 1600> <auth pap> <magic 0xc3c65c9> <asyncmap 0x0> <pcomp> <accomp>]
Jan  1 03:14:14 indigo-tracker daemon.debug pppd[691]: No auth is possible
Jan  1 03:14:14 indigo-tracker daemon.debug pppd[691]: sent [LCP ConfRej id=0x2 <auth pap> <pcomp> <accomp>]
Jan  1 03:14:14 indigo-tracker daemon.debug pppd[691]: rcvd [LCP ConfReq id=0x3 <mru 1600> <magic 0xc3c65c9> <asyncmap 0x0>]
Jan  1 03:14:14 indigo-tracker daemon.debug pppd[691]: sent [LCP ConfAck id=0x3 <mru 1600> <magic 0xc3c65c9> <asyncmap 0x0>]
Jan  1 03:14:14 indigo-tracker daemon.debug pppd[691]: sent [IPCP ConfReq id=0x1 <addr 0.0.0.0>]
Jan  1 03:14:17 indigo-tracker daemon.debug pppd[691]: sent [IPCP ConfReq id=0x1 <addr 0.0.0.0>]
Jan  1 03:14:20 indigo-tracker daemon.debug pppd[691]: rcvd [IPCP ConfNak id=0x1 <addr 10.106.41.124>]
Jan  1 03:14:20 indigo-tracker daemon.debug pppd[691]: sent [IPCP ConfReq id=0x2 <addr 10.106.41.124>]
Jan  1 03:14:20 indigo-tracker daemon.debug pppd[691]: rcvd [IPCP ConfReq id=0x1 <addr 10.0.0.1>]
Jan  1 03:14:20 indigo-tracker daemon.debug pppd[691]: sent [IPCP ConfAck id=0x1 <addr 10.0.0.1>]
Jan  1 03:14:20 indigo-tracker daemon.debug pppd[691]: rcvd [IPCP ConfAck id=0x2 <addr 10.106.41.124>]
Jan  1 03:14:20 indigo-tracker daemon.notice pppd[691]: replacing old default route to eth0 [192.168.17.254]
Jan  1 03:14:20 indigo-tracker daemon.notice pppd[691]: local  IP address 10.106.41.124
Jan  1 03:14:20 indigo-tracker daemon.notice pppd[691]: remote IP address 10.0.0.1
Jan  1 03:14:20 indigo-tracker daemon.debug pppd[691]: Script /etc/ppp/ip-up started (pid 707)
Jan  1 03:14:20 indigo-tracker user.notice root: Trying to get system time over ntp
Jan  1 03:14:20 indigo-tracker daemon.notice ntpdate[711]: ntpdate 4.2.6p3@1.2290 Sun Feb 20 22:12:26 UTC 2011 (1)
Oct 16 14:28:48 indigo-tracker daemon.notice ntpdate[711]: step time server 195.5.136.4 offset 1318760051.010904 sec
Oct 16 14:28:48 indigo-tracker user.notice root: Playing ntp started
Oct 16 14:28:48 indigo-tracker user.notice root: sender started
Oct 16 14:28:48 indigo-tracker user.notice root: gpsreader started
Oct 16 14:28:49 indigo-tracker user.notice root: people started
Oct 16 14:28:49 indigo-tracker user.debug sender: using uuid d8af39fb-7fc0-4f42-b976-fa460112c6ae
Oct 16 14:28:49 indigo-tracker user.debug sqlite: gps connected ok
Oct 16 14:28:50 indigo-tracker user.debug sqlite: gpsdb started ok
Oct 16 14:28:50 indigo-tracker user.debug sqlite: gps created
Oct 16 14:28:50 indigo-tracker daemon.notice openvpn[733]: OpenVPN 2.1.4 arm-linux [SSL] [LZO2] [EPOLL] built on Feb 21 2011
Oct 16 14:28:50 indigo-tracker daemon.warn openvpn[733]: NOTE: the current --script-security setting may allow this configuration to call user-defined scripts
Oct 16 14:28:50 indigo-tracker daemon.warn openvpn[733]: WARNING: file 'keys/device3.key' is group or others accessible
Oct 16 14:28:50 indigo-tracker daemon.notice openvpn[733]: LZO compression initialized
Oct 16 14:28:50 indigo-tracker daemon.notice openvpn[733]: Control Channel MTU parms [ L:1546 D:138 EF:38 EB:0 ET:0 EL:0 ]
Oct 16 14:28:50 indigo-tracker daemon.notice openvpn[733]: Socket Buffers: R=[108544->131072] S=[108544->131072]
Oct 16 14:28:51 indigo-tracker daemon.notice openvpn[733]: Data Channel MTU parms [ L:1546 D:1300 EF:46 EB:135 ET:0 EL:0 AF:3/1 ]
Oct 16 14:28:51 indigo-tracker daemon.notice openvpn[733]: Fragmentation MTU parms [ L:1546 D:1300 EF:45 EB:135 ET:1 EL:0 AF:3/1 ]
Oct 16 14:28:51 indigo-tracker daemon.notice openvpn[736]: UDPv4 link local: [undef]
Oct 16 14:28:51 indigo-tracker daemon.notice openvpn[736]: UDPv4 link remote: 72.249.145.165:1194
Oct 16 14:28:51 indigo-tracker user.notice root: recorder started
Oct 16 14:28:51 indigo-tracker user.debug recorder: recorder started
Oct 16 14:28:51 indigo-tracker user.debug recorder: ready to record
Oct 16 14:28:51 indigo-tracker user.debug recorder: scheduling next file at 1318762800 seconds unix time
Oct 16 14:28:54 indigo-tracker user.notice root: mjpeg-streamer started
Oct 16 14:28:54 indigo-tracker user.info MJPG-streamer [748]: starting application
Oct 16 14:28:54 indigo-tracker user.info MJPG-streamer [748]: MJPG Streamer Version: svn rev: exported
Oct 16 14:28:55 indigo-tracker user.info MJPG-streamer [748]: Using V4L2 device.: /dev/video0
Oct 16 14:28:55 indigo-tracker user.info MJPG-streamer [748]: Desired Resolution: 640 x 480
Oct 16 14:28:55 indigo-tracker user.info MJPG-streamer [748]: Frames Per Second.: 10
Oct 16 14:28:55 indigo-tracker user.info MJPG-streamer [748]: Format............: MJPEG
Oct 16 14:28:55 indigo-tracker user.notice root: Current time is valid
Oct 16 14:28:55 indigo-tracker user.info MJPG-streamer [748]: output folder.....: /mnt/mmcblk0p1/video
Oct 16 14:28:55 indigo-tracker user.info MJPG-streamer [748]: input plugin.....: 0: /opt/input_uvc.so
Oct 16 14:28:55 indigo-tracker user.info MJPG-streamer [748]: delay after save..: 0
Oct 16 14:28:55 indigo-tracker user.info MJPG-streamer [748]: ringbuffer size...: no ringbuffer
Oct 16 14:28:55 indigo-tracker user.info MJPG-streamer [748]: command...........: disabled
Oct 16 14:28:55 indigo-tracker user.info MJPG-streamer [748]: www-folder-path...: /opt/mjpeg/www/
Oct 16 14:28:55 indigo-tracker user.info MJPG-streamer [748]: HTTP TCP port.....: 8080
Oct 16 14:28:55 indigo-tracker user.info MJPG-streamer [748]: username:password.: disabled
Oct 16 14:28:55 indigo-tracker user.info MJPG-streamer [748]: commands..........: enabled
Oct 16 14:28:55 indigo-tracker user.info MJPG-streamer [748]: starting input plugin /opt/input_uvc.so
Oct 16 14:28:55 indigo-tracker user.info MJPG-streamer [748]: starting output plugin: /opt/output_file.so (ID: 00)
Oct 16 14:28:55 indigo-tracker user.info MJPG-streamer [748]: starting output plugin: /opt/output_http.so (ID: 01)
Oct 16 14:28:55 indigo-tracker daemon.debug pppd[691]: Script /etc/ppp/ip-up finished (pid 707), status = 0x0
Oct 16 14:28:56 indigo-tracker user.info MJPG-streamer [748]: turning light on for camera 0
Oct 16 14:28:56 indigo-tracker user.info MJPG-streamer [748]: storage queue grew with total size of 1 * 64036 = 64036 bytes
Oct 16 14:28:56 indigo-tracker user.info MJPG-streamer [748]: storage queue grew with total size of 2 * 64036 = 128072 bytes
Oct 16 14:28:56 indigo-tracker daemon.notice openvpn[736]: TLS: Initial packet from 72.249.145.165:1194, sid=6a2cbfdf e746dee5
Oct 16 14:28:56 indigo-tracker user.info MJPG-streamer [748]: storage queue grew with total size of 3 * 64036 = 192108 bytes
Oct 16 14:28:56 indigo-tracker user.info MJPG-streamer [748]: storage queue grew with total size of 4 * 64036 = 256144 bytes
Oct 16 14:28:57 indigo-tracker user.info MJPG-streamer [748]: storage queue grew with total size of 5 * 64036 = 320180 bytes
Oct 16 14:28:57 indigo-tracker user.info MJPG-streamer [748]: storage queue grew with total size of 6 * 64036 = 384216 bytes
Oct 16 14:28:57 indigo-tracker user.info MJPG-streamer [748]: storage queue grew with total size of 7 * 64036 = 448252 bytes
Oct 16 14:28:57 indigo-tracker user.info MJPG-streamer [748]: storage queue grew with total size of 8 * 64036 = 512288 bytes
Oct 16 14:28:57 indigo-tracker user.info MJPG-streamer [748]: storage queue grew with total size of 9 * 64036 = 576324 bytes
Oct 16 14:28:57 indigo-tracker user.info MJPG-streamer [748]: storage queue grew with total size of 10 * 64036 = 640360 bytes
Oct 16 14:28:57 indigo-tracker user.info MJPG-streamer [748]: storage queue grew with total size of 11 * 64036 = 704396 bytes
Oct 16 14:28:57 indigo-tracker user.info MJPG-streamer [748]: storage queue grew with total size of 12 * 64036 = 768432 bytes
Oct 16 14:28:57 indigo-tracker user.info MJPG-streamer [748]: storage queue grew with total size of 13 * 64036 = 832468 bytes
Oct 16 14:28:57 indigo-tracker user.info MJPG-streamer [748]: storage queue grew with total size of 14 * 64036 = 896504 bytes
Oct 16 14:28:58 indigo-tracker user.info MJPG-streamer [748]: storage queue grew with total size of 15 * 64036 = 960540 bytes
Oct 16 14:28:58 indigo-tracker user.info MJPG-streamer [748]: storage queue grew with total size of 16 * 64036 = 1024576 bytes
Oct 16 14:28:58 indigo-tracker user.info MJPG-streamer [748]: storage queue grew with total size of 17 * 64036 = 1088612 bytes
Oct 16 14:28:58 indigo-tracker user.info MJPG-streamer [748]: storage queue grew with total size of 18 * 64036 = 1152648 bytes
Oct 16 14:28:58 indigo-tracker user.debug sender: send success
Oct 16 14:28:58 indigo-tracker user.info MJPG-streamer [748]: storage queue grew with total size of 19 * 64036 = 1216684 bytes
Oct 16 14:28:58 indigo-tracker user.info MJPG-streamer [748]: storage queue grew with total size of 20 * 64036 = 1280720 bytes
Oct 16 14:28:58 indigo-tracker user.info MJPG-streamer [748]: storage queue grew with total size of 21 * 64036 = 1344756 bytes
Oct 16 14:28:58 indigo-tracker user.info MJPG-streamer [748]: storage queue grew with total size of 22 * 64036 = 1408792 bytes
Oct 16 14:28:58 indigo-tracker user.info MJPG-streamer [748]: storage queue grew with total size of 23 * 64036 = 1472828 bytes
Oct 16 14:28:58 indigo-tracker user.info MJPG-streamer [748]: storage queue grew with total size of 24 * 64036 = 1536864 bytes
Oct 16 14:28:59 indigo-tracker user.info MJPG-streamer [748]: storage queue grew with total size of 25 * 64036 = 1600900 bytes
Oct 16 14:28:59 indigo-tracker user.info MJPG-streamer [748]: storage queue grew with total size of 26 * 64036 = 1664936 bytes
Oct 16 14:28:59 indigo-tracker user.info MJPG-streamer [748]: storage queue grew with total size of 27 * 64036 = 1728972 bytes
Oct 16 14:28:59 indigo-tracker user.info MJPG-streamer [748]: storage queue grew with total size of 28 * 64036 = 1793008 bytes
Oct 16 14:28:59 indigo-tracker user.info MJPG-streamer [748]: storage queue grew with total size of 29 * 64036 = 1857044 bytes
Oct 16 14:28:59 indigo-tracker user.info MJPG-streamer [748]: storage queue grew with total size of 30 * 64036 = 1921080 bytes
Oct 16 14:28:59 indigo-tracker user.info MJPG-streamer [748]: storage queue grew with total size of 31 * 64036 = 1985116 bytes
Oct 16 14:28:59 indigo-tracker user.info MJPG-streamer [748]: storage queue grew with total size of 32 * 64036 = 2049152 bytes
Oct 16 14:28:59 indigo-tracker user.info MJPG-streamer [748]: storage queue grew with total size of 33 * 64036 = 2113188 bytes
Oct 16 14:28:59 indigo-tracker user.info MJPG-streamer [748]: storage queue grew with total size of 34 * 64036 = 2177224 bytes
Oct 16 14:29:00 indigo-tracker user.info MJPG-streamer [748]: storage queue grew with total size of 35 * 64036 = 2241260 bytes
Oct 16 14:29:00 indigo-tracker user.info MJPG-streamer [748]: storage queue grew with total size of 36 * 64036 = 2305296 bytes
Oct 16 14:29:00 indigo-tracker user.info MJPG-streamer [748]: storage queue grew with total size of 37 * 64036 = 2369332 bytes
Oct 16 14:29:00 indigo-tracker user.info MJPG-streamer [748]: storage queue grew with total size of 38 * 64036 = 2433368 bytes
Oct 16 14:29:00 indigo-tracker user.info MJPG-streamer [748]: storage queue grew with total size of 39 * 64036 = 2497404 bytes
Oct 16 14:29:00 indigo-tracker user.info MJPG-streamer [748]: storage queue grew with total size of 40 * 64036 = 2561440 bytes
Oct 16 14:29:00 indigo-tracker user.info MJPG-streamer [748]: storage queue grew with total size of 41 * 64036 = 2625476 bytes
Oct 16 14:29:00 indigo-tracker user.info MJPG-streamer [748]: storage queue grew with total size of 42 * 64036 = 2689512 bytes
Oct 16 14:29:01 indigo-tracker user.debug sender: nothing to send, continuing
Oct 16 14:29:02 indigo-tracker daemon.notice openvpn[736]: VERIFY OK: depth=1, /C=RU/ST=ROSTOV-ON-DON/L=Taganrog/O=Indigo/CN=dev-vpn/emailAddress=yury@indigosystem.ru
Oct 16 14:29:02 indigo-tracker daemon.notice openvpn[736]: VERIFY OK: nsCertType=SERVER
Oct 16 14:29:02 indigo-tracker daemon.notice openvpn[736]: VERIFY OK: depth=0, /C=RU/ST=ROSTOV-ON-DON/O=Indigo/CN=dev-vpn/emailAddress=yury@indigosystem.ru
Oct 16 14:29:12 indigo-tracker cron.err crond[494]: time disparity of 21979335 minutes detected
Oct 16 14:29:22 indigo-tracker daemon.notice openvpn[736]: Data Channel Encrypt: Cipher 'BF-CBC' initialized with 128 bit key
Oct 16 14:29:22 indigo-tracker daemon.notice openvpn[736]: Data Channel Encrypt: Using 160 bit message hash 'SHA1' for HMAC authentication
Oct 16 14:29:22 indigo-tracker daemon.notice openvpn[736]: Data Channel Decrypt: Cipher 'BF-CBC' initialized with 128 bit key
Oct 16 14:29:22 indigo-tracker daemon.notice openvpn[736]: Data Channel Decrypt: Using 160 bit message hash 'SHA1' for HMAC authentication
Oct 16 14:29:22 indigo-tracker daemon.notice openvpn[736]: Control Channel: TLSv1, cipher TLSv1/SSLv3 DHE-RSA-AES256-SHA, 1024 bit RSA
Oct 16 14:29:22 indigo-tracker daemon.notice openvpn[736]: [dev-vpn] Peer Connection Initiated with 72.249.145.165:1194
Oct 16 14:29:25 indigo-tracker daemon.notice openvpn[736]: SENT CONTROL [dev-vpn]: 'PUSH_REQUEST' (status=1)
Oct 16 14:29:26 indigo-tracker daemon.notice openvpn[736]: PUSH: Received control message: 'PUSH_REPLY,route 192.168.201.0 255.255.255.0,topology net30,ping 20,ping-restart 50,ifconfig 192.168.201.54 192.168.201.53'
Oct 16 14:29:26 indigo-tracker daemon.notice openvpn[736]: OPTIONS IMPORT: timers and/or timeouts modified
Oct 16 14:29:26 indigo-tracker daemon.notice openvpn[736]: OPTIONS IMPORT: --ifconfig/up options modified
Oct 16 14:29:26 indigo-tracker daemon.notice openvpn[736]: OPTIONS IMPORT: route options modified
Oct 16 14:29:26 indigo-tracker daemon.notice openvpn[736]: ROUTE: default_gateway=UNDEF
Oct 16 14:29:26 indigo-tracker daemon.notice openvpn[736]: TUN/TAP device tun0 opened
Oct 16 14:29:26 indigo-tracker daemon.notice openvpn[736]: TUN/TAP TX queue length set to 100
Oct 16 14:29:26 indigo-tracker daemon.notice openvpn[736]: /sbin/ifconfig tun0 192.168.201.54 pointopoint 192.168.201.53 mtu 1500
Oct 16 14:29:26 indigo-tracker daemon.notice openvpn[736]: /etc/openvpn/vpn-up tun0 1500 1546 192.168.201.54 192.168.201.53 init
Oct 16 14:29:27 indigo-tracker daemon.notice openvpn[736]: /sbin/route add -net 192.168.201.0 netmask 255.255.255.0 gw 192.168.201.53
Oct 16 14:29:27 indigo-tracker daemon.notice openvpn[736]: Initialization Sequence Completed
Oct 16 14:29:50 indigo-tracker user.debug sqlite: sending keepalive
Oct 16 14:29:57 indigo-tracker user.debug sender: send success
Oct 16 14:29:58 indigo-tracker user.debug sender: nothing to send, continuing
Oct 16 14:30:01 indigo-tracker cron.info crond[494]: crond: USER root pid 796 cmd /etc/cron/check_pppd
Oct 16 14:30:01 indigo-tracker cron.info crond[494]: crond: USER root pid 797 cmd /etc/cron/check_updates.sh
Oct 16 14:30:03 indigo-tracker user.notice root: pppd ok, 8.8.8.8 pingable
Oct 16 14:31:01 indigo-tracker cron.info crond[494]: crond: USER root pid 812 cmd /etc/cron/check_updates.sh
Oct 16 14:31:51 indigo-tracker user.debug sqlite: sending keepalive
Oct 16 14:31:53 indigo-tracker user.debug sender: send success
Oct 16 14:31:54 indigo-tracker user.debug sender: nothing to send, continuing
Oct 16 14:32:02 indigo-tracker cron.info crond[494]: crond: USER root pid 827 cmd /etc/cron/check_updates.sh
Oct 16 14:32:34 indigo-tracker user.debug sqlite: got carrier
Oct 16 14:32:37 indigo-tracker user.debug sender: send success
Oct 16 14:32:38 indigo-tracker user.debug sender: nothing to send, continuing
Oct 16 14:32:42 indigo-tracker user.debug sqlite: movement stop
Oct 16 14:32:42 indigo-tracker user.debug sqlite: saving initial point
Oct 16 14:32:44 indigo-tracker user.debug sender: send success
Oct 16 14:32:45 indigo-tracker user.debug sender: nothing to send, continuing
Oct 16 14:33:01 indigo-tracker cron.info crond[494]: crond: USER root pid 845 cmd /etc/cron/check_updates.sh
Oct 16 14:33:46 indigo-tracker user.debug sqlite: sending keepalive
Oct 16 14:33:48 indigo-tracker user.debug sender: send success
Oct 16 14:33:49 indigo-tracker user.debug sender: nothing to send, continuing
Oct 16 14:34:01 indigo-tracker cron.info crond[494]: crond: USER root pid 860 cmd /etc/cron/check_updates.sh
Oct 16 14:35:01 indigo-tracker cron.info crond[494]: crond: USER root pid 869 cmd /etc/cron/check_updates.sh
Oct 16 14:35:47 indigo-tracker user.debug sqlite: sending keepalive
Oct 16 14:35:49 indigo-tracker user.debug sender: send success
Oct 16 14:35:50 indigo-tracker user.debug sender: nothing to send, continuing
Oct 16 14:36:01 indigo-tracker cron.info crond[494]: crond: USER root pid 884 cmd /etc/cron/check_updates.sh
Oct 16 14:36:57 indigo-tracker user.debug sqlite: lost carrier
Oct 16 14:36:58 indigo-tracker user.debug sqlite: got carrier
Oct 16 14:36:59 indigo-tracker user.debug sender: send success
Oct 16 14:37:01 indigo-tracker cron.info crond[494]: crond: USER root pid 902 cmd /etc/cron/check_updates.sh
Oct 16 14:37:06 indigo-tracker user.debug sender: nothing to send, continuing
Oct 16 14:38:01 indigo-tracker cron.info crond[494]: crond: USER root pid 912 cmd /etc/cron/check_updates.sh
Oct 16 14:38:05 indigo-tracker user.debug sqlite: lost carrier
Oct 16 14:38:08 indigo-tracker user.debug sender: send success
Oct 16 14:38:09 indigo-tracker user.debug sender: nothing to send, continuing
Oct 16 14:38:11 indigo-tracker user.debug sqlite: got carrier
Oct 16 14:38:14 indigo-tracker user.debug sender: send success
Oct 16 14:38:15 indigo-tracker user.debug sender: nothing to send, continuing
Oct 16 14:39:01 indigo-tracker cron.info crond[494]: crond: USER root pid 931 cmd /etc/cron/check_updates.sh
Oct 16 14:40:01 indigo-tracker cron.info crond[494]: crond: USER root pid 942 cmd /etc/cron/check_updates.sh
Oct 16 14:40:48 indigo-tracker user.debug sqlite: sending keepalive
Oct 16 14:40:50 indigo-tracker user.debug sender: send success
Oct 16 14:40:51 indigo-tracker user.debug sender: nothing to send, continuing
Oct 16 14:41:01 indigo-tracker cron.info crond[494]: crond: USER root pid 956 cmd /etc/cron/check_updates.sh
Oct 16 14:42:01 indigo-tracker cron.info crond[494]: crond: USER root pid 966 cmd /etc/cron/check_updates.sh
Oct 16 14:42:58 indigo-tracker user.debug sqlite: movement start
Oct 16 14:43:01 indigo-tracker user.debug sender: send success
Oct 16 14:43:01 indigo-tracker cron.info crond[494]: crond: USER root pid 980 cmd /etc/cron/check_updates.sh
Oct 16 14:43:02 indigo-tracker user.debug sender: nothing to send, continuing
Oct 16 14:43:09 indigo-tracker user.debug sqlite: movement stop
Oct 16 14:43:12 indigo-tracker user.debug sender: send success
Oct 16 14:43:13 indigo-tracker user.debug sender: nothing to send, continuing
Oct 16 14:43:40 indigo-tracker user.debug sqlite: movement start
Oct 16 14:43:43 indigo-tracker user.debug sender: send success
Oct 16 14:43:44 indigo-tracker user.debug sender: nothing to send, continuing
Oct 16 14:43:51 indigo-tracker user.debug sqlite: movement stop
Oct 16 14:43:53 indigo-tracker user.debug sender: send success
Oct 16 14:43:54 indigo-tracker user.debug sender: nothing to send, continuing
Oct 16 14:44:01 indigo-tracker cron.info crond[494]: crond: USER root pid 1001 cmd /etc/cron/check_updates.sh
Oct 16 14:44:55 indigo-tracker user.debug sqlite: sending keepalive
Oct 16 14:44:58 indigo-tracker user.debug sender: send success
Oct 16 14:44:59 indigo-tracker user.debug sender: nothing to send, continuing
Oct 16 14:45:01 indigo-tracker cron.info crond[494]: crond: USER root pid 1015 cmd /etc/cron/check_ntp
Oct 16 14:45:01 indigo-tracker cron.info crond[494]: crond: USER root pid 1016 cmd /etc/cron/check_updates.sh
Oct 16 14:45:02 indigo-tracker user.notice root: Current time is valid
Oct 16 14:46:01 indigo-tracker cron.info crond[494]: crond: USER root pid 1030 cmd /etc/cron/check_updates.sh
Oct 16 14:46:56 indigo-tracker user.debug sqlite: sending keepalive
Oct 16 14:46:58 indigo-tracker user.debug sender: send success
Oct 16 14:46:59 indigo-tracker user.debug sender: nothing to send, continuing
Oct 16 14:47:01 indigo-tracker cron.info crond[494]: crond: USER root pid 1044 cmd /etc/cron/check_updates.sh
Oct 16 14:48:01 indigo-tracker cron.info crond[494]: crond: USER root pid 1053 cmd /etc/cron/check_updates.sh
Oct 16 14:48:04 indigo-tracker user.info MJPG-streamer [748]: storage queue grew with total size of 43 * 64036 = 2753548 bytes
Oct 16 14:48:04 indigo-tracker user.info MJPG-streamer [748]: storage queue grew with total size of 44 * 64036 = 2817584 bytes
Oct 16 14:48:04 indigo-tracker user.info MJPG-streamer [748]: storage queue grew with total size of 45 * 64036 = 2881620 bytes
Oct 16 14:48:04 indigo-tracker user.info MJPG-streamer [748]: storage queue grew with total size of 46 * 64036 = 2945656 bytes
Oct 16 14:48:04 indigo-tracker user.info MJPG-streamer [748]: storage queue grew with total size of 47 * 64036 = 3009692 bytes
Oct 16 14:48:04 indigo-tracker user.info MJPG-streamer [748]: storage queue grew with total size of 48 * 64036 = 3073728 bytes
Oct 16 14:48:04 indigo-tracker user.info MJPG-streamer [748]: storage queue grew with total size of 49 * 64036 = 3137764 bytes
Oct 16 14:49:01 indigo-tracker cron.info crond[494]: crond: USER root pid 1064 cmd /etc/cron/check_updates.sh
Oct 16 14:50:01 indigo-tracker cron.info crond[494]: crond: USER root pid 1073 cmd /etc/cron/check_updates.sh
Oct 16 14:51:01 indigo-tracker cron.info crond[494]: crond: USER root pid 1083 cmd /etc/cron/check_updates.sh
Oct 16 14:51:57 indigo-tracker user.debug sqlite: sending keepalive
Oct 16 14:52:00 indigo-tracker user.debug sender: send success
Oct 16 14:52:01 indigo-tracker user.debug sender: nothing to send, continuing
Oct 16 14:52:01 indigo-tracker cron.info crond[494]: crond: USER root pid 1096 cmd /etc/cron/check_updates.sh
Oct 16 14:53:01 indigo-tracker cron.info crond[494]: crond: USER root pid 1106 cmd /etc/cron/check_updates.sh
Oct 16 14:53:56 indigo-tracker user.debug sqlite: lost carrier
Oct 16 14:53:58 indigo-tracker user.debug sqlite: got carrier
Oct 16 14:53:58 indigo-tracker user.debug sender: send success
Oct 16 14:54:01 indigo-tracker cron.info crond[494]: crond: USER root pid 1123 cmd /etc/cron/check_updates.sh
Oct 16 14:54:02 indigo-tracker user.debug sender: nothing to send, continuing
Oct 16 14:54:13 indigo-tracker user.debug sqlite: lost carrier
Oct 16 14:54:15 indigo-tracker user.debug sender: send success
Oct 16 14:54:16 indigo-tracker user.debug sender: nothing to send, continuing
Oct 16 14:54:26 indigo-tracker user.debug sqlite: got carrier
Oct 16 14:54:28 indigo-tracker user.debug sender: send success
Oct 16 14:54:29 indigo-tracker user.debug sender: nothing to send, continuing
Oct 16 14:54:31 indigo-tracker user.debug sqlite: lost carrier
Oct 16 14:54:33 indigo-tracker user.debug sender: send success
Oct 16 14:54:34 indigo-tracker user.debug sender: nothing to send, continuing
Oct 16 14:54:44 indigo-tracker user.debug sqlite: got carrier
Oct 16 14:54:46 indigo-tracker user.debug sender: send success
Oct 16 14:54:47 indigo-tracker user.debug sender: nothing to send, continuing
Oct 16 14:54:49 indigo-tracker user.debug sqlite: lost carrier
Oct 16 14:54:51 indigo-tracker user.debug sqlite: got carrier
Oct 16 14:54:51 indigo-tracker user.debug sender: send success
Oct 16 14:54:52 indigo-tracker user.debug sqlite: lost carrier
Oct 16 14:54:53 indigo-tracker user.debug sqlite: got carrier
Oct 16 14:55:01 indigo-tracker cron.info crond[494]: crond: USER root pid 1164 cmd /etc/cron/check_updates.sh
Oct 16 14:55:03 indigo-tracker user.debug sender: nothing to send, continuing
Oct 16 14:56:01 indigo-tracker cron.info crond[494]: crond: USER root pid 1173 cmd /etc/cron/check_updates.sh
Oct 16 14:57:01 indigo-tracker cron.info crond[494]: crond: USER root pid 1182 cmd /etc/cron/check_updates.sh
Oct 16 14:57:58 indigo-tracker user.debug sqlite: lost carrier
Oct 16 14:58:00 indigo-tracker user.debug sqlite: got carrier
Oct 16 14:58:01 indigo-tracker cron.info crond[494]: crond: USER root pid 1200 cmd /etc/cron/check_updates.sh
Oct 16 14:58:10 indigo-tracker user.debug sender: send success
Oct 16 14:58:11 indigo-tracker user.debug sqlite: lost carrier
Oct 16 14:58:13 indigo-tracker user.debug sender: nothing to send, continuing
Oct 16 14:58:16 indigo-tracker user.debug sqlite: got carrier
Oct 16 14:58:19 indigo-tracker user.debug sender: send success
Oct 16 14:58:21 indigo-tracker user.debug sender: nothing to send, continuing
Oct 16 14:58:32 indigo-tracker user.debug sqlite: lost carrier
Oct 16 14:58:34 indigo-tracker user.debug sender: send success
Oct 16 14:58:35 indigo-tracker user.debug sender: nothing to send, continuing
Oct 16 14:59:01 indigo-tracker cron.info crond[494]: crond: USER root pid 1222 cmd /etc/cron/check_updates.sh
Oct 16 14:59:39 indigo-tracker user.debug sqlite: got carrier
Oct 16 14:59:41 indigo-tracker user.debug sender: send success
Oct 16 14:59:42 indigo-tracker user.debug sender: nothing to send, continuing
Oct 16 14:59:49 indigo-tracker user.debug sqlite: lost carrier
Oct 16 14:59:52 indigo-tracker user.debug sender: send success
Oct 16 14:59:53 indigo-tracker user.debug sender: nothing to send, continuing
Oct 16 15:00:00 indigo-tracker user.debug recorder: scheduling next file at 1318766400 seconds unix time
Oct 16 15:00:00 indigo-tracker user.debug recorder: file switch
Oct 16 15:00:01 indigo-tracker cron.info crond[494]: crond: USER root pid 1239 cmd /etc/cron/check_pppd
Oct 16 15:00:02 indigo-tracker cron.info crond[494]: crond: USER root pid 1240 cmd /etc/cron/check_updates.sh
Oct 16 15:00:03 indigo-tracker user.notice root: pppd ok, 8.8.8.8 pingable
Oct 16 15:01:01 indigo-tracker cron.info crond[494]: crond: USER root pid 1253 cmd /etc/cron/check_updates.sh
Oct 16 15:01:34 indigo-tracker user.debug sqlite: got carrier
Oct 16 15:01:42 indigo-tracker user.debug sender: send success
Oct 16 15:01:43 indigo-tracker user.debug sender: nothing to send, continuing
Oct 16 15:01:59 indigo-tracker user.debug sqlite: sending keepalive
Oct 16 15:02:01 indigo-tracker cron.info crond[494]: crond: USER root pid 1270 cmd /etc/cron/check_updates.sh
Oct 16 15:02:02 indigo-tracker user.debug sender: send success
Oct 16 15:02:03 indigo-tracker user.debug sqlite: lost carrier
Oct 16 15:02:10 indigo-tracker user.debug sender: nothing to send, continuing
Oct 16 15:02:16 indigo-tracker user.debug sqlite: got carrier
Oct 16 15:02:19 indigo-tracker user.debug sender: send success
Oct 16 15:02:20 indigo-tracker user.debug sender: nothing to send, continuing
Oct 16 15:02:40 indigo-tracker user.debug sqlite: lost carrier
Oct 16 15:02:42 indigo-tracker user.debug sender: send success
Oct 16 15:02:43 indigo-tracker user.debug sender: nothing to send, continuing
Oct 16 15:02:53 indigo-tracker user.debug sqlite: got carrier
Oct 16 15:02:55 indigo-tracker user.debug sender: send success
Oct 16 15:02:56 indigo-tracker user.debug sender: nothing to send, continuing
Oct 16 15:03:00 indigo-tracker user.debug sqlite: movement start
Oct 16 15:03:01 indigo-tracker cron.info crond[494]: crond: USER root pid 1299 cmd /etc/cron/check_updates.sh
Oct 16 15:03:02 indigo-tracker user.debug sender: send success
Oct 16 15:03:03 indigo-tracker user.debug sender: nothing to send, continuing
Oct 16 15:03:11 indigo-tracker user.debug sqlite: movement stop
Oct 16 15:03:13 indigo-tracker user.debug sender: send success
Oct 16 15:03:14 indigo-tracker user.debug sender: nothing to send, continuing
Oct 16 15:03:22 indigo-tracker user.debug sqlite: movement start
Oct 16 15:03:24 indigo-tracker user.debug sender: send success
Oct 16 15:03:26 indigo-tracker user.debug sender: nothing to send, continuing
Oct 16 15:03:29 indigo-tracker user.debug sqlite: lost carrier
Oct 16 15:03:31 indigo-tracker user.debug sender: send success
Oct 16 15:03:32 indigo-tracker user.debug sender: nothing to send, continuing
Oct 16 15:04:01 indigo-tracker cron.info crond[494]: crond: USER root pid 1321 cmd /etc/cron/check_updates.sh
Oct 16 15:04:16 indigo-tracker user.debug sqlite: sending keepalive
Oct 16 15:04:19 indigo-tracker user.debug sender: send success
Oct 16 15:04:20 indigo-tracker user.debug sender: nothing to send, continuing
Oct 16 15:04:27 indigo-tracker user.debug sqlite: got carrier
Oct 16 15:04:29 indigo-tracker user.debug sender: send success
Oct 16 15:04:30 indigo-tracker user.debug sender: nothing to send, continuing
Oct 16 15:04:34 indigo-tracker user.debug sqlite: lost carrier
Oct 16 15:04:36 indigo-tracker user.debug sender: send success
Oct 16 15:04:37 indigo-tracker user.debug sender: nothing to send, continuing
Oct 16 15:04:40 indigo-tracker user.debug sqlite: got carrier
Oct 16 15:04:42 indigo-tracker user.debug sender: send success
Oct 16 15:04:43 indigo-tracker user.debug sender: nothing to send, continuing
Oct 16 15:04:47 indigo-tracker user.debug sqlite: movement stop
Oct 16 15:04:49 indigo-tracker user.debug sender: send success
Oct 16 15:04:50 indigo-tracker user.debug sender: nothing to send, continuing
Oct 16 15:04:53 indigo-tracker user.debug sqlite: lost carrier
Oct 16 15:04:56 indigo-tracker user.debug sender: send success
Oct 16 15:04:57 indigo-tracker user.debug sender: nothing to send, continuing
Oct 16 15:05:01 indigo-tracker cron.info crond[494]: crond: USER root pid 1353 cmd /etc/cron/check_updates.sh
Oct 16 15:05:01 indigo-tracker cron.info crond[494]: crond: USER root pid 1354 cmd /etc/cron/rotate_video.sh
Oct 16 15:05:02 indigo-tracker user.notice root: rotating video
Oct 16 15:05:52 indigo-tracker user.debug sqlite: got carrier
Oct 16 15:05:54 indigo-tracker user.debug sender: send success
Oct 16 15:05:54 indigo-tracker user.debug sqlite: sending keepalive
Oct 16 15:05:54 indigo-tracker user.debug sqlite: movement start
Oct 16 15:06:01 indigo-tracker cron.info crond[494]: crond: USER root pid 1389 cmd /etc/cron/check_updates.sh
Oct 16 15:06:04 indigo-tracker user.debug sender: nothing to send, continuing
Oct 16 15:06:11 indigo-tracker user.debug sender: send success
Oct 16 15:06:12 indigo-tracker user.debug sender: nothing to send, continuing
Oct 16 15:06:19 indigo-tracker user.debug sqlite: movement stop
Oct 16 15:06:21 indigo-tracker user.debug sender: send success
Oct 16 15:06:22 indigo-tracker user.debug sender: nothing to send, continuing
Oct 16 15:06:23 indigo-tracker user.info MJPG-streamer [748]: storage queue grew with total size of 50 * 64036 = 3201800 bytes
Oct 16 15:06:23 indigo-tracker user.info MJPG-streamer [748]: storage queue grew with total size of 51 * 64036 = 3265836 bytes
Oct 16 15:06:23 indigo-tracker user.info MJPG-streamer [748]: storage queue grew with total size of 52 * 64036 = 3329872 bytes
Oct 16 15:06:23 indigo-tracker user.info MJPG-streamer [748]: storage queue grew with total size of 53 * 64036 = 3393908 bytes
Oct 16 15:06:23 indigo-tracker user.info MJPG-streamer [748]: storage queue grew with total size of 54 * 64036 = 3457944 bytes
Oct 16 15:06:23 indigo-tracker user.info MJPG-streamer [748]: storage queue grew with total size of 55 * 64036 = 3521980 bytes
Oct 16 15:06:24 indigo-tracker user.info MJPG-streamer [748]: storage queue grew with total size of 56 * 64036 = 3586016 bytes
Oct 16 15:06:24 indigo-tracker user.info MJPG-streamer [748]: storage queue grew with total size of 57 * 64036 = 3650052 bytes
Oct 16 15:06:24 indigo-tracker user.info MJPG-streamer [748]: storage queue grew with total size of 58 * 64036 = 3714088 bytes
Oct 16 15:06:24 indigo-tracker user.info MJPG-streamer [748]: storage queue grew with total size of 59 * 64036 = 3778124 bytes
Oct 16 15:06:24 indigo-tracker user.info MJPG-streamer [748]: storage queue grew with total size of 60 * 64036 = 3842160 bytes
Oct 16 15:06:24 indigo-tracker user.info MJPG-streamer [748]: storage queue grew with total size of 61 * 64036 = 3906196 bytes
Oct 16 15:06:24 indigo-tracker user.info MJPG-streamer [748]: storage queue grew with total size of 62 * 64036 = 3970232 bytes
Oct 16 15:06:24 indigo-tracker user.info MJPG-streamer [748]: storage queue grew with total size of 63 * 64036 = 4034268 bytes
Oct 16 15:06:24 indigo-tracker user.info MJPG-streamer [748]: storage queue grew with total size of 64 * 64036 = 4098304 bytes
Oct 16 15:06:35 indigo-tracker user.debug sqlite: lost carrier
Oct 16 15:06:38 indigo-tracker user.debug sender: send success
Oct 16 15:06:39 indigo-tracker user.debug sender: nothing to send, continuing
Oct 16 15:07:01 indigo-tracker cron.info crond[494]: crond: USER root pid 1405 cmd /etc/cron/check_updates.sh
Oct 16 15:07:04 indigo-tracker user.info MJPG-streamer [748]: storage queue grew with total size of 65 * 64036 = 4162340 bytes
Oct 16 15:07:04 indigo-tracker user.info MJPG-streamer [748]: storage queue grew with total size of 66 * 64036 = 4226376 bytes
Oct 16 15:07:04 indigo-tracker user.info MJPG-streamer [748]: storage queue grew with total size of 67 * 64036 = 4290412 bytes
Oct 16 15:07:05 indigo-tracker user.info MJPG-streamer [748]: storage queue grew with total size of 68 * 64036 = 4354448 bytes
Oct 16 15:07:05 indigo-tracker user.info MJPG-streamer [748]: storage queue grew with total size of 69 * 64036 = 4418484 bytes
Oct 16 15:07:05 indigo-tracker user.info MJPG-streamer [748]: storage queue grew with total size of 70 * 64036 = 4482520 bytes
Oct 16 15:07:05 indigo-tracker user.info MJPG-streamer [748]: storage queue grew with total size of 71 * 64036 = 4546556 bytes
Oct 16 15:07:05 indigo-tracker user.info MJPG-streamer [748]: storage queue grew with total size of 72 * 64036 = 4610592 bytes
Oct 16 15:07:05 indigo-tracker user.info MJPG-streamer [748]: storage queue grew with total size of 73 * 64036 = 4674628 bytes
Oct 16 15:07:05 indigo-tracker user.info MJPG-streamer [748]: storage queue grew with total size of 74 * 64036 = 4738664 bytes
Oct 16 15:07:05 indigo-tracker user.info MJPG-streamer [748]: storage queue grew with total size of 75 * 64036 = 4802700 bytes
Oct 16 15:07:05 indigo-tracker user.info MJPG-streamer [748]: storage queue grew with total size of 76 * 64036 = 4866736 bytes
Oct 16 15:07:05 indigo-tracker user.info MJPG-streamer [748]: storage queue grew with total size of 77 * 64036 = 4930772 bytes
Oct 16 15:07:06 indigo-tracker user.info MJPG-streamer [748]: storage queue grew with total size of 78 * 64036 = 4994808 bytes
Oct 16 15:07:06 indigo-tracker user.info MJPG-streamer [748]: storage queue grew with total size of 79 * 64036 = 5058844 bytes
Oct 16 15:07:06 indigo-tracker user.info MJPG-streamer [748]: storage queue grew with total size of 80 * 64036 = 5122880 bytes
Oct 16 15:07:06 indigo-tracker user.info MJPG-streamer [748]: storage queue grew with total size of 81 * 64036 = 5186916 bytes
Oct 16 15:07:06 indigo-tracker user.info MJPG-streamer [748]: storage queue grew with total size of 82 * 64036 = 5250952 bytes
Oct 16 15:07:06 indigo-tracker user.info MJPG-streamer [748]: storage queue grew with total size of 83 * 64036 = 5314988 bytes
Oct 16 15:07:06 indigo-tracker user.info MJPG-streamer [748]: storage queue grew with total size of 84 * 64036 = 5379024 bytes
Oct 16 15:07:06 indigo-tracker user.info MJPG-streamer [748]: storage queue grew with total size of 85 * 64036 = 5443060 bytes
Oct 16 15:07:06 indigo-tracker user.info MJPG-streamer [748]: storage queue grew with total size of 86 * 64036 = 5507096 bytes
Oct 16 15:07:06 indigo-tracker user.info MJPG-streamer [748]: storage queue grew with total size of 87 * 64036 = 5571132 bytes
Oct 16 15:07:07 indigo-tracker user.debug sqlite: got carrier
Oct 16 15:07:09 indigo-tracker user.debug sender: send success
Oct 16 15:07:10 indigo-tracker user.debug sender: nothing to send, continuing
Oct 16 15:07:26 indigo-tracker user.debug sqlite: sending keepalive
Oct 16 15:07:27 indigo-tracker user.debug sqlite: movement start
Oct 16 15:07:29 indigo-tracker user.debug sender: send success
Oct 16 15:07:30 indigo-tracker user.debug sender: nothing to send, continuing
Oct 16 15:07:33 indigo-tracker user.debug sqlite: lost carrier
Oct 16 15:07:34 indigo-tracker user.debug sqlite: got carrier
Oct 16 15:07:35 indigo-tracker user.debug sender: send success
Oct 16 15:07:46 indigo-tracker user.debug sender: nothing to send, continuing
Oct 16 15:07:53 indigo-tracker user.debug sqlite: movement stop
Oct 16 15:07:55 indigo-tracker user.debug sender: send success
Oct 16 15:07:56 indigo-tracker user.debug sender: nothing to send, continuing
Oct 16 15:08:01 indigo-tracker cron.info crond[494]: crond: USER root pid 1436 cmd /etc/cron/check_updates.sh
Oct 16 15:08:17 indigo-tracker user.debug sqlite: movement start
Oct 16 15:08:19 indigo-tracker user.debug sender: send success
Oct 16 15:08:20 indigo-tracker user.debug sqlite: lost carrier
Oct 16 15:08:22 indigo-tracker user.debug sqlite: got carrier
Oct 16 15:08:24 indigo-tracker user.debug sender: nothing to send, continuing
Oct 16 15:08:32 indigo-tracker user.debug sender: send success
Oct 16 15:08:33 indigo-tracker user.debug sender: nothing to send, continuing
Oct 16 15:08:41 indigo-tracker user.debug sqlite: movement stop
Oct 16 15:08:44 indigo-tracker user.debug sender: send success
Oct 16 15:08:45 indigo-tracker user.debug sender: nothing to send, continuing
Oct 16 15:09:01 indigo-tracker cron.info crond[494]: crond: USER root pid 1459 cmd /etc/cron/check_updates.sh
Oct 16 15:09:05 indigo-tracker user.debug sqlite: movement start
Oct 16 15:09:07 indigo-tracker user.debug sender: send success
Oct 16 15:09:08 indigo-tracker user.debug sender: nothing to send, continuing
Oct 16 15:09:20 indigo-tracker user.debug sender: send success
Oct 16 15:09:21 indigo-tracker user.debug sender: nothing to send, continuing
Jan  1 03:03:32 indigo-tracker syslog.info syslogd started: BusyBox v1.18.3
Jan  1 03:03:32 indigo-tracker user.notice kernel: klogd started: BusyBox v1.18.3 (2011-03-29 18:29:13 MSD)
Jan  1 03:03:32 indigo-tracker user.notice kernel: Linux version 2.6.38+ (yury@debian-dev-vm) (gcc version 4.4.5 (indigo-ct-ng) ) #60 Wed Sep 21 16:51:48 MSD 2011
Jan  1 03:03:32 indigo-tracker user.warn kernel: CPU: ARM926EJ-S [41069265] revision 5 (ARMv5TEJ), cr=00053177
Jan  1 03:03:32 indigo-tracker user.warn kernel: CPU: VIVT data cache, VIVT instruction cache
Jan  1 03:03:32 indigo-tracker user.warn kernel: Machine: Indigo AT91SAM9260-SK
Jan  1 03:03:32 indigo-tracker user.warn kernel: Memory policy: ECC disabled, Data cache writeback
Jan  1 03:03:32 indigo-tracker user.warn kernel: Clocks: CPU 196 MHz, master 98 MHz, main 12.000 MHz
Jan  1 03:03:32 indigo-tracker user.debug kernel: On node 0 totalpages: 16384
Jan  1 03:03:32 indigo-tracker user.debug kernel: free_area_init_node: node 0, pgdat c0369484, node_mem_map c037b000
Jan  1 03:03:32 indigo-tracker user.debug kernel:   Normal zone: 128 pages used for memmap
Jan  1 03:03:32 indigo-tracker user.debug kernel:   Normal zone: 0 pages reserved
Jan  1 03:03:32 indigo-tracker user.debug kernel:   Normal zone: 16256 pages, LIFO batch:3
Jan  1 03:03:32 indigo-tracker user.debug kernel: pcpu-alloc: s0 r0 d32768 u32768 alloc=1*32768
Jan  1 03:03:32 indigo-tracker user.debug kernel: pcpu-alloc: [0] 0 
Jan  1 03:03:32 indigo-tracker user.warn kernel: Built 1 zonelists in Zone order, mobility grouping on.  Total pages: 16256
Jan  1 03:03:32 indigo-tracker user.notice kernel: Kernel command line: console=ttyS0,115200=mem=64M root=/dev/mtdblock3
Jan  1 03:03:32 indigo-tracker user.info kernel: PID hash table entries: 256 (order: -2, 1024 bytes)
Jan  1 03:03:32 indigo-tracker user.info kernel: Dentry cache hash table entries: 8192 (order: 3, 32768 bytes)
Jan  1 03:03:32 indigo-tracker user.info kernel: Inode-cache hash table entries: 4096 (order: 2, 16384 bytes)
Jan  1 03:03:32 indigo-tracker user.info kernel: Memory: 64MB = 64MB total
Jan  1 03:03:32 indigo-tracker user.notice kernel: Memory: 61364k/61364k available, 4172k reserved, 0K highmem
Jan  1 03:03:32 indigo-tracker user.notice kernel: Virtual kernel memory layout:
Jan  1 03:03:32 indigo-tracker user.notice kernel:     vector  : 0xffff0000 - 0xffff1000   (   4 kB)
Jan  1 03:03:32 indigo-tracker user.notice kernel:     fixmap  : 0xfff00000 - 0xfffe0000   ( 896 kB)
Jan  1 03:03:32 indigo-tracker user.notice kernel:     DMA     : 0xffc00000 - 0xffe00000   (   2 MB)
Jan  1 03:03:32 indigo-tracker user.notice kernel:     vmalloc : 0xc4800000 - 0xfee00000   ( 934 MB)
Jan  1 03:03:32 indigo-tracker user.notice kernel:     lowmem  : 0xc0000000 - 0xc4000000   (  64 MB)
Jan  1 03:03:32 indigo-tracker user.notice kernel:     modules : 0xbf000000 - 0xc0000000   (  16 MB)
Jan  1 03:03:32 indigo-tracker user.notice kernel:       .init : 0xc0008000 - 0xc0024000   ( 112 kB)
Jan  1 03:03:32 indigo-tracker user.notice kernel:       .text : 0xc0024000 - 0xc03419d4   (3191 kB)
Jan  1 03:03:32 indigo-tracker user.notice kernel:       .data : 0xc0342000 - 0xc0369c60   ( 160 kB)
Jan  1 03:03:32 indigo-tracker user.info kernel: NR_IRQS:192
Jan  1 03:03:32 indigo-tracker user.info kernel: AT91: 96 gpio irqs in 3 banks
Jan  1 03:03:32 indigo-tracker user.warn kernel: Console: colour dummy device 80x30
Jan  1 03:03:32 indigo-tracker user.info kernel: console [ttyS0] enabled
Jan  1 03:03:32 indigo-tracker user.info kernel: Calibrating delay loop... 97.89 BogoMIPS (lpj=489472)
Jan  1 03:03:32 indigo-tracker user.info kernel: pid_max: default: 32768 minimum: 301
Jan  1 03:03:32 indigo-tracker user.warn kernel: Mount-cache hash table entries: 512
Jan  1 03:03:32 indigo-tracker user.info kernel: CPU: Testing write buffer coherency: ok
Jan  1 03:03:32 indigo-tracker user.info kernel: NET: Registered protocol family 16
Jan  1 03:03:32 indigo-tracker user.warn kernel: bio: create slab <bio-0> at 0
Jan  1 03:03:32 indigo-tracker user.notice kernel: SCSI subsystem initialized
Jan  1 03:03:32 indigo-tracker user.info kernel: usbcore: registered new interface driver usbfs
Jan  1 03:03:32 indigo-tracker user.info kernel: usbcore: registered new interface driver hub
Jan  1 03:03:32 indigo-tracker user.info kernel: usbcore: registered new device driver usb
Jan  1 03:03:32 indigo-tracker user.info kernel: Advanced Linux Sound Architecture Driver Version 1.0.23.
Jan  1 03:03:32 indigo-tracker user.info kernel: Switching to clocksource pit
Jan  1 03:03:32 indigo-tracker user.info kernel: NET: Registered protocol family 2
Jan  1 03:03:32 indigo-tracker user.info kernel: IP route cache hash table entries: 1024 (order: 0, 4096 bytes)
Jan  1 03:03:32 indigo-tracker user.info kernel: TCP established hash table entries: 2048 (order: 2, 16384 bytes)
Jan  1 03:03:32 indigo-tracker user.info kernel: TCP bind hash table entries: 2048 (order: 1, 8192 bytes)
Jan  1 03:03:32 indigo-tracker user.info kernel: TCP: Hash tables configured (established 2048 bind 2048)
Jan  1 03:03:32 indigo-tracker user.info kernel: TCP reno registered
Jan  1 03:03:32 indigo-tracker user.info kernel: UDP hash table entries: 256 (order: 0, 4096 bytes)
Jan  1 03:03:32 indigo-tracker user.info kernel: UDP-Lite hash table entries: 256 (order: 0, 4096 bytes)
Jan  1 03:03:32 indigo-tracker user.info kernel: NET: Registered protocol family 1
Jan  1 03:03:32 indigo-tracker user.debug kernel: yaffs: yaffs built Sep 21 2011 13:46:29 Installing.
Jan  1 03:03:32 indigo-tracker user.info kernel: msgmni has been set to 119
Jan  1 03:03:32 indigo-tracker user.info kernel: io scheduler noop registered (default)
Jan  1 03:03:32 indigo-tracker user.info kernel: io scheduler deadline registered
Jan  1 03:03:32 indigo-tracker user.info kernel: atmel_usart.0: ttyS0 at MMIO 0xfefff200 (irq = 1) is a ATMEL_SERIAL
Jan  1 03:03:32 indigo-tracker user.info kernel: atmel_usart.1: ttyS1 at MMIO 0xfffb0000 (irq = 6) is a ATMEL_SERIAL
Jan  1 03:03:32 indigo-tracker user.info kernel: atmel_usart.2: ttyS2 at MMIO 0xfffb8000 (irq = 8) is a ATMEL_SERIAL
Jan  1 03:03:32 indigo-tracker user.debug kernel: SK-AT91SAM9XE512: SIM508 power management driver, major 135, minor 0.
Jan  1 03:03:32 indigo-tracker user.info kernel: brd: module loaded
Jan  1 03:03:32 indigo-tracker user.info kernel: loop: module loaded
Jan  1 03:03:32 indigo-tracker user.info kernel: ssc ssc.0: Atmel SSC device at 0xc4818000 (irq 14)
Jan  1 03:03:32 indigo-tracker user.info kernel: NAND device: Manufacturer ID: 0xec, Chip ID: 0xda (Samsung NAND 256MiB 3,3V 8-bit)
Jan  1 03:03:32 indigo-tracker user.info kernel: Scanning device for bad blocks
Jan  1 03:03:32 indigo-tracker user.warn kernel: Bad eraseblock 1686 at 0x00000d2c0000
Jan  1 03:03:32 indigo-tracker user.notice kernel: Creating 6 MTD partitions on "atmel_nand":
Jan  1 03:03:32 indigo-tracker user.notice kernel: 0x000000000000-0x000000020000 : "Bootstrap partition"
Jan  1 03:03:32 indigo-tracker user.notice kernel: 0x000000020000-0x000000060000 : "U-boot Partition"
Jan  1 03:03:32 indigo-tracker user.notice kernel: 0x0000000a0000-0x0000002a0000 : "Kernel Partition"
Jan  1 03:03:32 indigo-tracker user.notice kernel: 0x000000800000-0x000010000000 : "Storage Partition"
Jan  1 03:03:32 indigo-tracker user.notice kernel: 0x000000060000-0x000000080000 : "U-boot Environment"
Jan  1 03:03:32 indigo-tracker user.notice kernel: 0x000000080000-0x0000000a0000 : "U-boot Environment Backup"
Jan  1 03:03:32 indigo-tracker user.info kernel: atmel_spi atmel_spi.0: Atmel SPI Controller at 0xfffc8000 (irq 12)
Jan  1 03:03:32 indigo-tracker user.info kernel: atmel_spi atmel_spi.1: Atmel SPI Controller at 0xfffcc000 (irq 13)
Jan  1 03:03:32 indigo-tracker user.info kernel: PPP generic driver version 2.4.2
Jan  1 03:03:32 indigo-tracker user.info kernel: PPP Deflate Compression module registered
Jan  1 03:03:32 indigo-tracker user.info kernel: PPP BSD Compression module registered
Jan  1 03:03:32 indigo-tracker user.info kernel: PPP MPPE Compression module registered
Jan  1 03:03:32 indigo-tracker user.info kernel: NET: Registered protocol family 24
Jan  1 03:03:32 indigo-tracker user.info kernel: SLIP: version 0.8.4-NET3.019-NEWTTY (dynamic channels, max=256).
Jan  1 03:03:32 indigo-tracker user.info kernel: CSLIP: code copyright 1989 Regents of the University of California.
Jan  1 03:03:32 indigo-tracker user.info kernel: tun: Universal TUN/TAP device driver, 1.6
Jan  1 03:03:32 indigo-tracker user.info kernel: tun: (C) 1999-2004 Max Krasnyansky <maxk@qualcomm.com>
Jan  1 03:03:32 indigo-tracker user.info kernel: macb macb: invalid hw address, using random
Jan  1 03:03:32 indigo-tracker user.info kernel: MACB_mii_bus: probed
Jan  1 03:03:32 indigo-tracker user.info kernel: eth0: Atmel MACB at 0xfffc4000 irq 21 (26:cf:d5:8f:6a:f2)
Jan  1 03:03:32 indigo-tracker user.info kernel: eth0: attached PHY driver [Micrel KS8001 or KS8721] (mii_bus:phy_addr=ffffffff:01, irq=-1)
Jan  1 03:03:32 indigo-tracker user.info kernel: ohci_hcd: USB 1.1 'Open' Host Controller (OHCI) Driver
Jan  1 03:03:32 indigo-tracker user.info kernel: at91_ohci at91_ohci: AT91 OHCI
Jan  1 03:03:32 indigo-tracker user.info kernel: at91_ohci at91_ohci: new USB bus registered, assigned bus number 1
Jan  1 03:03:32 indigo-tracker user.info kernel: at91_ohci at91_ohci: irq 20, io mem 0x00500000
Jan  1 03:03:32 indigo-tracker user.info kernel: usb usb1: New USB device found, idVendor=1d6b, idProduct=0001
Jan  1 03:03:32 indigo-tracker user.info kernel: usb usb1: New USB device strings: Mfr=3, Product=2, SerialNumber=1
Jan  1 03:03:32 indigo-tracker user.info kernel: usb usb1: Product: AT91 OHCI
Jan  1 03:03:32 indigo-tracker user.info kernel: usb usb1: Manufacturer: Linux 2.6.38+ ohci_hcd
Jan  1 03:03:32 indigo-tracker user.info kernel: usb usb1: SerialNumber: at91
Jan  1 03:03:32 indigo-tracker user.info kernel: hub 1-0:1.0: USB hub found
Jan  1 03:03:32 indigo-tracker user.info kernel: hub 1-0:1.0: 2 ports detected
Jan  1 03:03:32 indigo-tracker user.info kernel: Initializing USB Mass Storage driver...
Jan  1 03:03:32 indigo-tracker user.info kernel: usbcore: registered new interface driver usb-storage
Jan  1 03:03:32 indigo-tracker user.info kernel: USB Mass Storage support registered.
Jan  1 03:03:32 indigo-tracker user.info kernel: rtc-at91sam9 at91_rtt.0: rtc core: registered at91_rtt as rtc0
Jan  1 03:03:32 indigo-tracker user.warn kernel: rtc-at91sam9 at91_rtt.0: rtc0: SET TIME!
Jan  1 03:03:32 indigo-tracker user.info kernel: i2c /dev entries driver
Jan  1 03:03:32 indigo-tracker user.info kernel: Linux video capture interface: v2.00
Jan  1 03:03:32 indigo-tracker user.info kernel: usbcore: registered new interface driver uvcvideo
Jan  1 03:03:32 indigo-tracker user.info kernel: USB Video Class driver (v1.0.0)
Jan  1 03:03:32 indigo-tracker user.info kernel: AT91SAM9 Watchdog enabled (heartbeat=15 sec, nowayout=0)
Jan  1 03:03:32 indigo-tracker user.info kernel: usbcore: registered new interface driver snd-usb-audio
Jan  1 03:03:32 indigo-tracker user.info kernel: ALSA device list:
Jan  1 03:03:32 indigo-tracker user.info kernel:   No soundcards found.
Jan  1 03:03:32 indigo-tracker user.info kernel: nf_conntrack version 0.5.0 (958 buckets, 3832 max)
Jan  1 03:03:32 indigo-tracker user.info kernel: ip_tables: (C) 2000-2006 Netfilter Core Team
Jan  1 03:03:32 indigo-tracker user.info kernel: TCP cubic registered
Jan  1 03:03:32 indigo-tracker user.info kernel: NET: Registered protocol family 17
Jan  1 03:03:32 indigo-tracker user.err kernel: rtc-at91sam9 at91_rtt.0: hctosys: unable to read the hardware clock
Jan  1 03:03:32 indigo-tracker user.info kernel: atmel_mci atmel_mci: Atmel MCI controller at 0xfffa8000 irq 9, 1 slots
Jan  1 03:03:32 indigo-tracker user.info kernel: yaffs: dev is 32505859 name is "mtdblock3" rw
Jan  1 03:03:32 indigo-tracker user.info kernel: yaffs: passed flags ""
Jan  1 03:03:32 indigo-tracker user.debug kernel: yaffs: yaffs: Attempting MTD mount of 31.3,"mtdblock3"
Jan  1 03:03:32 indigo-tracker user.debug kernel: yaffs: auto selecting yaffs2
Jan  1 03:03:32 indigo-tracker user.debug kernel: yaffs: yaffs_read_super: is_checkpointed 1
Jan  1 03:03:32 indigo-tracker user.warn kernel: VFS: Mounted root (yaffs filesystem) on device 31:3.
Jan  1 03:03:32 indigo-tracker user.info kernel: Freeing init memory: 112K
Jan  1 03:03:32 indigo-tracker user.info kernel: usb 1-1: new full speed USB device using at91_ohci and address 2
Jan  1 03:03:32 indigo-tracker user.info kernel: usb 1-1: New USB device found, idVendor=046d, idProduct=0819
Jan  1 03:03:32 indigo-tracker user.info kernel: usb 1-1: New USB device strings: Mfr=0, Product=0, SerialNumber=2
Jan  1 03:03:32 indigo-tracker user.info kernel: usb 1-1: SerialNumber: 9D01EEA0
Jan  1 03:03:32 indigo-tracker user.info kernel: uvcvideo: Found UVC 1.00 device <unnamed> (046d:0819)
Jan  1 03:03:32 indigo-tracker user.warn kernel: mmc0: host does not support reading read-only switch. assuming write-enable.
Jan  1 03:03:32 indigo-tracker user.info kernel: input: UVC Camera (046d:0819) as /devices/platform/at91_ohci/usb1/1-1/1-1:1.0/input/input0
Jan  1 03:03:33 indigo-tracker user.info kernel: mmc0: new SDHC card at address b368
Jan  1 03:03:33 indigo-tracker user.info kernel: mmcblk0: mmc0:b368 SDC   15.0 GiB 
Jan  1 03:03:33 indigo-tracker user.info kernel:  mmcblk0: p1
Jan  1 03:03:33 indigo-tracker user.alert kernel: piopins: with filter
Jan  1 03:03:33 indigo-tracker user.warn kernel: piopins: system time doesn't seem to be true, will not flush anything
Jan  1 03:03:33 indigo-tracker user.info kernel: SK-AT91SAM9XE512: SIM508 GPS power OFF.
Jan  1 03:03:33 indigo-tracker user.info kernel: SK-AT91SAM9XE512: SIM508 GPS power ON.
Jan  1 03:03:33 indigo-tracker local2.info chat[664]: timeout set to 45 seconds
Jan  1 03:03:33 indigo-tracker local2.info chat[664]: expect (OK)
Jan  1 03:03:33 indigo-tracker local2.info chat[664]: ^M
Jan  1 03:03:33 indigo-tracker local2.info chat[664]: AT+CGDCONT=1,"IP","internet"^M^M
Jan  1 03:03:33 indigo-tracker local2.info chat[664]: OK
Jan  1 03:03:33 indigo-tracker local2.info chat[664]:  -- got it
Jan  1 03:03:33 indigo-tracker local2.info chat[664]: send (ATD*99#^M)
Jan  1 03:03:33 indigo-tracker local2.info chat[664]: expect (CONNECT)
Jan  1 03:03:33 indigo-tracker local2.info chat[664]: ^M
Jan  1 03:03:33 indigo-tracker local2.info chat[664]: ATD*99#^M^M
Jan  1 03:03:33 indigo-tracker local2.info chat[664]: CONNECT
Jan  1 03:03:33 indigo-tracker local2.info chat[664]:  -- got it
Jan  1 03:03:33 indigo-tracker local2.info chat[664]: send (^M)
Jan  1 03:03:33 indigo-tracker daemon.debug pppd[661]: Script chat -v -f /etc/ppp/chatscripts/megafon-connect finished (pid 663), status = 0x0
Jan  1 03:03:33 indigo-tracker daemon.info pppd[661]: Serial connection established.
Jan  1 03:03:33 indigo-tracker daemon.debug pppd[661]: using channel 1
Jan  1 03:03:33 indigo-tracker daemon.info pppd[661]: Using interface ppp0
Jan  1 03:03:33 indigo-tracker daemon.notice pppd[661]: Connect: ppp0 <--> /dev/ttyS1
Jan  1 03:03:34 indigo-tracker daemon.warn pppd[661]: Warning - secret file /etc/ppp/pap-secrets has world and/or group access
Jan  1 03:03:34 indigo-tracker daemon.debug pppd[661]: sent [LCP ConfReq id=0x1 <asyncmap 0x0> <magic 0xae20a403>]
Jan  1 03:03:34 indigo-tracker daemon.debug pppd[661]: rcvd [LCP ConfAck id=0x1 <asyncmap 0x0> <magic 0xae20a403>]
Jan  1 03:03:36 indigo-tracker daemon.debug pppd[661]: rcvd [LCP ConfReq id=0x2 <mru 1600> <auth pap> <magic 0xc3c65c9> <asyncmap 0x0> <pcomp> <accomp>]
Jan  1 03:03:36 indigo-tracker daemon.debug pppd[661]: No auth is possible
Jan  1 03:03:36 indigo-tracker daemon.debug pppd[661]: sent [LCP ConfRej id=0x2 <auth pap> <pcomp> <accomp>]
Jan  1 03:03:36 indigo-tracker daemon.debug pppd[661]: rcvd [LCP ConfReq id=0x3 <mru 1600> <magic 0xc3c65c9> <asyncmap 0x0>]
Jan  1 03:03:36 indigo-tracker daemon.debug pppd[661]: sent [LCP ConfAck id=0x3 <mru 1600> <magic 0xc3c65c9> <asyncmap 0x0>]
Jan  1 03:03:36 indigo-tracker daemon.debug pppd[661]: sent [IPCP ConfReq id=0x1 <addr 0.0.0.0>]
Jan  1 03:03:39 indigo-tracker daemon.debug pppd[661]: rcvd [IPCP ConfNak id=0x1 <addr 10.218.128.75>]
Jan  1 03:03:39 indigo-tracker daemon.debug pppd[661]: sent [IPCP ConfReq id=0x2 <addr 10.218.128.75>]
Jan  1 03:03:39 indigo-tracker daemon.debug pppd[661]: rcvd [IPCP ConfReq id=0x1 <addr 10.0.0.1>]
Jan  1 03:03:39 indigo-tracker daemon.debug pppd[661]: sent [IPCP ConfAck id=0x1 <addr 10.0.0.1>]
Jan  1 03:03:42 indigo-tracker daemon.debug pppd[661]: sent [IPCP ConfReq id=0x2 <addr 10.218.128.75>]
Jan  1 03:03:42 indigo-tracker daemon.debug pppd[661]: rcvd [IPCP ConfAck id=0x2 <addr 10.218.128.75>]
Jan  1 03:03:42 indigo-tracker daemon.notice pppd[661]: replacing old default route to eth0 [192.168.17.254]
Jan  1 03:03:42 indigo-tracker daemon.notice pppd[661]: local  IP address 10.218.128.75
Jan  1 03:03:42 indigo-tracker daemon.notice pppd[661]: remote IP address 10.0.0.1
Jan  1 03:03:42 indigo-tracker daemon.debug pppd[661]: Script /etc/ppp/ip-up started (pid 677)
Jan  1 03:03:42 indigo-tracker user.notice root: Trying to get system time over ntp
Jan  1 03:03:42 indigo-tracker daemon.notice ntpdate[681]: ntpdate 4.2.6p3@1.2290 Sun Feb 20 22:12:26 UTC 2011 (1)
Jan  1 03:03:56 indigo-tracker daemon.err ntpdate[681]: no server suitable for synchronization found
Jan  1 03:03:56 indigo-tracker user.notice root: Current time is not valid
Jan  1 03:03:56 indigo-tracker user.notice root: Trying to get system time over ntp
Jan  1 03:03:56 indigo-tracker daemon.notice ntpdate[688]: ntpdate 4.2.6p3@1.2290 Sun Feb 20 22:12:26 UTC 2011 (1)
Jan  1 03:04:01 indigo-tracker cron.info crond[496]: crond: USER root pid 691 cmd /etc/cron/check_updates.sh
Jan  1 03:04:17 indigo-tracker daemon.err ntpdate[688]: name server cannot be used: Temporary failure in name resolution (-3)
Jan  1 03:04:17 indigo-tracker user.notice root: Current time is not valid
Jan  1 03:04:17 indigo-tracker user.notice root: Trying to get system time over ntp
Jan  1 03:04:17 indigo-tracker daemon.notice ntpdate[697]: ntpdate 4.2.6p3@1.2290 Sun Feb 20 22:12:26 UTC 2011 (1)
Jan  1 03:04:37 indigo-tracker daemon.err ntpdate[697]: name server cannot be used: Temporary failure in name resolution (-3)
Jan  1 03:04:37 indigo-tracker user.notice root: Current time is not valid
Jan  1 03:04:37 indigo-tracker user.notice root: Trying to get system time over ntp
Jan  1 03:04:37 indigo-tracker daemon.notice ntpdate[704]: ntpdate 4.2.6p3@1.2290 Sun Feb 20 22:12:26 UTC 2011 (1)
Jan  1 03:04:57 indigo-tracker daemon.err ntpdate[704]: name server cannot be used: Temporary failure in name resolution (-3)
Jan  1 03:04:57 indigo-tracker user.notice root: Current time is not valid
Jan  1 03:04:57 indigo-tracker user.notice root: Trying to get system time over ntp
Jan  1 03:04:57 indigo-tracker daemon.notice ntpdate[711]: ntpdate 4.2.6p3@1.2290 Sun Feb 20 22:12:26 UTC 2011 (1)
Jan  1 03:05:01 indigo-tracker cron.info crond[496]: crond: USER root pid 714 cmd /etc/cron/check_updates.sh
Jan  1 03:05:01 indigo-tracker cron.info crond[496]: crond: USER root pid 715 cmd /etc/cron/rotate_video.sh
Jan  1 03:05:02 indigo-tracker user.notice root: rotating video
Jan  1 03:05:18 indigo-tracker daemon.err ntpdate[711]: name server cannot be used: Temporary failure in name resolution (-3)
Jan  1 03:05:18 indigo-tracker user.notice root: Current time is not valid
Jan  1 03:05:18 indigo-tracker user.notice root: 5 attempts to get time, sleeping 60 seconds
Jan  1 03:06:01 indigo-tracker cron.info crond[496]: crond: USER root pid 747 cmd /etc/cron/check_updates.sh
Jan  1 03:06:18 indigo-tracker user.notice root: Trying to get system time over ntp
Jan  1 03:06:18 indigo-tracker daemon.notice ntpdate[750]: ntpdate 4.2.6p3@1.2290 Sun Feb 20 22:12:26 UTC 2011 (1)
Jan  1 03:06:38 indigo-tracker daemon.err ntpdate[750]: name server cannot be used: Temporary failure in name resolution (-3)
Jan  1 03:06:38 indigo-tracker user.notice root: Current time is not valid
Jan  1 03:06:38 indigo-tracker user.notice root: Trying to get system time over ntp
Jan  1 03:06:38 indigo-tracker daemon.notice ntpdate[757]: ntpdate 4.2.6p3@1.2290 Sun Feb 20 22:12:26 UTC 2011 (1)
Jan  1 03:06:58 indigo-tracker daemon.err ntpdate[757]: name server cannot be used: Temporary failure in name resolution (-3)
Jan  1 03:06:58 indigo-tracker user.notice root: Current time is not valid
Jan  1 03:06:58 indigo-tracker user.notice root: Trying to get system time over ntp
Jan  1 03:06:59 indigo-tracker daemon.notice ntpdate[764]: ntpdate 4.2.6p3@1.2290 Sun Feb 20 22:12:26 UTC 2011 (1)
Jan  1 03:07:01 indigo-tracker cron.info crond[496]: crond: USER root pid 767 cmd /etc/cron/check_updates.sh
Jan  1 03:07:19 indigo-tracker daemon.err ntpdate[764]: name server cannot be used: Temporary failure in name resolution (-3)
Jan  1 03:07:19 indigo-tracker user.notice root: Current time is not valid
Jan  1 03:07:19 indigo-tracker user.notice root: Trying to get system time over ntp
Jan  1 03:07:19 indigo-tracker daemon.notice ntpdate[773]: ntpdate 4.2.6p3@1.2290 Sun Feb 20 22:12:26 UTC 2011 (1)
Jan  1 03:07:39 indigo-tracker daemon.err ntpdate[773]: name server cannot be used: Temporary failure in name resolution (-3)
Jan  1 03:07:39 indigo-tracker user.notice root: Current time is not valid
Jan  1 03:07:39 indigo-tracker user.notice root: Trying to get system time over ntp
Jan  1 03:07:39 indigo-tracker daemon.notice ntpdate[780]: ntpdate 4.2.6p3@1.2290 Sun Feb 20 22:12:26 UTC 2011 (1)
Jan  1 03:07:59 indigo-tracker daemon.err ntpdate[780]: name server cannot be used: Temporary failure in name resolution (-3)
Jan  1 03:07:59 indigo-tracker user.notice root: Current time is not valid
Jan  1 03:08:00 indigo-tracker user.notice root: 5 attempts to get time, sleeping 60 seconds
Jan  1 03:08:01 indigo-tracker cron.info crond[496]: crond: USER root pid 788 cmd /etc/cron/check_updates.sh
Jan  1 03:09:00 indigo-tracker user.notice root: Trying to get system time over ntp
Jan  1 03:09:00 indigo-tracker daemon.notice ntpdate[791]: ntpdate 4.2.6p3@1.2290 Sun Feb 20 22:12:26 UTC 2011 (1)
Jan  1 03:09:01 indigo-tracker cron.info crond[496]: crond: USER root pid 794 cmd /etc/cron/check_updates.sh
Jan  1 03:09:20 indigo-tracker daemon.err ntpdate[791]: name server cannot be used: Temporary failure in name resolution (-3)
Jan  1 03:09:20 indigo-tracker user.notice root: Current time is not valid
Jan  1 03:09:20 indigo-tracker user.notice root: Trying to get system time over ntp
Jan  1 03:09:20 indigo-tracker daemon.notice ntpdate[800]: ntpdate 4.2.6p3@1.2290 Sun Feb 20 22:12:26 UTC 2011 (1)
Jan  1 03:09:40 indigo-tracker daemon.err ntpdate[800]: name server cannot be used: Temporary failure in name resolution (-3)
