Jan  1 03:00:11 indigo-tracker user.info kernel: hub 1-0:1.0: USB hub found
Jan  1 03:00:11 indigo-tracker user.info kernel: hub 1-0:1.0: 2 ports detected
Jan  1 03:00:11 indigo-tracker user.info kernel: Initializing USB Mass Storage driver...
Jan  1 03:00:11 indigo-tracker user.info kernel: usbcore: registered new interface driver usb-storage
Jan  1 03:00:11 indigo-tracker user.info kernel: USB Mass Storage support registered.
Jan  1 03:00:11 indigo-tracker user.info kernel: rtc-at91sam9 at91_rtt.0: rtc core: registered at91_rtt as rtc0
Jan  1 03:00:11 indigo-tracker user.warn kernel: rtc-at91sam9 at91_rtt.0: rtc0: SET TIME!
Jan  1 03:00:11 indigo-tracker user.info kernel: i2c /dev entries driver
Jan  1 03:00:11 indigo-tracker user.info kernel: Linux video capture interface: v2.00
Jan  1 03:00:11 indigo-tracker user.info kernel: usbcore: registered new interface driver uvcvideo
Jan  1 03:00:11 indigo-tracker user.info kernel: USB Video Class driver (v1.0.0)
Jan  1 03:00:11 indigo-tracker user.info kernel: AT91SAM9 Watchdog enabled (heartbeat=15 sec, nowayout=1)
Jan  1 03:00:11 indigo-tracker user.info kernel: usbcore: registered new interface driver snd-usb-audio
Jan  1 03:00:11 indigo-tracker user.info kernel: ALSA device list:
Jan  1 03:00:11 indigo-tracker user.info kernel:   No soundcards found.
Jan  1 03:00:11 indigo-tracker user.info kernel: nf_conntrack version 0.5.0 (958 buckets, 3832 max)
Jan  1 03:00:11 indigo-tracker user.info kernel: ip_tables: (C) 2000-2006 Netfilter Core Team
Jan  1 03:00:11 indigo-tracker user.info kernel: TCP cubic registered
Jan  1 03:00:11 indigo-tracker user.info kernel: NET: Registered protocol family 17
Jan  1 03:00:11 indigo-tracker user.err kernel: rtc-at91sam9 at91_rtt.0: hctosys: unable to read the hardware clock
Jan  1 03:00:11 indigo-tracker user.info kernel: atmel_mci atmel_mci: Atmel MCI controller at 0xfffa8000 irq 9, 1 slots
Jan  1 03:00:11 indigo-tracker user.info kernel: yaffs: dev is 32505859 name is "mtdblock3" rw
Jan  1 03:00:11 indigo-tracker user.info kernel: yaffs: passed flags ""
Jan  1 03:00:11 indigo-tracker user.debug kernel: yaffs: yaffs: Attempting MTD mount of 31.3,"mtdblock3"
Jan  1 03:00:11 indigo-tracker user.debug kernel: yaffs: auto selecting yaffs2
Jan  1 03:00:11 indigo-tracker user.debug kernel: yaffs: block 68 is bad
Jan  1 03:00:11 indigo-tracker user.debug kernel: yaffs: block 855 is bad
Jan  1 03:00:11 indigo-tracker user.debug kernel: yaffs: yaffs_read_super: is_checkpointed 0
Jan  1 03:00:11 indigo-tracker user.warn kernel: VFS: Mounted root (yaffs filesystem) on device 31:3.
Jan  1 03:00:11 indigo-tracker user.info kernel: Freeing init memory: 112K
Jan  1 03:00:11 indigo-tracker user.alert kernel: piopins: with filter
Jan  1 03:00:11 indigo-tracker user.warn kernel: piopins: system time doesn't seem to be true, will not flush anything
Jan  1 03:00:11 indigo-tracker user.info kernel: SK-AT91SAM9XE512: SIM508 GPS power OFF.
Jan  1 03:00:12 indigo-tracker user.info kernel: eth0: link up (100/Full)
Jan  1 03:00:13 indigo-tracker user.info kernel: SK-AT91SAM9XE512: SIM508 GPS power ON.
Jan  1 03:00:15 indigo-tracker auth.info login[516]: root login on 'ttyS0'
Jan  1 03:00:22 indigo-tracker user.info kernel: SK-AT91SAM9XE512: SIM508 GSM power key OFF.
Jan  1 03:00:27 indigo-tracker user.info kernel: SK-AT91SAM9XE512: SIM508 GSM power key ON.
Jan  1 03:01:01 indigo-tracker cron.info crond[470]: crond: USER root pid 633 cmd /etc/cron/check_updates.sh
Jan  1 03:02:01 indigo-tracker cron.info crond[470]: crond: USER root pid 639 cmd /etc/cron/check_updates.sh
Jan  1 03:03:01 indigo-tracker cron.info crond[470]: crond: USER root pid 648 cmd /etc/cron/check_updates.sh
Jan  1 03:04:01 indigo-tracker cron.info crond[470]: crond: USER root pid 653 cmd /etc/cron/check_updates.sh
Jan  1 03:05:01 indigo-tracker cron.info crond[470]: crond: USER root pid 662 cmd /etc/cron/check_updates.sh
Jan  1 03:05:01 indigo-tracker cron.info crond[470]: crond: USER root pid 663 cmd /etc/cron/rotate_video.sh
Jan  1 03:05:01 indigo-tracker user.notice root: no flash drive to rotate video on
Jan  1 03:05:42 indigo-tracker user.info kernel: SK-AT91SAM9XE512: SIM508 GSM power key OFF.
Jan  1 03:05:47 indigo-tracker user.info kernel: SK-AT91SAM9XE512: SIM508 GSM power key ON.
Jan  1 03:06:01 indigo-tracker cron.info crond[470]: crond: USER root pid 679 cmd /etc/cron/check_updates.sh
Jan  1 03:07:01 indigo-tracker cron.info crond[470]: crond: USER root pid 691 cmd /etc/cron/check_updates.sh
Jan  1 03:08:01 indigo-tracker cron.info crond[470]: crond: USER root pid 693 cmd /etc/cron/check_updates.sh
Jan  1 03:08:59 indigo-tracker user.alert kernel: Unable to handle kernel NULL pointer dereference at virtual address 00000088
Jan  1 03:08:59 indigo-tracker user.alert kernel: pgd = c3048000
Jan  1 03:08:59 indigo-tracker user.alert kernel: [00000088] *pgd=2390e831, *pte=00000000, *ppte=00000000
Jan  1 03:08:59 indigo-tracker user.emerg kernel: Internal error: Oops: 17 [#1]
Jan  1 03:08:59 indigo-tracker user.emerg kernel: last sysfs file: /sys/devices/platform/at91_ohci/usbmon/usbmon1/dev
Jan  1 03:08:59 indigo-tracker user.warn kernel: Modules linked in: pio piopins
Jan  1 03:08:59 indigo-tracker user.warn kernel: CPU: 0    Not tainted  (2.6.38+ #76)
Jan  1 03:08:59 indigo-tracker user.warn kernel: PC is at uart_dtr_rts+0xa4/0x144
Jan  1 03:08:59 indigo-tracker user.warn kernel: LR is at tty_port_raise_dtr_rts+0x1c/0x20
Jan  1 03:08:59 indigo-tracker user.warn kernel: pc : [<c013b80c>]    lr : [<c012dfe8>]    psr: 80000013
Jan  1 03:08:59 indigo-tracker user.warn kernel: sp : c38a5d90  ip : 00000000  fp : c3bfe400
Jan  1 03:08:59 indigo-tracker user.warn kernel: r10: 00000000  r9 : c38a5dbc  r8 : c3886894
Jan  1 03:08:59 indigo-tracker user.warn kernel: r7 : c3bfe400  r6 : c3886884  r5 : 00000000  r4 : c0376dc0
Jan  1 03:08:59 indigo-tracker user.warn kernel: r3 : c035531c  r2 : 00000001  r1 : 00000000  r0 : 00000000
Jan  1 03:08:59 indigo-tracker user.warn kernel: Flags: Nzcv  IRQs on  FIQs on  Mode SVC_32  ISA ARM  Segment user
Jan  1 03:08:59 indigo-tracker user.warn kernel: Control: 0005317f  Table: 23048000  DAC: 00000015
Jan  1 03:08:59 indigo-tracker user.emerg kernel: Process tail (pid: 695, stack limit = 0xc38a4270)
Jan  1 03:08:59 indigo-tracker user.emerg kernel: Stack: (0xc38a5d90 to 0xc38a6000)
Jan  1 03:08:59 indigo-tracker user.emerg kernel: 5d80:                                     c3886884 c3b95f40 c38a4000 c012dfe8
Jan  1 03:08:59 indigo-tracker user.emerg kernel: 5da0: c3886884 c012e474 c3bfe400 00000000 00000000 c03520a0 c3b8d560 00000000
Jan  1 03:08:59 indigo-tracker user.emerg kernel: 5dc0: c3b6f3e0 c004a24c c38a5dc8 c38a5dc8 00000000 c3b95f40 00400041 00000000
Jan  1 03:08:59 indigo-tracker user.emerg kernel: 5de0: c38a4000 c03520a0 c3b8d560 c01289a0 00000000 c38a5ee4 c3416cd8 00020000
Jan  1 03:08:59 indigo-tracker user.emerg kernel: 5e00: c38a5ee4 00000001 c38a5e5c c3b8d560 c3b95f40 c38c1688 00000000 00000000
Jan  1 03:08:59 indigo-tracker user.emerg kernel: 5e20: c38a4000 c3ba0000 00000001 c008eb90 c3b8d560 c3b95f40 c3b95f40 c380dda0
Jan  1 03:08:59 indigo-tracker user.emerg kernel: 5e40: c34fc618 c3b8d560 c008ea74 c008ac20 c38a5ee4 c38476e0 00000000 c3b95f40
Jan  1 03:08:59 indigo-tracker user.emerg kernel: 5e60: 00000024 c38a4000 c3ba0000 c008adf4 c38476e0 00000024 00000000 c38a5ee4
Jan  1 03:08:59 indigo-tracker user.emerg kernel: 5e80: 00000000 00000000 00020000 c0095bf8 c38a5ee4 00020000 00020000 00000101
Jan  1 03:08:59 indigo-tracker user.emerg kernel: 5ea0: c38a5ee4 00000024 00000000 c0097938 c340f73c 40098fff c30175a0 c3017ee8
Jan  1 03:08:59 indigo-tracker user.emerg kernel: 5ec0: c38a5f3c 00000000 00000000 00000000 ffffff9c 00000000 00000000 c30167b0
Jan  1 03:08:59 indigo-tracker user.emerg kernel: 5ee0: c30173e8 c380dda0 c34fc618 00000005 c0347c08 402491d0 00000000 c340d298
Jan  1 03:08:59 indigo-tracker user.emerg kernel: 5f00: 00000000 c3b8d560 00000101 00000004 00000001 00000000 000de000 c3bd5080
Jan  1 03:08:59 indigo-tracker user.emerg kernel: 5f20: 000bd000 c3bd5080 000bd000 c30167b0 c3017404 00000021 00100077 00020001
Jan  1 03:08:59 indigo-tracker user.emerg kernel: 5f40: 00000000 00000000 c3818a48 c3818a40 00000000 00020000 c3818a44 00000003
Jan  1 03:08:59 indigo-tracker user.emerg kernel: 5f60: ffffff9c c3ba0000 00000000 00000000 c38a4000 00000000 00000001 c008a9cc
Jan  1 03:08:59 indigo-tracker user.emerg kernel: 5f80: 00000000 bedb4ea8 bedb4ea8 00000000 00000001 00000005 c0025024 c38a4000
Jan  1 03:08:59 indigo-tracker user.emerg kernel: 5fa0: 00000000 c0024ea0 bedb4ea8 00000000 bedb4ea8 00020000 00000000 00000000
Jan  1 03:08:59 indigo-tracker user.emerg kernel: 5fc0: bedb4ea8 00000000 00000001 00000005 00000000 bedb4dac 00000000 00000001
Jan  1 03:08:59 indigo-tracker user.emerg kernel: 5fe0: 402491d0 bedb4a80 0000e470 4024921c 60000010 bedb4ea8 00000000 00000000
Jan  1 03:08:59 indigo-tracker user.warn kernel: [<c013b80c>] (uart_dtr_rts+0xa4/0x144) from [<c012dfe8>] (tty_port_raise_dtr_rts+0x1c/0x20)
Jan  1 03:08:59 indigo-tracker user.warn kernel: [<c012dfe8>] (tty_port_raise_dtr_rts+0x1c/0x20) from [<c012e474>] (tty_port_block_til_ready+0x1d4/0x2c4)
Jan  1 03:08:59 indigo-tracker user.warn kernel: [<c012e474>] (tty_port_block_til_ready+0x1d4/0x2c4) from [<c01289a0>] (tty_open+0x314/0x450)
Jan  1 03:08:59 indigo-tracker user.warn kernel: [<c01289a0>] (tty_open+0x314/0x450) from [<c008eb90>] (chrdev_open+0x11c/0x138)
Jan  1 03:08:59 indigo-tracker user.warn kernel: [<c008eb90>] (chrdev_open+0x11c/0x138) from [<c008ac20>] (__dentry_open+0x138/0x244)
Jan  1 03:08:59 indigo-tracker user.warn kernel: [<c008ac20>] (__dentry_open+0x138/0x244) from [<c008adf4>] (nameidata_to_filp+0x50/0x5c)
Jan  1 03:08:59 indigo-tracker user.warn kernel: [<c008adf4>] (nameidata_to_filp+0x50/0x5c) from [<c0095bf8>] (finish_open+0x7c/0x174)
Jan  1 03:08:59 indigo-tracker user.warn kernel: [<c0095bf8>] (finish_open+0x7c/0x174) from [<c0097938>] (do_filp_open+0x120/0x4f0)
Jan  1 03:08:59 indigo-tracker user.warn kernel: [<c0097938>] (do_filp_open+0x120/0x4f0) from [<c008a9cc>] (do_sys_open+0x58/0x148)
Jan  1 03:08:59 indigo-tracker user.warn kernel: [<c008a9cc>] (do_sys_open+0x58/0x148) from [<c0024ea0>] (ret_fast_syscall+0x0/0x2c)
Jan  1 03:08:59 indigo-tracker user.emerg kernel: Code: 15953034 15832008 15942064 1582102c (e5952088) 
Jan  1 03:08:59 indigo-tracker user.warn kernel: ---[ end trace 9441c82e54d7a7f2 ]---
Jan  1 03:09:01 indigo-tracker cron.info crond[470]: crond: USER root pid 696 cmd /etc/cron/check_updates.sh
Jan  1 03:00:11 indigo-tracker syslog.info syslogd started: BusyBox v1.18.3
Jan  1 03:00:11 indigo-tracker user.notice kernel: Linux version 2.6.38+ (yury@debian-dev-vm) (gcc version 4.4.5 (indigo-ct-ng) ) #76 Fri Nov 11 18:57:40 MSK 2011
Jan  1 03:00:11 indigo-tracker user.warn kernel: CPU: ARM926EJ-S [41069265] revision 5 (ARMv5TEJ), cr=00053177
Jan  1 03:00:11 indigo-tracker user.warn kernel: CPU: VIVT data cache, VIVT instruction cache
Jan  1 03:00:11 indigo-tracker user.warn kernel: Machine: Indigo AT91SAM9260-SK
Jan  1 03:00:11 indigo-tracker user.warn kernel: Memory policy: ECC disabled, Data cache writeback
Jan  1 03:00:11 indigo-tracker user.warn kernel: Clocks: CPU 196 MHz, master 98 MHz, main 12.000 MHz
Jan  1 03:00:11 indigo-tracker user.debug kernel: On node 0 totalpages: 16384
Jan  1 03:00:11 indigo-tracker user.debug kernel: free_area_init_node: node 0, pgdat c0369484, node_mem_map c037b000
Jan  1 03:00:11 indigo-tracker user.debug kernel:   Normal zone: 128 pages used for memmap
Jan  1 03:00:11 indigo-tracker user.debug kernel:   Normal zone: 0 pages reserved
Jan  1 03:00:11 indigo-tracker user.debug kernel:   Normal zone: 16256 pages, LIFO batch:3
Jan  1 03:00:11 indigo-tracker user.debug kernel: pcpu-alloc: s0 r0 d32768 u32768 alloc=1*32768
Jan  1 03:00:11 indigo-tracker user.debug kernel: pcpu-alloc: [0] 0 
Jan  1 03:00:11 indigo-tracker user.warn kernel: Built 1 zonelists in Zone order, mobility grouping on.  Total pages: 16256
Jan  1 03:00:11 indigo-tracker user.notice kernel: Kernel command line: console=ttyS0,115200=mem=64M root=/dev/mtdblock3
Jan  1 03:00:11 indigo-tracker user.info kernel: PID hash table entries: 256 (order: -2, 1024 bytes)
Jan  1 03:00:11 indigo-tracker user.info kernel: Dentry cache hash table entries: 8192 (order: 3, 32768 bytes)
Jan  1 03:00:11 indigo-tracker user.info kernel: Inode-cache hash table entries: 4096 (order: 2, 16384 bytes)
Jan  1 03:00:11 indigo-tracker user.info kernel: Memory: 64MB = 64MB total
Jan  1 03:00:11 indigo-tracker user.notice kernel: Memory: 61364k/61364k available, 4172k reserved, 0K highmem
Jan  1 03:00:11 indigo-tracker user.notice kernel: Virtual kernel memory layout:
Jan  1 03:00:11 indigo-tracker user.notice kernel:     vector  : 0xffff0000 - 0xffff1000   (   4 kB)
Jan  1 03:00:11 indigo-tracker user.notice kernel:     fixmap  : 0xfff00000 - 0xfffe0000   ( 896 kB)
Jan  1 03:00:11 indigo-tracker user.notice kernel:     DMA     : 0xffc00000 - 0xffe00000   (   2 MB)
Jan  1 03:00:11 indigo-tracker user.notice kernel:     vmalloc : 0xc4800000 - 0xfee00000   ( 934 MB)
Jan  1 03:00:11 indigo-tracker user.notice kernel:     lowmem  : 0xc0000000 - 0xc4000000   (  64 MB)
Jan  1 03:00:11 indigo-tracker user.notice kernel:     modules : 0xbf000000 - 0xc0000000   (  16 MB)
Jan  1 03:00:11 indigo-tracker user.notice kernel:       .init : 0xc0008000 - 0xc0024000   ( 112 kB)
Jan  1 03:00:11 indigo-tracker user.notice kernel:       .text : 0xc0024000 - 0xc03419d4   (3191 kB)
Jan  1 03:00:11 indigo-tracker user.notice kernel:       .data : 0xc0342000 - 0xc0369c60   ( 160 kB)
Jan  1 03:00:11 indigo-tracker user.info kernel: NR_IRQS:192
Jan  1 03:00:11 indigo-tracker user.info kernel: AT91: 96 gpio irqs in 3 banks
Jan  1 03:00:11 indigo-tracker user.warn kernel: Console: colour dummy device 80x30
Jan  1 03:00:11 indigo-tracker user.info kernel: console [ttyS0] enabled
Jan  1 03:00:11 indigo-tracker user.info kernel: Calibrating delay loop... 97.89 BogoMIPS (lpj=489472)
Jan  1 03:00:11 indigo-tracker user.info kernel: pid_max: default: 32768 minimum: 301
Jan  1 03:00:11 indigo-tracker user.warn kernel: Mount-cache hash table entries: 512
Jan  1 03:00:11 indigo-tracker user.info kernel: CPU: Testing write buffer coherency: ok
Jan  1 03:00:11 indigo-tracker user.info kernel: NET: Registered protocol family 16
Jan  1 03:00:11 indigo-tracker user.warn kernel: bio: create slab <bio-0> at 0
Jan  1 03:00:11 indigo-tracker user.notice kernel: SCSI subsystem initialized
Jan  1 03:00:11 indigo-tracker user.info kernel: usbcore: registered new interface driver usbfs
Jan  1 03:00:11 indigo-tracker user.info kernel: usbcore: registered new interface driver hub
Jan  1 03:00:11 indigo-tracker user.info kernel: usbcore: registered new device driver usb
Jan  1 03:00:11 indigo-tracker user.info kernel: Advanced Linux Sound Architecture Driver Version 1.0.23.
Jan  1 03:00:11 indigo-tracker user.info kernel: Switching to clocksource pit
Jan  1 03:00:11 indigo-tracker user.info kernel: NET: Registered protocol family 2
Jan  1 03:00:11 indigo-tracker user.info kernel: IP route cache hash table entries: 1024 (order: 0, 4096 bytes)
Jan  1 03:00:11 indigo-tracker user.info kernel: TCP established hash table entries: 2048 (order: 2, 16384 bytes)
Jan  1 03:00:11 indigo-tracker user.info kernel: TCP bind hash table entries: 2048 (order: 1, 8192 bytes)
Jan  1 03:00:11 indigo-tracker user.info kernel: TCP: Hash tables configured (established 2048 bind 2048)
Jan  1 03:00:11 indigo-tracker user.info kernel: TCP reno registered
Jan  1 03:00:11 indigo-tracker user.info kernel: UDP hash table entries: 256 (order: 0, 4096 bytes)
Jan  1 03:00:11 indigo-tracker user.info kernel: UDP-Lite hash table entries: 256 (order: 0, 4096 bytes)
Jan  1 03:00:11 indigo-tracker user.info kernel: NET: Registered protocol family 1
Jan  1 03:00:11 indigo-tracker user.debug kernel: yaffs: yaffs built Nov  8 2011 18:50:55 Installing.
Jan  1 03:00:11 indigo-tracker user.info kernel: msgmni has been set to 119
Jan  1 03:00:11 indigo-tracker user.info kernel: io scheduler noop registered (default)
Jan  1 03:00:11 indigo-tracker user.info kernel: io scheduler deadline registered
Jan  1 03:00:11 indigo-tracker user.info kernel: atmel_usart.0: ttyS0 at MMIO 0xfefff200 (irq = 1) is a ATMEL_SERIAL
Jan  1 03:00:11 indigo-tracker user.info kernel: atmel_usart.1: ttyS1 at MMIO 0xfffb0000 (irq = 6) is a ATMEL_SERIAL
Jan  1 03:00:11 indigo-tracker user.info kernel: atmel_usart.2: ttyS2 at MMIO 0xfffb8000 (irq = 8) is a ATMEL_SERIAL
Jan  1 03:00:11 indigo-tracker user.debug kernel: SK-AT91SAM9XE512: SIM508 power management driver, major 135, minor 0.
Jan  1 03:00:11 indigo-tracker user.info kernel: brd: module loaded
Jan  1 03:00:11 indigo-tracker user.info kernel: loop: module loaded
Jan  1 03:00:11 indigo-tracker user.info kernel: ssc ssc.0: Atmel SSC device at 0xc4818000 (irq 14)
Jan  1 03:00:11 indigo-tracker user.info kernel: NAND device: Manufacturer ID: 0xec, Chip ID: 0xda (Samsung NAND 256MiB 3,3V 8-bit)
Jan  1 03:00:11 indigo-tracker user.info kernel: Scanning device for bad blocks
Jan  1 03:00:11 indigo-tracker user.warn kernel: Bad eraseblock 131 at 0x000001060000
Jan  1 03:00:11 indigo-tracker user.warn kernel: Bad eraseblock 918 at 0x0000072c0000
Jan  1 03:00:11 indigo-tracker user.notice kernel: Creating 6 MTD partitions on "atmel_nand":
Jan  1 03:00:11 indigo-tracker user.notice kernel: 0x000000000000-0x000000020000 : "Bootstrap partition"
Jan  1 03:00:11 indigo-tracker user.notice kernel: 0x000000020000-0x000000060000 : "U-boot Partition"
Jan  1 03:00:11 indigo-tracker user.notice kernel: 0x0000000a0000-0x0000002a0000 : "Kernel Partition"
Jan  1 03:00:11 indigo-tracker user.notice kernel: 0x000000800000-0x000010000000 : "Storage Partition"
Jan  1 03:00:11 indigo-tracker user.notice kernel: 0x000000060000-0x000000080000 : "U-boot Environment"
Jan  1 03:00:11 indigo-tracker user.notice kernel: 0x000000080000-0x0000000a0000 : "U-boot Environment Backup"
Jan  1 03:00:11 indigo-tracker user.info kernel: atmel_spi atmel_spi.0: Atmel SPI Controller at 0xfffc8000 (irq 12)
Jan  1 03:00:11 indigo-tracker user.info kernel: atmel_spi atmel_spi.1: Atmel SPI Controller at 0xfffcc000 (irq 13)
Jan  1 03:00:11 indigo-tracker user.info kernel: PPP generic driver version 2.4.2
Jan  1 03:00:11 indigo-tracker user.info kernel: PPP Deflate Compression module registered
Jan  1 03:00:11 indigo-tracker user.info kernel: PPP BSD Compression module registered
Jan  1 03:00:11 indigo-tracker user.info kernel: PPP MPPE Compression module registered
Jan  1 03:00:11 indigo-tracker user.info kernel: NET: Registered protocol family 24
Jan  1 03:00:11 indigo-tracker user.info kernel: SLIP: version 0.8.4-NET3.019-NEWTTY (dynamic channels, max=256).
Jan  1 03:00:11 indigo-tracker cron.notice atd[524]: Removing stale lockfile for pid 524
Jan  1 03:00:11 indigo-tracker user.info kernel: CSLIP: code copyright 1989 Regents of the University of California.
Jan  1 03:00:11 indigo-tracker user.info kernel: tun: Universal TUN/TAP device driver, 1.6
Jan  1 03:00:11 indigo-tracker user.info kernel: tun: (C) 1999-2004 Max Krasnyansky <maxk@qualcomm.com>
Jan  1 03:00:11 indigo-tracker user.info kernel: MACB_mii_bus: probed
Jan  1 03:00:11 indigo-tracker user.info kernel: eth0: Atmel MACB at 0xfffc4000 irq 21 (00:1f:f2:00:00:00)
Jan  1 03:00:11 indigo-tracker user.info kernel: eth0: attached PHY driver [Micrel KS8001 or KS8721] (mii_bus:phy_addr=ffffffff:01, irq=-1)
Jan  1 03:00:11 indigo-tracker user.info kernel: ohci_hcd: USB 1.1 'Open' Host Controller (OHCI) Driver
Jan  1 03:00:11 indigo-tracker user.info kernel: at91_ohci at91_ohci: AT91 OHCI
Jan  1 03:00:11 indigo-tracker user.info kernel: at91_ohci at91_ohci: new USB bus registered, assigned bus number 1
Jan  1 03:00:11 indigo-tracker user.info kernel: at91_ohci at91_ohci: irq 20, io mem 0x00500000
Jan  1 03:00:11 indigo-tracker user.info kernel: usb usb1: New USB device found, idVendor=1d6b, idProduct=0001
Jan  1 03:00:11 indigo-tracker user.info kernel: usb usb1: New USB device strings: Mfr=3, Product=2, SerialNumber=1
Jan  1 03:00:11 indigo-tracker user.info kernel: usb usb1: Product: AT91 OHCI
Jan  1 03:00:11 indigo-tracker user.info kernel: usb usb1: Manufacturer: Linux 2.6.38+ ohci_hcd
Jan  1 03:00:11 indigo-tracker user.info kernel: usb usb1: SerialNumber: at91
Jan  1 03:00:11 indigo-tracker user.info kernel: hub 1-0:1.0: USB hub found
Jan  1 03:00:11 indigo-tracker user.info kernel: hub 1-0:1.0: 2 ports detected
Jan  1 03:00:11 indigo-tracker user.info kernel: Initializing USB Mass Storage driver...
Jan  1 03:00:11 indigo-tracker user.info kernel: usbcore: registered new interface driver usb-storage
Jan  1 03:00:11 indigo-tracker user.info kernel: USB Mass Storage support registered.
Jan  1 03:00:11 indigo-tracker user.info kernel: rtc-at91sam9 at91_rtt.0: rtc core: registered at91_rtt as rtc0
Jan  1 03:00:11 indigo-tracker user.warn kernel: rtc-at91sam9 at91_rtt.0: rtc0: SET TIME!
Jan  1 03:00:11 indigo-tracker user.info kernel: i2c /dev entries driver
Jan  1 03:00:11 indigo-tracker user.info kernel: Linux video capture interface: v2.00
Jan  1 03:00:11 indigo-tracker user.info kernel: usbcore: registered new interface driver uvcvideo
Jan  1 03:00:11 indigo-tracker user.info kernel: USB Video Class driver (v1.0.0)
Jan  1 03:00:11 indigo-tracker user.info kernel: AT91SAM9 Watchdog enabled (heartbeat=15 sec, nowayout=1)
Jan  1 03:00:11 indigo-tracker user.info kernel: usbcore: registered new interface driver snd-usb-audio
Jan  1 03:00:11 indigo-tracker user.info kernel: ALSA device list:
Jan  1 03:00:11 indigo-tracker user.info kernel:   No soundcards found.
Jan  1 03:00:11 indigo-tracker user.info kernel: nf_conntrack version 0.5.0 (958 buckets, 3832 max)
Jan  1 03:00:11 indigo-tracker user.info kernel: ip_tables: (C) 2000-2006 Netfilter Core Team
Jan  1 03:00:11 indigo-tracker user.info kernel: TCP cubic registered
Jan  1 03:00:11 indigo-tracker user.info kernel: NET: Registered protocol family 17
Jan  1 03:00:11 indigo-tracker user.err kernel: rtc-at91sam9 at91_rtt.0: hctosys: unable to read the hardware clock
Jan  1 03:00:11 indigo-tracker user.info kernel: atmel_mci atmel_mci: Atmel MCI controller at 0xfffa8000 irq 9, 1 slots
Jan  1 03:00:11 indigo-tracker user.info kernel: yaffs: dev is 32505859 name is "mtdblock3" rw
Jan  1 03:00:11 indigo-tracker user.info kernel: yaffs: passed flags ""
Jan  1 03:00:11 indigo-tracker user.debug kernel: yaffs: yaffs: Attempting MTD mount of 31.3,"mtdblock3"
Jan  1 03:00:11 indigo-tracker user.debug kernel: yaffs: auto selecting yaffs2
Jan  1 03:00:11 indigo-tracker user.debug kernel: yaffs: block 68 is bad
Jan  1 03:00:11 indigo-tracker user.debug kernel: yaffs: block 855 is bad
Jan  1 03:00:11 indigo-tracker user.debug kernel: yaffs: yaffs_read_super: is_checkpointed 0
Jan  1 03:00:11 indigo-tracker user.warn kernel: VFS: Mounted root (yaffs filesystem) on device 31:3.
Jan  1 03:00:11 indigo-tracker user.info kernel: Freeing init memory: 112K
Jan  1 03:00:11 indigo-tracker user.alert kernel: piopins: with filter
Jan  1 03:00:11 indigo-tracker user.warn kernel: piopins: system time doesn't seem to be true, will not flush anything
Jan  1 03:00:11 indigo-tracker user.info kernel: SK-AT91SAM9XE512: SIM508 GPS power OFF.
Jan  1 03:00:12 indigo-tracker user.info kernel: eth0: link up (100/Full)
Jan  1 03:00:13 indigo-tracker user.info kernel: SK-AT91SAM9XE512: SIM508 GPS power ON.
Jan  1 03:00:14 indigo-tracker auth.info login[517]: root login on 'ttyS0'
Jan  1 03:01:01 indigo-tracker cron.info crond[470]: crond: USER root pid 633 cmd /etc/cron/check_updates.sh
Jan  1 03:02:01 indigo-tracker cron.info crond[470]: crond: USER root pid 640 cmd /etc/cron/check_updates.sh
Jan  1 03:03:01 indigo-tracker cron.info crond[470]: crond: USER root pid 646 cmd /etc/cron/check_updates.sh
Jan  1 03:04:01 indigo-tracker cron.info crond[470]: crond: USER root pid 649 cmd /etc/cron/check_updates.sh
Jan  1 03:05:01 indigo-tracker cron.info crond[470]: crond: USER root pid 664 cmd /etc/cron/check_updates.sh
Jan  1 03:05:01 indigo-tracker cron.info crond[470]: crond: USER root pid 665 cmd /etc/cron/rotate_video.sh
Jan  1 03:05:01 indigo-tracker user.notice root: no flash drive to rotate video on
Jan  1 03:06:01 indigo-tracker cron.info crond[470]: crond: USER root pid 685 cmd /etc/cron/check_updates.sh
Jan  1 03:06:09 indigo-tracker user.info kernel: SK-AT91SAM9XE512: SIM508 GSM power key ON.
Jan  1 03:07:01 indigo-tracker cron.info crond[470]: crond: USER root pid 691 cmd /etc/cron/check_updates.sh
Jan  1 03:08:01 indigo-tracker cron.info crond[470]: crond: USER root pid 717 cmd /etc/cron/check_updates.sh
Jan  1 03:09:01 indigo-tracker cron.info crond[470]: crond: USER root pid 726 cmd /etc/cron/check_updates.sh
Jan  1 03:10:01 indigo-tracker cron.info crond[470]: crond: USER root pid 728 cmd /etc/cron/check_updates.sh
Jan  1 03:11:01 indigo-tracker cron.info crond[470]: crond: USER root pid 734 cmd /etc/cron/check_updates.sh
Jan  1 03:12:01 indigo-tracker cron.info crond[470]: crond: USER root pid 738 cmd /etc/cron/check_updates.sh
Jan  1 03:13:01 indigo-tracker cron.info crond[470]: crond: USER root pid 753 cmd /etc/cron/check_updates.sh
Jan  1 03:14:01 indigo-tracker cron.info crond[470]: crond: USER root pid 760 cmd /etc/cron/check_updates.sh
Jan  1 03:15:01 indigo-tracker cron.info crond[470]: crond: USER root pid 766 cmd /etc/cron/check_ntp
Jan  1 03:15:01 indigo-tracker cron.info crond[470]: crond: USER root pid 767 cmd /etc/cron/check_updates.sh
Jan  1 03:15:01 indigo-tracker user.notice root: Current time is not valid
Jan  1 03:16:01 indigo-tracker cron.info crond[470]: crond: USER root pid 773 cmd /etc/cron/check_updates.sh
Jan  1 03:16:18 indigo-tracker user.info kernel: eth0: link down
Jan  1 03:17:01 indigo-tracker cron.info crond[470]: crond: USER root pid 775 cmd /etc/cron/check_updates.sh
Jan  1 03:18:01 indigo-tracker cron.info crond[470]: crond: USER root pid 777 cmd /etc/cron/check_updates.sh
Jan  1 03:19:01 indigo-tracker cron.info crond[470]: crond: USER root pid 779 cmd /etc/cron/check_updates.sh
Jan  1 03:20:01 indigo-tracker cron.info crond[470]: crond: USER root pid 783 cmd /etc/cron/check_updates.sh
Jan  1 03:21:01 indigo-tracker cron.info crond[470]: crond: USER root pid 787 cmd /etc/cron/check_updates.sh
Jan  1 03:22:01 indigo-tracker cron.info crond[470]: crond: USER root pid 790 cmd /etc/cron/check_updates.sh
Jan  1 03:23:01 indigo-tracker cron.info crond[470]: crond: USER root pid 797 cmd /etc/cron/check_updates.sh
Jan  1 03:24:01 indigo-tracker cron.info crond[470]: crond: USER root pid 799 cmd /etc/cron/check_updates.sh
Jan  1 03:25:01 indigo-tracker cron.info crond[470]: crond: USER root pid 803 cmd /etc/cron/check_updates.sh
Jan  1 03:26:01 indigo-tracker cron.info crond[470]: crond: USER root pid 806 cmd /etc/cron/check_updates.sh
Jan  1 03:27:01 indigo-tracker cron.info crond[470]: crond: USER root pid 814 cmd /etc/cron/check_updates.sh
Jan  1 03:28:01 indigo-tracker cron.info crond[470]: crond: USER root pid 818 cmd /etc/cron/check_updates.sh
Jan  1 03:29:01 indigo-tracker cron.info crond[470]: crond: USER root pid 821 cmd /etc/cron/check_updates.sh
Jan  1 03:30:01 indigo-tracker cron.info crond[470]: crond: USER root pid 823 cmd /etc/cron/check_pppd
Jan  1 03:30:01 indigo-tracker cron.info crond[470]: crond: USER root pid 824 cmd /etc/cron/check_updates.sh
Jan  1 03:30:02 indigo-tracker user.notice root: PPPd restarted from check_pppd
Jan  1 03:31:02 indigo-tracker cron.info crond[470]: crond: USER root pid 837 cmd /etc/cron/check_updates.sh
Jan  1 03:32:01 indigo-tracker cron.info crond[470]: crond: USER root pid 839 cmd /etc/cron/check_updates.sh
Jan  1 03:33:01 indigo-tracker cron.info crond[470]: crond: USER root pid 841 cmd /etc/cron/check_updates.sh
Jan  1 03:34:01 indigo-tracker cron.info crond[470]: crond: USER root pid 843 cmd /etc/cron/check_updates.sh
Jan  1 03:35:01 indigo-tracker cron.info crond[470]: crond: USER root pid 845 cmd /etc/cron/check_updates.sh
Jan  1 03:36:01 indigo-tracker cron.info crond[470]: crond: USER root pid 847 cmd /etc/cron/check_updates.sh
Jan  1 03:37:01 indigo-tracker cron.info crond[470]: crond: USER root pid 849 cmd /etc/cron/check_updates.sh
Jan  1 03:38:01 indigo-tracker cron.info crond[470]: crond: USER root pid 851 cmd /etc/cron/check_updates.sh
Jan  1 03:39:01 indigo-tracker cron.info crond[470]: crond: USER root pid 853 cmd /etc/cron/check_updates.sh
Jan  1 03:40:01 indigo-tracker cron.info crond[470]: crond: USER root pid 856 cmd /etc/cron/check_updates.sh
Jan  1 03:41:01 indigo-tracker cron.info crond[470]: crond: USER root pid 862 cmd /etc/cron/check_updates.sh
Jan  1 03:00:09 indigo-tracker syslog.info syslogd started: BusyBox v1.18.3
Jan  1 03:00:09 indigo-tracker user.notice kernel: klogd started: BusyBox v1.18.3 (2011-03-29 18:29:13 MSD)
Jan  1 03:00:09 indigo-tracker user.notice kernel: Linux version 2.6.38+ (yury@debian-dev-vm) (gcc version 4.4.5 (indigo-ct-ng) ) #76 Fri Nov 11 18:57:40 MSK 2011
Jan  1 03:00:09 indigo-tracker user.warn kernel: CPU: ARM926EJ-S [41069265] revision 5 (ARMv5TEJ), cr=00053177
Jan  1 03:00:09 indigo-tracker user.warn kernel: CPU: VIVT data cache, VIVT instruction cache
Jan  1 03:00:09 indigo-tracker user.warn kernel: Machine: Indigo AT91SAM9260-SK
Jan  1 03:00:09 indigo-tracker user.warn kernel: Memory policy: ECC disabled, Data cache writeback
Jan  1 03:00:09 indigo-tracker user.warn kernel: Clocks: CPU 196 MHz, master 98 MHz, main 12.000 MHz
Jan  1 03:00:09 indigo-tracker user.debug kernel: On node 0 totalpages: 16384
Jan  1 03:00:09 indigo-tracker user.debug kernel: free_area_init_node: node 0, pgdat c0369484, node_mem_map c037b000
Jan  1 03:00:09 indigo-tracker user.debug kernel:   Normal zone: 128 pages used for memmap
Jan  1 03:00:09 indigo-tracker user.debug kernel:   Normal zone: 0 pages reserved
Jan  1 03:00:09 indigo-tracker user.debug kernel:   Normal zone: 16256 pages, LIFO batch:3
Jan  1 03:00:09 indigo-tracker user.debug kernel: pcpu-alloc: s0 r0 d32768 u32768 alloc=1*32768
Jan  1 03:00:09 indigo-tracker user.debug kernel: pcpu-alloc: [0] 0 
Jan  1 03:00:09 indigo-tracker user.warn kernel: Built 1 zonelists in Zone order, mobility grouping on.  Total pages: 16256
Jan  1 03:00:09 indigo-tracker user.notice kernel: Kernel command line: console=ttyS0,115200=mem=64M root=/dev/mtdblock3
Jan  1 03:00:09 indigo-tracker user.info kernel: PID hash table entries: 256 (order: -2, 1024 bytes)
Jan  1 03:00:09 indigo-tracker user.info kernel: Dentry cache hash table entries: 8192 (order: 3, 32768 bytes)
Jan  1 03:00:09 indigo-tracker user.info kernel: Inode-cache hash table entries: 4096 (order: 2, 16384 bytes)
Jan  1 03:00:09 indigo-tracker user.info kernel: Memory: 64MB = 64MB total
Jan  1 03:00:09 indigo-tracker user.notice kernel: Memory: 61364k/61364k available, 4172k reserved, 0K highmem
Jan  1 03:00:09 indigo-tracker user.notice kernel: Virtual kernel memory layout:
Jan  1 03:00:09 indigo-tracker user.notice kernel:     vector  : 0xffff0000 - 0xffff1000   (   4 kB)
Jan  1 03:00:09 indigo-tracker user.notice kernel:     fixmap  : 0xfff00000 - 0xfffe0000   ( 896 kB)
Jan  1 03:00:09 indigo-tracker user.notice kernel:     DMA     : 0xffc00000 - 0xffe00000   (   2 MB)
Jan  1 03:00:09 indigo-tracker user.notice kernel:     vmalloc : 0xc4800000 - 0xfee00000   ( 934 MB)
Jan  1 03:00:09 indigo-tracker user.notice kernel:     lowmem  : 0xc0000000 - 0xc4000000   (  64 MB)
Jan  1 03:00:09 indigo-tracker user.notice kernel:     modules : 0xbf000000 - 0xc0000000   (  16 MB)
Jan  1 03:00:09 indigo-tracker user.notice kernel:       .init : 0xc0008000 - 0xc0024000   ( 112 kB)
Jan  1 03:00:09 indigo-tracker user.notice kernel:       .text : 0xc0024000 - 0xc03419d4   (3191 kB)
Jan  1 03:00:09 indigo-tracker user.notice kernel:       .data : 0xc0342000 - 0xc0369c60   ( 160 kB)
Jan  1 03:00:09 indigo-tracker user.info kernel: NR_IRQS:192
Jan  1 03:00:09 indigo-tracker user.info kernel: AT91: 96 gpio irqs in 3 banks
Jan  1 03:00:10 indigo-tracker user.warn kernel: Console: colour dummy device 80x30
Jan  1 03:00:10 indigo-tracker user.info kernel: console [ttyS0] enabled
Jan  1 03:00:10 indigo-tracker user.info kernel: Calibrating delay loop... 97.89 BogoMIPS (lpj=489472)
Jan  1 03:00:10 indigo-tracker user.info kernel: pid_max: default: 32768 minimum: 301
Jan  1 03:00:10 indigo-tracker user.warn kernel: Mount-cache hash table entries: 512
Jan  1 03:00:10 indigo-tracker user.info kernel: CPU: Testing write buffer coherency: ok
Jan  1 03:00:10 indigo-tracker user.info kernel: NET: Registered protocol family 16
Jan  1 03:00:10 indigo-tracker user.warn kernel: bio: create slab <bio-0> at 0
Jan  1 03:00:10 indigo-tracker user.notice kernel: SCSI subsystem initialized
Jan  1 03:00:10 indigo-tracker user.info kernel: usbcore: registered new interface driver usbfs
Jan  1 03:00:10 indigo-tracker user.info kernel: usbcore: registered new interface driver hub
Jan  1 03:00:10 indigo-tracker user.info kernel: usbcore: registered new device driver usb
Jan  1 03:00:10 indigo-tracker user.info kernel: Advanced Linux Sound Architecture Driver Version 1.0.23.
Jan  1 03:00:10 indigo-tracker user.info kernel: Switching to clocksource pit
Jan  1 03:00:10 indigo-tracker user.info kernel: NET: Registered protocol family 2
Jan  1 03:00:10 indigo-tracker user.info kernel: IP route cache hash table entries: 1024 (order: 0, 4096 bytes)
Jan  1 03:00:10 indigo-tracker user.info kernel: TCP established hash table entries: 2048 (order: 2, 16384 bytes)
Jan  1 03:00:10 indigo-tracker user.info kernel: TCP bind hash table entries: 2048 (order: 1, 8192 bytes)
Jan  1 03:00:10 indigo-tracker user.info kernel: TCP: Hash tables configured (established 2048 bind 2048)
Jan  1 03:00:10 indigo-tracker user.info kernel: TCP reno registered
Jan  1 03:00:10 indigo-tracker user.info kernel: UDP hash table entries: 256 (order: 0, 4096 bytes)
Jan  1 03:00:10 indigo-tracker user.info kernel: UDP-Lite hash table entries: 256 (order: 0, 4096 bytes)
Jan  1 03:00:10 indigo-tracker user.info kernel: NET: Registered protocol family 1
Jan  1 03:00:10 indigo-tracker user.debug kernel: yaffs: yaffs built Nov  8 2011 18:50:55 Installing.
Jan  1 03:00:10 indigo-tracker user.info kernel: msgmni has been set to 119
Jan  1 03:00:10 indigo-tracker user.info kernel: io scheduler noop registered (default)
Jan  1 03:00:10 indigo-tracker user.info kernel: io scheduler deadline registered
Jan  1 03:00:10 indigo-tracker user.info kernel: atmel_usart.0: ttyS0 at MMIO 0xfefff200 (irq = 1) is a ATMEL_SERIAL
Jan  1 03:00:10 indigo-tracker user.info kernel: atmel_usart.1: ttyS1 at MMIO 0xfffb0000 (irq = 6) is a ATMEL_SERIAL
Jan  1 03:00:10 indigo-tracker user.info kernel: atmel_usart.2: ttyS2 at MMIO 0xfffb8000 (irq = 8) is a ATMEL_SERIAL
Jan  1 03:00:10 indigo-tracker user.debug kernel: SK-AT91SAM9XE512: SIM508 power management driver, major 135, minor 0.
Jan  1 03:00:10 indigo-tracker user.info kernel: brd: module loaded
Jan  1 03:00:10 indigo-tracker user.info kernel: loop: module loaded
Jan  1 03:00:10 indigo-tracker user.info kernel: ssc ssc.0: Atmel SSC device at 0xc4818000 (irq 14)
Jan  1 03:00:10 indigo-tracker user.info kernel: NAND device: Manufacturer ID: 0xec, Chip ID: 0xda (Samsung NAND 256MiB 3,3V 8-bit)
Jan  1 03:00:10 indigo-tracker user.info kernel: Scanning device for bad blocks
Jan  1 03:00:10 indigo-tracker user.warn kernel: Bad eraseblock 131 at 0x000001060000
Jan  1 03:00:10 indigo-tracker user.warn kernel: Bad eraseblock 918 at 0x0000072c0000
Jan  1 03:00:10 indigo-tracker user.notice kernel: Creating 6 MTD partitions on "atmel_nand":
Jan  1 03:00:10 indigo-tracker user.notice kernel: 0x000000000000-0x000000020000 : "Bootstrap partition"
Jan  1 03:00:10 indigo-tracker user.notice kernel: 0x000000020000-0x000000060000 : "U-boot Partition"
Jan  1 03:00:10 indigo-tracker user.notice kernel: 0x0000000a0000-0x0000002a0000 : "Kernel Partition"
Jan  1 03:00:10 indigo-tracker user.notice kernel: 0x000000800000-0x000010000000 : "Storage Partition"
Jan  1 03:00:10 indigo-tracker cron.notice atd[523]: Removing stale lockfile for pid 523
Jan  1 03:00:10 indigo-tracker user.notice kernel: 0x000000060000-0x000000080000 : "U-boot Environment"
Jan  1 03:00:10 indigo-tracker user.notice kernel: 0x000000080000-0x0000000a0000 : "U-boot Environment Backup"
Jan  1 03:00:10 indigo-tracker user.info kernel: atmel_spi atmel_spi.0: Atmel SPI Controller at 0xfffc8000 (irq 12)
Jan  1 03:00:10 indigo-tracker user.info kernel: atmel_spi atmel_spi.1: Atmel SPI Controller at 0xfffcc000 (irq 13)
Jan  1 03:00:10 indigo-tracker user.info kernel: PPP generic driver version 2.4.2
Jan  1 03:00:10 indigo-tracker user.info kernel: PPP Deflate Compression module registered
Jan  1 03:00:10 indigo-tracker user.info kernel: PPP BSD Compression module registered
Jan  1 03:00:10 indigo-tracker user.info kernel: PPP MPPE Compression module registered
Jan  1 03:00:10 indigo-tracker user.info kernel: NET: Registered protocol family 24
Jan  1 03:00:10 indigo-tracker user.info kernel: SLIP: version 0.8.4-NET3.019-NEWTTY (dynamic channels, max=256).
Jan  1 03:00:10 indigo-tracker user.info kernel: CSLIP: code copyright 1989 Regents of the University of California.
Jan  1 03:00:10 indigo-tracker user.info kernel: tun: Universal TUN/TAP device driver, 1.6
Jan  1 03:00:10 indigo-tracker user.info kernel: tun: (C) 1999-2004 Max Krasnyansky <maxk@qualcomm.com>
Jan  1 03:00:10 indigo-tracker user.info kernel: macb macb: invalid hw address, using random
Jan  1 03:00:10 indigo-tracker user.info kernel: MACB_mii_bus: probed
Jan  1 03:00:10 indigo-tracker user.info kernel: eth0: Atmel MACB at 0xfffc4000 irq 21 (1a:5d:32:dc:bd:10)
Jan  1 03:00:10 indigo-tracker user.info kernel: eth0: attached PHY driver [Micrel KS8001 or KS8721] (mii_bus:phy_addr=ffffffff:01, irq=-1)
Jan  1 03:00:10 indigo-tracker user.info kernel: ohci_hcd: USB 1.1 'Open' Host Controller (OHCI) Driver
Jan  1 03:00:10 indigo-tracker user.info kernel: at91_ohci at91_ohci: AT91 OHCI
Jan  1 03:00:10 indigo-tracker user.info kernel: at91_ohci at91_ohci: new USB bus registered, assigned bus number 1
Jan  1 03:00:10 indigo-tracker user.info kernel: at91_ohci at91_ohci: irq 20, io mem 0x00500000
Jan  1 03:00:10 indigo-tracker user.info kernel: usb usb1: New USB device found, idVendor=1d6b, idProduct=0001
Jan  1 03:00:10 indigo-tracker user.info kernel: usb usb1: New USB device strings: Mfr=3, Product=2, SerialNumber=1
Jan  1 03:00:10 indigo-tracker user.info kernel: usb usb1: Product: AT91 OHCI
Jan  1 03:00:10 indigo-tracker user.info kernel: usb usb1: Manufacturer: Linux 2.6.38+ ohci_hcd
Jan  1 03:00:10 indigo-tracker user.info kernel: usb usb1: SerialNumber: at91
Jan  1 03:00:10 indigo-tracker user.info kernel: hub 1-0:1.0: USB hub found
Jan  1 03:00:10 indigo-tracker user.info kernel: hub 1-0:1.0: 2 ports detected
Jan  1 03:00:10 indigo-tracker user.info kernel: Initializing USB Mass Storage driver...
Jan  1 03:00:10 indigo-tracker user.info kernel: usbcore: registered new interface driver usb-storage
Jan  1 03:00:10 indigo-tracker user.info kernel: USB Mass Storage support registered.
Jan  1 03:00:10 indigo-tracker user.info kernel: rtc-at91sam9 at91_rtt.0: rtc core: registered at91_rtt as rtc0
Jan  1 03:00:10 indigo-tracker user.warn kernel: rtc-at91sam9 at91_rtt.0: rtc0: SET TIME!
Jan  1 03:00:10 indigo-tracker user.info kernel: i2c /dev entries driver
Jan  1 03:00:10 indigo-tracker user.info kernel: Linux video capture interface: v2.00
Jan  1 03:00:10 indigo-tracker user.info kernel: usbcore: registered new interface driver uvcvideo
Jan  1 03:00:10 indigo-tracker user.info kernel: USB Video Class driver (v1.0.0)
Jan  1 03:00:10 indigo-tracker user.info kernel: AT91SAM9 Watchdog enabled (heartbeat=15 sec, nowayout=1)
Jan  1 03:00:10 indigo-tracker user.info kernel: usbcore: registered new interface driver snd-usb-audio
Jan  1 03:00:10 indigo-tracker user.info kernel: ALSA device list:
Jan  1 03:00:10 indigo-tracker user.info kernel:   No soundcards found.
Jan  1 03:00:10 indigo-tracker user.info kernel: nf_conntrack version 0.5.0 (958 buckets, 3832 max)
Jan  1 03:00:10 indigo-tracker user.info kernel: ip_tables: (C) 2000-2006 Netfilter Core Team
Jan  1 03:00:10 indigo-tracker user.info kernel: TCP cubic registered
Jan  1 03:00:10 indigo-tracker user.info kernel: NET: Registered protocol family 17
Jan  1 03:00:10 indigo-tracker user.err kernel: rtc-at91sam9 at91_rtt.0: hctosys: unable to read the hardware clock
Jan  1 03:00:10 indigo-tracker user.info kernel: atmel_mci atmel_mci: Atmel MCI controller at 0xfffa8000 irq 9, 1 slots
Jan  1 03:00:10 indigo-tracker user.info kernel: yaffs: dev is 32505859 name is "mtdblock3" rw
Jan  1 03:00:10 indigo-tracker user.info kernel: yaffs: passed flags ""
Jan  1 03:00:10 indigo-tracker user.debug kernel: yaffs: yaffs: Attempting MTD mount of 31.3,"mtdblock3"
Jan  1 03:00:10 indigo-tracker user.debug kernel: yaffs: auto selecting yaffs2
Jan  1 03:00:10 indigo-tracker user.debug kernel: yaffs: block 68 is bad
Jan  1 03:00:10 indigo-tracker user.debug kernel: yaffs: block 855 is bad
Jan  1 03:00:10 indigo-tracker user.debug kernel: yaffs: yaffs_read_super: is_checkpointed 0
Jan  1 03:00:10 indigo-tracker user.warn kernel: VFS: Mounted root (yaffs filesystem) on device 31:3.
Jan  1 03:00:10 indigo-tracker user.info kernel: Freeing init memory: 112K
Jan  1 03:00:10 indigo-tracker user.alert kernel: piopins: with filter
Jan  1 03:00:10 indigo-tracker user.warn kernel: piopins: system time doesn't seem to be true, will not flush anything
Jan  1 03:00:10 indigo-tracker user.info kernel: SK-AT91SAM9XE512: SIM508 GPS power OFF.
Jan  1 03:00:12 indigo-tracker user.info kernel: SK-AT91SAM9XE512: SIM508 GPS power ON.
Jan  1 03:00:13 indigo-tracker auth.info login[514]: root login on 'ttyS0'
Jan  1 03:01:02 indigo-tracker cron.info crond[470]: crond: USER root pid 635 cmd /etc/cron/check_updates.sh
Jan  1 03:02:01 indigo-tracker cron.info crond[470]: crond: USER root pid 637 cmd /etc/cron/check_updates.sh
Jan  1 03:03:01 indigo-tracker cron.info crond[470]: crond: USER root pid 639 cmd /etc/cron/check_updates.sh
Jan  1 03:04:01 indigo-tracker cron.info crond[470]: crond: USER root pid 641 cmd /etc/cron/check_updates.sh
Jan  1 03:05:01 indigo-tracker cron.info crond[470]: crond: USER root pid 643 cmd /etc/cron/check_updates.sh
Jan  1 03:05:01 indigo-tracker cron.info crond[470]: crond: USER root pid 644 cmd /etc/cron/rotate_video.sh
Jan  1 03:05:01 indigo-tracker user.notice root: no flash drive to rotate video on
Jan  1 03:06:01 indigo-tracker cron.info crond[470]: crond: USER root pid 660 cmd /etc/cron/check_updates.sh
Jan  1 03:07:01 indigo-tracker cron.info crond[470]: crond: USER root pid 664 cmd /etc/cron/check_updates.sh
Jan  1 03:08:01 indigo-tracker cron.info crond[470]: crond: USER root pid 666 cmd /etc/cron/check_updates.sh
Jan  1 03:09:01 indigo-tracker cron.info crond[470]: crond: USER root pid 671 cmd /etc/cron/check_updates.sh
Jan  1 03:10:01 indigo-tracker cron.info crond[470]: crond: USER root pid 676 cmd /etc/cron/check_updates.sh
Jan  1 03:11:01 indigo-tracker cron.info crond[470]: crond: USER root pid 679 cmd /etc/cron/check_updates.sh
Jan  1 03:12:01 indigo-tracker cron.info crond[470]: crond: USER root pid 681 cmd /etc/cron/check_updates.sh
Jan  1 03:13:01 indigo-tracker cron.info crond[470]: crond: USER root pid 689 cmd /etc/cron/check_updates.sh
Jan  1 03:14:01 indigo-tracker cron.info crond[470]: crond: USER root pid 695 cmd /etc/cron/check_updates.sh
Jan  1 03:15:01 indigo-tracker cron.info crond[470]: crond: USER root pid 697 cmd /etc/cron/check_ntp
Jan  1 03:15:01 indigo-tracker cron.info crond[470]: crond: USER root pid 698 cmd /etc/cron/check_updates.sh
Jan  1 03:15:01 indigo-tracker user.notice root: Current time is not valid
Jan  1 03:16:01 indigo-tracker cron.info crond[470]: crond: USER root pid 704 cmd /etc/cron/check_updates.sh
Jan  1 03:17:01 indigo-tracker cron.info crond[470]: crond: USER root pid 710 cmd /etc/cron/check_updates.sh
Jan  1 03:18:01 indigo-tracker cron.info crond[470]: crond: USER root pid 716 cmd /etc/cron/check_updates.sh
Jan  1 03:19:01 indigo-tracker cron.info crond[470]: crond: USER root pid 718 cmd /etc/cron/check_updates.sh
Jan  1 03:20:01 indigo-tracker cron.info crond[470]: crond: USER root pid 720 cmd /etc/cron/check_updates.sh
Jan  1 03:21:01 indigo-tracker cron.info crond[470]: crond: USER root pid 729 cmd /etc/cron/check_updates.sh
Jan  1 03:22:01 indigo-tracker cron.info crond[470]: crond: USER root pid 731 cmd /etc/cron/check_updates.sh
Jan  1 03:23:01 indigo-tracker cron.info crond[470]: crond: USER root pid 734 cmd /etc/cron/check_updates.sh
Jan  1 03:24:01 indigo-tracker cron.info crond[470]: crond: USER root pid 742 cmd /etc/cron/check_updates.sh
Jan  1 03:00:09 indigo-tracker syslog.info syslogd started: BusyBox v1.18.3
Jan  1 03:00:09 indigo-tracker user.notice kernel: klogd started: BusyBox v1.18.3 (2011-03-29 18:29:13 MSD)
Jan  1 03:00:09 indigo-tracker user.notice kernel: Linux version 2.6.38+ (yury@debian-dev-vm) (gcc version 4.4.5 (indigo-ct-ng) ) #76 Fri Nov 11 18:57:40 MSK 2011
Jan  1 03:00:09 indigo-tracker user.warn kernel: CPU: ARM926EJ-S [41069265] revision 5 (ARMv5TEJ), cr=00053177
Jan  1 03:00:09 indigo-tracker user.warn kernel: CPU: VIVT data cache, VIVT instruction cache
Jan  1 03:00:09 indigo-tracker user.warn kernel: Machine: Indigo AT91SAM9260-SK
Jan  1 03:00:09 indigo-tracker user.warn kernel: Memory policy: ECC disabled, Data cache writeback
Jan  1 03:00:09 indigo-tracker user.warn kernel: Clocks: CPU 196 MHz, master 98 MHz, main 12.000 MHz
Jan  1 03:00:09 indigo-tracker user.debug kernel: On node 0 totalpages: 16384
Jan  1 03:00:09 indigo-tracker user.debug kernel: free_area_init_node: node 0, pgdat c0369484, node_mem_map c037b000
Jan  1 03:00:09 indigo-tracker user.debug kernel:   Normal zone: 128 pages used for memmap
Jan  1 03:00:09 indigo-tracker user.debug kernel:   Normal zone: 0 pages reserved
Jan  1 03:00:09 indigo-tracker user.debug kernel:   Normal zone: 16256 pages, LIFO batch:3
Jan  1 03:00:09 indigo-tracker user.debug kernel: pcpu-alloc: s0 r0 d32768 u32768 alloc=1*32768
Jan  1 03:00:09 indigo-tracker user.debug kernel: pcpu-alloc: [0] 0 
Jan  1 03:00:09 indigo-tracker user.warn kernel: Built 1 zonelists in Zone order, mobility grouping on.  Total pages: 16256
Jan  1 03:00:09 indigo-tracker user.notice kernel: Kernel command line: console=ttyS0,115200=mem=64M root=/dev/mtdblock3
Jan  1 03:00:09 indigo-tracker user.info kernel: PID hash table entries: 256 (order: -2, 1024 bytes)
Jan  1 03:00:09 indigo-tracker user.info kernel: Dentry cache hash table entries: 8192 (order: 3, 32768 bytes)
Jan  1 03:00:09 indigo-tracker user.info kernel: Inode-cache hash table entries: 4096 (order: 2, 16384 bytes)
Jan  1 03:00:09 indigo-tracker user.info kernel: Memory: 64MB = 64MB total
Jan  1 03:00:09 indigo-tracker user.notice kernel: Memory: 61364k/61364k available, 4172k reserved, 0K highmem
Jan  1 03:00:09 indigo-tracker user.notice kernel: Virtual kernel memory layout:
Jan  1 03:00:09 indigo-tracker user.notice kernel:     vector  : 0xffff0000 - 0xffff1000   (   4 kB)
Jan  1 03:00:09 indigo-tracker user.notice kernel:     fixmap  : 0xfff00000 - 0xfffe0000   ( 896 kB)
Jan  1 03:00:09 indigo-tracker user.notice kernel:     DMA     : 0xffc00000 - 0xffe00000   (   2 MB)
Jan  1 03:00:09 indigo-tracker user.notice kernel:     vmalloc : 0xc4800000 - 0xfee00000   ( 934 MB)
Jan  1 03:00:09 indigo-tracker user.notice kernel:     lowmem  : 0xc0000000 - 0xc4000000   (  64 MB)
Jan  1 03:00:09 indigo-tracker user.notice kernel:     modules : 0xbf000000 - 0xc0000000   (  16 MB)
Jan  1 03:00:09 indigo-tracker user.notice kernel:       .init : 0xc0008000 - 0xc0024000   ( 112 kB)
Jan  1 03:00:09 indigo-tracker user.notice kernel:       .text : 0xc0024000 - 0xc03419d4   (3191 kB)
Jan  1 03:00:09 indigo-tracker user.notice kernel:       .data : 0xc0342000 - 0xc0369c60   ( 160 kB)
Jan  1 03:00:09 indigo-tracker user.info kernel: NR_IRQS:192
Jan  1 03:00:09 indigo-tracker user.info kernel: AT91: 96 gpio irqs in 3 banks
Jan  1 03:00:09 indigo-tracker user.warn kernel: Console: colour dummy device 80x30
Jan  1 03:00:09 indigo-tracker user.info kernel: console [ttyS0] enabled
Jan  1 03:00:09 indigo-tracker user.info kernel: Calibrating delay loop... 97.89 BogoMIPS (lpj=489472)
Jan  1 03:00:09 indigo-tracker user.info kernel: pid_max: default: 32768 minimum: 301
Jan  1 03:00:09 indigo-tracker user.warn kernel: Mount-cache hash table entries: 512
Jan  1 03:00:09 indigo-tracker user.info kernel: CPU: Testing write buffer coherency: ok
Jan  1 03:00:09 indigo-tracker user.info kernel: NET: Registered protocol family 16
Jan  1 03:00:09 indigo-tracker user.warn kernel: bio: create slab <bio-0> at 0
Jan  1 03:00:09 indigo-tracker user.notice kernel: SCSI subsystem initialized
Jan  1 03:00:09 indigo-tracker user.info kernel: usbcore: registered new interface driver usbfs
Jan  1 03:00:09 indigo-tracker user.info kernel: usbcore: registered new interface driver hub
Jan  1 03:00:09 indigo-tracker user.info kernel: usbcore: registered new device driver usb
Jan  1 03:00:09 indigo-tracker user.info kernel: Advanced Linux Sound Architecture Driver Version 1.0.23.
Jan  1 03:00:09 indigo-tracker user.info kernel: Switching to clocksource pit
Jan  1 03:00:09 indigo-tracker user.info kernel: NET: Registered protocol family 2
Jan  1 03:00:09 indigo-tracker user.info kernel: IP route cache hash table entries: 1024 (order: 0, 4096 bytes)
Jan  1 03:00:09 indigo-tracker user.info kernel: TCP established hash table entries: 2048 (order: 2, 16384 bytes)
Jan  1 03:00:09 indigo-tracker user.info kernel: TCP bind hash table entries: 2048 (order: 1, 8192 bytes)
Jan  1 03:00:09 indigo-tracker user.info kernel: TCP: Hash tables configured (established 2048 bind 2048)
Jan  1 03:00:09 indigo-tracker user.info kernel: TCP reno registered
Jan  1 03:00:09 indigo-tracker user.info kernel: UDP hash table entries: 256 (order: 0, 4096 bytes)
Jan  1 03:00:09 indigo-tracker user.info kernel: UDP-Lite hash table entries: 256 (order: 0, 4096 bytes)
Jan  1 03:00:09 indigo-tracker user.info kernel: NET: Registered protocol family 1
Jan  1 03:00:09 indigo-tracker user.debug kernel: yaffs: yaffs built Nov  8 2011 18:50:55 Installing.
Jan  1 03:00:09 indigo-tracker user.info kernel: msgmni has been set to 119
Jan  1 03:00:09 indigo-tracker user.info kernel: io scheduler noop registered (default)
Jan  1 03:00:09 indigo-tracker user.info kernel: io scheduler deadline registered
Jan  1 03:00:09 indigo-tracker user.info kernel: atmel_usart.0: ttyS0 at MMIO 0xfefff200 (irq = 1) is a ATMEL_SERIAL
Jan  1 03:00:09 indigo-tracker user.info kernel: atmel_usart.1: ttyS1 at MMIO 0xfffb0000 (irq = 6) is a ATMEL_SERIAL
Jan  1 03:00:09 indigo-tracker user.info kernel: atmel_usart.2: ttyS2 at MMIO 0xfffb8000 (irq = 8) is a ATMEL_SERIAL
Jan  1 03:00:09 indigo-tracker user.debug kernel: SK-AT91SAM9XE512: SIM508 power management driver, major 135, minor 0.
Jan  1 03:00:09 indigo-tracker user.info kernel: brd: module loaded
Jan  1 03:00:09 indigo-tracker user.info kernel: loop: module loaded
Jan  1 03:00:09 indigo-tracker user.info kernel: ssc ssc.0: Atmel SSC device at 0xc4818000 (irq 14)
Jan  1 03:00:09 indigo-tracker user.info kernel: NAND device: Manufacturer ID: 0xec, Chip ID: 0xda (Samsung NAND 256MiB 3,3V 8-bit)
Jan  1 03:00:09 indigo-tracker user.info kernel: Scanning device for bad blocks
Jan  1 03:00:09 indigo-tracker user.warn kernel: Bad eraseblock 131 at 0x000001060000
Jan  1 03:00:09 indigo-tracker user.warn kernel: Bad eraseblock 918 at 0x0000072c0000
Jan  1 03:00:09 indigo-tracker user.notice kernel: Creating 6 MTD partitions on "atmel_nand":
Jan  1 03:00:09 indigo-tracker user.notice kernel: 0x000000000000-0x000000020000 : "Bootstrap partition"
Jan  1 03:00:09 indigo-tracker user.notice kernel: 0x000000020000-0x000000060000 : "U-boot Partition"
Jan  1 03:00:09 indigo-tracker user.notice kernel: 0x0000000a0000-0x0000002a0000 : "Kernel Partition"
Jan  1 03:00:09 indigo-tracker user.notice kernel: 0x000000800000-0x000010000000 : "Storage Partition"
Jan  1 03:00:09 indigo-tracker user.notice kernel: 0x000000060000-0x000000080000 : "U-boot Environment"
Jan  1 03:00:09 indigo-tracker user.notice kernel: 0x000000080000-0x0000000a0000 : "U-boot Environment Backup"
Jan  1 03:00:09 indigo-tracker user.info kernel: atmel_spi atmel_spi.0: Atmel SPI Controller at 0xfffc8000 (irq 12)
Jan  1 03:00:09 indigo-tracker user.info kernel: atmel_spi atmel_spi.1: Atmel SPI Controller at 0xfffcc000 (irq 13)
Jan  1 03:00:09 indigo-tracker user.info kernel: PPP generic driver version 2.4.2
Jan  1 03:00:09 indigo-tracker user.info kernel: PPP Deflate Compression module registered
Jan  1 03:00:09 indigo-tracker user.info kernel: PPP BSD Compression module registered
Jan  1 03:00:09 indigo-tracker user.info kernel: PPP MPPE Compression module registered
Jan  1 03:00:09 indigo-tracker user.info kernel: NET: Registered protocol family 24
Jan  1 03:00:09 indigo-tracker user.info kernel: SLIP: version 0.8.4-NET3.019-NEWTTY (dynamic channels, max=256).
Jan  1 03:00:09 indigo-tracker user.info kernel: CSLIP: code copyright 1989 Regents of the University of California.
Jan  1 03:00:09 indigo-tracker user.info kernel: tun: Universal TUN/TAP device driver, 1.6
Jan  1 03:00:09 indigo-tracker user.info kernel: tun: (C) 1999-2004 Max Krasnyansky <maxk@qualcomm.com>
Jan  1 03:00:09 indigo-tracker user.info kernel: macb macb: invalid hw address, using random
Jan  1 03:00:09 indigo-tracker user.info kernel: MACB_mii_bus: probed
Jan  1 03:00:09 indigo-tracker user.info kernel: eth0: Atmel MACB at 0xfffc4000 irq 21 (1a:5d:32:dc:bd:10)
Jan  1 03:00:09 indigo-tracker user.info kernel: eth0: attached PHY driver [Micrel KS8001 or KS8721] (mii_bus:phy_addr=ffffffff:01, irq=-1)
Jan  1 03:00:09 indigo-tracker user.info kernel: ohci_hcd: USB 1.1 'Open' Host Controller (OHCI) Driver
Jan  1 03:00:09 indigo-tracker cron.notice atd[522]: Removing stale lockfile for pid 522
Jan  1 03:00:09 indigo-tracker user.info kernel: at91_ohci at91_ohci: AT91 OHCI
Jan  1 03:00:09 indigo-tracker user.info kernel: at91_ohci at91_ohci: new USB bus registered, assigned bus number 1
Jan  1 03:00:09 indigo-tracker user.info kernel: at91_ohci at91_ohci: irq 20, io mem 0x00500000
Jan  1 03:00:09 indigo-tracker user.info kernel: usb usb1: New USB device found, idVendor=1d6b, idProduct=0001
Jan  1 03:00:09 indigo-tracker user.info kernel: usb usb1: New USB device strings: Mfr=3, Product=2, SerialNumber=1
Jan  1 03:00:09 indigo-tracker user.info kernel: usb usb1: Product: AT91 OHCI
Jan  1 03:00:09 indigo-tracker user.info kernel: usb usb1: Manufacturer: Linux 2.6.38+ ohci_hcd
Jan  1 03:00:09 indigo-tracker user.info kernel: usb usb1: SerialNumber: at91
Jan  1 03:00:09 indigo-tracker user.info kernel: hub 1-0:1.0: USB hub found
Jan  1 03:00:09 indigo-tracker user.info kernel: hub 1-0:1.0: 2 ports detected
Jan  1 03:00:09 indigo-tracker user.info kernel: Initializing USB Mass Storage driver...
Jan  1 03:00:09 indigo-tracker user.info kernel: usbcore: registered new interface driver usb-storage
Jan  1 03:00:09 indigo-tracker user.info kernel: USB Mass Storage support registered.
Jan  1 03:00:09 indigo-tracker user.info kernel: rtc-at91sam9 at91_rtt.0: rtc core: registered at91_rtt as rtc0
Jan  1 03:00:09 indigo-tracker user.warn kernel: rtc-at91sam9 at91_rtt.0: rtc0: SET TIME!
Jan  1 03:00:10 indigo-tracker user.info kernel: i2c /dev entries driver
Jan  1 03:00:10 indigo-tracker user.info kernel: Linux video capture interface: v2.00
Jan  1 03:00:10 indigo-tracker user.info kernel: usbcore: registered new interface driver uvcvideo
Jan  1 03:00:10 indigo-tracker user.info kernel: USB Video Class driver (v1.0.0)
Jan  1 03:00:10 indigo-tracker user.info kernel: AT91SAM9 Watchdog enabled (heartbeat=15 sec, nowayout=1)
Jan  1 03:00:10 indigo-tracker user.info kernel: usbcore: registered new interface driver snd-usb-audio
Jan  1 03:00:10 indigo-tracker user.info kernel: ALSA device list:
Jan  1 03:00:10 indigo-tracker user.info kernel:   No soundcards found.
Jan  1 03:00:10 indigo-tracker user.info kernel: nf_conntrack version 0.5.0 (958 buckets, 3832 max)
Jan  1 03:00:10 indigo-tracker user.info kernel: ip_tables: (C) 2000-2006 Netfilter Core Team
Jan  1 03:00:10 indigo-tracker user.info kernel: TCP cubic registered
Jan  1 03:00:10 indigo-tracker user.info kernel: NET: Registered protocol family 17
Jan  1 03:00:10 indigo-tracker user.err kernel: rtc-at91sam9 at91_rtt.0: hctosys: unable to read the hardware clock
Jan  1 03:00:10 indigo-tracker user.info kernel: atmel_mci atmel_mci: Atmel MCI controller at 0xfffa8000 irq 9, 1 slots
Jan  1 03:00:10 indigo-tracker user.info kernel: yaffs: dev is 32505859 name is "mtdblock3" rw
Jan  1 03:00:10 indigo-tracker user.info kernel: yaffs: passed flags ""
Jan  1 03:00:10 indigo-tracker user.debug kernel: yaffs: yaffs: Attempting MTD mount of 31.3,"mtdblock3"
Jan  1 03:00:10 indigo-tracker user.debug kernel: yaffs: auto selecting yaffs2
Jan  1 03:00:10 indigo-tracker user.debug kernel: yaffs: block 68 is bad
Jan  1 03:00:10 indigo-tracker user.debug kernel: yaffs: block 855 is bad
Jan  1 03:00:10 indigo-tracker user.debug kernel: yaffs: yaffs_read_super: is_checkpointed 0
Jan  1 03:00:10 indigo-tracker user.warn kernel: VFS: Mounted root (yaffs filesystem) on device 31:3.
Jan  1 03:00:10 indigo-tracker user.info kernel: Freeing init memory: 112K
Jan  1 03:00:10 indigo-tracker user.alert kernel: piopins: with filter
Jan  1 03:00:10 indigo-tracker user.warn kernel: piopins: system time doesn't seem to be true, will not flush anything
Jan  1 03:00:10 indigo-tracker user.info kernel: SK-AT91SAM9XE512: SIM508 GPS power OFF.
Jan  1 03:00:12 indigo-tracker user.info kernel: SK-AT91SAM9XE512: SIM508 GPS power ON.
Jan  1 03:00:15 indigo-tracker auth.info login[515]: root login on 'ttyS0'
Jan  1 03:01:01 indigo-tracker cron.info crond[470]: crond: USER root pid 636 cmd /etc/cron/check_updates.sh
Jan  1 03:02:01 indigo-tracker cron.info crond[470]: crond: USER root pid 653 cmd /etc/cron/check_updates.sh
Jan  1 03:03:01 indigo-tracker cron.info crond[470]: crond: USER root pid 665 cmd /etc/cron/check_updates.sh
Jan  1 03:04:01 indigo-tracker cron.info crond[470]: crond: USER root pid 678 cmd /etc/cron/check_updates.sh
Jan  1 03:05:01 indigo-tracker cron.info crond[470]: crond: USER root pid 691 cmd /etc/cron/check_updates.sh
Jan  1 03:05:01 indigo-tracker cron.info crond[470]: crond: USER root pid 692 cmd /etc/cron/rotate_video.sh
Jan  1 03:05:02 indigo-tracker user.notice root: no flash drive to rotate video on
Jan  1 03:06:01 indigo-tracker cron.info crond[470]: crond: USER root pid 713 cmd /etc/cron/check_updates.sh
Jan  1 03:07:01 indigo-tracker cron.info crond[470]: crond: USER root pid 726 cmd /etc/cron/check_updates.sh
Jan  1 03:08:01 indigo-tracker cron.info crond[470]: crond: USER root pid 739 cmd /etc/cron/check_updates.sh
Jan  1 03:09:02 indigo-tracker cron.info crond[470]: crond: USER root pid 751 cmd /etc/cron/check_updates.sh
Jan  1 03:10:01 indigo-tracker cron.info crond[470]: crond: USER root pid 772 cmd /etc/cron/check_updates.sh
Jan  1 03:11:01 indigo-tracker cron.info crond[470]: crond: USER root pid 775 cmd /etc/cron/check_updates.sh
Jan  1 03:12:01 indigo-tracker cron.info crond[470]: crond: USER root pid 783 cmd /etc/cron/check_updates.sh
Jan  1 03:13:01 indigo-tracker cron.info crond[470]: crond: USER root pid 789 cmd /etc/cron/check_updates.sh
Jan  1 03:14:01 indigo-tracker cron.info crond[470]: crond: USER root pid 795 cmd /etc/cron/check_updates.sh
Jan  1 03:15:01 indigo-tracker cron.info crond[470]: crond: USER root pid 803 cmd /etc/cron/check_ntp
Jan  1 03:15:01 indigo-tracker cron.info crond[470]: crond: USER root pid 804 cmd /etc/cron/check_updates.sh
Jan  1 03:15:01 indigo-tracker user.notice root: Current time is not valid
Jan  1 03:16:01 indigo-tracker cron.info crond[470]: crond: USER root pid 811 cmd /etc/cron/check_updates.sh
Jan  1 03:17:01 indigo-tracker cron.info crond[470]: crond: USER root pid 813 cmd /etc/cron/check_updates.sh
Jan  1 03:18:01 indigo-tracker cron.info crond[470]: crond: USER root pid 815 cmd /etc/cron/check_updates.sh
Jan  1 03:19:01 indigo-tracker cron.info crond[470]: crond: USER root pid 820 cmd /etc/cron/check_updates.sh
Jan  1 03:20:01 indigo-tracker cron.info crond[470]: crond: USER root pid 832 cmd /etc/cron/check_updates.sh
Jan  1 03:21:01 indigo-tracker cron.info crond[470]: crond: USER root pid 845 cmd /etc/cron/check_updates.sh
Jan  1 03:22:01 indigo-tracker cron.info crond[470]: crond: USER root pid 847 cmd /etc/cron/check_updates.sh
Jan  1 03:23:01 indigo-tracker cron.info crond[470]: crond: USER root pid 854 cmd /etc/cron/check_updates.sh
Jan  1 03:24:01 indigo-tracker cron.info crond[470]: crond: USER root pid 860 cmd /etc/cron/check_updates.sh
Jan  1 03:25:01 indigo-tracker cron.info crond[470]: crond: USER root pid 864 cmd /etc/cron/check_updates.sh
Jan  1 03:26:01 indigo-tracker cron.info crond[470]: crond: USER root pid 866 cmd /etc/cron/check_updates.sh
Jan  1 03:27:01 indigo-tracker cron.info crond[470]: crond: USER root pid 869 cmd /etc/cron/check_updates.sh
Jan  1 03:28:01 indigo-tracker cron.info crond[470]: crond: USER root pid 882 cmd /etc/cron/check_updates.sh
Jan  1 03:29:01 indigo-tracker cron.info crond[470]: crond: USER root pid 894 cmd /etc/cron/check_updates.sh
Jan  1 03:30:01 indigo-tracker cron.info crond[470]: crond: USER root pid 907 cmd /etc/cron/check_pppd
Jan  1 03:30:01 indigo-tracker cron.info crond[470]: crond: USER root pid 908 cmd /etc/cron/check_updates.sh
Jan  1 03:30:02 indigo-tracker user.notice root: PPPd restarted from check_pppd
Jan  1 03:31:01 indigo-tracker cron.info crond[470]: crond: USER root pid 925 cmd /etc/cron/check_updates.sh
Jan  1 03:32:01 indigo-tracker cron.info crond[470]: crond: USER root pid 927 cmd /etc/cron/check_updates.sh
Jan  1 03:33:01 indigo-tracker cron.info crond[470]: crond: USER root pid 935 cmd /etc/cron/check_updates.sh
Jan  1 03:34:01 indigo-tracker cron.info crond[470]: crond: USER root pid 944 cmd /etc/cron/check_updates.sh
Jan  1 03:35:01 indigo-tracker cron.info crond[470]: crond: USER root pid 946 cmd /etc/cron/check_updates.sh
Jan  1 03:35:18 indigo-tracker daemon.notice pppd[954]: pppd 2.4.5 started by root, uid 0
Jan  1 03:35:18 indigo-tracker local2.info chat[957]: abort on (BUSY)
Jan  1 03:35:18 indigo-tracker local2.info chat[957]: abort on (ERROR)
Jan  1 03:35:18 indigo-tracker local2.info chat[957]: abort on (UNDER-VOLTAGE WARNNING)
Jan  1 03:35:18 indigo-tracker local2.info chat[957]: send (ATZ^M)
Jan  1 03:35:18 indigo-tracker local2.info chat[957]: timeout set to 12 seconds
Jan  1 03:35:18 indigo-tracker local2.info chat[957]: expect (OK)
Jan  1 03:35:18 indigo-tracker local2.info chat[957]: ATZ^M^M
Jan  1 03:35:18 indigo-tracker local2.info chat[957]: OK
Jan  1 03:35:18 indigo-tracker local2.info chat[957]:  -- got it
Jan  1 03:35:18 indigo-tracker local2.info chat[957]: send (AT+CGDCONT=1,"IP","internet"^M)
Jan  1 03:35:19 indigo-tracker local2.info chat[957]: timeout set to 45 seconds
Jan  1 03:35:19 indigo-tracker local2.info chat[957]: expect (OK)
Jan  1 03:35:19 indigo-tracker local2.info chat[957]: ^M
Jan  1 03:35:19 indigo-tracker local2.info chat[957]: AT+CGDCONT=1,"IP","internet"^M^M
Jan  1 03:35:19 indigo-tracker local2.info chat[957]: OK
Jan  1 03:35:19 indigo-tracker local2.info chat[957]:  -- got it
Jan  1 03:35:19 indigo-tracker local2.info chat[957]: send (ATD*99#^M)
Jan  1 03:35:19 indigo-tracker local2.info chat[957]: expect (CONNECT)
Jan  1 03:35:19 indigo-tracker local2.info chat[957]: ^M
Jan  1 03:35:19 indigo-tracker local2.info chat[957]: ATD*99#^M^M
Jan  1 03:35:19 indigo-tracker local2.info chat[957]: CONNECT
Jan  1 03:35:19 indigo-tracker local2.info chat[957]:  -- got it
Jan  1 03:35:19 indigo-tracker local2.info chat[957]: send (^M)
Jan  1 03:35:19 indigo-tracker daemon.debug pppd[954]: Script chat -v -f /etc/ppp/chatscripts/megafon-connect finished (pid 956), status = 0x0
Jan  1 03:35:19 indigo-tracker daemon.info pppd[954]: Serial connection established.
Jan  1 03:35:19 indigo-tracker daemon.debug pppd[954]: using channel 1
Jan  1 03:35:19 indigo-tracker daemon.info pppd[954]: Using interface ppp0
Jan  1 03:35:19 indigo-tracker daemon.notice pppd[954]: Connect: ppp0 <--> /dev/ttyS1
Jan  1 03:35:20 indigo-tracker daemon.warn pppd[954]: Warning - secret file /etc/ppp/pap-secrets has world and/or group access
Jan  1 03:35:20 indigo-tracker daemon.debug pppd[954]: sent [LCP ConfReq id=0x1 <asyncmap 0x0> <magic 0x90b96ee9>]
Jan  1 03:35:20 indigo-tracker daemon.debug pppd[954]: rcvd [LCP ConfAck id=0x1 <asyncmap 0x0> <magic 0x90b96ee9>]
Jan  1 03:35:22 indigo-tracker daemon.debug pppd[954]: rcvd [LCP ConfReq id=0x2 <mru 1600> <auth pap> <magic 0xc3c65c9> <asyncmap 0x0> <pcomp> <accomp>]
Jan  1 03:35:22 indigo-tracker daemon.debug pppd[954]: No auth is possible
Jan  1 03:35:22 indigo-tracker daemon.debug pppd[954]: sent [LCP ConfRej id=0x2 <auth pap> <pcomp> <accomp>]
Jan  1 03:35:22 indigo-tracker daemon.debug pppd[954]: rcvd [LCP ConfReq id=0x3 <mru 1600> <magic 0xc3c65c9> <asyncmap 0x0>]
Jan  1 03:35:22 indigo-tracker daemon.debug pppd[954]: sent [LCP ConfAck id=0x3 <mru 1600> <magic 0xc3c65c9> <asyncmap 0x0>]
Jan  1 03:35:22 indigo-tracker daemon.debug pppd[954]: sent [IPCP ConfReq id=0x1 <addr 0.0.0.0>]
Jan  1 03:35:25 indigo-tracker daemon.debug pppd[954]: rcvd [IPCP ConfNak id=0x1 <addr 10.193.41.170>]
Jan  1 03:35:25 indigo-tracker daemon.debug pppd[954]: sent [IPCP ConfReq id=0x2 <addr 10.193.41.170>]
Jan  1 03:35:25 indigo-tracker daemon.debug pppd[954]: rcvd [IPCP ConfReq id=0x1 <addr 10.0.0.1>]
Jan  1 03:35:25 indigo-tracker daemon.debug pppd[954]: sent [IPCP ConfAck id=0x1 <addr 10.0.0.1>]
Jan  1 03:35:28 indigo-tracker daemon.debug pppd[954]: sent [IPCP ConfReq id=0x2 <addr 10.193.41.170>]
Jan  1 03:35:28 indigo-tracker daemon.debug pppd[954]: rcvd [IPCP ConfAck id=0x2 <addr 10.193.41.170>]
Jan  1 03:35:28 indigo-tracker daemon.notice pppd[954]: replacing old default route to eth0 [192.168.17.254]
Jan  1 03:35:28 indigo-tracker daemon.notice pppd[954]: local  IP address 10.193.41.170
Jan  1 03:35:28 indigo-tracker daemon.notice pppd[954]: remote IP address 10.0.0.1
Jan  1 03:35:28 indigo-tracker daemon.debug pppd[954]: Script /etc/ppp/ip-up started (pid 960)
Jan  1 03:35:28 indigo-tracker daemon.debug pppd[954]: Script /etc/ppp/ip-up finished (pid 960), status = 0x7e
Jan  1 03:35:39 indigo-tracker daemon.info pppd[954]: Terminating on signal 15
Jan  1 03:35:39 indigo-tracker daemon.info pppd[954]: Connect time 0.2 minutes.
Jan  1 03:35:39 indigo-tracker daemon.info pppd[954]: Sent 0 bytes, received 0 bytes.
Jan  1 03:35:39 indigo-tracker daemon.notice pppd[954]: restoring old default route to eth0 [192.168.17.254]
Jan  1 03:35:39 indigo-tracker daemon.debug pppd[954]: Script /etc/ppp/ip-down started (pid 964)
Jan  1 03:35:39 indigo-tracker daemon.debug pppd[954]: sent [LCP TermReq id=0x2 "User request"]
Jan  1 03:35:39 indigo-tracker daemon.debug pppd[954]: Script /etc/ppp/ip-down finished (pid 964), status = 0x0
Jan  1 03:35:42 indigo-tracker daemon.debug pppd[954]: sent [LCP TermReq id=0x3 "User request"]
Jan  1 03:35:42 indigo-tracker daemon.debug pppd[954]: rcvd [LCP TermAck id=0x3]
Jan  1 03:35:42 indigo-tracker daemon.notice pppd[954]: Connection terminated.
Jan  1 03:35:42 indigo-tracker daemon.debug pppd[954]: Script /etc/ppp/peers/gprs-disconnect-chat finished (pid 969), status = 0x7f
Jan  1 03:35:42 indigo-tracker daemon.warn pppd[954]: disconnect script failed
Jan  1 03:35:42 indigo-tracker daemon.info pppd[954]: Exit.
Jan  1 03:36:01 indigo-tracker cron.info crond[470]: crond: USER root pid 974 cmd /etc/cron/check_updates.sh
Jan  1 03:36:06 indigo-tracker daemon.notice pppd[981]: pppd 2.4.5 started by root, uid 0
Jan  1 03:36:06 indigo-tracker local2.info chat[984]: abort on (BUSY)
Jan  1 03:36:06 indigo-tracker local2.info chat[984]: abort on (ERROR)
Jan  1 03:36:06 indigo-tracker local2.info chat[984]: abort on (UNDER-VOLTAGE WARNNING)
Jan  1 03:36:06 indigo-tracker local2.info chat[984]: send (ATZ^M)
Jan  1 03:36:07 indigo-tracker local2.info chat[984]: timeout set to 12 seconds
Jan  1 03:36:07 indigo-tracker local2.info chat[984]: expect (OK)
Jan  1 03:36:07 indigo-tracker local2.info chat[984]: ATZ^M^M
Jan  1 03:36:07 indigo-tracker local2.info chat[984]: OK
Jan  1 03:36:07 indigo-tracker local2.info chat[984]:  -- got it
Jan  1 03:36:07 indigo-tracker local2.info chat[984]: send (AT+CGDCONT=1,"IP","internet"^M)
Jan  1 03:36:07 indigo-tracker local2.info chat[984]: timeout set to 45 seconds
Jan  1 03:36:07 indigo-tracker local2.info chat[984]: expect (OK)
Jan  1 03:36:07 indigo-tracker local2.info chat[984]: ^M
Jan  1 03:36:07 indigo-tracker local2.info chat[984]: AT+CGDCONT=1,"IP","internet"^M^M
Jan  1 03:36:07 indigo-tracker local2.info chat[984]: OK
Jan  1 03:36:07 indigo-tracker local2.info chat[984]:  -- got it
Jan  1 03:36:07 indigo-tracker local2.info chat[984]: send (ATD*99#^M)
Jan  1 03:36:07 indigo-tracker local2.info chat[984]: expect (CONNECT)
Jan  1 03:36:07 indigo-tracker local2.info chat[984]: ^M
Jan  1 03:36:07 indigo-tracker local2.info chat[984]: ATD*99#^M^M
Jan  1 03:36:07 indigo-tracker local2.info chat[984]: CONNECT
Jan  1 03:36:07 indigo-tracker local2.info chat[984]:  -- got it
Jan  1 03:36:07 indigo-tracker local2.info chat[984]: send (^M)
Jan  1 03:36:07 indigo-tracker daemon.debug pppd[981]: Script chat -v -f /etc/ppp/chatscripts/megafon-connect finished (pid 983), status = 0x0
Jan  1 03:36:07 indigo-tracker daemon.info pppd[981]: Serial connection established.
Jan  1 03:36:07 indigo-tracker daemon.debug pppd[981]: using channel 2
Jan  1 03:36:07 indigo-tracker daemon.info pppd[981]: Using interface ppp0
Jan  1 03:36:07 indigo-tracker daemon.notice pppd[981]: Connect: ppp0 <--> /dev/ttyS1
Jan  1 03:36:09 indigo-tracker daemon.warn pppd[981]: Warning - secret file /etc/ppp/pap-secrets has world and/or group access
Jan  1 03:36:09 indigo-tracker daemon.debug pppd[981]: sent [LCP ConfReq id=0x1 <asyncmap 0x0> <magic 0x2db59d01>]
Jan  1 03:36:09 indigo-tracker daemon.debug pppd[981]: rcvd [LCP ConfAck id=0x1 <asyncmap 0x0> <magic 0x2db59d01>]
Jan  1 03:36:10 indigo-tracker daemon.debug pppd[981]: rcvd [LCP ConfReq id=0x5 <mru 1600> <auth pap> <magic 0xc3c65c9> <asyncmap 0x0> <pcomp> <accomp>]
Jan  1 03:36:10 indigo-tracker daemon.debug pppd[981]: No auth is possible
Jan  1 03:36:10 indigo-tracker daemon.debug pppd[981]: sent [LCP ConfRej id=0x5 <auth pap> <pcomp> <accomp>]
Jan  1 03:36:10 indigo-tracker daemon.debug pppd[981]: rcvd [LCP ConfReq id=0x6 <mru 1600> <magic 0xc3c65c9> <asyncmap 0x0>]
Jan  1 03:36:10 indigo-tracker daemon.debug pppd[981]: sent [LCP ConfAck id=0x6 <mru 1600> <magic 0xc3c65c9> <asyncmap 0x0>]
Jan  1 03:36:10 indigo-tracker daemon.debug pppd[981]: sent [IPCP ConfReq id=0x1 <addr 0.0.0.0>]
Jan  1 03:36:13 indigo-tracker daemon.debug pppd[981]: rcvd [IPCP ConfNak id=0x1 <addr 10.238.195.192>]
Jan  1 03:36:13 indigo-tracker daemon.debug pppd[981]: sent [IPCP ConfReq id=0x2 <addr 10.238.195.192>]
Jan  1 03:36:13 indigo-tracker daemon.debug pppd[981]: rcvd [IPCP ConfReq id=0x2 <addr 10.0.0.1>]
Jan  1 03:36:13 indigo-tracker daemon.debug pppd[981]: sent [IPCP ConfAck id=0x2 <addr 10.0.0.1>]
Jan  1 03:36:13 indigo-tracker daemon.debug pppd[981]: rcvd [IPCP ConfAck id=0x2 <addr 10.238.195.192>]
Jan  1 03:36:13 indigo-tracker daemon.notice pppd[981]: replacing old default route to eth0 [192.168.17.254]
Jan  1 03:36:13 indigo-tracker daemon.notice pppd[981]: local  IP address 10.238.195.192
Jan  1 03:36:13 indigo-tracker daemon.notice pppd[981]: remote IP address 10.0.0.1
Jan  1 03:36:13 indigo-tracker daemon.debug pppd[981]: Script /etc/ppp/ip-up started (pid 987)
Jan  1 03:36:13 indigo-tracker daemon.debug pppd[981]: Script /etc/ppp/ip-up finished (pid 987), status = 0x7e
Jan  1 03:36:27 indigo-tracker daemon.info pppd[981]: Terminating on signal 15
Jan  1 03:36:27 indigo-tracker daemon.info pppd[981]: Connect time 0.3 minutes.
Jan  1 03:36:27 indigo-tracker daemon.info pppd[981]: Sent 0 bytes, received 0 bytes.
Jan  1 03:36:27 indigo-tracker daemon.notice pppd[981]: restoring old default route to eth0 [192.168.17.254]
Jan  1 03:36:27 indigo-tracker daemon.debug pppd[981]: Script /etc/ppp/ip-down started (pid 991)
Jan  1 03:36:27 indigo-tracker daemon.debug pppd[981]: sent [LCP TermReq id=0x2 "User request"]
Jan  1 03:36:27 indigo-tracker daemon.debug pppd[981]: Script /etc/ppp/ip-down finished (pid 991), status = 0x0
Jan  1 03:36:27 indigo-tracker daemon.debug pppd[981]: rcvd [LCP TermAck id=0x2]
Jan  1 03:36:27 indigo-tracker daemon.notice pppd[981]: Connection terminated.
Jan  1 03:36:27 indigo-tracker daemon.debug pppd[981]: Script /etc/ppp/peers/gprs-disconnect-chat finished (pid 995), status = 0x7f
Jan  1 03:36:27 indigo-tracker daemon.warn pppd[981]: disconnect script failed
Jan  1 03:36:27 indigo-tracker daemon.info pppd[981]: Exit.
Jan  1 03:37:01 indigo-tracker cron.info crond[470]: crond: USER root pid 1006 cmd /etc/cron/check_updates.sh
Jan  1 03:38:01 indigo-tracker cron.info crond[470]: crond: USER root pid 1013 cmd /etc/cron/check_updates.sh
Jan  1 03:39:01 indigo-tracker cron.info crond[470]: crond: USER root pid 1023 cmd /etc/cron/check_updates.sh
Jan  1 03:40:01 indigo-tracker cron.info crond[470]: crond: USER root pid 1029 cmd /etc/cron/check_updates.sh
Jan  1 03:40:56 indigo-tracker local2.err chat[1034]: SIGINT
Jan  1 03:41:01 indigo-tracker cron.info crond[470]: crond: USER root pid 1035 cmd /etc/cron/check_updates.sh
Jan  1 03:41:24 indigo-tracker local2.err chat[1038]: SIGINT
Jan  1 03:42:02 indigo-tracker cron.info crond[470]: crond: USER root pid 1039 cmd /etc/cron/check_updates.sh
Jan  1 03:43:01 indigo-tracker cron.info crond[470]: crond: USER root pid 1041 cmd /etc/cron/check_updates.sh
Jan  1 03:44:01 indigo-tracker cron.info crond[470]: crond: USER root pid 1043 cmd /etc/cron/check_updates.sh
Jan  1 03:45:01 indigo-tracker cron.info crond[470]: crond: USER root pid 1053 cmd /etc/cron/check_ntp
Jan  1 03:45:01 indigo-tracker cron.info crond[470]: crond: USER root pid 1054 cmd /etc/cron/check_updates.sh
Jan  1 03:45:01 indigo-tracker user.notice root: Current time is not valid
Jan  1 03:00:09 indigo-tracker syslog.info syslogd started: BusyBox v1.18.3
Jan  1 03:00:09 indigo-tracker user.notice kernel: klogd started: BusyBox v1.18.3 (2011-03-29 18:29:13 MSD)
Jan  1 03:00:09 indigo-tracker user.notice kernel: Linux version 2.6.38+ (yury@debian-dev-vm) (gcc version 4.4.5 (indigo-ct-ng) ) #76 Fri Nov 11 18:57:40 MSK 2011
Jan  1 03:00:09 indigo-tracker user.warn kernel: CPU: ARM926EJ-S [41069265] revision 5 (ARMv5TEJ), cr=00053177
Jan  1 03:00:09 indigo-tracker user.warn kernel: CPU: VIVT data cache, VIVT instruction cache
Jan  1 03:00:09 indigo-tracker user.warn kernel: Machine: Indigo AT91SAM9260-SK
Jan  1 03:00:09 indigo-tracker user.warn kernel: Memory policy: ECC disabled, Data cache writeback
Jan  1 03:00:09 indigo-tracker user.warn kernel: Clocks: CPU 196 MHz, master 98 MHz, main 12.000 MHz
Jan  1 03:00:09 indigo-tracker user.debug kernel: On node 0 totalpages: 16384
Jan  1 03:00:09 indigo-tracker user.debug kernel: free_area_init_node: node 0, pgdat c0369484, node_mem_map c037b000
Jan  1 03:00:09 indigo-tracker user.debug kernel:   Normal zone: 128 pages used for memmap
Jan  1 03:00:09 indigo-tracker user.debug kernel:   Normal zone: 0 pages reserved
Jan  1 03:00:09 indigo-tracker user.debug kernel:   Normal zone: 16256 pages, LIFO batch:3
Jan  1 03:00:09 indigo-tracker user.debug kernel: pcpu-alloc: s0 r0 d32768 u32768 alloc=1*32768
Jan  1 03:00:09 indigo-tracker user.debug kernel: pcpu-alloc: [0] 0 
Jan  1 03:00:09 indigo-tracker user.warn kernel: Built 1 zonelists in Zone order, mobility grouping on.  Total pages: 16256
Jan  1 03:00:09 indigo-tracker user.notice kernel: Kernel command line: console=ttyS0,115200=mem=64M root=/dev/mtdblock3
Jan  1 03:00:09 indigo-tracker user.info kernel: PID hash table entries: 256 (order: -2, 1024 bytes)
Jan  1 03:00:09 indigo-tracker user.info kernel: Dentry cache hash table entries: 8192 (order: 3, 32768 bytes)
Jan  1 03:00:09 indigo-tracker user.info kernel: Inode-cache hash table entries: 4096 (order: 2, 16384 bytes)
Jan  1 03:00:09 indigo-tracker user.info kernel: Memory: 64MB = 64MB total
Jan  1 03:00:09 indigo-tracker user.notice kernel: Memory: 61364k/61364k available, 4172k reserved, 0K highmem
Jan  1 03:00:09 indigo-tracker user.notice kernel: Virtual kernel memory layout:
Jan  1 03:00:09 indigo-tracker user.notice kernel:     vector  : 0xffff0000 - 0xffff1000   (   4 kB)
Jan  1 03:00:09 indigo-tracker user.notice kernel:     fixmap  : 0xfff00000 - 0xfffe0000   ( 896 kB)
Jan  1 03:00:09 indigo-tracker user.notice kernel:     DMA     : 0xffc00000 - 0xffe00000   (   2 MB)
Jan  1 03:00:09 indigo-tracker user.notice kernel:     vmalloc : 0xc4800000 - 0xfee00000   ( 934 MB)
Jan  1 03:00:09 indigo-tracker user.notice kernel:     lowmem  : 0xc0000000 - 0xc4000000   (  64 MB)
Jan  1 03:00:09 indigo-tracker user.notice kernel:     modules : 0xbf000000 - 0xc0000000   (  16 MB)
Jan  1 03:00:09 indigo-tracker user.notice kernel:       .init : 0xc0008000 - 0xc0024000   ( 112 kB)
Jan  1 03:00:09 indigo-tracker user.notice kernel:       .text : 0xc0024000 - 0xc03419d4   (3191 kB)
Jan  1 03:00:09 indigo-tracker user.notice kernel:       .data : 0xc0342000 - 0xc0369c60   ( 160 kB)
Jan  1 03:00:09 indigo-tracker user.info kernel: NR_IRQS:192
Jan  1 03:00:09 indigo-tracker user.info kernel: AT91: 96 gpio irqs in 3 banks
Jan  1 03:00:09 indigo-tracker user.warn kernel: Console: colour dummy device 80x30
Jan  1 03:00:09 indigo-tracker user.info kernel: console [ttyS0] enabled
Jan  1 03:00:09 indigo-tracker user.info kernel: Calibrating delay loop... 97.89 BogoMIPS (lpj=489472)
Jan  1 03:00:09 indigo-tracker user.info kernel: pid_max: default: 32768 minimum: 301
Jan  1 03:00:09 indigo-tracker user.warn kernel: Mount-cache hash table entries: 512
Jan  1 03:00:09 indigo-tracker user.info kernel: CPU: Testing write buffer coherency: ok
Jan  1 03:00:09 indigo-tracker user.info kernel: NET: Registered protocol family 16
Jan  1 03:00:09 indigo-tracker user.warn kernel: bio: create slab <bio-0> at 0
Jan  1 03:00:09 indigo-tracker user.notice kernel: SCSI subsystem initialized
Jan  1 03:00:09 indigo-tracker user.info kernel: usbcore: registered new interface driver usbfs
Jan  1 03:00:09 indigo-tracker user.info kernel: usbcore: registered new interface driver hub
Jan  1 03:00:09 indigo-tracker user.info kernel: usbcore: registered new device driver usb
Jan  1 03:00:09 indigo-tracker user.info kernel: Advanced Linux Sound Architecture Driver Version 1.0.23.
Jan  1 03:00:09 indigo-tracker user.info kernel: Switching to clocksource pit
Jan  1 03:00:09 indigo-tracker user.info kernel: NET: Registered protocol family 2
Jan  1 03:00:09 indigo-tracker user.info kernel: IP route cache hash table entries: 1024 (order: 0, 4096 bytes)
Jan  1 03:00:09 indigo-tracker user.info kernel: TCP established hash table entries: 2048 (order: 2, 16384 bytes)
Jan  1 03:00:09 indigo-tracker user.info kernel: TCP bind hash table entries: 2048 (order: 1, 8192 bytes)
Jan  1 03:00:09 indigo-tracker user.info kernel: TCP: Hash tables configured (established 2048 bind 2048)
Jan  1 03:00:09 indigo-tracker user.info kernel: TCP reno registered
Jan  1 03:00:09 indigo-tracker user.info kernel: UDP hash table entries: 256 (order: 0, 4096 bytes)
Jan  1 03:00:09 indigo-tracker user.info kernel: UDP-Lite hash table entries: 256 (order: 0, 4096 bytes)
Jan  1 03:00:09 indigo-tracker user.info kernel: NET: Registered protocol family 1
Jan  1 03:00:09 indigo-tracker user.debug kernel: yaffs: yaffs built Nov  8 2011 18:50:55 Installing.
Jan  1 03:00:09 indigo-tracker user.info kernel: msgmni has been set to 119
Jan  1 03:00:09 indigo-tracker user.info kernel: io scheduler noop registered (default)
Jan  1 03:00:09 indigo-tracker user.info kernel: io scheduler deadline registered
Jan  1 03:00:09 indigo-tracker user.info kernel: atmel_usart.0: ttyS0 at MMIO 0xfefff200 (irq = 1) is a ATMEL_SERIAL
Jan  1 03:00:09 indigo-tracker user.info kernel: atmel_usart.1: ttyS1 at MMIO 0xfffb0000 (irq = 6) is a ATMEL_SERIAL
Jan  1 03:00:09 indigo-tracker user.info kernel: atmel_usart.2: ttyS2 at MMIO 0xfffb8000 (irq = 8) is a ATMEL_SERIAL
Jan  1 03:00:09 indigo-tracker user.debug kernel: SK-AT91SAM9XE512: SIM508 power management driver, major 135, minor 0.
Jan  1 03:00:09 indigo-tracker user.info kernel: brd: module loaded
Jan  1 03:00:09 indigo-tracker user.info kernel: loop: module loaded
Jan  1 03:00:09 indigo-tracker user.info kernel: ssc ssc.0: Atmel SSC device at 0xc4818000 (irq 14)
Jan  1 03:00:09 indigo-tracker user.info kernel: NAND device: Manufacturer ID: 0xec, Chip ID: 0xda (Samsung NAND 256MiB 3,3V 8-bit)
Jan  1 03:00:09 indigo-tracker user.info kernel: Scanning device for bad blocks
Jan  1 03:00:09 indigo-tracker user.warn kernel: Bad eraseblock 131 at 0x000001060000
Jan  1 03:00:09 indigo-tracker user.warn kernel: Bad eraseblock 918 at 0x0000072c0000
Jan  1 03:00:09 indigo-tracker user.notice kernel: Creating 6 MTD partitions on "atmel_nand":
Jan  1 03:00:09 indigo-tracker user.notice kernel: 0x000000000000-0x000000020000 : "Bootstrap partition"
Jan  1 03:00:09 indigo-tracker user.notice kernel: 0x000000020000-0x000000060000 : "U-boot Partition"
Jan  1 03:00:09 indigo-tracker user.notice kernel: 0x0000000a0000-0x0000002a0000 : "Kernel Partition"
Jan  1 03:00:09 indigo-tracker user.notice kernel: 0x000000800000-0x000010000000 : "Storage Partition"
Jan  1 03:00:09 indigo-tracker user.notice kernel: 0x000000060000-0x000000080000 : "U-boot Environment"
Jan  1 03:00:09 indigo-tracker user.notice kernel: 0x000000080000-0x0000000a0000 : "U-boot Environment Backup"
Jan  1 03:00:09 indigo-tracker user.info kernel: atmel_spi atmel_spi.0: Atmel SPI Controller at 0xfffc8000 (irq 12)
Jan  1 03:00:09 indigo-tracker user.info kernel: atmel_spi atmel_spi.1: Atmel SPI Controller at 0xfffcc000 (irq 13)
Jan  1 03:00:09 indigo-tracker user.info kernel: PPP generic driver version 2.4.2
Jan  1 03:00:09 indigo-tracker user.info kernel: PPP Deflate Compression module registered
Jan  1 03:00:09 indigo-tracker user.info kernel: PPP BSD Compression module registered
Jan  1 03:00:09 indigo-tracker user.info kernel: PPP MPPE Compression module registered
Jan  1 03:00:09 indigo-tracker user.info kernel: NET: Registered protocol family 24
Jan  1 03:00:09 indigo-tracker user.info kernel: SLIP: version 0.8.4-NET3.019-NEWTTY (dynamic channels, max=256).
Jan  1 03:00:09 indigo-tracker user.info kernel: CSLIP: code copyright 1989 Regents of the University of California.
Jan  1 03:00:09 indigo-tracker user.info kernel: tun: Universal TUN/TAP device driver, 1.6
Jan  1 03:00:09 indigo-tracker user.info kernel: tun: (C) 1999-2004 Max Krasnyansky <maxk@qualcomm.com>
Jan  1 03:00:09 indigo-tracker user.info kernel: macb macb: invalid hw address, using random
Jan  1 03:00:09 indigo-tracker user.info kernel: MACB_mii_bus: probed
Jan  1 03:00:09 indigo-tracker user.info kernel: eth0: Atmel MACB at 0xfffc4000 irq 21 (1a:5d:32:dc:bd:10)
Jan  1 03:00:09 indigo-tracker user.info kernel: eth0: attached PHY driver [Micrel KS8001 or KS8721] (mii_bus:phy_addr=ffffffff:01, irq=-1)
Jan  1 03:00:09 indigo-tracker user.info kernel: ohci_hcd: USB 1.1 'Open' Host Controller (OHCI) Driver
Jan  1 03:00:09 indigo-tracker user.info kernel: at91_ohci at91_ohci: AT91 OHCI
Jan  1 03:00:09 indigo-tracker user.info kernel: at91_ohci at91_ohci: new USB bus registered, assigned bus number 1
Jan  1 03:00:09 indigo-tracker user.info kernel: at91_ohci at91_ohci: irq 20, io mem 0x00500000
Jan  1 03:00:09 indigo-tracker user.info kernel: usb usb1: New USB device found, idVendor=1d6b, idProduct=0001
Jan  1 03:00:09 indigo-tracker user.info kernel: usb usb1: New USB device strings: Mfr=3, Product=2, SerialNumber=1
Jan  1 03:00:09 indigo-tracker user.info kernel: usb usb1: Product: AT91 OHCI
Jan  1 03:00:09 indigo-tracker user.info kernel: usb usb1: Manufacturer: Linux 2.6.38+ ohci_hcd
Jan  1 03:00:09 indigo-tracker user.info kernel: usb usb1: SerialNumber: at91
Jan  1 03:00:09 indigo-tracker user.info kernel: hub 1-0:1.0: USB hub found
Jan  1 03:00:09 indigo-tracker user.info kernel: hub 1-0:1.0: 2 ports detected
Jan  1 03:00:09 indigo-tracker user.info kernel: Initializing USB Mass Storage driver...
Jan  1 03:00:09 indigo-tracker user.info kernel: usbcore: registered new interface driver usb-storage
Jan  1 03:00:09 indigo-tracker user.info kernel: USB Mass Storage support registered.
Jan  1 03:00:09 indigo-tracker user.info kernel: rtc-at91sam9 at91_rtt.0: rtc core: registered at91_rtt as rtc0
Jan  1 03:00:09 indigo-tracker user.warn kernel: rtc-at91sam9 at91_rtt.0: rtc0: SET TIME!
Jan  1 03:00:09 indigo-tracker user.info kernel: i2c /dev entries driver
Jan  1 03:00:09 indigo-tracker cron.notice atd[524]: Removing stale lockfile for pid 524
Jan  1 03:00:09 indigo-tracker user.info kernel: Linux video capture interface: v2.00
Jan  1 03:00:09 indigo-tracker user.info kernel: usbcore: registered new interface driver uvcvideo
Jan  1 03:00:09 indigo-tracker user.info kernel: USB Video Class driver (v1.0.0)
Jan  1 03:00:09 indigo-tracker user.info kernel: AT91SAM9 Watchdog enabled (heartbeat=15 sec, nowayout=1)
Jan  1 03:00:09 indigo-tracker user.info kernel: usbcore: registered new interface driver snd-usb-audio
Jan  1 03:00:09 indigo-tracker user.info kernel: ALSA device list:
Jan  1 03:00:09 indigo-tracker user.info kernel:   No soundcards found.
Jan  1 03:00:09 indigo-tracker user.info kernel: nf_conntrack version 0.5.0 (958 buckets, 3832 max)
Jan  1 03:00:09 indigo-tracker user.info kernel: ip_tables: (C) 2000-2006 Netfilter Core Team
Jan  1 03:00:09 indigo-tracker user.info kernel: TCP cubic registered
Jan  1 03:00:09 indigo-tracker user.info kernel: NET: Registered protocol family 17
Jan  1 03:00:09 indigo-tracker user.err kernel: rtc-at91sam9 at91_rtt.0: hctosys: unable to read the hardware clock
Jan  1 03:00:09 indigo-tracker user.info kernel: atmel_mci atmel_mci: Atmel MCI controller at 0xfffa8000 irq 9, 1 slots
Jan  1 03:00:09 indigo-tracker user.info kernel: yaffs: dev is 32505859 name is "mtdblock3" rw
Jan  1 03:00:09 indigo-tracker user.info kernel: yaffs: passed flags ""
Jan  1 03:00:09 indigo-tracker user.debug kernel: yaffs: yaffs: Attempting MTD mount of 31.3,"mtdblock3"
Jan  1 03:00:09 indigo-tracker user.debug kernel: yaffs: auto selecting yaffs2
Jan  1 03:00:09 indigo-tracker user.debug kernel: yaffs: block 68 is bad
Jan  1 03:00:09 indigo-tracker user.debug kernel: yaffs: block 855 is bad
Jan  1 03:00:09 indigo-tracker user.debug kernel: yaffs: yaffs_read_super: is_checkpointed 0
Jan  1 03:00:09 indigo-tracker user.warn kernel: VFS: Mounted root (yaffs filesystem) on device 31:3.
Jan  1 03:00:09 indigo-tracker user.info kernel: Freeing init memory: 112K
Jan  1 03:00:09 indigo-tracker user.alert kernel: piopins: with filter
Jan  1 03:00:09 indigo-tracker user.warn kernel: piopins: system time doesn't seem to be true, will not flush anything
Jan  1 03:00:09 indigo-tracker user.info kernel: SK-AT91SAM9XE512: SIM508 GPS power OFF.
Jan  1 03:00:11 indigo-tracker user.info kernel: SK-AT91SAM9XE512: SIM508 GPS power ON.
Jan  1 03:00:54 indigo-tracker auth.info login[515]: root login on 'ttyS0'
Jan  1 03:01:01 indigo-tracker cron.info crond[470]: crond: USER root pid 632 cmd /etc/cron/check_updates.sh
Jan  1 03:02:01 indigo-tracker cron.info crond[470]: crond: USER root pid 637 cmd /etc/cron/check_updates.sh
Jan  1 03:03:01 indigo-tracker cron.info crond[470]: crond: USER root pid 644 cmd /etc/cron/check_updates.sh
Jan  1 03:04:01 indigo-tracker cron.info crond[470]: crond: USER root pid 657 cmd /etc/cron/check_updates.sh
Jan  1 03:05:01 indigo-tracker cron.info crond[470]: crond: USER root pid 664 cmd /etc/cron/check_updates.sh
Jan  1 03:05:01 indigo-tracker cron.info crond[470]: crond: USER root pid 665 cmd /etc/cron/rotate_video.sh
Jan  1 03:05:02 indigo-tracker user.notice root: no flash drive to rotate video on
Jan  1 03:06:01 indigo-tracker cron.info crond[470]: crond: USER root pid 689 cmd /etc/cron/check_updates.sh
Jan  1 03:07:01 indigo-tracker cron.info crond[470]: crond: USER root pid 698 cmd /etc/cron/check_updates.sh
Jan  1 03:08:01 indigo-tracker cron.info crond[470]: crond: USER root pid 704 cmd /etc/cron/check_updates.sh
Jan  1 03:09:01 indigo-tracker cron.info crond[470]: crond: USER root pid 706 cmd /etc/cron/check_updates.sh
Jan  1 03:10:01 indigo-tracker cron.info crond[470]: crond: USER root pid 717 cmd /etc/cron/check_updates.sh
Jan  1 03:11:01 indigo-tracker cron.info crond[470]: crond: USER root pid 726 cmd /etc/cron/check_updates.sh
Jan  1 03:12:01 indigo-tracker cron.info crond[470]: crond: USER root pid 734 cmd /etc/cron/check_updates.sh
Jan  1 03:13:01 indigo-tracker cron.info crond[470]: crond: USER root pid 743 cmd /etc/cron/check_updates.sh
Jan  1 03:14:01 indigo-tracker cron.info crond[470]: crond: USER root pid 752 cmd /etc/cron/check_updates.sh
Jan  1 03:15:01 indigo-tracker cron.info crond[470]: crond: USER root pid 756 cmd /etc/cron/check_ntp
Jan  1 03:15:01 indigo-tracker cron.info crond[470]: crond: USER root pid 757 cmd /etc/cron/check_updates.sh
Jan  1 03:15:02 indigo-tracker user.notice root: Current time is not valid
Jan  1 03:16:01 indigo-tracker cron.info crond[470]: crond: USER root pid 768 cmd /etc/cron/check_updates.sh
Jan  1 03:17:01 indigo-tracker cron.info crond[470]: crond: USER root pid 775 cmd /etc/cron/check_updates.sh
Jan  1 03:18:01 indigo-tracker cron.info crond[470]: crond: USER root pid 777 cmd /etc/cron/check_updates.sh
Jan  1 03:19:01 indigo-tracker cron.info crond[470]: crond: USER root pid 779 cmd /etc/cron/check_updates.sh
Jan  1 03:20:02 indigo-tracker cron.info crond[470]: crond: USER root pid 781 cmd /etc/cron/check_updates.sh
Jan  1 03:21:01 indigo-tracker cron.info crond[470]: crond: USER root pid 783 cmd /etc/cron/check_updates.sh
Jan  1 03:22:01 indigo-tracker cron.info crond[470]: crond: USER root pid 785 cmd /etc/cron/check_updates.sh
Jan  1 03:23:01 indigo-tracker cron.info crond[470]: crond: USER root pid 787 cmd /etc/cron/check_updates.sh
Jan  1 03:24:01 indigo-tracker cron.info crond[470]: crond: USER root pid 789 cmd /etc/cron/check_updates.sh
Jan  1 03:25:01 indigo-tracker cron.info crond[470]: crond: USER root pid 791 cmd /etc/cron/check_updates.sh
Jan  1 03:26:01 indigo-tracker cron.info crond[470]: crond: USER root pid 793 cmd /etc/cron/check_updates.sh
Jan  1 03:27:01 indigo-tracker cron.info crond[470]: crond: USER root pid 795 cmd /etc/cron/check_updates.sh
Jan  1 03:28:01 indigo-tracker cron.info crond[470]: crond: USER root pid 797 cmd /etc/cron/check_updates.sh
Jan  1 03:29:01 indigo-tracker cron.info crond[470]: crond: USER root pid 799 cmd /etc/cron/check_updates.sh
Jan  1 03:30:01 indigo-tracker cron.info crond[470]: crond: USER root pid 801 cmd /etc/cron/check_pppd
Jan  1 03:30:01 indigo-tracker cron.info crond[470]: crond: USER root pid 802 cmd /etc/cron/check_updates.sh
Jan  1 03:30:01 indigo-tracker user.notice root: PPPd restarted from check_pppd
Jan  1 03:31:01 indigo-tracker cron.info crond[470]: crond: USER root pid 815 cmd /etc/cron/check_updates.sh
Jan  1 03:32:01 indigo-tracker cron.info crond[470]: crond: USER root pid 817 cmd /etc/cron/check_updates.sh
Jan  1 03:33:01 indigo-tracker cron.info crond[470]: crond: USER root pid 819 cmd /etc/cron/check_updates.sh
Jan  1 03:34:01 indigo-tracker cron.info crond[470]: crond: USER root pid 821 cmd /etc/cron/check_updates.sh
Jan  1 03:35:01 indigo-tracker cron.info crond[470]: crond: USER root pid 823 cmd /etc/cron/check_updates.sh
Jan  1 03:36:01 indigo-tracker cron.info crond[470]: crond: USER root pid 825 cmd /etc/cron/check_updates.sh
Jan  1 03:37:01 indigo-tracker cron.info crond[470]: crond: USER root pid 827 cmd /etc/cron/check_updates.sh
Jan  1 03:38:01 indigo-tracker cron.info crond[470]: crond: USER root pid 829 cmd /etc/cron/check_updates.sh
Jan  1 03:39:01 indigo-tracker cron.info crond[470]: crond: USER root pid 831 cmd /etc/cron/check_updates.sh
Jan  1 03:40:01 indigo-tracker cron.info crond[470]: crond: USER root pid 833 cmd /etc/cron/check_updates.sh
Jan  1 03:41:01 indigo-tracker cron.info crond[470]: crond: USER root pid 835 cmd /etc/cron/check_updates.sh
Jan  1 03:42:01 indigo-tracker cron.info crond[470]: crond: USER root pid 837 cmd /etc/cron/check_updates.sh
Jan  1 03:43:01 indigo-tracker cron.info crond[470]: crond: USER root pid 839 cmd /etc/cron/check_updates.sh
Jan  1 03:44:01 indigo-tracker cron.info crond[470]: crond: USER root pid 841 cmd /etc/cron/check_updates.sh
Jan  1 03:45:01 indigo-tracker cron.info crond[470]: crond: USER root pid 843 cmd /etc/cron/check_ntp
Jan  1 03:45:01 indigo-tracker cron.info crond[470]: crond: USER root pid 844 cmd /etc/cron/check_updates.sh
Jan  1 03:45:02 indigo-tracker user.notice root: Current time is not valid
Jan  1 03:46:01 indigo-tracker cron.info crond[470]: crond: USER root pid 850 cmd /etc/cron/check_updates.sh
Jan  1 03:46:12 indigo-tracker user.info kernel: eth0: link up (100/Full)
Jan  1 03:46:28 indigo-tracker user.info kernel: warning: `vsftpd' uses 32-bit capabilities (legacy support in use)
Jan  1 03:47:01 indigo-tracker cron.info crond[470]: crond: USER root pid 855 cmd /etc/cron/check_updates.sh
Jan  1 03:48:01 indigo-tracker cron.info crond[470]: crond: USER root pid 860 cmd /etc/cron/check_updates.sh
Jan  1 03:49:01 indigo-tracker cron.info crond[470]: crond: USER root pid 862 cmd /etc/cron/check_updates.sh
Jan  1 03:50:01 indigo-tracker cron.info crond[470]: crond: USER root pid 864 cmd /etc/cron/check_updates.sh
Jan  1 03:51:01 indigo-tracker cron.info crond[470]: crond: USER root pid 866 cmd /etc/cron/check_updates.sh
Jan  1 03:52:01 indigo-tracker cron.info crond[470]: crond: USER root pid 868 cmd /etc/cron/check_updates.sh
Jan  1 03:53:01 indigo-tracker cron.info crond[470]: crond: USER root pid 870 cmd /etc/cron/check_updates.sh
Jan  1 03:54:01 indigo-tracker cron.info crond[470]: crond: USER root pid 872 cmd /etc/cron/check_updates.sh
Jan  1 03:55:01 indigo-tracker cron.info crond[470]: crond: USER root pid 877 cmd /etc/cron/check_updates.sh
Jan  1 03:56:01 indigo-tracker cron.info crond[470]: crond: USER root pid 883 cmd /etc/cron/check_updates.sh
Jan  1 03:57:01 indigo-tracker cron.info crond[470]: crond: USER root pid 886 cmd /etc/cron/check_updates.sh
Jan  1 03:58:01 indigo-tracker cron.info crond[470]: crond: USER root pid 891 cmd /etc/cron/check_updates.sh
Jan  1 03:59:01 indigo-tracker cron.info crond[470]: crond: USER root pid 894 cmd /etc/cron/check_updates.sh
Jan  1 03:00:08 indigo-tracker syslog.info syslogd started: BusyBox v1.18.3
Jan  1 03:00:08 indigo-tracker user.notice kernel: Linux version 2.6.38+ (yury@debian-dev-vm) (gcc version 4.4.5 (indigo-ct-ng) ) #76 Fri Nov 11 18:57:40 MSK 2011
Jan  1 03:00:08 indigo-tracker user.warn kernel: CPU: ARM926EJ-S [41069265] revision 5 (ARMv5TEJ), cr=00053177
Jan  1 03:00:08 indigo-tracker user.warn kernel: CPU: VIVT data cache, VIVT instruction cache
Jan  1 03:00:08 indigo-tracker user.warn kernel: Machine: Indigo AT91SAM9260-SK
Jan  1 03:00:08 indigo-tracker user.warn kernel: Memory policy: ECC disabled, Data cache writeback
Jan  1 03:00:08 indigo-tracker user.warn kernel: Clocks: CPU 196 MHz, master 98 MHz, main 12.000 MHz
Jan  1 03:00:08 indigo-tracker user.debug kernel: On node 0 totalpages: 16384
Jan  1 03:00:08 indigo-tracker user.debug kernel: free_area_init_node: node 0, pgdat c0369484, node_mem_map c037b000
Jan  1 03:00:08 indigo-tracker user.debug kernel:   Normal zone: 128 pages used for memmap
Jan  1 03:00:08 indigo-tracker user.debug kernel:   Normal zone: 0 pages reserved
Jan  1 03:00:08 indigo-tracker user.debug kernel:   Normal zone: 16256 pages, LIFO batch:3
Jan  1 03:00:08 indigo-tracker user.debug kernel: pcpu-alloc: s0 r0 d32768 u32768 alloc=1*32768
Jan  1 03:00:08 indigo-tracker user.debug kernel: pcpu-alloc: [0] 0 
Jan  1 03:00:08 indigo-tracker user.warn kernel: Built 1 zonelists in Zone order, mobility grouping on.  Total pages: 16256
Jan  1 03:00:08 indigo-tracker user.notice kernel: Kernel command line: console=ttyS0,115200=mem=64M root=/dev/mtdblock3
Jan  1 03:00:08 indigo-tracker user.info kernel: PID hash table entries: 256 (order: -2, 1024 bytes)
Jan  1 03:00:08 indigo-tracker user.info kernel: Dentry cache hash table entries: 8192 (order: 3, 32768 bytes)
Jan  1 03:00:08 indigo-tracker user.info kernel: Inode-cache hash table entries: 4096 (order: 2, 16384 bytes)
Jan  1 03:00:08 indigo-tracker user.info kernel: Memory: 64MB = 64MB total
Jan  1 03:00:08 indigo-tracker user.notice kernel: Memory: 61364k/61364k available, 4172k reserved, 0K highmem
Jan  1 03:00:08 indigo-tracker user.notice kernel: Virtual kernel memory layout:
Jan  1 03:00:08 indigo-tracker user.notice kernel:     vector  : 0xffff0000 - 0xffff1000   (   4 kB)
Jan  1 03:00:08 indigo-tracker user.notice kernel:     fixmap  : 0xfff00000 - 0xfffe0000   ( 896 kB)
Jan  1 03:00:08 indigo-tracker user.notice kernel:     DMA     : 0xffc00000 - 0xffe00000   (   2 MB)
Jan  1 03:00:08 indigo-tracker user.notice kernel:     vmalloc : 0xc4800000 - 0xfee00000   ( 934 MB)
Jan  1 03:00:08 indigo-tracker user.notice kernel:     lowmem  : 0xc0000000 - 0xc4000000   (  64 MB)
Jan  1 03:00:08 indigo-tracker user.notice kernel:     modules : 0xbf000000 - 0xc0000000   (  16 MB)
Jan  1 03:00:08 indigo-tracker user.notice kernel:       .init : 0xc0008000 - 0xc0024000   ( 112 kB)
Jan  1 03:00:08 indigo-tracker user.notice kernel:       .text : 0xc0024000 - 0xc03419d4   (3191 kB)
Jan  1 03:00:09 indigo-tracker user.notice kernel:       .data : 0xc0342000 - 0xc0369c60   ( 160 kB)
Jan  1 03:00:09 indigo-tracker user.info kernel: NR_IRQS:192
Jan  1 03:00:09 indigo-tracker user.info kernel: AT91: 96 gpio irqs in 3 banks
Jan  1 03:00:09 indigo-tracker user.warn kernel: Console: colour dummy device 80x30
Jan  1 03:00:09 indigo-tracker user.info kernel: console [ttyS0] enabled
Jan  1 03:00:09 indigo-tracker user.info kernel: Calibrating delay loop... 97.89 BogoMIPS (lpj=489472)
Jan  1 03:00:09 indigo-tracker user.info kernel: pid_max: default: 32768 minimum: 301
Jan  1 03:00:09 indigo-tracker user.warn kernel: Mount-cache hash table entries: 512
Jan  1 03:00:09 indigo-tracker user.info kernel: CPU: Testing write buffer coherency: ok
Jan  1 03:00:09 indigo-tracker user.info kernel: NET: Registered protocol family 16
Jan  1 03:00:09 indigo-tracker user.warn kernel: bio: create slab <bio-0> at 0
Jan  1 03:00:09 indigo-tracker user.notice kernel: SCSI subsystem initialized
Jan  1 03:00:09 indigo-tracker user.info kernel: usbcore: registered new interface driver usbfs
Jan  1 03:00:09 indigo-tracker user.info kernel: usbcore: registered new interface driver hub
Jan  1 03:00:09 indigo-tracker user.info kernel: usbcore: registered new device driver usb
Jan  1 03:00:09 indigo-tracker user.info kernel: Advanced Linux Sound Architecture Driver Version 1.0.23.
Jan  1 03:00:09 indigo-tracker user.info kernel: Switching to clocksource pit
Jan  1 03:00:09 indigo-tracker user.info kernel: NET: Registered protocol family 2
Jan  1 03:00:09 indigo-tracker user.info kernel: IP route cache hash table entries: 1024 (order: 0, 4096 bytes)
Jan  1 03:00:09 indigo-tracker user.info kernel: TCP established hash table entries: 2048 (order: 2, 16384 bytes)
