Jan  1 03:00:16 indigo-tracker user.info kernel: Memory: 64MB = 64MB total
Jan  1 03:00:16 indigo-tracker user.notice kernel: Memory: 61364k/61364k available, 4172k reserved, 0K highmem
Jan  1 03:00:16 indigo-tracker user.notice kernel: Virtual kernel memory layout:
Jan  1 03:00:16 indigo-tracker user.notice kernel:     vector  : 0xffff0000 - 0xffff1000   (   4 kB)
Jan  1 03:00:16 indigo-tracker user.notice kernel:     fixmap  : 0xfff00000 - 0xfffe0000   ( 896 kB)
Jan  1 03:00:16 indigo-tracker user.notice kernel:     DMA     : 0xffc00000 - 0xffe00000   (   2 MB)
Jan  1 03:00:16 indigo-tracker user.notice kernel:     vmalloc : 0xc4800000 - 0xfee00000   ( 934 MB)
Jan  1 03:00:16 indigo-tracker user.notice kernel:     lowmem  : 0xc0000000 - 0xc4000000   (  64 MB)
Jan  1 03:00:16 indigo-tracker user.notice kernel:     modules : 0xbf000000 - 0xc0000000   (  16 MB)
Jan  1 03:00:16 indigo-tracker user.notice kernel:       .init : 0xc0008000 - 0xc0024000   ( 112 kB)
Jan  1 03:00:16 indigo-tracker user.notice kernel:       .text : 0xc0024000 - 0xc03419d4   (3191 kB)
Jan  1 03:00:16 indigo-tracker user.notice kernel:       .data : 0xc0342000 - 0xc0369c60   ( 160 kB)
Jan  1 03:00:16 indigo-tracker user.info kernel: NR_IRQS:192
Jan  1 03:00:16 indigo-tracker user.info kernel: AT91: 96 gpio irqs in 3 banks
Jan  1 03:00:16 indigo-tracker user.warn kernel: Console: colour dummy device 80x30
Jan  1 03:00:16 indigo-tracker user.info kernel: console [ttyS0] enabled
Jan  1 03:00:16 indigo-tracker user.info kernel: Calibrating delay loop... 97.89 BogoMIPS (lpj=489472)
Jan  1 03:00:16 indigo-tracker user.info kernel: pid_max: default: 32768 minimum: 301
Jan  1 03:00:16 indigo-tracker user.warn kernel: Mount-cache hash table entries: 512
Jan  1 03:00:16 indigo-tracker user.info kernel: CPU: Testing write buffer coherency: ok
Jan  1 03:00:16 indigo-tracker user.info kernel: NET: Registered protocol family 16
Jan  1 03:00:16 indigo-tracker user.warn kernel: bio: create slab <bio-0> at 0
Jan  1 03:00:16 indigo-tracker user.notice kernel: SCSI subsystem initialized
Jan  1 03:00:16 indigo-tracker user.info kernel: usbcore: registered new interface driver usbfs
Jan  1 03:00:16 indigo-tracker user.info kernel: usbcore: registered new interface driver hub
Jan  1 03:00:16 indigo-tracker user.info kernel: usbcore: registered new device driver usb
Jan  1 03:00:16 indigo-tracker user.info kernel: Advanced Linux Sound Architecture Driver Version 1.0.23.
Jan  1 03:00:16 indigo-tracker user.info kernel: Switching to clocksource pit
Jan  1 03:00:16 indigo-tracker user.info kernel: NET: Registered protocol family 2
Jan  1 03:00:16 indigo-tracker user.info kernel: IP route cache hash table entries: 1024 (order: 0, 4096 bytes)
Jan  1 03:00:16 indigo-tracker user.info kernel: TCP established hash table entries: 2048 (order: 2, 16384 bytes)
Jan  1 03:00:16 indigo-tracker user.info kernel: TCP bind hash table entries: 2048 (order: 1, 8192 bytes)
Jan  1 03:00:16 indigo-tracker user.info kernel: TCP: Hash tables configured (established 2048 bind 2048)
Jan  1 03:00:16 indigo-tracker user.info kernel: TCP reno registered
Jan  1 03:00:16 indigo-tracker user.info kernel: UDP hash table entries: 256 (order: 0, 4096 bytes)
Jan  1 03:00:16 indigo-tracker user.info kernel: UDP-Lite hash table entries: 256 (order: 0, 4096 bytes)
Jan  1 03:00:16 indigo-tracker user.info kernel: NET: Registered protocol family 1
Jan  1 03:00:16 indigo-tracker user.debug kernel: yaffs: yaffs built Sep 21 2011 13:46:29 Installing.
Jan  1 03:00:16 indigo-tracker user.info kernel: msgmni has been set to 119
Jan  1 03:00:16 indigo-tracker user.info kernel: io scheduler noop registered (default)
Jan  1 03:00:16 indigo-tracker user.info kernel: io scheduler deadline registered
Jan  1 03:00:16 indigo-tracker user.info kernel: atmel_usart.0: ttyS0 at MMIO 0xfefff200 (irq = 1) is a ATMEL_SERIAL
Jan  1 03:00:16 indigo-tracker user.info kernel: atmel_usart.1: ttyS1 at MMIO 0xfffb0000 (irq = 6) is a ATMEL_SERIAL
Jan  1 03:00:16 indigo-tracker user.info kernel: atmel_usart.2: ttyS2 at MMIO 0xfffb8000 (irq = 8) is a ATMEL_SERIAL
Jan  1 03:00:16 indigo-tracker user.debug kernel: SK-AT91SAM9XE512: SIM508 power management driver, major 135, minor 0.
Jan  1 03:00:16 indigo-tracker user.info kernel: brd: module loaded
Jan  1 03:00:16 indigo-tracker user.info kernel: loop: module loaded
Jan  1 03:00:16 indigo-tracker user.info kernel: ssc ssc.0: Atmel SSC device at 0xc4818000 (irq 14)
Jan  1 03:00:16 indigo-tracker user.info kernel: NAND device: Manufacturer ID: 0xec, Chip ID: 0xda (Samsung NAND 256MiB 3,3V 8-bit)
Jan  1 03:00:16 indigo-tracker user.info kernel: Scanning device for bad blocks
Jan  1 03:00:16 indigo-tracker user.warn kernel: Bad eraseblock 131 at 0x000001060000
Jan  1 03:00:16 indigo-tracker user.warn kernel: Bad eraseblock 918 at 0x0000072c0000
Jan  1 03:00:16 indigo-tracker user.notice kernel: Creating 6 MTD partitions on "atmel_nand":
Jan  1 03:00:16 indigo-tracker user.notice kernel: 0x000000000000-0x000000020000 : "Bootstrap partition"
Jan  1 03:00:16 indigo-tracker user.notice kernel: 0x000000020000-0x000000060000 : "U-boot Partition"
Jan  1 03:00:16 indigo-tracker user.notice kernel: 0x0000000a0000-0x0000002a0000 : "Kernel Partition"
Jan  1 03:00:16 indigo-tracker user.notice kernel: 0x000000800000-0x000010000000 : "Storage Partition"
Jan  1 03:00:16 indigo-tracker user.notice kernel: 0x000000060000-0x000000080000 : "U-boot Environment"
Jan  1 03:00:16 indigo-tracker user.notice kernel: 0x000000080000-0x0000000a0000 : "U-boot Environment Backup"
Jan  1 03:00:16 indigo-tracker user.info kernel: atmel_spi atmel_spi.0: Atmel SPI Controller at 0xfffc8000 (irq 12)
Jan  1 03:00:16 indigo-tracker user.info kernel: atmel_spi atmel_spi.1: Atmel SPI Controller at 0xfffcc000 (irq 13)
Jan  1 03:00:16 indigo-tracker user.info kernel: PPP generic driver version 2.4.2
Jan  1 03:00:16 indigo-tracker user.info kernel: PPP Deflate Compression module registered
Jan  1 03:00:16 indigo-tracker user.info kernel: PPP BSD Compression module registered
Jan  1 03:00:16 indigo-tracker user.info kernel: PPP MPPE Compression module registered
Jan  1 03:00:16 indigo-tracker user.info kernel: NET: Registered protocol family 24
Jan  1 03:00:16 indigo-tracker user.info kernel: SLIP: version 0.8.4-NET3.019-NEWTTY (dynamic channels, max=256).
Jan  1 03:00:16 indigo-tracker user.info kernel: CSLIP: code copyright 1989 Regents of the University of California.
Jan  1 03:00:16 indigo-tracker user.info kernel: tun: Universal TUN/TAP device driver, 1.6
Jan  1 03:00:16 indigo-tracker user.info kernel: tun: (C) 1999-2004 Max Krasnyansky <maxk@qualcomm.com>
Jan  1 03:00:16 indigo-tracker user.info kernel: MACB_mii_bus: probed
Jan  1 03:00:16 indigo-tracker user.info kernel: eth0: Atmel MACB at 0xfffc4000 irq 21 (00:1f:f2:00:00:00)
Jan  1 03:00:16 indigo-tracker user.info kernel: eth0: attached PHY driver [Micrel KS8001 or KS8721] (mii_bus:phy_addr=ffffffff:01, irq=-1)
Jan  1 03:00:16 indigo-tracker user.info kernel: ohci_hcd: USB 1.1 'Open' Host Controller (OHCI) Driver
Jan  1 03:00:16 indigo-tracker user.info kernel: at91_ohci at91_ohci: AT91 OHCI
Jan  1 03:00:16 indigo-tracker user.info kernel: at91_ohci at91_ohci: new USB bus registered, assigned bus number 1
Jan  1 03:00:16 indigo-tracker user.info kernel: at91_ohci at91_ohci: irq 20, io mem 0x00500000
Jan  1 03:00:16 indigo-tracker user.info kernel: usb usb1: New USB device found, idVendor=1d6b, idProduct=0001
Jan  1 03:00:16 indigo-tracker user.info kernel: usb usb1: New USB device strings: Mfr=3, Product=2, SerialNumber=1
Jan  1 03:00:16 indigo-tracker user.info kernel: usb usb1: Product: AT91 OHCI
Jan  1 03:00:16 indigo-tracker user.info kernel: usb usb1: Manufacturer: Linux 2.6.38+ ohci_hcd
Jan  1 03:00:16 indigo-tracker user.info kernel: usb usb1: SerialNumber: at91
Jan  1 03:00:16 indigo-tracker user.info kernel: hub 1-0:1.0: USB hub found
Jan  1 03:00:16 indigo-tracker user.info kernel: hub 1-0:1.0: 2 ports detected
Jan  1 03:00:16 indigo-tracker user.info kernel: Initializing USB Mass Storage driver...
Jan  1 03:00:16 indigo-tracker user.info kernel: usbcore: registered new interface driver usb-storage
Jan  1 03:00:16 indigo-tracker user.info kernel: USB Mass Storage support registered.
Jan  1 03:00:16 indigo-tracker user.info kernel: rtc-at91sam9 at91_rtt.0: rtc core: registered at91_rtt as rtc0
Jan  1 03:00:16 indigo-tracker user.warn kernel: rtc-at91sam9 at91_rtt.0: rtc0: SET TIME!
Jan  1 03:00:16 indigo-tracker user.info kernel: i2c /dev entries driver
Jan  1 03:00:16 indigo-tracker user.info kernel: Linux video capture interface: v2.00
Jan  1 03:00:16 indigo-tracker user.info kernel: usbcore: registered new interface driver uvcvideo
Jan  1 03:00:16 indigo-tracker user.info kernel: USB Video Class driver (v1.0.0)
Jan  1 03:00:16 indigo-tracker user.info kernel: AT91SAM9 Watchdog enabled (heartbeat=15 sec, nowayout=0)
Jan  1 03:00:16 indigo-tracker user.info kernel: usbcore: registered new interface driver snd-usb-audio
Jan  1 03:00:16 indigo-tracker user.info kernel: ALSA device list:
Jan  1 03:00:16 indigo-tracker user.info kernel:   No soundcards found.
Jan  1 03:00:16 indigo-tracker user.info kernel: nf_conntrack version 0.5.0 (958 buckets, 3832 max)
Jan  1 03:00:16 indigo-tracker user.info kernel: ip_tables: (C) 2000-2006 Netfilter Core Team
Jan  1 03:00:16 indigo-tracker user.info kernel: TCP cubic registered
Jan  1 03:00:16 indigo-tracker user.info kernel: NET: Registered protocol family 17
Jan  1 03:00:16 indigo-tracker user.err kernel: rtc-at91sam9 at91_rtt.0: hctosys: unable to read the hardware clock
Jan  1 03:00:16 indigo-tracker user.info kernel: atmel_mci atmel_mci: Atmel MCI controller at 0xfffa8000 irq 9, 1 slots
Jan  1 03:00:16 indigo-tracker user.info kernel: yaffs: dev is 32505859 name is "mtdblock3" rw
Jan  1 03:00:16 indigo-tracker user.info kernel: yaffs: passed flags ""
Jan  1 03:00:16 indigo-tracker user.debug kernel: yaffs: yaffs: Attempting MTD mount of 31.3,"mtdblock3"
Jan  1 03:00:16 indigo-tracker user.debug kernel: yaffs: auto selecting yaffs2
Jan  1 03:00:16 indigo-tracker user.debug kernel: yaffs: block 68 is bad
Jan  1 03:00:16 indigo-tracker user.debug kernel: yaffs: block 855 is bad
Jan  1 03:00:16 indigo-tracker user.debug kernel: yaffs: yaffs_read_super: is_checkpointed 0
Jan  1 03:00:16 indigo-tracker user.warn kernel: VFS: Mounted root (yaffs filesystem) on device 31:3.
Jan  1 03:00:16 indigo-tracker user.info kernel: Freeing init memory: 112K
Jan  1 03:00:16 indigo-tracker user.alert kernel: piopins: with filter
Jan  1 03:00:16 indigo-tracker user.warn kernel: piopins: system time doesn't seem to be true, will not flush anything
Jan  1 03:00:16 indigo-tracker user.info kernel: SK-AT91SAM9XE512: SIM508 GPS power OFF.
Jan  1 03:00:16 indigo-tracker user.info kernel: eth0: link up (100/Full)
Jan  1 03:00:16 indigo-tracker user.info kernel: SK-AT91SAM9XE512: SIM508 GPS power ON.
Jan  1 03:00:16 indigo-tracker local2.info chat[623]: timeout set to 45 seconds
Jan  1 03:00:16 indigo-tracker local2.info chat[623]: expect (OK)
Jan  1 03:00:16 indigo-tracker local2.info chat[623]: ^M
Jan  1 03:00:16 indigo-tracker local2.info chat[623]: AT+CGDCONT=1,"IP","internet"^M^M
Jan  1 03:00:16 indigo-tracker local2.info chat[623]: OK
Jan  1 03:00:16 indigo-tracker local2.info chat[623]:  -- got it
Jan  1 03:00:16 indigo-tracker local2.info chat[623]: send (ATD*99#^M)
Jan  1 03:00:16 indigo-tracker local2.info chat[623]: expect (CONNECT)
Jan  1 03:00:16 indigo-tracker local2.info chat[623]: ^M
Jan  1 03:00:20 indigo-tracker auth.info login[631]: root login on 'ttyS0'
Jan  1 03:00:36 indigo-tracker user.warn kernel: mmc0: host does not support reading read-only switch. assuming write-enable.
Jan  1 03:00:36 indigo-tracker user.info kernel: mmc0: new SD card at address 1234
Jan  1 03:00:36 indigo-tracker user.info kernel: mmcblk0: mmc0:1234 SA02G 1.83 GiB 
Jan  1 03:00:36 indigo-tracker user.info kernel:  mmcblk0: p1
Jan  1 03:00:51 indigo-tracker user.debug sysdaemon-dbus: flash insert
Jan  1 03:01:01 indigo-tracker cron.info crond[470]: crond: USER root pid 802 cmd /etc/cron/check_updates.sh
Jan  1 03:01:02 indigo-tracker local2.info chat[623]: alarm
Jan  1 03:01:02 indigo-tracker local2.info chat[623]: Failed
Jan  1 03:01:02 indigo-tracker daemon.debug pppd[620]: Script chat -v -f /etc/ppp/chatscripts/megafon-connect finished (pid 622), status = 0x3
Jan  1 03:01:02 indigo-tracker daemon.err pppd[620]: Connect script failed
Jan  1 03:01:02 indigo-tracker user.info kernel: mmc0: card 1234 removed
Jan  1 03:01:02 indigo-tracker user.err kernel: mmcblk0: error -123 sending status command
Jan  1 03:01:02 indigo-tracker user.err kernel: mmcblk0: error -123 sending read/write command, response 0x0, card status 0x0
Jan  1 03:01:02 indigo-tracker user.err kernel: mmcblk0: error -123 requesting status
Jan  1 03:01:02 indigo-tracker user.err kernel: end_request: I/O error, dev mmcblk0, sector 135
Jan  1 03:01:02 indigo-tracker user.err kernel: Buffer I/O error on device mmcblk0p1, logical block 0
Jan  1 03:01:02 indigo-tracker user.warn kernel: lost page write due to I/O error on mmcblk0p1
Jan  1 03:01:02 indigo-tracker user.err kernel: mmcblk0: error -123 sending status command
Jan  1 03:01:02 indigo-tracker user.err kernel: mmcblk0: error -123 sending read/write command, response 0x0, card status 0x0
Jan  1 03:01:02 indigo-tracker user.err kernel: mmcblk0: error -123 requesting status
Jan  1 03:01:02 indigo-tracker user.err kernel: end_request: I/O error, dev mmcblk0, sector 135
Jan  1 03:01:02 indigo-tracker user.err kernel: Buffer I/O error on device mmcblk0p1, logical block 0
Jan  1 03:01:02 indigo-tracker user.warn kernel: lost page write due to I/O error on mmcblk0p1
Jan  1 03:01:03 indigo-tracker user.debug sysdaemon-dbus: flash remove
Jan  1 03:01:03 indigo-tracker local2.info chat[828]: abort on (BUSY)
Jan  1 03:01:03 indigo-tracker local2.info chat[828]: abort on (ERROR)
Jan  1 03:01:03 indigo-tracker local2.info chat[828]: abort on (UNDER-VOLTAGE WARNNING)
Jan  1 03:01:03 indigo-tracker local2.info chat[828]: send (ATZ^M)
Jan  1 03:01:03 indigo-tracker local2.info chat[828]: timeout set to 12 seconds
Jan  1 03:01:03 indigo-tracker local2.info chat[828]: expect (OK)
Jan  1 03:01:03 indigo-tracker local2.info chat[828]: ATZ^M^M
Jan  1 03:01:03 indigo-tracker local2.info chat[828]: OK
Jan  1 03:01:03 indigo-tracker local2.info chat[828]:  -- got it
Jan  1 03:01:03 indigo-tracker local2.info chat[828]: send (AT+CGDCONT=1,"IP","internet"^M)
Jan  1 03:01:03 indigo-tracker local2.info chat[828]: timeout set to 45 seconds
Jan  1 03:01:03 indigo-tracker local2.info chat[828]: expect (OK)
Jan  1 03:01:03 indigo-tracker local2.info chat[828]: ^M
Jan  1 03:01:03 indigo-tracker local2.info chat[828]: AT+CGDCONT=1,"IP","internet"^M^M
Jan  1 03:01:03 indigo-tracker local2.info chat[828]: OK
Jan  1 03:01:03 indigo-tracker local2.info chat[828]:  -- got it
Jan  1 03:01:03 indigo-tracker local2.info chat[828]: send (ATD*99#^M)
Jan  1 03:01:04 indigo-tracker local2.info chat[828]: expect (CONNECT)
Jan  1 03:01:04 indigo-tracker local2.info chat[828]: ^M
Jan  1 03:01:07 indigo-tracker user.err kernel: EXT2-fs (mmcblk0p1): previous I/O error to superblock detected
Jan  1 03:01:18 indigo-tracker user.warn kernel: mmc0: host does not support reading read-only switch. assuming write-enable.
Jan  1 03:01:18 indigo-tracker user.info kernel: mmc0: new SD card at address 1234
Jan  1 03:01:18 indigo-tracker user.info kernel: mmcblk0: mmc0:1234 SA02G 1.83 GiB 
Jan  1 03:01:18 indigo-tracker user.info kernel:  mmcblk0: p1
Jan  1 03:01:33 indigo-tracker user.debug sysdaemon-dbus: flash insert
Jan  1 03:01:49 indigo-tracker local2.info chat[828]: alarm
Jan  1 03:01:49 indigo-tracker local2.info chat[828]: Failed
Jan  1 03:01:49 indigo-tracker daemon.debug pppd[620]: Script chat -v -f /etc/ppp/chatscripts/megafon-connect finished (pid 826), status = 0x3
Jan  1 03:01:49 indigo-tracker daemon.err pppd[620]: Connect script failed
Jan  1 03:01:50 indigo-tracker local2.info chat[983]: abort on (BUSY)
Jan  1 03:01:50 indigo-tracker local2.info chat[983]: abort on (ERROR)
Jan  1 03:01:50 indigo-tracker local2.info chat[983]: abort on (UNDER-VOLTAGE WARNNING)
Jan  1 03:01:50 indigo-tracker local2.info chat[983]: send (ATZ^M)
Jan  1 03:01:50 indigo-tracker local2.info chat[983]: timeout set to 12 seconds
Jan  1 03:01:50 indigo-tracker local2.info chat[983]: expect (OK)
Jan  1 03:01:50 indigo-tracker local2.info chat[983]: ATZ^M^M
Jan  1 03:01:50 indigo-tracker local2.info chat[983]: OK
Jan  1 03:01:50 indigo-tracker local2.info chat[983]:  -- got it
Jan  1 03:01:50 indigo-tracker local2.info chat[983]: send (AT+CGDCONT=1,"IP","internet"^M)
Jan  1 03:01:50 indigo-tracker local2.info chat[983]: timeout set to 45 seconds
Jan  1 03:01:50 indigo-tracker local2.info chat[983]: expect (OK)
Jan  1 03:01:50 indigo-tracker local2.info chat[983]: ^M
Jan  1 03:01:50 indigo-tracker local2.info chat[983]: AT+CGDCONT=1,"IP","internet"^M^M
Jan  1 03:01:50 indigo-tracker local2.info chat[983]: OK
Jan  1 03:01:50 indigo-tracker local2.info chat[983]:  -- got it
Jan  1 03:01:50 indigo-tracker local2.info chat[983]: send (ATD*99#^M)
Jan  1 03:01:51 indigo-tracker local2.info chat[983]: expect (CONNECT)
Jan  1 03:01:51 indigo-tracker local2.info chat[983]: ^M
Jan  1 03:02:01 indigo-tracker cron.info crond[470]: crond: USER root pid 986 cmd /etc/cron/check_updates.sh
Jan  1 03:02:36 indigo-tracker local2.info chat[983]: alarm
Jan  1 03:02:36 indigo-tracker local2.info chat[983]: Failed
Jan  1 03:02:36 indigo-tracker daemon.debug pppd[620]: Script chat -v -f /etc/ppp/chatscripts/megafon-connect finished (pid 982), status = 0x3
Jan  1 03:02:36 indigo-tracker daemon.err pppd[620]: Connect script failed
Jan  1 03:02:37 indigo-tracker local2.info chat[997]: abort on (BUSY)
Jan  1 03:02:37 indigo-tracker local2.info chat[997]: abort on (ERROR)
Jan  1 03:02:37 indigo-tracker local2.info chat[997]: abort on (UNDER-VOLTAGE WARNNING)
Jan  1 03:02:37 indigo-tracker local2.info chat[997]: send (ATZ^M)
Jan  1 03:02:37 indigo-tracker local2.info chat[997]: timeout set to 12 seconds
Jan  1 03:02:37 indigo-tracker local2.info chat[997]: expect (OK)
Jan  1 03:02:37 indigo-tracker local2.info chat[997]: ATZ^M^M
Jan  1 03:02:37 indigo-tracker local2.info chat[997]: OK
Jan  1 03:02:37 indigo-tracker local2.info chat[997]:  -- got it
Jan  1 03:02:37 indigo-tracker local2.info chat[997]: send (AT+CGDCONT=1,"IP","internet"^M)
Jan  1 03:02:37 indigo-tracker local2.info chat[997]: timeout set to 45 seconds
Jan  1 03:02:37 indigo-tracker local2.info chat[997]: expect (OK)
Jan  1 03:02:37 indigo-tracker local2.info chat[997]: ^M
Jan  1 03:02:37 indigo-tracker local2.info chat[997]: AT+CGDCONT=1,"IP","internet"^M^M
Jan  1 03:02:37 indigo-tracker local2.info chat[997]: OK
Jan  1 03:02:37 indigo-tracker local2.info chat[997]:  -- got it
Jan  1 03:02:37 indigo-tracker local2.info chat[997]: send (ATD*99#^M)
Jan  1 03:02:38 indigo-tracker local2.info chat[997]: expect (CONNECT)
Jan  1 03:02:38 indigo-tracker local2.info chat[997]: ^M
Jan  1 03:03:01 indigo-tracker cron.info crond[470]: crond: USER root pid 999 cmd /etc/cron/check_updates.sh
Jan  1 03:03:23 indigo-tracker local2.info chat[997]: alarm
Jan  1 03:03:23 indigo-tracker local2.info chat[997]: Failed
Jan  1 03:03:23 indigo-tracker daemon.debug pppd[620]: Script chat -v -f /etc/ppp/chatscripts/megafon-connect finished (pid 996), status = 0x3
Jan  1 03:03:23 indigo-tracker daemon.err pppd[620]: Connect script failed
Jan  1 03:03:24 indigo-tracker local2.info chat[1006]: abort on (BUSY)
Jan  1 03:03:24 indigo-tracker local2.info chat[1006]: abort on (ERROR)
Jan  1 03:03:24 indigo-tracker local2.info chat[1006]: abort on (UNDER-VOLTAGE WARNNING)
Jan  1 03:03:24 indigo-tracker local2.info chat[1006]: send (ATZ^M)
Jan  1 03:03:24 indigo-tracker local2.info chat[1006]: timeout set to 12 seconds
Jan  1 03:03:24 indigo-tracker local2.info chat[1006]: expect (OK)
Jan  1 03:03:24 indigo-tracker local2.info chat[1006]: ATZ^M^M
Jan  1 03:03:24 indigo-tracker local2.info chat[1006]: OK
Jan  1 03:03:24 indigo-tracker local2.info chat[1006]:  -- got it
Jan  1 03:03:24 indigo-tracker local2.info chat[1006]: send (AT+CGDCONT=1,"IP","internet"^M)
Jan  1 03:03:24 indigo-tracker local2.info chat[1006]: timeout set to 45 seconds
Jan  1 03:03:24 indigo-tracker local2.info chat[1006]: expect (OK)
Jan  1 03:03:24 indigo-tracker local2.info chat[1006]: ^M
Jan  1 03:03:24 indigo-tracker local2.info chat[1006]: AT+CGDCONT=1,"IP","internet"^M^M
Jan  1 03:03:24 indigo-tracker local2.info chat[1006]: OK
Jan  1 03:03:24 indigo-tracker local2.info chat[1006]:  -- got it
Jan  1 03:03:24 indigo-tracker local2.info chat[1006]: send (ATD*99#^M)
Jan  1 03:03:25 indigo-tracker local2.info chat[1006]: expect (CONNECT)
Jan  1 03:03:25 indigo-tracker local2.info chat[1006]: ^M
Jan  1 03:00:29 indigo-tracker syslog.info syslogd started: BusyBox v1.18.3
Jan  1 03:00:29 indigo-tracker user.notice kernel: klogd started: BusyBox v1.18.3 (2011-03-29 18:29:13 MSD)
Jan  1 03:00:29 indigo-tracker user.notice kernel: Linux version 2.6.38+ (yury@debian-dev-vm) (gcc version 4.4.5 (indigo-ct-ng) ) #60 Wed Sep 21 16:51:48 MSD 2011
Jan  1 03:00:29 indigo-tracker user.warn kernel: CPU: ARM926EJ-S [41069265] revision 5 (ARMv5TEJ), cr=00053177
Jan  1 03:00:29 indigo-tracker user.warn kernel: CPU: VIVT data cache, VIVT instruction cache
Jan  1 03:00:29 indigo-tracker user.warn kernel: Machine: Indigo AT91SAM9260-SK
Jan  1 03:00:29 indigo-tracker user.warn kernel: Memory policy: ECC disabled, Data cache writeback
Jan  1 03:00:29 indigo-tracker user.warn kernel: Clocks: CPU 196 MHz, master 98 MHz, main 12.000 MHz
Jan  1 03:00:29 indigo-tracker user.debug kernel: On node 0 totalpages: 16384
Jan  1 03:00:29 indigo-tracker user.debug kernel: free_area_init_node: node 0, pgdat c0369484, node_mem_map c037b000
Jan  1 03:00:29 indigo-tracker user.debug kernel:   Normal zone: 128 pages used for memmap
Jan  1 03:00:29 indigo-tracker user.debug kernel:   Normal zone: 0 pages reserved
Jan  1 03:00:29 indigo-tracker user.debug kernel:   Normal zone: 16256 pages, LIFO batch:3
Jan  1 03:00:29 indigo-tracker user.debug kernel: pcpu-alloc: s0 r0 d32768 u32768 alloc=1*32768
Jan  1 03:00:29 indigo-tracker user.debug kernel: pcpu-alloc: [0] 0 
Jan  1 03:00:29 indigo-tracker user.warn kernel: Built 1 zonelists in Zone order, mobility grouping on.  Total pages: 16256
Jan  1 03:00:29 indigo-tracker user.notice kernel: Kernel command line: console=ttyS0,115200=mem=64M root=/dev/mtdblock3
Jan  1 03:00:29 indigo-tracker user.info kernel: PID hash table entries: 256 (order: -2, 1024 bytes)
Jan  1 03:00:29 indigo-tracker user.info kernel: Dentry cache hash table entries: 8192 (order: 3, 32768 bytes)
Jan  1 03:00:29 indigo-tracker user.info kernel: Inode-cache hash table entries: 4096 (order: 2, 16384 bytes)
Jan  1 03:00:29 indigo-tracker user.info kernel: Memory: 64MB = 64MB total
Jan  1 03:00:29 indigo-tracker user.notice kernel: Memory: 61364k/61364k available, 4172k reserved, 0K highmem
Jan  1 03:00:29 indigo-tracker user.notice kernel: Virtual kernel memory layout:
Jan  1 03:00:29 indigo-tracker user.notice kernel:     vector  : 0xffff0000 - 0xffff1000   (   4 kB)
Jan  1 03:00:29 indigo-tracker user.notice kernel:     fixmap  : 0xfff00000 - 0xfffe0000   ( 896 kB)
Jan  1 03:00:29 indigo-tracker user.notice kernel:     DMA     : 0xffc00000 - 0xffe00000   (   2 MB)
Jan  1 03:00:29 indigo-tracker user.notice kernel:     vmalloc : 0xc4800000 - 0xfee00000   ( 934 MB)
Jan  1 03:00:29 indigo-tracker user.notice kernel:     lowmem  : 0xc0000000 - 0xc4000000   (  64 MB)
Jan  1 03:00:29 indigo-tracker user.notice kernel:     modules : 0xbf000000 - 0xc0000000   (  16 MB)
Jan  1 03:00:29 indigo-tracker user.notice kernel:       .init : 0xc0008000 - 0xc0024000   ( 112 kB)
Jan  1 03:00:29 indigo-tracker user.notice kernel:       .text : 0xc0024000 - 0xc03419d4   (3191 kB)
Jan  1 03:00:29 indigo-tracker user.notice kernel:       .data : 0xc0342000 - 0xc0369c60   ( 160 kB)
Jan  1 03:00:29 indigo-tracker user.info kernel: NR_IRQS:192
Jan  1 03:00:29 indigo-tracker user.info kernel: AT91: 96 gpio irqs in 3 banks
Jan  1 03:00:29 indigo-tracker user.warn kernel: Console: colour dummy device 80x30
Jan  1 03:00:29 indigo-tracker user.info kernel: console [ttyS0] enabled
Jan  1 03:00:29 indigo-tracker user.info kernel: Calibrating delay loop... 97.89 BogoMIPS (lpj=489472)
Jan  1 03:00:29 indigo-tracker user.info kernel: pid_max: default: 32768 minimum: 301
Jan  1 03:00:29 indigo-tracker user.warn kernel: Mount-cache hash table entries: 512
Jan  1 03:00:29 indigo-tracker user.info kernel: CPU: Testing write buffer coherency: ok
Jan  1 03:00:29 indigo-tracker user.info kernel: NET: Registered protocol family 16
Jan  1 03:00:29 indigo-tracker user.warn kernel: bio: create slab <bio-0> at 0
Jan  1 03:00:29 indigo-tracker user.notice kernel: SCSI subsystem initialized
Jan  1 03:00:29 indigo-tracker user.info kernel: usbcore: registered new interface driver usbfs
Jan  1 03:00:29 indigo-tracker user.info kernel: usbcore: registered new interface driver hub
Jan  1 03:00:29 indigo-tracker user.info kernel: usbcore: registered new device driver usb
Jan  1 03:00:29 indigo-tracker user.info kernel: Advanced Linux Sound Architecture Driver Version 1.0.23.
Jan  1 03:00:29 indigo-tracker user.info kernel: Switching to clocksource pit
Jan  1 03:00:29 indigo-tracker user.info kernel: NET: Registered protocol family 2
Jan  1 03:00:29 indigo-tracker user.info kernel: IP route cache hash table entries: 1024 (order: 0, 4096 bytes)
Jan  1 03:00:29 indigo-tracker user.info kernel: TCP established hash table entries: 2048 (order: 2, 16384 bytes)
Jan  1 03:00:29 indigo-tracker user.info kernel: TCP bind hash table entries: 2048 (order: 1, 8192 bytes)
Jan  1 03:00:29 indigo-tracker user.info kernel: TCP: Hash tables configured (established 2048 bind 2048)
Jan  1 03:00:29 indigo-tracker user.info kernel: TCP reno registered
Jan  1 03:00:29 indigo-tracker user.info kernel: UDP hash table entries: 256 (order: 0, 4096 bytes)
Jan  1 03:00:29 indigo-tracker user.info kernel: UDP-Lite hash table entries: 256 (order: 0, 4096 bytes)
Jan  1 03:00:29 indigo-tracker user.info kernel: NET: Registered protocol family 1
Jan  1 03:00:29 indigo-tracker user.debug kernel: yaffs: yaffs built Sep 21 2011 13:46:29 Installing.
Jan  1 03:00:29 indigo-tracker user.info kernel: msgmni has been set to 119
Jan  1 03:00:29 indigo-tracker user.info kernel: io scheduler noop registered (default)
Jan  1 03:00:29 indigo-tracker user.info kernel: io scheduler deadline registered
Jan  1 03:00:29 indigo-tracker user.info kernel: atmel_usart.0: ttyS0 at MMIO 0xfefff200 (irq = 1) is a ATMEL_SERIAL
Jan  1 03:00:29 indigo-tracker user.info kernel: atmel_usart.1: ttyS1 at MMIO 0xfffb0000 (irq = 6) is a ATMEL_SERIAL
Jan  1 03:00:29 indigo-tracker user.info kernel: atmel_usart.2: ttyS2 at MMIO 0xfffb8000 (irq = 8) is a ATMEL_SERIAL
Jan  1 03:00:29 indigo-tracker user.debug kernel: SK-AT91SAM9XE512: SIM508 power management driver, major 135, minor 0.
Jan  1 03:00:29 indigo-tracker user.info kernel: brd: module loaded
Jan  1 03:00:29 indigo-tracker user.info kernel: loop: module loaded
Jan  1 03:00:29 indigo-tracker user.info kernel: ssc ssc.0: Atmel SSC device at 0xc4818000 (irq 14)
Jan  1 03:00:29 indigo-tracker user.info kernel: NAND device: Manufacturer ID: 0xec, Chip ID: 0xda (Samsung NAND 256MiB 3,3V 8-bit)
Jan  1 03:00:29 indigo-tracker user.info kernel: Scanning device for bad blocks
Jan  1 03:00:29 indigo-tracker user.warn kernel: Bad eraseblock 131 at 0x000001060000
Jan  1 03:00:29 indigo-tracker user.warn kernel: Bad eraseblock 918 at 0x0000072c0000
Jan  1 03:00:29 indigo-tracker user.notice kernel: Creating 6 MTD partitions on "atmel_nand":
Jan  1 03:00:29 indigo-tracker user.notice kernel: 0x000000000000-0x000000020000 : "Bootstrap partition"
Jan  1 03:00:29 indigo-tracker user.notice kernel: 0x000000020000-0x000000060000 : "U-boot Partition"
Jan  1 03:00:29 indigo-tracker user.notice kernel: 0x0000000a0000-0x0000002a0000 : "Kernel Partition"
Jan  1 03:00:29 indigo-tracker user.notice kernel: 0x000000800000-0x000010000000 : "Storage Partition"
Jan  1 03:00:29 indigo-tracker user.notice kernel: 0x000000060000-0x000000080000 : "U-boot Environment"
Jan  1 03:00:29 indigo-tracker user.notice kernel: 0x000000080000-0x0000000a0000 : "U-boot Environment Backup"
Jan  1 03:00:29 indigo-tracker user.info kernel: atmel_spi atmel_spi.0: Atmel SPI Controller at 0xfffc8000 (irq 12)
Jan  1 03:00:29 indigo-tracker user.info kernel: atmel_spi atmel_spi.1: Atmel SPI Controller at 0xfffcc000 (irq 13)
Jan  1 03:00:29 indigo-tracker user.info kernel: PPP generic driver version 2.4.2
Jan  1 03:00:29 indigo-tracker user.info kernel: PPP Deflate Compression module registered
Jan  1 03:00:29 indigo-tracker user.info kernel: PPP BSD Compression module registered
Jan  1 03:00:29 indigo-tracker user.info kernel: PPP MPPE Compression module registered
Jan  1 03:00:29 indigo-tracker user.info kernel: NET: Registered protocol family 24
Jan  1 03:00:29 indigo-tracker user.info kernel: SLIP: version 0.8.4-NET3.019-NEWTTY (dynamic channels, max=256).
Jan  1 03:00:29 indigo-tracker user.info kernel: CSLIP: code copyright 1989 Regents of the University of California.
Jan  1 03:00:29 indigo-tracker user.info kernel: tun: Universal TUN/TAP device driver, 1.6
Jan  1 03:00:29 indigo-tracker user.info kernel: tun: (C) 1999-2004 Max Krasnyansky <maxk@qualcomm.com>
Jan  1 03:00:29 indigo-tracker user.info kernel: MACB_mii_bus: probed
Jan  1 03:00:29 indigo-tracker user.info kernel: eth0: Atmel MACB at 0xfffc4000 irq 21 (00:1f:f2:00:00:00)
Jan  1 03:00:29 indigo-tracker user.info kernel: eth0: attached PHY driver [Micrel KS8001 or KS8721] (mii_bus:phy_addr=ffffffff:01, irq=-1)
Jan  1 03:00:29 indigo-tracker user.info kernel: ohci_hcd: USB 1.1 'Open' Host Controller (OHCI) Driver
Jan  1 03:00:29 indigo-tracker user.info kernel: at91_ohci at91_ohci: AT91 OHCI
Jan  1 03:00:29 indigo-tracker user.info kernel: at91_ohci at91_ohci: new USB bus registered, assigned bus number 1
Jan  1 03:00:29 indigo-tracker user.info kernel: at91_ohci at91_ohci: irq 20, io mem 0x00500000
Jan  1 03:00:29 indigo-tracker user.info kernel: usb usb1: New USB device found, idVendor=1d6b, idProduct=0001
Jan  1 03:00:29 indigo-tracker user.info kernel: usb usb1: New USB device strings: Mfr=3, Product=2, SerialNumber=1
Jan  1 03:00:29 indigo-tracker user.info kernel: usb usb1: Product: AT91 OHCI
Jan  1 03:00:29 indigo-tracker user.info kernel: usb usb1: Manufacturer: Linux 2.6.38+ ohci_hcd
Jan  1 03:00:29 indigo-tracker user.info kernel: usb usb1: SerialNumber: at91
Jan  1 03:00:29 indigo-tracker user.info kernel: hub 1-0:1.0: USB hub found
Jan  1 03:00:29 indigo-tracker user.info kernel: hub 1-0:1.0: 2 ports detected
Jan  1 03:00:29 indigo-tracker user.info kernel: Initializing USB Mass Storage driver...
Jan  1 03:00:29 indigo-tracker user.info kernel: usbcore: registered new interface driver usb-storage
Jan  1 03:00:29 indigo-tracker user.info kernel: USB Mass Storage support registered.
Jan  1 03:00:29 indigo-tracker user.info kernel: rtc-at91sam9 at91_rtt.0: rtc core: registered at91_rtt as rtc0
Jan  1 03:00:29 indigo-tracker user.warn kernel: rtc-at91sam9 at91_rtt.0: rtc0: SET TIME!
Jan  1 03:00:29 indigo-tracker user.info kernel: i2c /dev entries driver
Jan  1 03:00:29 indigo-tracker user.info kernel: Linux video capture interface: v2.00
Jan  1 03:00:29 indigo-tracker user.info kernel: usbcore: registered new interface driver uvcvideo
Jan  1 03:00:29 indigo-tracker user.info kernel: USB Video Class driver (v1.0.0)
Jan  1 03:00:29 indigo-tracker user.info kernel: AT91SAM9 Watchdog enabled (heartbeat=15 sec, nowayout=0)
Jan  1 03:00:29 indigo-tracker user.info kernel: usbcore: registered new interface driver snd-usb-audio
Jan  1 03:00:29 indigo-tracker user.info kernel: ALSA device list:
Jan  1 03:00:29 indigo-tracker user.info kernel:   No soundcards found.
Jan  1 03:00:29 indigo-tracker user.info kernel: nf_conntrack version 0.5.0 (958 buckets, 3832 max)
Jan  1 03:00:29 indigo-tracker user.info kernel: ip_tables: (C) 2000-2006 Netfilter Core Team
Jan  1 03:00:29 indigo-tracker user.info kernel: TCP cubic registered
Jan  1 03:00:29 indigo-tracker user.info kernel: NET: Registered protocol family 17
Jan  1 03:00:29 indigo-tracker user.err kernel: rtc-at91sam9 at91_rtt.0: hctosys: unable to read the hardware clock
Jan  1 03:00:29 indigo-tracker user.info kernel: atmel_mci atmel_mci: Atmel MCI controller at 0xfffa8000 irq 9, 1 slots
Jan  1 03:00:29 indigo-tracker user.info kernel: yaffs: dev is 32505859 name is "mtdblock3" rw
Jan  1 03:00:29 indigo-tracker user.info kernel: yaffs: passed flags ""
Jan  1 03:00:29 indigo-tracker user.debug kernel: yaffs: yaffs: Attempting MTD mount of 31.3,"mtdblock3"
Jan  1 03:00:29 indigo-tracker user.debug kernel: yaffs: auto selecting yaffs2
Jan  1 03:00:29 indigo-tracker user.debug kernel: yaffs: block 68 is bad
Jan  1 03:00:29 indigo-tracker user.debug kernel: yaffs: block 855 is bad
Jan  1 03:00:29 indigo-tracker user.warn kernel: mmc0: host does not support reading read-only switch. assuming write-enable.
Jan  1 03:00:29 indigo-tracker user.info kernel: mmc0: new SD card at address 1234
Jan  1 03:00:29 indigo-tracker user.info kernel: mmcblk0: mmc0:1234 SA02G 1.83 GiB 
Jan  1 03:00:29 indigo-tracker user.info kernel:  mmcblk0: p1
Jan  1 03:00:29 indigo-tracker user.debug kernel: yaffs: yaffs_read_super: is_checkpointed 0
Jan  1 03:00:29 indigo-tracker user.warn kernel: VFS: Mounted root (yaffs filesystem) on device 31:3.
Jan  1 03:00:29 indigo-tracker user.info kernel: Freeing init memory: 112K
Jan  1 03:00:29 indigo-tracker user.alert kernel: piopins: with filter
Jan  1 03:00:29 indigo-tracker user.warn kernel: piopins: system time doesn't seem to be true, will not flush anything
Jan  1 03:00:29 indigo-tracker user.info kernel: SK-AT91SAM9XE512: SIM508 GPS power OFF.
Jan  1 03:00:29 indigo-tracker user.info kernel: eth0: link up (100/Full)
Jan  1 03:00:29 indigo-tracker user.info kernel: SK-AT91SAM9XE512: SIM508 GPS power ON.
Jan  1 03:00:29 indigo-tracker local2.info chat[649]: timeout set to 45 seconds
Jan  1 03:00:29 indigo-tracker local2.info chat[649]: expect (OK)
Jan  1 03:00:29 indigo-tracker local2.info chat[649]: ^M
Jan  1 03:00:29 indigo-tracker local2.info chat[649]: AT+CGDCONT=1,"IP","internet"^M^M
Jan  1 03:00:29 indigo-tracker local2.info chat[649]: OK
Jan  1 03:00:29 indigo-tracker local2.info chat[649]:  -- got it
Jan  1 03:00:29 indigo-tracker local2.info chat[649]: send (ATD*99#^M)
Jan  1 03:00:30 indigo-tracker local2.info chat[649]: expect (CONNECT)
Jan  1 03:00:30 indigo-tracker local2.info chat[649]: ^M
Jan  1 03:00:45 indigo-tracker auth.info login[657]: root login on 'ttyS0'
Jan  1 03:01:01 indigo-tracker cron.info crond[478]: crond: USER root pid 668 cmd /etc/cron/check_updates.sh
Jan  1 03:01:15 indigo-tracker local2.info chat[649]: alarm
Jan  1 03:01:15 indigo-tracker local2.info chat[649]: Failed
Jan  1 03:01:15 indigo-tracker daemon.debug pppd[646]: Script chat -v -f /etc/ppp/chatscripts/megafon-connect finished (pid 648), status = 0x3
Jan  1 03:01:15 indigo-tracker daemon.err pppd[646]: Connect script failed
Jan  1 03:01:16 indigo-tracker local2.info chat[672]: abort on (BUSY)
Jan  1 03:01:16 indigo-tracker local2.info chat[672]: abort on (ERROR)
Jan  1 03:01:16 indigo-tracker local2.info chat[672]: abort on (UNDER-VOLTAGE WARNNING)
Jan  1 03:01:16 indigo-tracker local2.info chat[672]: send (ATZ^M)
Jan  1 03:01:16 indigo-tracker local2.info chat[672]: timeout set to 12 seconds
Jan  1 03:01:16 indigo-tracker local2.info chat[672]: expect (OK)
Jan  1 03:01:16 indigo-tracker local2.info chat[672]: ATZ^M^M
Jan  1 03:01:16 indigo-tracker local2.info chat[672]: OK
Jan  1 03:01:16 indigo-tracker local2.info chat[672]:  -- got it
Jan  1 03:01:16 indigo-tracker local2.info chat[672]: send (AT+CGDCONT=1,"IP","internet"^M)
Jan  1 03:01:16 indigo-tracker local2.info chat[672]: timeout set to 45 seconds
Jan  1 03:01:16 indigo-tracker local2.info chat[672]: expect (OK)
Jan  1 03:01:16 indigo-tracker local2.info chat[672]: ^M
Jan  1 03:01:16 indigo-tracker local2.info chat[672]: AT+CGDCONT=1,"IP","internet"^M^M
Jan  1 03:01:16 indigo-tracker local2.info chat[672]: OK
Jan  1 03:01:16 indigo-tracker local2.info chat[672]:  -- got it
Jan  1 03:01:16 indigo-tracker local2.info chat[672]: send (ATD*99#^M)
Jan  1 03:01:17 indigo-tracker local2.info chat[672]: expect (CONNECT)
Jan  1 03:01:17 indigo-tracker local2.info chat[672]: ^M
Jan  1 03:02:01 indigo-tracker cron.info crond[478]: crond: USER root pid 676 cmd /etc/cron/check_updates.sh
Jan  1 03:02:02 indigo-tracker local2.info chat[672]: alarm
Jan  1 03:02:02 indigo-tracker local2.info chat[672]: Failed
Jan  1 03:02:02 indigo-tracker daemon.debug pppd[646]: Script chat -v -f /etc/ppp/chatscripts/megafon-connect finished (pid 671), status = 0x3
Jan  1 03:02:02 indigo-tracker daemon.err pppd[646]: Connect script failed
Jan  1 03:02:03 indigo-tracker local2.info chat[679]: abort on (BUSY)
Jan  1 03:02:03 indigo-tracker local2.info chat[679]: abort on (ERROR)
Jan  1 03:02:03 indigo-tracker local2.info chat[679]: abort on (UNDER-VOLTAGE WARNNING)
Jan  1 03:02:03 indigo-tracker local2.info chat[679]: send (ATZ^M)
Jan  1 03:02:03 indigo-tracker local2.info chat[679]: timeout set to 12 seconds
Jan  1 03:02:03 indigo-tracker local2.info chat[679]: expect (OK)
Jan  1 03:02:03 indigo-tracker local2.info chat[679]: ATZ^M^M
Jan  1 03:02:03 indigo-tracker local2.info chat[679]: OK
Jan  1 03:02:03 indigo-tracker local2.info chat[679]:  -- got it
Jan  1 03:02:03 indigo-tracker local2.info chat[679]: send (AT+CGDCONT=1,"IP","internet"^M)
Jan  1 03:02:03 indigo-tracker local2.info chat[679]: timeout set to 45 seconds
Jan  1 03:02:03 indigo-tracker local2.info chat[679]: expect (OK)
Jan  1 03:02:03 indigo-tracker local2.info chat[679]: ^M
Jan  1 03:02:03 indigo-tracker local2.info chat[679]: AT+CGDCONT=1,"IP","internet"^M^M
Jan  1 03:02:03 indigo-tracker local2.info chat[679]: OK
Jan  1 03:02:03 indigo-tracker local2.info chat[679]:  -- got it
Jan  1 03:02:03 indigo-tracker local2.info chat[679]: send (ATD*99#^M)
Jan  1 03:02:04 indigo-tracker local2.info chat[679]: expect (CONNECT)
Jan  1 03:02:04 indigo-tracker local2.info chat[679]: ^M
Jan  1 03:02:49 indigo-tracker local2.info chat[679]: alarm
Jan  1 03:02:49 indigo-tracker local2.info chat[679]: Failed
Jan  1 03:02:49 indigo-tracker daemon.debug pppd[646]: Script chat -v -f /etc/ppp/chatscripts/megafon-connect finished (pid 678), status = 0x3
Jan  1 03:02:49 indigo-tracker daemon.err pppd[646]: Connect script failed
Jan  1 03:02:50 indigo-tracker local2.info chat[681]: abort on (BUSY)
Jan  1 03:02:50 indigo-tracker local2.info chat[681]: abort on (ERROR)
Jan  1 03:02:50 indigo-tracker local2.info chat[681]: abort on (UNDER-VOLTAGE WARNNING)
Jan  1 03:02:50 indigo-tracker local2.info chat[681]: send (ATZ^M)
Jan  1 03:02:50 indigo-tracker local2.info chat[681]: timeout set to 12 seconds
Jan  1 03:02:50 indigo-tracker local2.info chat[681]: expect (OK)
Jan  1 03:02:50 indigo-tracker local2.info chat[681]: ATZ^M^M
Jan  1 03:02:50 indigo-tracker local2.info chat[681]: OK
Jan  1 03:02:50 indigo-tracker local2.info chat[681]:  -- got it
Jan  1 03:02:50 indigo-tracker local2.info chat[681]: send (AT+CGDCONT=1,"IP","internet"^M)
Jan  1 03:02:50 indigo-tracker local2.info chat[681]: timeout set to 45 seconds
Jan  1 03:02:50 indigo-tracker local2.info chat[681]: expect (OK)
Jan  1 03:02:50 indigo-tracker local2.info chat[681]: ^M
Jan  1 03:02:50 indigo-tracker local2.info chat[681]: AT+CGDCONT=1,"IP","internet"^M^M
Jan  1 03:02:50 indigo-tracker local2.info chat[681]: OK
Jan  1 03:02:50 indigo-tracker local2.info chat[681]:  -- got it
Jan  1 03:02:50 indigo-tracker local2.info chat[681]: send (ATD*99#^M)
Jan  1 03:02:51 indigo-tracker local2.info chat[681]: expect (CONNECT)
Jan  1 03:02:51 indigo-tracker local2.info chat[681]: ^M
Jan  1 03:03:01 indigo-tracker cron.info crond[478]: crond: USER root pid 682 cmd /etc/cron/check_updates.sh
Jan  1 03:03:36 indigo-tracker local2.info chat[681]: alarm
Jan  1 03:03:36 indigo-tracker local2.info chat[681]: Failed
Jan  1 03:03:36 indigo-tracker daemon.debug pppd[646]: Script chat -v -f /etc/ppp/chatscripts/megafon-connect finished (pid 680), status = 0x3
Jan  1 03:03:36 indigo-tracker daemon.err pppd[646]: Connect script failed
Jan  1 03:03:37 indigo-tracker local2.info chat[685]: abort on (BUSY)
Jan  1 03:03:37 indigo-tracker local2.info chat[685]: abort on (ERROR)
Jan  1 03:03:37 indigo-tracker local2.info chat[685]: abort on (UNDER-VOLTAGE WARNNING)
Jan  1 03:03:37 indigo-tracker local2.info chat[685]: send (ATZ^M)
Jan  1 03:03:37 indigo-tracker local2.info chat[685]: timeout set to 12 seconds
Jan  1 03:03:37 indigo-tracker local2.info chat[685]: expect (OK)
Jan  1 03:03:37 indigo-tracker local2.info chat[685]: ATZ^M^M
Jan  1 03:03:37 indigo-tracker local2.info chat[685]: OK
Jan  1 03:03:37 indigo-tracker local2.info chat[685]:  -- got it
Jan  1 03:03:37 indigo-tracker local2.info chat[685]: send (AT+CGDCONT=1,"IP","internet"^M)
Jan  1 03:03:37 indigo-tracker local2.info chat[685]: timeout set to 45 seconds
Jan  1 03:03:37 indigo-tracker local2.info chat[685]: expect (OK)
Jan  1 03:03:37 indigo-tracker local2.info chat[685]: ^M
Jan  1 03:03:38 indigo-tracker local2.info chat[685]: AT+CGDCONT=1,"IP","internet"^M^M
Jan  1 03:03:38 indigo-tracker local2.info chat[685]: OK
Jan  1 03:03:38 indigo-tracker local2.info chat[685]:  -- got it
Jan  1 03:03:38 indigo-tracker local2.info chat[685]: send (ATD*99#^M)
Jan  1 03:03:38 indigo-tracker local2.info chat[685]: expect (CONNECT)
Jan  1 03:03:38 indigo-tracker local2.info chat[685]: ^M
Jan  1 03:04:01 indigo-tracker cron.info crond[478]: crond: USER root pid 686 cmd /etc/cron/check_updates.sh
Jan  1 03:04:23 indigo-tracker local2.info chat[685]: alarm
Jan  1 03:04:23 indigo-tracker local2.info chat[685]: Failed
Jan  1 03:04:23 indigo-tracker daemon.debug pppd[646]: Script chat -v -f /etc/ppp/chatscripts/megafon-connect finished (pid 684), status = 0x3
Jan  1 03:04:23 indigo-tracker daemon.err pppd[646]: Connect script failed
Jan  1 03:04:24 indigo-tracker local2.info chat[689]: abort on (BUSY)
Jan  1 03:04:24 indigo-tracker local2.info chat[689]: abort on (ERROR)
Jan  1 03:04:24 indigo-tracker local2.info chat[689]: abort on (UNDER-VOLTAGE WARNNING)
Jan  1 03:04:24 indigo-tracker local2.info chat[689]: send (ATZ^M)
Jan  1 03:04:24 indigo-tracker local2.info chat[689]: timeout set to 12 seconds
Jan  1 03:04:24 indigo-tracker local2.info chat[689]: expect (OK)
Jan  1 03:04:24 indigo-tracker local2.info chat[689]: ATZ^M^M
Jan  1 03:04:24 indigo-tracker local2.info chat[689]: OK
Jan  1 03:04:24 indigo-tracker local2.info chat[689]:  -- got it
Jan  1 03:04:24 indigo-tracker local2.info chat[689]: send (AT+CGDCONT=1,"IP","internet"^M)
Jan  1 03:04:24 indigo-tracker local2.info chat[689]: timeout set to 45 seconds
Jan  1 03:04:24 indigo-tracker local2.info chat[689]: expect (OK)
Jan  1 03:04:24 indigo-tracker local2.info chat[689]: ^M
Jan  1 03:04:25 indigo-tracker local2.info chat[689]: AT+CGDCONT=1,"IP","internet"^M^M
Jan  1 03:04:25 indigo-tracker local2.info chat[689]: OK
Jan  1 03:04:25 indigo-tracker local2.info chat[689]:  -- got it
Jan  1 03:04:25 indigo-tracker local2.info chat[689]: send (ATD*99#^M)
Jan  1 03:04:25 indigo-tracker local2.info chat[689]: expect (CONNECT)
Jan  1 03:04:25 indigo-tracker local2.info chat[689]: ^M
Jan  1 03:05:01 indigo-tracker cron.info crond[478]: crond: USER root pid 690 cmd /etc/cron/check_updates.sh
Jan  1 03:05:01 indigo-tracker cron.info crond[478]: crond: USER root pid 691 cmd /etc/cron/rotate_video.sh
Jan  1 03:05:02 indigo-tracker user.notice root: rotating video
Jan  1 03:05:10 indigo-tracker local2.info chat[689]: alarm
Jan  1 03:05:10 indigo-tracker local2.info chat[689]: Failed
Jan  1 03:05:10 indigo-tracker daemon.debug pppd[646]: Script chat -v -f /etc/ppp/chatscripts/megafon-connect finished (pid 688), status = 0x3
Jan  1 03:05:10 indigo-tracker daemon.err pppd[646]: Connect script failed
Jan  1 03:05:11 indigo-tracker local2.info chat[716]: abort on (BUSY)
Jan  1 03:05:11 indigo-tracker local2.info chat[716]: abort on (ERROR)
Jan  1 03:05:11 indigo-tracker local2.info chat[716]: abort on (UNDER-VOLTAGE WARNNING)
Jan  1 03:05:11 indigo-tracker local2.info chat[716]: send (ATZ^M)
Jan  1 03:05:11 indigo-tracker local2.info chat[716]: timeout set to 12 seconds
Jan  1 03:05:11 indigo-tracker local2.info chat[716]: expect (OK)
Jan  1 03:05:11 indigo-tracker local2.info chat[716]: ATZ^M^M
Jan  1 03:05:11 indigo-tracker local2.info chat[716]: OK
Jan  1 03:05:11 indigo-tracker local2.info chat[716]:  -- got it
Jan  1 03:05:11 indigo-tracker local2.info chat[716]: send (AT+CGDCONT=1,"IP","internet"^M)
Jan  1 03:05:12 indigo-tracker local2.info chat[716]: timeout set to 45 seconds
Jan  1 03:05:12 indigo-tracker local2.info chat[716]: expect (OK)
Jan  1 03:05:12 indigo-tracker local2.info chat[716]: ^M
Jan  1 03:05:12 indigo-tracker local2.info chat[716]: AT+CGDCONT=1,"IP","internet"^M^M
Jan  1 03:05:12 indigo-tracker local2.info chat[716]: OK
Jan  1 03:05:12 indigo-tracker local2.info chat[716]:  -- got it
Jan  1 03:05:12 indigo-tracker local2.info chat[716]: send (ATD*99#^M)
Jan  1 03:05:12 indigo-tracker local2.info chat[716]: expect (CONNECT)
Jan  1 03:05:12 indigo-tracker local2.info chat[716]: ^M
Jan  1 03:05:57 indigo-tracker local2.info chat[716]: alarm
Jan  1 03:05:57 indigo-tracker local2.info chat[716]: Failed
Jan  1 03:05:57 indigo-tracker daemon.debug pppd[646]: Script chat -v -f /etc/ppp/chatscripts/megafon-connect finished (pid 715), status = 0x3
Jan  1 03:05:57 indigo-tracker daemon.err pppd[646]: Connect script failed
Jan  1 03:05:58 indigo-tracker local2.info chat[718]: abort on (BUSY)
Jan  1 03:05:58 indigo-tracker local2.info chat[718]: abort on (ERROR)
Jan  1 03:05:58 indigo-tracker local2.info chat[718]: abort on (UNDER-VOLTAGE WARNNING)
Jan  1 03:05:58 indigo-tracker local2.info chat[718]: send (ATZ^M)
Jan  1 03:05:58 indigo-tracker local2.info chat[718]: timeout set to 12 seconds
Jan  1 03:05:58 indigo-tracker local2.info chat[718]: expect (OK)
Jan  1 03:05:58 indigo-tracker local2.info chat[718]: ATZ^M^M
Jan  1 03:05:58 indigo-tracker local2.info chat[718]: OK
Jan  1 03:05:58 indigo-tracker local2.info chat[718]:  -- got it
Jan  1 03:05:58 indigo-tracker local2.info chat[718]: send (AT+CGDCONT=1,"IP","internet"^M)
Jan  1 03:05:59 indigo-tracker local2.info chat[718]: timeout set to 45 seconds
Jan  1 03:05:59 indigo-tracker local2.info chat[718]: expect (OK)
Jan  1 03:05:59 indigo-tracker local2.info chat[718]: ^M
Jan  1 03:05:59 indigo-tracker local2.info chat[718]: AT+CGDCONT=1,"IP","internet"^M^M
Jan  1 03:05:59 indigo-tracker local2.info chat[718]: OK
Jan  1 03:05:59 indigo-tracker local2.info chat[718]:  -- got it
Jan  1 03:05:59 indigo-tracker local2.info chat[718]: send (ATD*99#^M)
Jan  1 03:05:59 indigo-tracker local2.info chat[718]: expect (CONNECT)
Jan  1 03:05:59 indigo-tracker local2.info chat[718]: ^M
Jan  1 03:06:01 indigo-tracker cron.info crond[478]: crond: USER root pid 719 cmd /etc/cron/check_updates.sh
Jan  1 03:06:44 indigo-tracker local2.info chat[718]: alarm
Jan  1 03:06:44 indigo-tracker local2.info chat[718]: Failed
Jan  1 03:06:44 indigo-tracker daemon.debug pppd[646]: Script chat -v -f /etc/ppp/chatscripts/megafon-connect finished (pid 717), status = 0x3
Jan  1 03:06:44 indigo-tracker daemon.err pppd[646]: Connect script failed
Jan  1 03:06:45 indigo-tracker local2.info chat[722]: abort on (BUSY)
Jan  1 03:06:45 indigo-tracker local2.info chat[722]: abort on (ERROR)
Jan  1 03:06:45 indigo-tracker local2.info chat[722]: abort on (UNDER-VOLTAGE WARNNING)
Jan  1 03:06:45 indigo-tracker local2.info chat[722]: send (ATZ^M)
Jan  1 03:06:45 indigo-tracker local2.info chat[722]: timeout set to 12 seconds
Jan  1 03:06:45 indigo-tracker local2.info chat[722]: expect (OK)
Jan  1 03:06:45 indigo-tracker local2.info chat[722]: ATZ^M^M
Jan  1 03:06:45 indigo-tracker local2.info chat[722]: OK
Jan  1 03:06:45 indigo-tracker local2.info chat[722]:  -- got it
Jan  1 03:06:45 indigo-tracker local2.info chat[722]: send (AT+CGDCONT=1,"IP","internet"^M)
Jan  1 03:06:46 indigo-tracker local2.info chat[722]: timeout set to 45 seconds
Jan  1 03:06:46 indigo-tracker local2.info chat[722]: expect (OK)
Jan  1 03:06:46 indigo-tracker local2.info chat[722]: ^M
Jan  1 03:06:46 indigo-tracker local2.info chat[722]: AT+CGDCONT=1,"IP","internet"^M^M
Jan  1 03:06:46 indigo-tracker local2.info chat[722]: OK
Jan  1 03:06:46 indigo-tracker local2.info chat[722]:  -- got it
Jan  1 03:06:46 indigo-tracker local2.info chat[722]: send (ATD*99#^M)
Jan  1 03:06:46 indigo-tracker local2.info chat[722]: expect (CONNECT)
Jan  1 03:06:46 indigo-tracker local2.info chat[722]: ^M
Jan  1 03:07:01 indigo-tracker cron.info crond[478]: crond: USER root pid 723 cmd /etc/cron/check_updates.sh
Jan  1 03:07:31 indigo-tracker local2.info chat[722]: alarm
Jan  1 03:07:31 indigo-tracker local2.info chat[722]: Failed
Jan  1 03:07:31 indigo-tracker daemon.debug pppd[646]: Script chat -v -f /etc/ppp/chatscripts/megafon-connect finished (pid 721), status = 0x3
Jan  1 03:07:31 indigo-tracker daemon.err pppd[646]: Connect script failed
Jan  1 03:07:32 indigo-tracker local2.info chat[726]: abort on (BUSY)
Jan  1 03:07:32 indigo-tracker local2.info chat[726]: abort on (ERROR)
Jan  1 03:07:32 indigo-tracker local2.info chat[726]: abort on (UNDER-VOLTAGE WARNNING)
Jan  1 03:07:32 indigo-tracker local2.info chat[726]: send (ATZ^M)
Jan  1 03:07:32 indigo-tracker local2.info chat[726]: timeout set to 12 seconds
Jan  1 03:07:32 indigo-tracker local2.info chat[726]: expect (OK)
Jan  1 03:07:32 indigo-tracker local2.info chat[726]: ATZ^M^M
Jan  1 03:07:32 indigo-tracker local2.info chat[726]: OK
Jan  1 03:07:32 indigo-tracker local2.info chat[726]:  -- got it
Jan  1 03:07:32 indigo-tracker local2.info chat[726]: send (AT+CGDCONT=1,"IP","internet"^M)
Jan  1 03:07:33 indigo-tracker local2.info chat[726]: timeout set to 45 seconds
Jan  1 03:07:33 indigo-tracker local2.info chat[726]: expect (OK)
Jan  1 03:07:33 indigo-tracker local2.info chat[726]: ^M
Jan  1 03:07:33 indigo-tracker local2.info chat[726]: AT+CGDCONT=1,"IP","internet"^M^M
Jan  1 03:07:33 indigo-tracker local2.info chat[726]: OK
Jan  1 03:07:33 indigo-tracker local2.info chat[726]:  -- got it
Jan  1 03:07:33 indigo-tracker local2.info chat[726]: send (ATD*99#^M)
Jan  1 03:07:33 indigo-tracker local2.info chat[726]: expect (CONNECT)
Jan  1 03:07:33 indigo-tracker local2.info chat[726]: ^M
Jan  1 03:08:01 indigo-tracker cron.info crond[478]: crond: USER root pid 727 cmd /etc/cron/check_updates.sh
Jan  1 03:00:16 indigo-tracker syslog.info syslogd started: BusyBox v1.18.3
Jan  1 03:00:16 indigo-tracker syslog.info syslogd started: BusyBox v1.18.3
Jan  1 03:00:16 indigo-tracker user.notice kernel: klogd started: BusyBox v1.18.3 (2011-03-29 18:29:13 MSD)
Jan  1 03:00:16 indigo-tracker user.notice kernel: Linux version 2.6.38+ (yury@debian-dev-vm) (gcc version 4.4.5 (indigo-ct-ng) ) #60 Wed Sep 21 16:51:48 MSD 2011
Jan  1 03:00:16 indigo-tracker user.warn kernel: CPU: ARM926EJ-S [41069265] revision 5 (ARMv5TEJ), cr=00053177
Jan  1 03:00:16 indigo-tracker user.warn kernel: CPU: VIVT data cache, VIVT instruction cache
Jan  1 03:00:16 indigo-tracker user.warn kernel: Machine: Indigo AT91SAM9260-SK
Jan  1 03:00:16 indigo-tracker user.warn kernel: Memory policy: ECC disabled, Data cache writeback
Jan  1 03:00:16 indigo-tracker user.warn kernel: Clocks: CPU 196 MHz, master 98 MHz, main 12.000 MHz
Jan  1 03:00:16 indigo-tracker user.debug kernel: On node 0 totalpages: 16384
Jan  1 03:00:16 indigo-tracker user.debug kernel: free_area_init_node: node 0, pgdat c0369484, node_mem_map c037b000
Jan  1 03:00:16 indigo-tracker user.debug kernel:   Normal zone: 128 pages used for memmap
Jan  1 03:00:16 indigo-tracker user.debug kernel:   Normal zone: 0 pages reserved
Jan  1 03:00:16 indigo-tracker user.debug kernel:   Normal zone: 16256 pages, LIFO batch:3
Jan  1 03:00:16 indigo-tracker user.debug kernel: pcpu-alloc: s0 r0 d32768 u32768 alloc=1*32768
Jan  1 03:00:16 indigo-tracker user.debug kernel: pcpu-alloc: [0] 0 
Jan  1 03:00:16 indigo-tracker user.warn kernel: Built 1 zonelists in Zone order, mobility grouping on.  Total pages: 16256
Jan  1 03:00:16 indigo-tracker user.notice kernel: Kernel command line: console=ttyS0,115200=mem=64M root=/dev/mtdblock3
Jan  1 03:00:16 indigo-tracker user.info kernel: PID hash table entries: 256 (order: -2, 1024 bytes)
Jan  1 03:00:16 indigo-tracker user.info kernel: Dentry cache hash table entries: 8192 (order: 3, 32768 bytes)
Jan  1 03:00:16 indigo-tracker user.info kernel: Inode-cache hash table entries: 4096 (order: 2, 16384 bytes)
Jan  1 03:00:16 indigo-tracker user.info kernel: Memory: 64MB = 64MB total
Jan  1 03:00:16 indigo-tracker user.notice kernel: Memory: 61364k/61364k available, 4172k reserved, 0K highmem
Jan  1 03:00:16 indigo-tracker user.notice kernel: Virtual kernel memory layout:
Jan  1 03:00:16 indigo-tracker user.notice kernel:     vector  : 0xffff0000 - 0xffff1000   (   4 kB)
Jan  1 03:00:16 indigo-tracker user.notice kernel:     fixmap  : 0xfff00000 - 0xfffe0000   ( 896 kB)
Jan  1 03:00:16 indigo-tracker user.notice kernel:     DMA     : 0xffc00000 - 0xffe00000   (   2 MB)
Jan  1 03:00:16 indigo-tracker user.notice kernel:     vmalloc : 0xc4800000 - 0xfee00000   ( 934 MB)
Jan  1 03:00:16 indigo-tracker user.notice kernel:     lowmem  : 0xc0000000 - 0xc4000000   (  64 MB)
Jan  1 03:00:16 indigo-tracker user.notice kernel:     modules : 0xbf000000 - 0xc0000000   (  16 MB)
Jan  1 03:00:16 indigo-tracker user.notice kernel:       .init : 0xc0008000 - 0xc0024000   ( 112 kB)
Jan  1 03:00:16 indigo-tracker user.notice kernel:       .text : 0xc0024000 - 0xc03419d4   (3191 kB)
Jan  1 03:00:16 indigo-tracker user.notice kernel:       .data : 0xc0342000 - 0xc0369c60   ( 160 kB)
Jan  1 03:00:16 indigo-tracker user.info kernel: NR_IRQS:192
Jan  1 03:00:16 indigo-tracker user.info kernel: AT91: 96 gpio irqs in 3 banks
Jan  1 03:00:16 indigo-tracker user.warn kernel: Console: colour dummy device 80x30
Jan  1 03:00:16 indigo-tracker user.info kernel: console [ttyS0] enabled
Jan  1 03:00:16 indigo-tracker user.info kernel: Calibrating delay loop... 97.89 BogoMIPS (lpj=489472)
Jan  1 03:00:16 indigo-tracker user.info kernel: pid_max: default: 32768 minimum: 301
Jan  1 03:00:16 indigo-tracker user.warn kernel: Mount-cache hash table entries: 512
Jan  1 03:00:16 indigo-tracker user.info kernel: CPU: Testing write buffer coherency: ok
Jan  1 03:00:16 indigo-tracker user.info kernel: NET: Registered protocol family 16
Jan  1 03:00:16 indigo-tracker user.warn kernel: bio: create slab <bio-0> at 0
Jan  1 03:00:16 indigo-tracker user.notice kernel: SCSI subsystem initialized
Jan  1 03:00:16 indigo-tracker user.info kernel: usbcore: registered new interface driver usbfs
Jan  1 03:00:16 indigo-tracker user.info kernel: usbcore: registered new interface driver hub
Jan  1 03:00:16 indigo-tracker user.info kernel: usbcore: registered new device driver usb
Jan  1 03:00:16 indigo-tracker user.info kernel: Advanced Linux Sound Architecture Driver Version 1.0.23.
Jan  1 03:00:16 indigo-tracker user.info kernel: Switching to clocksource pit
Jan  1 03:00:16 indigo-tracker user.info kernel: NET: Registered protocol family 2
Jan  1 03:00:16 indigo-tracker user.info kernel: IP route cache hash table entries: 1024 (order: 0, 4096 bytes)
Jan  1 03:00:16 indigo-tracker user.info kernel: TCP established hash table entries: 2048 (order: 2, 16384 bytes)
Jan  1 03:00:16 indigo-tracker user.info kernel: TCP bind hash table entries: 2048 (order: 1, 8192 bytes)
Jan  1 03:00:16 indigo-tracker user.info kernel: TCP: Hash tables configured (established 2048 bind 2048)
Jan  1 03:00:16 indigo-tracker user.info kernel: TCP reno registered
Jan  1 03:00:16 indigo-tracker user.info kernel: UDP hash table entries: 256 (order: 0, 4096 bytes)
Jan  1 03:00:16 indigo-tracker user.info kernel: UDP-Lite hash table entries: 256 (order: 0, 4096 bytes)
Jan  1 03:00:16 indigo-tracker user.info kernel: NET: Registered protocol family 1
Jan  1 03:00:16 indigo-tracker user.debug kernel: yaffs: yaffs built Sep 21 2011 13:46:29 Installing.
Jan  1 03:00:16 indigo-tracker user.info kernel: msgmni has been set to 119
Jan  1 03:00:16 indigo-tracker user.info kernel: io scheduler noop registered (default)
Jan  1 03:00:16 indigo-tracker user.info kernel: io scheduler deadline registered
Jan  1 03:00:16 indigo-tracker user.info kernel: atmel_usart.0: ttyS0 at MMIO 0xfefff200 (irq = 1) is a ATMEL_SERIAL
Jan  1 03:00:16 indigo-tracker user.info kernel: atmel_usart.1: ttyS1 at MMIO 0xfffb0000 (irq = 6) is a ATMEL_SERIAL
Jan  1 03:00:16 indigo-tracker user.info kernel: atmel_usart.2: ttyS2 at MMIO 0xfffb8000 (irq = 8) is a ATMEL_SERIAL
Jan  1 03:00:16 indigo-tracker user.debug kernel: SK-AT91SAM9XE512: SIM508 power management driver, major 135, minor 0.
Jan  1 03:00:16 indigo-tracker user.info kernel: brd: module loaded
Jan  1 03:00:16 indigo-tracker user.info kernel: loop: module loaded
Jan  1 03:00:16 indigo-tracker user.info kernel: ssc ssc.0: Atmel SSC device at 0xc4818000 (irq 14)
Jan  1 03:00:16 indigo-tracker user.info kernel: NAND device: Manufacturer ID: 0xec, Chip ID: 0xda (Samsung NAND 256MiB 3,3V 8-bit)
Jan  1 03:00:16 indigo-tracker user.info kernel: Scanning device for bad blocks
Jan  1 03:00:16 indigo-tracker user.warn kernel: Bad eraseblock 131 at 0x000001060000
Jan  1 03:00:16 indigo-tracker user.warn kernel: Bad eraseblock 918 at 0x0000072c0000
Jan  1 03:00:16 indigo-tracker user.notice kernel: Creating 6 MTD partitions on "atmel_nand":
Jan  1 03:00:16 indigo-tracker user.notice kernel: 0x000000000000-0x000000020000 : "Bootstrap partition"
Jan  1 03:00:16 indigo-tracker user.notice kernel: 0x000000020000-0x000000060000 : "U-boot Partition"
Jan  1 03:00:16 indigo-tracker user.notice kernel: 0x0000000a0000-0x0000002a0000 : "Kernel Partition"
Jan  1 03:00:16 indigo-tracker user.notice kernel: 0x000000800000-0x000010000000 : "Storage Partition"
Jan  1 03:00:16 indigo-tracker user.notice kernel: 0x000000060000-0x000000080000 : "U-boot Environment"
Jan  1 03:00:16 indigo-tracker user.notice kernel: 0x000000080000-0x0000000a0000 : "U-boot Environment Backup"
Jan  1 03:00:16 indigo-tracker user.info kernel: atmel_spi atmel_spi.0: Atmel SPI Controller at 0xfffc8000 (irq 12)
Jan  1 03:00:16 indigo-tracker user.info kernel: atmel_spi atmel_spi.1: Atmel SPI Controller at 0xfffcc000 (irq 13)
Jan  1 03:00:16 indigo-tracker user.info kernel: PPP generic driver version 2.4.2
Jan  1 03:00:16 indigo-tracker user.info kernel: PPP Deflate Compression module registered
Jan  1 03:00:16 indigo-tracker user.info kernel: PPP BSD Compression module registered
Jan  1 03:00:16 indigo-tracker user.info kernel: PPP MPPE Compression module registered
Jan  1 03:00:16 indigo-tracker user.info kernel: NET: Registered protocol family 24
Jan  1 03:00:16 indigo-tracker user.info kernel: SLIP: version 0.8.4-NET3.019-NEWTTY (dynamic channels, max=256).
Jan  1 03:00:16 indigo-tracker user.info kernel: CSLIP: code copyright 1989 Regents of the University of California.
Jan  1 03:00:16 indigo-tracker user.info kernel: tun: Universal TUN/TAP device driver, 1.6
Jan  1 03:00:16 indigo-tracker user.info kernel: tun: (C) 1999-2004 Max Krasnyansky <maxk@qualcomm.com>
Jan  1 03:00:16 indigo-tracker user.info kernel: MACB_mii_bus: probed
Jan  1 03:00:16 indigo-tracker user.info kernel: eth0: Atmel MACB at 0xfffc4000 irq 21 (00:1f:f2:00:00:00)
Jan  1 03:00:16 indigo-tracker user.info kernel: eth0: attached PHY driver [Micrel KS8001 or KS8721] (mii_bus:phy_addr=ffffffff:01, irq=-1)
Jan  1 03:00:16 indigo-tracker user.info kernel: ohci_hcd: USB 1.1 'Open' Host Controller (OHCI) Driver
Jan  1 03:00:16 indigo-tracker user.info kernel: at91_ohci at91_ohci: AT91 OHCI
Jan  1 03:00:16 indigo-tracker user.info kernel: at91_ohci at91_ohci: new USB bus registered, assigned bus number 1
Jan  1 03:00:16 indigo-tracker user.info kernel: at91_ohci at91_ohci: irq 20, io mem 0x00500000
Jan  1 03:00:16 indigo-tracker user.info kernel: usb usb1: New USB device found, idVendor=1d6b, idProduct=0001
Jan  1 03:00:16 indigo-tracker user.info kernel: usb usb1: New USB device strings: Mfr=3, Product=2, SerialNumber=1
Jan  1 03:00:16 indigo-tracker user.info kernel: usb usb1: Product: AT91 OHCI
Jan  1 03:00:16 indigo-tracker user.info kernel: usb usb1: Manufacturer: Linux 2.6.38+ ohci_hcd
Jan  1 03:00:16 indigo-tracker user.info kernel: usb usb1: SerialNumber: at91
Jan  1 03:00:16 indigo-tracker user.info kernel: hub 1-0:1.0: USB hub found
Jan  1 03:00:16 indigo-tracker user.info kernel: hub 1-0:1.0: 2 ports detected
Jan  1 03:00:16 indigo-tracker user.info kernel: Initializing USB Mass Storage driver...
Jan  1 03:00:16 indigo-tracker user.info kernel: usbcore: registered new interface driver usb-storage
Jan  1 03:00:16 indigo-tracker user.info kernel: USB Mass Storage support registered.
Jan  1 03:00:16 indigo-tracker user.info kernel: rtc-at91sam9 at91_rtt.0: rtc core: registered at91_rtt as rtc0
Jan  1 03:00:16 indigo-tracker user.warn kernel: rtc-at91sam9 at91_rtt.0: rtc0: SET TIME!
Jan  1 03:00:16 indigo-tracker user.info kernel: i2c /dev entries driver
Jan  1 03:00:16 indigo-tracker user.info kernel: Linux video capture interface: v2.00
Jan  1 03:00:16 indigo-tracker user.info kernel: usbcore: registered new interface driver uvcvideo
Jan  1 03:00:16 indigo-tracker user.info kernel: USB Video Class driver (v1.0.0)
Jan  1 03:00:16 indigo-tracker user.info kernel: AT91SAM9 Watchdog enabled (heartbeat=15 sec, nowayout=0)
Jan  1 03:00:16 indigo-tracker user.info kernel: usbcore: registered new interface driver snd-usb-audio
Jan  1 03:00:16 indigo-tracker user.info kernel: ALSA device list:
Jan  1 03:00:16 indigo-tracker user.info kernel:   No soundcards found.
Jan  1 03:00:16 indigo-tracker user.info kernel: nf_conntrack version 0.5.0 (958 buckets, 3832 max)
Jan  1 03:00:16 indigo-tracker user.info kernel: ip_tables: (C) 2000-2006 Netfilter Core Team
Jan  1 03:00:16 indigo-tracker user.info kernel: TCP cubic registered
Jan  1 03:00:16 indigo-tracker user.info kernel: NET: Registered protocol family 17
Jan  1 03:00:16 indigo-tracker user.err kernel: rtc-at91sam9 at91_rtt.0: hctosys: unable to read the hardware clock
Jan  1 03:00:16 indigo-tracker user.info kernel: atmel_mci atmel_mci: Atmel MCI controller at 0xfffa8000 irq 9, 1 slots
Jan  1 03:00:16 indigo-tracker user.info kernel: yaffs: dev is 32505859 name is "mtdblock3" rw
Jan  1 03:00:16 indigo-tracker user.info kernel: yaffs: passed flags ""
Jan  1 03:00:16 indigo-tracker user.debug kernel: yaffs: yaffs: Attempting MTD mount of 31.3,"mtdblock3"
Jan  1 03:00:16 indigo-tracker user.debug kernel: yaffs: auto selecting yaffs2
Jan  1 03:00:16 indigo-tracker user.debug kernel: yaffs: block 68 is bad
Jan  1 03:00:16 indigo-tracker user.debug kernel: yaffs: block 855 is bad
Jan  1 03:00:16 indigo-tracker user.debug kernel: yaffs: yaffs_read_super: is_checkpointed 0
Jan  1 03:00:16 indigo-tracker user.warn kernel: VFS: Mounted root (yaffs filesystem) on device 31:3.
Jan  1 03:00:16 indigo-tracker user.info kernel: Freeing init memory: 112K
Jan  1 03:00:16 indigo-tracker user.alert kernel: piopins: with filter
Jan  1 03:00:16 indigo-tracker user.warn kernel: piopins: system time doesn't seem to be true, will not flush anything
Jan  1 03:00:16 indigo-tracker user.info kernel: SK-AT91SAM9XE512: SIM508 GPS power OFF.
Jan  1 03:00:16 indigo-tracker user.info kernel: eth0: link up (100/Full)
Jan  1 03:00:16 indigo-tracker user.info kernel: SK-AT91SAM9XE512: SIM508 GPS power ON.
Jan  1 03:00:16 indigo-tracker local2.info chat[623]: timeout set to 45 seconds
Jan  1 03:00:16 indigo-tracker local2.info chat[623]: expect (OK)
Jan  1 03:00:16 indigo-tracker local2.info chat[623]: ^M
Jan  1 03:00:16 indigo-tracker local2.info chat[623]: AT+CGDCONT=1,"IP","internet"^M^M
Jan  1 03:00:16 indigo-tracker local2.info chat[623]: OK
Jan  1 03:00:16 indigo-tracker local2.info chat[623]:  -- got it
Jan  1 03:00:16 indigo-tracker local2.info chat[623]: send (ATD*99#^M)
Jan  1 03:00:16 indigo-tracker local2.info chat[623]: expect (CONNECT)
Jan  1 03:00:16 indigo-tracker local2.info chat[623]: ^M
Jan  1 03:00:19 indigo-tracker auth.info login[631]: root login on 'ttyS0'
Jan  1 03:00:27 indigo-tracker user.info kernel: warning: `vsftpd' uses 32-bit capabilities (legacy support in use)
Jan  1 03:01:01 indigo-tracker cron.info crond[470]: crond: USER root pid 663 cmd /etc/cron/check_updates.sh
Jan  1 03:01:01 indigo-tracker user.notice root: update package acb5e67-da49cc4 installed
Jan  1 03:01:01 indigo-tracker local2.info chat[623]: alarm
Jan  1 03:01:01 indigo-tracker local2.info chat[623]: Failed
Jan  1 03:01:02 indigo-tracker daemon.debug pppd[620]: Script chat -v -f /etc/ppp/chatscripts/megafon-connect finished (pid 622), status = 0x3
Jan  1 03:01:02 indigo-tracker daemon.err pppd[620]: Connect script failed
Jan  1 03:01:03 indigo-tracker local2.info chat[677]: abort on (BUSY)
Jan  1 03:01:03 indigo-tracker local2.info chat[677]: abort on (ERROR)
Jan  1 03:01:03 indigo-tracker local2.info chat[677]: abort on (UNDER-VOLTAGE WARNNING)
Jan  1 03:01:03 indigo-tracker local2.info chat[677]: send (ATZ^M)
Jan  1 03:01:03 indigo-tracker local2.info chat[677]: timeout set to 12 seconds
Jan  1 03:01:03 indigo-tracker local2.info chat[677]: expect (OK)
Jan  1 03:01:03 indigo-tracker local2.info chat[677]: ATZ^M^M
Jan  1 03:01:03 indigo-tracker local2.info chat[677]: OK
Jan  1 03:01:03 indigo-tracker local2.info chat[677]:  -- got it
Jan  1 03:01:03 indigo-tracker local2.info chat[677]: send (AT+CGDCONT=1,"IP","internet"^M)
Jan  1 03:01:03 indigo-tracker local2.info chat[677]: timeout set to 45 seconds
Jan  1 03:01:03 indigo-tracker local2.info chat[677]: expect (OK)
Jan  1 03:01:03 indigo-tracker local2.info chat[677]: ^M
Jan  1 03:01:03 indigo-tracker local2.info chat[677]: AT+CGDCONT=1,"IP","internet"^M^M
Jan  1 03:01:03 indigo-tracker local2.info chat[677]: OK
Jan  1 03:01:03 indigo-tracker local2.info chat[677]:  -- got it
Jan  1 03:01:03 indigo-tracker local2.info chat[677]: send (ATD*99#^M)
Jan  1 03:01:03 indigo-tracker local2.info chat[677]: expect (CONNECT)
Jan  1 03:01:03 indigo-tracker local2.info chat[677]: ^M
Jan  1 03:01:12 indigo-tracker daemon.info init: starting pid 682, tty '/dev/null': '/etc/init.d/shutdown'
Jan  1 03:01:12 indigo-tracker user.notice root: mjpeg-streamer stopped
Jan  1 03:01:12 indigo-tracker user.notice root: sender stopped
Jan  1 03:01:13 indigo-tracker local2.err chat[677]: SIGTERM
Jan  1 03:01:13 indigo-tracker daemon.warn pppd[620]: Child process chat -v -f /etc/ppp/chatscripts/megafon-connect (pid 676) terminated with signal 15
Jan  1 03:01:13 indigo-tracker daemon.err pppd[620]: Connect script failed
Jan  1 03:01:13 indigo-tracker daemon.info pppd[620]: Exit.
Jan  1 03:01:13 indigo-tracker user.debug sysdaemon-dbus: flash remove
Jan  1 03:01:18 indigo-tracker daemon.info init: starting pid 715, tty '/dev/null': '/usr/bin/killall klogd'
Jan  1 03:01:18 indigo-tracker daemon.info init: starting pid 716, tty '/dev/null': '/usr/bin/killall syslogd'
Jan  1 03:01:18 indigo-tracker syslog.info syslogd exiting
Jan  1 03:00:11 indigo-tracker syslog.info syslogd started: BusyBox v1.18.3
Jan  1 03:00:11 indigo-tracker user.notice kernel: klogd started: BusyBox v1.18.3 (2011-03-29 18:29:13 MSD)
Jan  1 03:00:11 indigo-tracker user.notice kernel: Linux version 2.6.38+ (yury@debian-dev-vm) (gcc version 4.4.5 (indigo-ct-ng) ) #76 Fri Nov 11 18:57:40 MSK 2011
Jan  1 03:00:11 indigo-tracker user.warn kernel: CPU: ARM926EJ-S [41069265] revision 5 (ARMv5TEJ), cr=00053177
Jan  1 03:00:11 indigo-tracker user.warn kernel: CPU: VIVT data cache, VIVT instruction cache
Jan  1 03:00:11 indigo-tracker user.warn kernel: Machine: Indigo AT91SAM9260-SK
Jan  1 03:00:11 indigo-tracker user.warn kernel: Memory policy: ECC disabled, Data cache writeback
Jan  1 03:00:11 indigo-tracker user.warn kernel: Clocks: CPU 196 MHz, master 98 MHz, main 12.000 MHz
Jan  1 03:00:11 indigo-tracker user.debug kernel: On node 0 totalpages: 16384
Jan  1 03:00:11 indigo-tracker user.debug kernel: free_area_init_node: node 0, pgdat c0369484, node_mem_map c037b000
Jan  1 03:00:11 indigo-tracker user.debug kernel:   Normal zone: 128 pages used for memmap
Jan  1 03:00:11 indigo-tracker user.debug kernel:   Normal zone: 0 pages reserved
Jan  1 03:00:11 indigo-tracker user.debug kernel:   Normal zone: 16256 pages, LIFO batch:3
Jan  1 03:00:11 indigo-tracker user.debug kernel: pcpu-alloc: s0 r0 d32768 u32768 alloc=1*32768
Jan  1 03:00:11 indigo-tracker user.debug kernel: pcpu-alloc: [0] 0 
Jan  1 03:00:11 indigo-tracker user.warn kernel: Built 1 zonelists in Zone order, mobility grouping on.  Total pages: 16256
Jan  1 03:00:11 indigo-tracker user.notice kernel: Kernel command line: console=ttyS0,115200=mem=64M root=/dev/mtdblock3
Jan  1 03:00:11 indigo-tracker user.info kernel: PID hash table entries: 256 (order: -2, 1024 bytes)
Jan  1 03:00:11 indigo-tracker user.info kernel: Dentry cache hash table entries: 8192 (order: 3, 32768 bytes)
Jan  1 03:00:11 indigo-tracker user.info kernel: Inode-cache hash table entries: 4096 (order: 2, 16384 bytes)
Jan  1 03:00:11 indigo-tracker user.info kernel: Memory: 64MB = 64MB total
Jan  1 03:00:11 indigo-tracker user.notice kernel: Memory: 61364k/61364k available, 4172k reserved, 0K highmem
Jan  1 03:00:11 indigo-tracker user.notice kernel: Virtual kernel memory layout:
Jan  1 03:00:11 indigo-tracker user.notice kernel:     vector  : 0xffff0000 - 0xffff1000   (   4 kB)
Jan  1 03:00:11 indigo-tracker user.notice kernel:     fixmap  : 0xfff00000 - 0xfffe0000   ( 896 kB)
Jan  1 03:00:11 indigo-tracker user.notice kernel:     DMA     : 0xffc00000 - 0xffe00000   (   2 MB)
Jan  1 03:00:11 indigo-tracker user.notice kernel:     vmalloc : 0xc4800000 - 0xfee00000   ( 934 MB)
Jan  1 03:00:11 indigo-tracker user.notice kernel:     lowmem  : 0xc0000000 - 0xc4000000   (  64 MB)
Jan  1 03:00:11 indigo-tracker user.notice kernel:     modules : 0xbf000000 - 0xc0000000   (  16 MB)
Jan  1 03:00:11 indigo-tracker user.notice kernel:       .init : 0xc0008000 - 0xc0024000   ( 112 kB)
Jan  1 03:00:11 indigo-tracker user.notice kernel:       .text : 0xc0024000 - 0xc03419d4   (3191 kB)
Jan  1 03:00:11 indigo-tracker user.notice kernel:       .data : 0xc0342000 - 0xc0369c60   ( 160 kB)
Jan  1 03:00:11 indigo-tracker user.info kernel: NR_IRQS:192
Jan  1 03:00:11 indigo-tracker user.info kernel: AT91: 96 gpio irqs in 3 banks
Jan  1 03:00:11 indigo-tracker user.warn kernel: Console: colour dummy device 80x30
Jan  1 03:00:11 indigo-tracker user.info kernel: console [ttyS0] enabled
Jan  1 03:00:11 indigo-tracker user.info kernel: Calibrating delay loop... 97.89 BogoMIPS (lpj=489472)
Jan  1 03:00:11 indigo-tracker user.info kernel: pid_max: default: 32768 minimum: 301
Jan  1 03:00:11 indigo-tracker user.warn kernel: Mount-cache hash table entries: 512
Jan  1 03:00:11 indigo-tracker user.info kernel: CPU: Testing write buffer coherency: ok
Jan  1 03:00:11 indigo-tracker user.info kernel: NET: Registered protocol family 16
Jan  1 03:00:11 indigo-tracker user.warn kernel: bio: create slab <bio-0> at 0
Jan  1 03:00:11 indigo-tracker user.notice kernel: SCSI subsystem initialized
Jan  1 03:00:11 indigo-tracker user.info kernel: usbcore: registered new interface driver usbfs
Jan  1 03:00:11 indigo-tracker user.info kernel: usbcore: registered new interface driver hub
Jan  1 03:00:11 indigo-tracker user.info kernel: usbcore: registered new device driver usb
Jan  1 03:00:11 indigo-tracker user.info kernel: Advanced Linux Sound Architecture Driver Version 1.0.23.
Jan  1 03:00:11 indigo-tracker user.info kernel: Switching to clocksource pit
Jan  1 03:00:11 indigo-tracker user.info kernel: NET: Registered protocol family 2
Jan  1 03:00:11 indigo-tracker user.info kernel: IP route cache hash table entries: 1024 (order: 0, 4096 bytes)
Jan  1 03:00:11 indigo-tracker user.info kernel: TCP established hash table entries: 2048 (order: 2, 16384 bytes)
Jan  1 03:00:11 indigo-tracker user.info kernel: TCP bind hash table entries: 2048 (order: 1, 8192 bytes)
Jan  1 03:00:11 indigo-tracker user.info kernel: TCP: Hash tables configured (established 2048 bind 2048)
Jan  1 03:00:11 indigo-tracker user.info kernel: TCP reno registered
Jan  1 03:00:11 indigo-tracker user.info kernel: UDP hash table entries: 256 (order: 0, 4096 bytes)
Jan  1 03:00:11 indigo-tracker user.info kernel: UDP-Lite hash table entries: 256 (order: 0, 4096 bytes)
Jan  1 03:00:11 indigo-tracker user.info kernel: NET: Registered protocol family 1
Jan  1 03:00:11 indigo-tracker user.debug kernel: yaffs: yaffs built Nov  8 2011 18:50:55 Installing.
Jan  1 03:00:11 indigo-tracker user.info kernel: msgmni has been set to 119
Jan  1 03:00:11 indigo-tracker user.info kernel: io scheduler noop registered (default)
Jan  1 03:00:11 indigo-tracker user.info kernel: io scheduler deadline registered
Jan  1 03:00:11 indigo-tracker user.info kernel: atmel_usart.0: ttyS0 at MMIO 0xfefff200 (irq = 1) is a ATMEL_SERIAL
Jan  1 03:00:11 indigo-tracker user.info kernel: atmel_usart.1: ttyS1 at MMIO 0xfffb0000 (irq = 6) is a ATMEL_SERIAL
Jan  1 03:00:11 indigo-tracker user.info kernel: atmel_usart.2: ttyS2 at MMIO 0xfffb8000 (irq = 8) is a ATMEL_SERIAL
Jan  1 03:00:11 indigo-tracker user.debug kernel: SK-AT91SAM9XE512: SIM508 power management driver, major 135, minor 0.
Jan  1 03:00:11 indigo-tracker user.info kernel: brd: module loaded
Jan  1 03:00:11 indigo-tracker user.info kernel: loop: module loaded
Jan  1 03:00:11 indigo-tracker user.info kernel: ssc ssc.0: Atmel SSC device at 0xc4818000 (irq 14)
Jan  1 03:00:11 indigo-tracker user.info kernel: NAND device: Manufacturer ID: 0xec, Chip ID: 0xda (Samsung NAND 256MiB 3,3V 8-bit)
Jan  1 03:00:11 indigo-tracker user.info kernel: Scanning device for bad blocks
Jan  1 03:00:11 indigo-tracker user.warn kernel: Bad eraseblock 131 at 0x000001060000
Jan  1 03:00:11 indigo-tracker user.warn kernel: Bad eraseblock 918 at 0x0000072c0000
Jan  1 03:00:11 indigo-tracker user.notice kernel: Creating 6 MTD partitions on "atmel_nand":
Jan  1 03:00:11 indigo-tracker user.notice kernel: 0x000000000000-0x000000020000 : "Bootstrap partition"
Jan  1 03:00:11 indigo-tracker user.notice kernel: 0x000000020000-0x000000060000 : "U-boot Partition"
Jan  1 03:00:11 indigo-tracker user.notice kernel: 0x0000000a0000-0x0000002a0000 : "Kernel Partition"
Jan  1 03:00:11 indigo-tracker user.notice kernel: 0x000000800000-0x000010000000 : "Storage Partition"
Jan  1 03:00:11 indigo-tracker user.notice kernel: 0x000000060000-0x000000080000 : "U-boot Environment"
Jan  1 03:00:11 indigo-tracker user.notice kernel: 0x000000080000-0x0000000a0000 : "U-boot Environment Backup"
Jan  1 03:00:11 indigo-tracker user.info kernel: atmel_spi atmel_spi.0: Atmel SPI Controller at 0xfffc8000 (irq 12)
Jan  1 03:00:11 indigo-tracker user.info kernel: atmel_spi atmel_spi.1: Atmel SPI Controller at 0xfffcc000 (irq 13)
Jan  1 03:00:11 indigo-tracker user.info kernel: PPP generic driver version 2.4.2
Jan  1 03:00:11 indigo-tracker user.info kernel: PPP Deflate Compression module registered
Jan  1 03:00:11 indigo-tracker user.info kernel: PPP BSD Compression module registered
Jan  1 03:00:11 indigo-tracker user.info kernel: PPP MPPE Compression module registered
Jan  1 03:00:11 indigo-tracker user.info kernel: NET: Registered protocol family 24
Jan  1 03:00:11 indigo-tracker user.info kernel: SLIP: version 0.8.4-NET3.019-NEWTTY (dynamic channels, max=256).
Jan  1 03:00:11 indigo-tracker user.info kernel: CSLIP: code copyright 1989 Regents of the University of California.
Jan  1 03:00:11 indigo-tracker user.info kernel: tun: Universal TUN/TAP device driver, 1.6
Jan  1 03:00:11 indigo-tracker user.info kernel: tun: (C) 1999-2004 Max Krasnyansky <maxk@qualcomm.com>
Jan  1 03:00:11 indigo-tracker user.info kernel: MACB_mii_bus: probed
Jan  1 03:00:11 indigo-tracker user.info kernel: eth0: Atmel MACB at 0xfffc4000 irq 21 (00:1f:f2:00:00:00)
Jan  1 03:00:11 indigo-tracker user.info kernel: eth0: attached PHY driver [Micrel KS8001 or KS8721] (mii_bus:phy_addr=ffffffff:01, irq=-1)
Jan  1 03:00:11 indigo-tracker user.info kernel: ohci_hcd: USB 1.1 'Open' Host Controller (OHCI) Driver
Jan  1 03:00:11 indigo-tracker user.info kernel: at91_ohci at91_ohci: AT91 OHCI
Jan  1 03:00:11 indigo-tracker user.info kernel: at91_ohci at91_ohci: new USB bus registered, assigned bus number 1
Jan  1 03:00:11 indigo-tracker user.info kernel: at91_ohci at91_ohci: irq 20, io mem 0x00500000
Jan  1 03:00:11 indigo-tracker user.info kernel: usb usb1: New USB device found, idVendor=1d6b, idProduct=0001
Jan  1 03:00:11 indigo-tracker user.info kernel: usb usb1: New USB device strings: Mfr=3, Product=2, SerialNumber=1
Jan  1 03:00:11 indigo-tracker user.info kernel: usb usb1: Product: AT91 OHCI
Jan  1 03:00:11 indigo-tracker user.info kernel: usb usb1: Manufacturer: Linux 2.6.38+ ohci_hcd
Jan  1 03:00:11 indigo-tracker user.info kernel: usb usb1: SerialNumber: at91
Jan  1 03:00:11 indigo-tracker user.info kernel: hub 1-0:1.0: USB hub found
Jan  1 03:00:11 indigo-tracker user.info kernel: hub 1-0:1.0: 2 ports detected
Jan  1 03:00:11 indigo-tracker user.info kernel: Initializing USB Mass Storage driver...
Jan  1 03:00:11 indigo-tracker user.info kernel: usbcore: registered new interface driver usb-storage
Jan  1 03:00:11 indigo-tracker user.info kernel: USB Mass Storage support registered.
Jan  1 03:00:11 indigo-tracker user.info kernel: rtc-at91sam9 at91_rtt.0: rtc core: registered at91_rtt as rtc0
Jan  1 03:00:11 indigo-tracker user.warn kernel: rtc-at91sam9 at91_rtt.0: rtc0: SET TIME!
Jan  1 03:00:11 indigo-tracker user.info kernel: i2c /dev entries driver
Jan  1 03:00:11 indigo-tracker user.info kernel: Linux video capture interface: v2.00
Jan  1 03:00:11 indigo-tracker user.info kernel: usbcore: registered new interface driver uvcvideo
Jan  1 03:00:11 indigo-tracker user.info kernel: USB Video Class driver (v1.0.0)
Jan  1 03:00:11 indigo-tracker user.info kernel: AT91SAM9 Watchdog enabled (heartbeat=15 sec, nowayout=1)
Jan  1 03:00:11 indigo-tracker user.info kernel: usbcore: registered new interface driver snd-usb-audio
Jan  1 03:00:11 indigo-tracker user.info kernel: ALSA device list:
Jan  1 03:00:11 indigo-tracker user.info kernel:   No soundcards found.
Jan  1 03:00:11 indigo-tracker user.info kernel: nf_conntrack version 0.5.0 (958 buckets, 3832 max)
Jan  1 03:00:11 indigo-tracker user.info kernel: ip_tables: (C) 2000-2006 Netfilter Core Team
Jan  1 03:00:11 indigo-tracker user.info kernel: TCP cubic registered
Jan  1 03:00:11 indigo-tracker user.info kernel: NET: Registered protocol family 17
Jan  1 03:00:11 indigo-tracker user.err kernel: rtc-at91sam9 at91_rtt.0: hctosys: unable to read the hardware clock
Jan  1 03:00:11 indigo-tracker user.info kernel: atmel_mci atmel_mci: Atmel MCI controller at 0xfffa8000 irq 9, 1 slots
Jan  1 03:00:11 indigo-tracker user.info kernel: yaffs: dev is 32505859 name is "mtdblock3" rw
Jan  1 03:00:11 indigo-tracker user.info kernel: yaffs: passed flags ""
Jan  1 03:00:11 indigo-tracker user.debug kernel: yaffs: yaffs: Attempting MTD mount of 31.3,"mtdblock3"
Jan  1 03:00:11 indigo-tracker user.debug kernel: yaffs: auto selecting yaffs2
Jan  1 03:00:11 indigo-tracker user.debug kernel: yaffs: yaffs_read_super: is_checkpointed 1
Jan  1 03:00:11 indigo-tracker user.warn kernel: VFS: Mounted root (yaffs filesystem) on device 31:3.
Jan  1 03:00:11 indigo-tracker user.info kernel: Freeing init memory: 112K
Jan  1 03:00:11 indigo-tracker user.alert kernel: piopins: with filter
Jan  1 03:00:11 indigo-tracker user.warn kernel: piopins: system time doesn't seem to be true, will not flush anything
Jan  1 03:00:11 indigo-tracker user.info kernel: SK-AT91SAM9XE512: SIM508 GPS power OFF.
Jan  1 03:00:11 indigo-tracker user.info kernel: eth0: link up (100/Full)
Jan  1 03:00:11 indigo-tracker user.info kernel: SK-AT91SAM9XE512: SIM508 GPS power ON.
Jan  1 03:00:11 indigo-tracker local2.info chat[622]: timeout set to 45 seconds
Jan  1 03:00:11 indigo-tracker local2.info chat[622]: expect (OK)
Jan  1 03:00:11 indigo-tracker local2.info chat[622]: ^M
Jan  1 03:00:11 indigo-tracker local2.info chat[622]: AT+CGDCONT=1,"IP","internet"^M^M
Jan  1 03:00:11 indigo-tracker local2.info chat[622]: OK
Jan  1 03:00:11 indigo-tracker local2.info chat[622]:  -- got it
Jan  1 03:00:11 indigo-tracker local2.info chat[622]: send (ATD*99#^M)
Jan  1 03:00:11 indigo-tracker local2.info chat[622]: expect (CONNECT)
Jan  1 03:00:11 indigo-tracker local2.info chat[622]: ^M
Jan  1 03:00:21 indigo-tracker auth.info login[630]: root login on 'ttyS0'
Jan  1 03:00:16 indigo-tracker syslog.info syslogd started: BusyBox v1.18.3
Jan  1 03:00:16 indigo-tracker user.notice kernel: klogd started: BusyBox v1.18.3 (2011-03-29 18:29:13 MSD)
Jan  1 03:00:16 indigo-tracker user.notice kernel: Linux version 2.6.38+ (yury@debian-dev-vm) (gcc version 4.4.5 (indigo-ct-ng) ) #76 Fri Nov 11 18:57:40 MSK 2011
Jan  1 03:00:16 indigo-tracker user.warn kernel: CPU: ARM926EJ-S [41069265] revision 5 (ARMv5TEJ), cr=00053177
Jan  1 03:00:16 indigo-tracker user.warn kernel: CPU: VIVT data cache, VIVT instruction cache
Jan  1 03:00:16 indigo-tracker user.warn kernel: Machine: Indigo AT91SAM9260-SK
Jan  1 03:00:16 indigo-tracker user.warn kernel: Memory policy: ECC disabled, Data cache writeback
Jan  1 03:00:16 indigo-tracker user.warn kernel: Clocks: CPU 196 MHz, master 98 MHz, main 12.000 MHz
Jan  1 03:00:16 indigo-tracker user.debug kernel: On node 0 totalpages: 16384
Jan  1 03:00:16 indigo-tracker user.debug kernel: free_area_init_node: node 0, pgdat c0369484, node_mem_map c037b000
Jan  1 03:00:16 indigo-tracker cron.notice atd[628]: Removing stale lockfile for pid 628
Jan  1 03:00:16 indigo-tracker user.debug kernel:   Normal zone: 128 pages used for memmap
Jan  1 03:00:16 indigo-tracker user.debug kernel:   Normal zone: 0 pages reserved
Jan  1 03:00:16 indigo-tracker user.debug kernel:   Normal zone: 16256 pages, LIFO batch:3
Jan  1 03:00:16 indigo-tracker user.debug kernel: pcpu-alloc: s0 r0 d32768 u32768 alloc=1*32768
Jan  1 03:00:16 indigo-tracker user.debug kernel: pcpu-alloc: [0] 0 
Jan  1 03:00:16 indigo-tracker user.warn kernel: Built 1 zonelists in Zone order, mobility grouping on.  Total pages: 16256
Jan  1 03:00:16 indigo-tracker user.notice kernel: Kernel command line: console=ttyS0,115200=mem=64M root=/dev/mtdblock3
Jan  1 03:00:16 indigo-tracker user.info kernel: PID hash table entries: 256 (order: -2, 1024 bytes)
Jan  1 03:00:16 indigo-tracker user.info kernel: Dentry cache hash table entries: 8192 (order: 3, 32768 bytes)
Jan  1 03:00:16 indigo-tracker user.info kernel: Inode-cache hash table entries: 4096 (order: 2, 16384 bytes)
Jan  1 03:00:16 indigo-tracker user.info kernel: Memory: 64MB = 64MB total
Jan  1 03:00:16 indigo-tracker user.notice kernel: Memory: 61364k/61364k available, 4172k reserved, 0K highmem
Jan  1 03:00:16 indigo-tracker user.notice kernel: Virtual kernel memory layout:
Jan  1 03:00:16 indigo-tracker user.notice kernel:     vector  : 0xffff0000 - 0xffff1000   (   4 kB)
Jan  1 03:00:16 indigo-tracker user.notice kernel:     fixmap  : 0xfff00000 - 0xfffe0000   ( 896 kB)
Jan  1 03:00:16 indigo-tracker user.notice kernel:     DMA     : 0xffc00000 - 0xffe00000   (   2 MB)
Jan  1 03:00:16 indigo-tracker user.notice kernel:     vmalloc : 0xc4800000 - 0xfee00000   ( 934 MB)
Jan  1 03:00:16 indigo-tracker user.notice kernel:     lowmem  : 0xc0000000 - 0xc4000000   (  64 MB)
Jan  1 03:00:16 indigo-tracker user.notice kernel:     modules : 0xbf000000 - 0xc0000000   (  16 MB)
Jan  1 03:00:16 indigo-tracker user.notice kernel:       .init : 0xc0008000 - 0xc0024000   ( 112 kB)
Jan  1 03:00:16 indigo-tracker user.notice kernel:       .text : 0xc0024000 - 0xc03419d4   (3191 kB)
Jan  1 03:00:16 indigo-tracker user.notice kernel:       .data : 0xc0342000 - 0xc0369c60   ( 160 kB)
Jan  1 03:00:16 indigo-tracker user.info kernel: NR_IRQS:192
Jan  1 03:00:16 indigo-tracker user.info kernel: AT91: 96 gpio irqs in 3 banks
Jan  1 03:00:16 indigo-tracker user.warn kernel: Console: colour dummy device 80x30
Jan  1 03:00:16 indigo-tracker user.info kernel: console [ttyS0] enabled
Jan  1 03:00:16 indigo-tracker user.info kernel: Calibrating delay loop... 97.89 BogoMIPS (lpj=489472)
Jan  1 03:00:16 indigo-tracker user.info kernel: pid_max: default: 32768 minimum: 301
Jan  1 03:00:16 indigo-tracker user.warn kernel: Mount-cache hash table entries: 512
Jan  1 03:00:16 indigo-tracker user.info kernel: CPU: Testing write buffer coherency: ok
Jan  1 03:00:16 indigo-tracker user.info kernel: NET: Registered protocol family 16
Jan  1 03:00:16 indigo-tracker user.warn kernel: bio: create slab <bio-0> at 0
Jan  1 03:00:16 indigo-tracker user.notice kernel: SCSI subsystem initialized
Jan  1 03:00:16 indigo-tracker user.info kernel: usbcore: registered new interface driver usbfs
Jan  1 03:00:16 indigo-tracker user.info kernel: usbcore: registered new interface driver hub
Jan  1 03:00:16 indigo-tracker user.info kernel: usbcore: registered new device driver usb
Jan  1 03:00:16 indigo-tracker user.info kernel: Advanced Linux Sound Architecture Driver Version 1.0.23.
Jan  1 03:00:16 indigo-tracker user.info kernel: Switching to clocksource pit
Jan  1 03:00:16 indigo-tracker user.info kernel: NET: Registered protocol family 2
Jan  1 03:00:16 indigo-tracker user.info kernel: IP route cache hash table entries: 1024 (order: 0, 4096 bytes)
Jan  1 03:00:16 indigo-tracker user.info kernel: TCP established hash table entries: 2048 (order: 2, 16384 bytes)
Jan  1 03:00:16 indigo-tracker user.info kernel: TCP bind hash table entries: 2048 (order: 1, 8192 bytes)
Jan  1 03:00:16 indigo-tracker user.info kernel: TCP: Hash tables configured (established 2048 bind 2048)
Jan  1 03:00:16 indigo-tracker user.info kernel: TCP reno registered
Jan  1 03:00:16 indigo-tracker user.info kernel: UDP hash table entries: 256 (order: 0, 4096 bytes)
Jan  1 03:00:16 indigo-tracker user.info kernel: UDP-Lite hash table entries: 256 (order: 0, 4096 bytes)
Jan  1 03:00:16 indigo-tracker user.info kernel: NET: Registered protocol family 1
Jan  1 03:00:16 indigo-tracker user.debug kernel: yaffs: yaffs built Nov  8 2011 18:50:55 Installing.
Jan  1 03:00:16 indigo-tracker user.info kernel: msgmni has been set to 119
Jan  1 03:00:16 indigo-tracker user.info kernel: io scheduler noop registered (default)
Jan  1 03:00:16 indigo-tracker user.info kernel: io scheduler deadline registered
Jan  1 03:00:16 indigo-tracker user.info kernel: atmel_usart.0: ttyS0 at MMIO 0xfefff200 (irq = 1) is a ATMEL_SERIAL
Jan  1 03:00:16 indigo-tracker user.info kernel: atmel_usart.1: ttyS1 at MMIO 0xfffb0000 (irq = 6) is a ATMEL_SERIAL
Jan  1 03:00:16 indigo-tracker user.info kernel: atmel_usart.2: ttyS2 at MMIO 0xfffb8000 (irq = 8) is a ATMEL_SERIAL
Jan  1 03:00:16 indigo-tracker user.debug kernel: SK-AT91SAM9XE512: SIM508 power management driver, major 135, minor 0.
Jan  1 03:00:16 indigo-tracker user.info kernel: brd: module loaded
Jan  1 03:00:16 indigo-tracker user.info kernel: loop: module loaded
Jan  1 03:00:16 indigo-tracker user.info kernel: ssc ssc.0: Atmel SSC device at 0xc4818000 (irq 14)
Jan  1 03:00:16 indigo-tracker user.info kernel: NAND device: Manufacturer ID: 0xec, Chip ID: 0xda (Samsung NAND 256MiB 3,3V 8-bit)
Jan  1 03:00:16 indigo-tracker user.info kernel: Scanning device for bad blocks
Jan  1 03:00:16 indigo-tracker user.warn kernel: Bad eraseblock 131 at 0x000001060000
Jan  1 03:00:16 indigo-tracker user.warn kernel: Bad eraseblock 918 at 0x0000072c0000
Jan  1 03:00:16 indigo-tracker user.notice kernel: Creating 6 MTD partitions on "atmel_nand":
Jan  1 03:00:16 indigo-tracker user.notice kernel: 0x000000000000-0x000000020000 : "Bootstrap partition"
Jan  1 03:00:16 indigo-tracker user.notice kernel: 0x000000020000-0x000000060000 : "U-boot Partition"
Jan  1 03:00:16 indigo-tracker user.notice kernel: 0x0000000a0000-0x0000002a0000 : "Kernel Partition"
Jan  1 03:00:16 indigo-tracker user.notice kernel: 0x000000800000-0x000010000000 : "Storage Partition"
Jan  1 03:00:16 indigo-tracker user.notice kernel: 0x000000060000-0x000000080000 : "U-boot Environment"
Jan  1 03:00:16 indigo-tracker user.notice kernel: 0x000000080000-0x0000000a0000 : "U-boot Environment Backup"
Jan  1 03:00:16 indigo-tracker user.info kernel: atmel_spi atmel_spi.0: Atmel SPI Controller at 0xfffc8000 (irq 12)
Jan  1 03:00:16 indigo-tracker user.info kernel: atmel_spi atmel_spi.1: Atmel SPI Controller at 0xfffcc000 (irq 13)
Jan  1 03:00:16 indigo-tracker user.info kernel: PPP generic driver version 2.4.2
Jan  1 03:00:16 indigo-tracker user.info kernel: PPP Deflate Compression module registered
Jan  1 03:00:16 indigo-tracker user.info kernel: PPP BSD Compression module registered
Jan  1 03:00:16 indigo-tracker user.info kernel: PPP MPPE Compression module registered
Jan  1 03:00:16 indigo-tracker user.info kernel: NET: Registered protocol family 24
Jan  1 03:00:16 indigo-tracker user.info kernel: SLIP: version 0.8.4-NET3.019-NEWTTY (dynamic channels, max=256).
Jan  1 03:00:16 indigo-tracker user.info kernel: CSLIP: code copyright 1989 Regents of the University of California.
Jan  1 03:00:16 indigo-tracker user.info kernel: tun: Universal TUN/TAP device driver, 1.6
Jan  1 03:00:16 indigo-tracker user.info kernel: tun: (C) 1999-2004 Max Krasnyansky <maxk@qualcomm.com>
Jan  1 03:00:16 indigo-tracker user.info kernel: MACB_mii_bus: probed
Jan  1 03:00:16 indigo-tracker user.info kernel: eth0: Atmel MACB at 0xfffc4000 irq 21 (00:1f:f2:00:00:00)
Jan  1 03:00:16 indigo-tracker user.info kernel: eth0: attached PHY driver [Micrel KS8001 or KS8721] (mii_bus:phy_addr=ffffffff:01, irq=-1)
Jan  1 03:00:16 indigo-tracker user.info kernel: ohci_hcd: USB 1.1 'Open' Host Controller (OHCI) Driver
Jan  1 03:00:16 indigo-tracker user.info kernel: at91_ohci at91_ohci: AT91 OHCI
Jan  1 03:00:16 indigo-tracker user.info kernel: at91_ohci at91_ohci: new USB bus registered, assigned bus number 1
Jan  1 03:00:16 indigo-tracker user.info kernel: at91_ohci at91_ohci: irq 20, io mem 0x00500000
Jan  1 03:00:16 indigo-tracker user.info kernel: usb usb1: New USB device found, idVendor=1d6b, idProduct=0001
Jan  1 03:00:16 indigo-tracker user.info kernel: usb usb1: New USB device strings: Mfr=3, Product=2, SerialNumber=1
Jan  1 03:00:16 indigo-tracker user.info kernel: usb usb1: Product: AT91 OHCI
Jan  1 03:00:16 indigo-tracker user.info kernel: usb usb1: Manufacturer: Linux 2.6.38+ ohci_hcd
Jan  1 03:00:16 indigo-tracker user.info kernel: usb usb1: SerialNumber: at91
Jan  1 03:00:16 indigo-tracker user.info kernel: hub 1-0:1.0: USB hub found
Jan  1 03:00:16 indigo-tracker user.info kernel: hub 1-0:1.0: 2 ports detected
Jan  1 03:00:16 indigo-tracker user.info kernel: Initializing USB Mass Storage driver...
Jan  1 03:00:16 indigo-tracker user.info kernel: usbcore: registered new interface driver usb-storage
Jan  1 03:00:16 indigo-tracker user.info kernel: USB Mass Storage support registered.
Jan  1 03:00:16 indigo-tracker user.info kernel: rtc-at91sam9 at91_rtt.0: rtc core: registered at91_rtt as rtc0
Jan  1 03:00:16 indigo-tracker user.warn kernel: rtc-at91sam9 at91_rtt.0: rtc0: SET TIME!
Jan  1 03:00:16 indigo-tracker user.info kernel: i2c /dev entries driver
Jan  1 03:00:16 indigo-tracker user.info kernel: Linux video capture interface: v2.00
Jan  1 03:00:16 indigo-tracker user.info kernel: usbcore: registered new interface driver uvcvideo
Jan  1 03:00:16 indigo-tracker user.info kernel: USB Video Class driver (v1.0.0)
Jan  1 03:00:16 indigo-tracker user.info kernel: AT91SAM9 Watchdog enabled (heartbeat=15 sec, nowayout=1)
Jan  1 03:00:16 indigo-tracker user.info kernel: usbcore: registered new interface driver snd-usb-audio
Jan  1 03:00:16 indigo-tracker user.info kernel: ALSA device list:
Jan  1 03:00:16 indigo-tracker user.info kernel:   No soundcards found.
Jan  1 03:00:16 indigo-tracker user.info kernel: nf_conntrack version 0.5.0 (958 buckets, 3832 max)
Jan  1 03:00:16 indigo-tracker user.info kernel: ip_tables: (C) 2000-2006 Netfilter Core Team
Jan  1 03:00:16 indigo-tracker user.info kernel: TCP cubic registered
Jan  1 03:00:16 indigo-tracker user.info kernel: NET: Registered protocol family 17
Jan  1 03:00:16 indigo-tracker user.err kernel: rtc-at91sam9 at91_rtt.0: hctosys: unable to read the hardware clock
Jan  1 03:00:16 indigo-tracker user.info kernel: atmel_mci atmel_mci: Atmel MCI controller at 0xfffa8000 irq 9, 1 slots
Jan  1 03:00:16 indigo-tracker user.info kernel: yaffs: dev is 32505859 name is "mtdblock3" rw
Jan  1 03:00:16 indigo-tracker user.info kernel: yaffs: passed flags ""
Jan  1 03:00:16 indigo-tracker user.debug kernel: yaffs: yaffs: Attempting MTD mount of 31.3,"mtdblock3"
Jan  1 03:00:16 indigo-tracker user.debug kernel: yaffs: auto selecting yaffs2
Jan  1 03:00:16 indigo-tracker user.debug kernel: yaffs: block 68 is bad
Jan  1 03:00:16 indigo-tracker user.debug kernel: yaffs: block 855 is bad
Jan  1 03:00:16 indigo-tracker user.debug kernel: yaffs: yaffs_read_super: is_checkpointed 0
Jan  1 03:00:16 indigo-tracker user.warn kernel: VFS: Mounted root (yaffs filesystem) on device 31:3.
Jan  1 03:00:16 indigo-tracker user.info kernel: Freeing init memory: 112K
Jan  1 03:00:16 indigo-tracker user.alert kernel: piopins: with filter
Jan  1 03:00:16 indigo-tracker user.warn kernel: piopins: system time doesn't seem to be true, will not flush anything
Jan  1 03:00:16 indigo-tracker user.info kernel: SK-AT91SAM9XE512: SIM508 GPS power OFF.
Jan  1 03:00:16 indigo-tracker user.info kernel: eth0: link up (100/Full)
Jan  1 03:00:16 indigo-tracker user.info kernel: SK-AT91SAM9XE512: SIM508 GPS power ON.
Jan  1 03:00:16 indigo-tracker local2.info chat[622]: timeout set to 45 seconds
Jan  1 03:00:16 indigo-tracker local2.info chat[622]: expect (OK)
Jan  1 03:00:16 indigo-tracker local2.info chat[622]: ^M
Jan  1 03:00:16 indigo-tracker local2.info chat[622]: AT+CGDCONT=1,"IP","internet"^M^M
Jan  1 03:00:16 indigo-tracker local2.info chat[622]: OK
Jan  1 03:00:16 indigo-tracker local2.info chat[622]:  -- got it
Jan  1 03:00:16 indigo-tracker local2.info chat[622]: send (ATD*99#^M)
Jan  1 03:00:17 indigo-tracker local2.info chat[622]: expect (CONNECT)
Jan  1 03:00:17 indigo-tracker local2.info chat[622]: ^M
Jan  1 03:01:01 indigo-tracker cron.info crond[470]: crond: USER root pid 634 cmd /etc/cron/check_updates.sh
Jan  1 03:01:02 indigo-tracker local2.info chat[622]: alarm
Jan  1 03:01:02 indigo-tracker local2.info chat[622]: Failed
Jan  1 03:01:02 indigo-tracker daemon.debug pppd[619]: Script chat -v -f /etc/ppp/chatscripts/megafon-connect finished (pid 621), status = 0x3
Jan  1 03:01:02 indigo-tracker daemon.err pppd[619]: Connect script failed
Jan  1 03:01:03 indigo-tracker local2.info chat[637]: abort on (BUSY)
Jan  1 03:01:03 indigo-tracker local2.info chat[637]: abort on (ERROR)
Jan  1 03:01:03 indigo-tracker local2.info chat[637]: abort on (UNDER-VOLTAGE WARNNING)
Jan  1 03:01:03 indigo-tracker local2.info chat[637]: send (ATZ^M)
Jan  1 03:01:03 indigo-tracker local2.info chat[637]: timeout set to 12 seconds
Jan  1 03:01:03 indigo-tracker local2.info chat[637]: expect (OK)
Jan  1 03:01:03 indigo-tracker local2.info chat[637]: ATZ^M^M
Jan  1 03:01:03 indigo-tracker local2.info chat[637]: OK
Jan  1 03:01:03 indigo-tracker local2.info chat[637]:  -- got it
Jan  1 03:01:03 indigo-tracker local2.info chat[637]: send (AT+CGDCONT=1,"IP","internet"^M)
Jan  1 03:01:03 indigo-tracker local2.info chat[637]: timeout set to 45 seconds
Jan  1 03:01:03 indigo-tracker local2.info chat[637]: expect (OK)
Jan  1 03:01:03 indigo-tracker local2.info chat[637]: ^M
Jan  1 03:01:03 indigo-tracker local2.info chat[637]: AT+CGDCONT=1,"IP","internet"^M^M
Jan  1 03:01:03 indigo-tracker local2.info chat[637]: OK
Jan  1 03:01:03 indigo-tracker local2.info chat[637]:  -- got it
Jan  1 03:01:03 indigo-tracker local2.info chat[637]: send (ATD*99#^M)
Jan  1 03:01:04 indigo-tracker local2.info chat[637]: expect (CONNECT)
Jan  1 03:01:04 indigo-tracker local2.info chat[637]: ^M
Jan  1 03:01:49 indigo-tracker local2.info chat[637]: alarm
Jan  1 03:01:49 indigo-tracker local2.info chat[637]: Failed
Jan  1 03:01:49 indigo-tracker daemon.debug pppd[619]: Script chat -v -f /etc/ppp/chatscripts/megafon-connect finished (pid 636), status = 0x3
Jan  1 03:01:49 indigo-tracker daemon.err pppd[619]: Connect script failed
Jan  1 03:01:50 indigo-tracker local2.info chat[639]: abort on (BUSY)
Jan  1 03:01:50 indigo-tracker local2.info chat[639]: abort on (ERROR)
Jan  1 03:01:50 indigo-tracker local2.info chat[639]: abort on (UNDER-VOLTAGE WARNNING)
Jan  1 03:01:50 indigo-tracker local2.info chat[639]: send (ATZ^M)
Jan  1 03:01:50 indigo-tracker local2.info chat[639]: timeout set to 12 seconds
Jan  1 03:01:50 indigo-tracker local2.info chat[639]: expect (OK)
Jan  1 03:01:50 indigo-tracker local2.info chat[639]: ATZ^M^M
Jan  1 03:01:50 indigo-tracker local2.info chat[639]: OK
Jan  1 03:01:50 indigo-tracker local2.info chat[639]:  -- got it
Jan  1 03:01:50 indigo-tracker local2.info chat[639]: send (AT+CGDCONT=1,"IP","internet"^M)
Jan  1 03:01:50 indigo-tracker local2.info chat[639]: timeout set to 45 seconds
Jan  1 03:01:50 indigo-tracker local2.info chat[639]: expect (OK)
Jan  1 03:01:50 indigo-tracker local2.info chat[639]: ^M
Jan  1 03:01:50 indigo-tracker local2.info chat[639]: AT+CGDCONT=1,"IP","internet"^M^M
Jan  1 03:01:50 indigo-tracker local2.info chat[639]: OK
Jan  1 03:01:50 indigo-tracker local2.info chat[639]:  -- got it
Jan  1 03:01:50 indigo-tracker local2.info chat[639]: send (ATD*99#^M)
Jan  1 03:01:51 indigo-tracker local2.info chat[639]: expect (CONNECT)
Jan  1 03:01:51 indigo-tracker local2.info chat[639]: ^M
Jan  1 03:02:01 indigo-tracker cron.info crond[470]: crond: USER root pid 640 cmd /etc/cron/check_updates.sh
Jan  1 03:02:36 indigo-tracker local2.info chat[639]: alarm
Jan  1 03:02:36 indigo-tracker local2.info chat[639]: Failed
Jan  1 03:02:36 indigo-tracker daemon.debug pppd[619]: Script chat -v -f /etc/ppp/chatscripts/megafon-connect finished (pid 638), status = 0x3
Jan  1 03:02:36 indigo-tracker daemon.err pppd[619]: Connect script failed
Jan  1 03:02:37 indigo-tracker local2.info chat[643]: abort on (BUSY)
Jan  1 03:02:37 indigo-tracker local2.info chat[643]: abort on (ERROR)
Jan  1 03:02:37 indigo-tracker local2.info chat[643]: abort on (UNDER-VOLTAGE WARNNING)
Jan  1 03:02:37 indigo-tracker local2.info chat[643]: send (ATZ^M)
Jan  1 03:02:37 indigo-tracker local2.info chat[643]: timeout set to 12 seconds
Jan  1 03:02:37 indigo-tracker local2.info chat[643]: expect (OK)
Jan  1 03:02:37 indigo-tracker local2.info chat[643]: ATZ^M^M
Jan  1 03:02:37 indigo-tracker local2.info chat[643]: OK
Jan  1 03:02:37 indigo-tracker local2.info chat[643]:  -- got it
Jan  1 03:02:37 indigo-tracker local2.info chat[643]: send (AT+CGDCONT=1,"IP","internet"^M)
Jan  1 03:02:37 indigo-tracker local2.info chat[643]: timeout set to 45 seconds
Jan  1 03:02:37 indigo-tracker local2.info chat[643]: expect (OK)
Jan  1 03:02:37 indigo-tracker local2.info chat[643]: ^M
Jan  1 03:02:37 indigo-tracker local2.info chat[643]: AT+CGDCONT=1,"IP","internet"^M^M
Jan  1 03:02:37 indigo-tracker local2.info chat[643]: OK
