Jan  1 03:00:11 indigo-tracker user.notice kernel:     modules : 0xbf000000 - 0xc0000000   (  16 MB)
Jan  1 03:00:11 indigo-tracker user.notice kernel:       .init : 0xc0008000 - 0xc0024000   ( 112 kB)
Jan  1 03:00:11 indigo-tracker user.notice kernel:       .text : 0xc0024000 - 0xc03419d4   (3191 kB)
Jan  1 03:00:11 indigo-tracker user.notice kernel:       .data : 0xc0342000 - 0xc0369c60   ( 160 kB)
Jan  1 03:00:11 indigo-tracker user.info kernel: NR_IRQS:192
Jan  1 03:00:11 indigo-tracker user.info kernel: AT91: 96 gpio irqs in 3 banks
Jan  1 03:00:11 indigo-tracker user.warn kernel: Console: colour dummy device 80x30
Jan  1 03:00:11 indigo-tracker user.info kernel: console [ttyS0] enabled
Jan  1 03:00:11 indigo-tracker user.info kernel: Calibrating delay loop... 97.89 BogoMIPS (lpj=489472)
Jan  1 03:00:11 indigo-tracker user.info kernel: pid_max: default: 32768 minimum: 301
Jan  1 03:00:11 indigo-tracker user.warn kernel: Mount-cache hash table entries: 512
Jan  1 03:00:11 indigo-tracker user.info kernel: CPU: Testing write buffer coherency: ok
Jan  1 03:00:11 indigo-tracker user.info kernel: NET: Registered protocol family 16
Jan  1 03:00:11 indigo-tracker cron.notice atd[533]: Removing stale lockfile for pid 533
Jan  1 03:00:11 indigo-tracker user.warn kernel: bio: create slab <bio-0> at 0
Jan  1 03:00:11 indigo-tracker user.notice kernel: SCSI subsystem initialized
Jan  1 03:00:11 indigo-tracker user.info kernel: usbcore: registered new interface driver usbfs
Jan  1 03:00:12 indigo-tracker user.info kernel: usbcore: registered new interface driver hub
Jan  1 03:00:12 indigo-tracker user.info kernel: usbcore: registered new device driver usb
Jan  1 03:00:12 indigo-tracker user.info kernel: Advanced Linux Sound Architecture Driver Version 1.0.23.
Jan  1 03:00:12 indigo-tracker user.info kernel: Switching to clocksource pit
Jan  1 03:00:12 indigo-tracker user.info kernel: NET: Registered protocol family 2
Jan  1 03:00:12 indigo-tracker user.info kernel: IP route cache hash table entries: 1024 (order: 0, 4096 bytes)
Jan  1 03:00:12 indigo-tracker user.info kernel: TCP established hash table entries: 2048 (order: 2, 16384 bytes)
Jan  1 03:00:12 indigo-tracker user.info kernel: TCP bind hash table entries: 2048 (order: 1, 8192 bytes)
Jan  1 03:00:12 indigo-tracker user.info kernel: TCP: Hash tables configured (established 2048 bind 2048)
Jan  1 03:00:12 indigo-tracker user.info kernel: TCP reno registered
Jan  1 03:00:12 indigo-tracker user.info kernel: UDP hash table entries: 256 (order: 0, 4096 bytes)
Jan  1 03:00:12 indigo-tracker user.info kernel: UDP-Lite hash table entries: 256 (order: 0, 4096 bytes)
Jan  1 03:00:12 indigo-tracker user.info kernel: NET: Registered protocol family 1
Jan  1 03:00:12 indigo-tracker user.debug kernel: yaffs: yaffs built Nov  8 2011 18:50:55 Installing.
Jan  1 03:00:12 indigo-tracker user.info kernel: msgmni has been set to 119
Jan  1 03:00:12 indigo-tracker user.info kernel: io scheduler noop registered (default)
Jan  1 03:00:12 indigo-tracker user.info kernel: io scheduler deadline registered
Jan  1 03:00:12 indigo-tracker user.info kernel: atmel_usart.0: ttyS0 at MMIO 0xfefff200 (irq = 1) is a ATMEL_SERIAL
Jan  1 03:00:12 indigo-tracker user.info kernel: atmel_usart.1: ttyS1 at MMIO 0xfffb0000 (irq = 6) is a ATMEL_SERIAL
Jan  1 03:00:12 indigo-tracker user.info kernel: atmel_usart.2: ttyS2 at MMIO 0xfffb8000 (irq = 8) is a ATMEL_SERIAL
Jan  1 03:00:12 indigo-tracker user.debug kernel: SK-AT91SAM9XE512: SIM508 power management driver, major 135, minor 0.
Jan  1 03:00:12 indigo-tracker user.info kernel: brd: module loaded
Jan  1 03:00:12 indigo-tracker user.info kernel: loop: module loaded
Jan  1 03:00:12 indigo-tracker user.info kernel: ssc ssc.0: Atmel SSC device at 0xc4818000 (irq 14)
Jan  1 03:00:12 indigo-tracker user.info kernel: NAND device: Manufacturer ID: 0xec, Chip ID: 0xda (Samsung NAND 256MiB 3,3V 8-bit)
Jan  1 03:00:12 indigo-tracker user.info kernel: Scanning device for bad blocks
Jan  1 03:00:12 indigo-tracker user.warn kernel: Bad eraseblock 131 at 0x000001060000
Jan  1 03:00:12 indigo-tracker user.warn kernel: Bad eraseblock 918 at 0x0000072c0000
Jan  1 03:00:12 indigo-tracker user.notice kernel: Creating 6 MTD partitions on "atmel_nand":
Jan  1 03:00:12 indigo-tracker user.notice kernel: 0x000000000000-0x000000020000 : "Bootstrap partition"
Jan  1 03:00:12 indigo-tracker user.notice kernel: 0x000000020000-0x000000060000 : "U-boot Partition"
Jan  1 03:00:12 indigo-tracker user.notice kernel: 0x0000000a0000-0x0000002a0000 : "Kernel Partition"
Jan  1 03:00:12 indigo-tracker user.notice kernel: 0x000000800000-0x000010000000 : "Storage Partition"
Jan  1 03:00:12 indigo-tracker user.notice kernel: 0x000000060000-0x000000080000 : "U-boot Environment"
Jan  1 03:00:12 indigo-tracker user.notice kernel: 0x000000080000-0x0000000a0000 : "U-boot Environment Backup"
Jan  1 03:00:12 indigo-tracker user.info kernel: atmel_spi atmel_spi.0: Atmel SPI Controller at 0xfffc8000 (irq 12)
Jan  1 03:00:12 indigo-tracker user.info kernel: atmel_spi atmel_spi.1: Atmel SPI Controller at 0xfffcc000 (irq 13)
Jan  1 03:00:12 indigo-tracker user.info kernel: PPP generic driver version 2.4.2
Jan  1 03:00:12 indigo-tracker user.info kernel: PPP Deflate Compression module registered
Jan  1 03:00:12 indigo-tracker user.info kernel: PPP BSD Compression module registered
Jan  1 03:00:12 indigo-tracker user.info kernel: PPP MPPE Compression module registered
Jan  1 03:00:12 indigo-tracker user.info kernel: NET: Registered protocol family 24
Jan  1 03:00:12 indigo-tracker user.info kernel: SLIP: version 0.8.4-NET3.019-NEWTTY (dynamic channels, max=256).
Jan  1 03:00:12 indigo-tracker user.info kernel: CSLIP: code copyright 1989 Regents of the University of California.
Jan  1 03:00:12 indigo-tracker user.info kernel: tun: Universal TUN/TAP device driver, 1.6
Jan  1 03:00:12 indigo-tracker user.info kernel: tun: (C) 1999-2004 Max Krasnyansky <maxk@qualcomm.com>
Jan  1 03:00:12 indigo-tracker user.info kernel: macb macb: invalid hw address, using random
Jan  1 03:00:12 indigo-tracker user.info kernel: MACB_mii_bus: probed
Jan  1 03:00:12 indigo-tracker user.info kernel: eth0: Atmel MACB at 0xfffc4000 irq 21 (1a:5d:32:dc:bd:10)
Jan  1 03:00:12 indigo-tracker user.info kernel: eth0: attached PHY driver [Micrel KS8001 or KS8721] (mii_bus:phy_addr=ffffffff:01, irq=-1)
Jan  1 03:00:12 indigo-tracker user.info kernel: ohci_hcd: USB 1.1 'Open' Host Controller (OHCI) Driver
Jan  1 03:00:12 indigo-tracker user.info kernel: at91_ohci at91_ohci: AT91 OHCI
Jan  1 03:00:12 indigo-tracker user.info kernel: at91_ohci at91_ohci: new USB bus registered, assigned bus number 1
Jan  1 03:00:12 indigo-tracker user.info kernel: at91_ohci at91_ohci: irq 20, io mem 0x00500000
Jan  1 03:00:12 indigo-tracker user.info kernel: usb usb1: New USB device found, idVendor=1d6b, idProduct=0001
Jan  1 03:00:12 indigo-tracker user.info kernel: usb usb1: New USB device strings: Mfr=3, Product=2, SerialNumber=1
Jan  1 03:00:12 indigo-tracker user.info kernel: usb usb1: Product: AT91 OHCI
Jan  1 03:00:12 indigo-tracker user.info kernel: usb usb1: Manufacturer: Linux 2.6.38+ ohci_hcd
Jan  1 03:00:12 indigo-tracker user.info kernel: usb usb1: SerialNumber: at91
Jan  1 03:00:12 indigo-tracker user.info kernel: hub 1-0:1.0: USB hub found
Jan  1 03:00:12 indigo-tracker user.info kernel: hub 1-0:1.0: 2 ports detected
Jan  1 03:00:12 indigo-tracker user.info kernel: Initializing USB Mass Storage driver...
Jan  1 03:00:12 indigo-tracker user.info kernel: usbcore: registered new interface driver usb-storage
Jan  1 03:00:12 indigo-tracker user.info kernel: USB Mass Storage support registered.
Jan  1 03:00:12 indigo-tracker user.info kernel: rtc-at91sam9 at91_rtt.0: rtc core: registered at91_rtt as rtc0
Jan  1 03:00:12 indigo-tracker user.warn kernel: rtc-at91sam9 at91_rtt.0: rtc0: SET TIME!
Jan  1 03:00:12 indigo-tracker user.info kernel: i2c /dev entries driver
Jan  1 03:00:12 indigo-tracker user.info kernel: Linux video capture interface: v2.00
Jan  1 03:00:12 indigo-tracker user.info kernel: usbcore: registered new interface driver uvcvideo
Jan  1 03:00:12 indigo-tracker user.info kernel: USB Video Class driver (v1.0.0)
Jan  1 03:00:12 indigo-tracker user.info kernel: AT91SAM9 Watchdog enabled (heartbeat=15 sec, nowayout=1)
Jan  1 03:00:12 indigo-tracker user.info kernel: usbcore: registered new interface driver snd-usb-audio
Jan  1 03:00:12 indigo-tracker user.info kernel: ALSA device list:
Jan  1 03:00:12 indigo-tracker user.info kernel:   No soundcards found.
Jan  1 03:00:12 indigo-tracker user.info kernel: nf_conntrack version 0.5.0 (958 buckets, 3832 max)
Jan  1 03:00:12 indigo-tracker user.info kernel: ip_tables: (C) 2000-2006 Netfilter Core Team
Jan  1 03:00:12 indigo-tracker user.info kernel: TCP cubic registered
Jan  1 03:00:12 indigo-tracker user.info kernel: NET: Registered protocol family 17
Jan  1 03:00:12 indigo-tracker user.err kernel: rtc-at91sam9 at91_rtt.0: hctosys: unable to read the hardware clock
Jan  1 03:00:12 indigo-tracker user.info kernel: atmel_mci atmel_mci: Atmel MCI controller at 0xfffa8000 irq 9, 1 slots
Jan  1 03:00:12 indigo-tracker user.info kernel: yaffs: dev is 32505859 name is "mtdblock3" rw
Jan  1 03:00:12 indigo-tracker user.info kernel: yaffs: passed flags ""
Jan  1 03:00:12 indigo-tracker user.debug kernel: yaffs: yaffs: Attempting MTD mount of 31.3,"mtdblock3"
Jan  1 03:00:12 indigo-tracker user.debug kernel: yaffs: auto selecting yaffs2
Jan  1 03:00:12 indigo-tracker user.debug kernel: yaffs: block 68 is bad
Jan  1 03:00:12 indigo-tracker user.debug kernel: yaffs: block 855 is bad
Jan  1 03:00:12 indigo-tracker user.warn kernel: mmc0: host does not support reading read-only switch. assuming write-enable.
Jan  1 03:00:12 indigo-tracker user.info kernel: mmc0: new SD card at address 1234
Jan  1 03:00:12 indigo-tracker user.info kernel: mmcblk0: mmc0:1234 SA02G 1.83 GiB 
Jan  1 03:00:12 indigo-tracker user.info kernel:  mmcblk0: p1
Jan  1 03:00:12 indigo-tracker user.debug kernel: yaffs: yaffs_read_super: is_checkpointed 0
Jan  1 03:00:12 indigo-tracker user.warn kernel: VFS: Mounted root (yaffs filesystem) on device 31:3.
Jan  1 03:00:12 indigo-tracker user.info kernel: Freeing init memory: 112K
Jan  1 03:00:12 indigo-tracker user.alert kernel: piopins: with filter
Jan  1 03:00:12 indigo-tracker user.warn kernel: piopins: system time doesn't seem to be true, will not flush anything
Jan  1 03:00:12 indigo-tracker user.info kernel: SK-AT91SAM9XE512: SIM508 GPS power OFF.
Jan  1 03:00:12 indigo-tracker daemon.notice pppd[554]: pppd 2.4.5 started by root, uid 0
Jan  1 03:00:13 indigo-tracker local2.info chat[558]: abort on (BUSY)
Jan  1 03:00:13 indigo-tracker local2.info chat[558]: abort on (ERROR)
Jan  1 03:00:13 indigo-tracker local2.info chat[558]: abort on (UNDER-VOLTAGE WARNNING)
Jan  1 03:00:13 indigo-tracker local2.info chat[558]: send (ATZ^M)
Jan  1 03:00:13 indigo-tracker local2.info chat[558]: timeout set to 12 seconds
Jan  1 03:00:13 indigo-tracker local2.info chat[558]: expect (OK)
Jan  1 03:00:13 indigo-tracker local2.info chat[558]: ATZ^M^M
Jan  1 03:00:13 indigo-tracker local2.info chat[558]: OK
Jan  1 03:00:13 indigo-tracker local2.info chat[558]:  -- got it
Jan  1 03:00:13 indigo-tracker local2.info chat[558]: send (AT+CGDCONT=1,"IP","internet"^M)
Jan  1 03:00:13 indigo-tracker local2.info chat[558]: timeout set to 45 seconds
Jan  1 03:00:13 indigo-tracker local2.info chat[558]: expect (OK)
Jan  1 03:00:13 indigo-tracker local2.info chat[558]: ^M
Jan  1 03:00:14 indigo-tracker local2.info chat[558]: AT+CGDCONT=1,"IP","internet"^M^M
Jan  1 03:00:14 indigo-tracker local2.info chat[558]: OK
Jan  1 03:00:14 indigo-tracker local2.info chat[558]:  -- got it
Jan  1 03:00:14 indigo-tracker local2.info chat[558]: send (ATD*99#^M)
Jan  1 03:00:14 indigo-tracker local2.info chat[558]: expect (CONNECT)
Jan  1 03:00:14 indigo-tracker local2.info chat[558]: ^M
Jan  1 03:00:14 indigo-tracker user.info kernel: SK-AT91SAM9XE512: SIM508 GPS power ON.
Jan  1 03:00:27 indigo-tracker user.debug sysdaemon-dbus: flash insert
Jan  1 03:00:11 indigo-tracker syslog.info syslogd started: BusyBox v1.18.3
Jan  1 03:00:11 indigo-tracker user.notice kernel: klogd started: BusyBox v1.18.3 (2011-03-29 18:29:13 MSD)
Jan  1 03:00:11 indigo-tracker user.notice kernel: Linux version 2.6.38+ (yury@debian-dev-vm) (gcc version 4.4.5 (indigo-ct-ng) ) #76 Fri Nov 11 18:57:40 MSK 2011
Jan  1 03:00:11 indigo-tracker user.warn kernel: CPU: ARM926EJ-S [41069265] revision 5 (ARMv5TEJ), cr=00053177
Jan  1 03:00:11 indigo-tracker user.warn kernel: CPU: VIVT data cache, VIVT instruction cache
Jan  1 03:00:11 indigo-tracker user.warn kernel: Machine: Indigo AT91SAM9260-SK
Jan  1 03:00:11 indigo-tracker user.warn kernel: Memory policy: ECC disabled, Data cache writeback
Jan  1 03:00:11 indigo-tracker user.warn kernel: Clocks: CPU 196 MHz, master 98 MHz, main 12.000 MHz
Jan  1 03:00:11 indigo-tracker user.debug kernel: On node 0 totalpages: 16384
Jan  1 03:00:11 indigo-tracker user.debug kernel: free_area_init_node: node 0, pgdat c0369484, node_mem_map c037b000
Jan  1 03:00:11 indigo-tracker user.debug kernel:   Normal zone: 128 pages used for memmap
Jan  1 03:00:11 indigo-tracker user.debug kernel:   Normal zone: 0 pages reserved
Jan  1 03:00:11 indigo-tracker user.debug kernel:   Normal zone: 16256 pages, LIFO batch:3
Jan  1 03:00:11 indigo-tracker user.debug kernel: pcpu-alloc: s0 r0 d32768 u32768 alloc=1*32768
Jan  1 03:00:11 indigo-tracker user.debug kernel: pcpu-alloc: [0] 0 
Jan  1 03:00:11 indigo-tracker user.warn kernel: Built 1 zonelists in Zone order, mobility grouping on.  Total pages: 16256
Jan  1 03:00:11 indigo-tracker user.notice kernel: Kernel command line: console=ttyS0,115200=mem=64M root=/dev/mtdblock3
Jan  1 03:00:11 indigo-tracker user.info kernel: PID hash table entries: 256 (order: -2, 1024 bytes)
Jan  1 03:00:11 indigo-tracker user.info kernel: Dentry cache hash table entries: 8192 (order: 3, 32768 bytes)
Jan  1 03:00:11 indigo-tracker user.info kernel: Inode-cache hash table entries: 4096 (order: 2, 16384 bytes)
Jan  1 03:00:11 indigo-tracker user.info kernel: Memory: 64MB = 64MB total
Jan  1 03:00:11 indigo-tracker user.notice kernel: Memory: 61364k/61364k available, 4172k reserved, 0K highmem
Jan  1 03:00:11 indigo-tracker user.notice kernel: Virtual kernel memory layout:
Jan  1 03:00:11 indigo-tracker user.notice kernel:     vector  : 0xffff0000 - 0xffff1000   (   4 kB)
Jan  1 03:00:11 indigo-tracker user.notice kernel:     fixmap  : 0xfff00000 - 0xfffe0000   ( 896 kB)
Jan  1 03:00:11 indigo-tracker user.notice kernel:     DMA     : 0xffc00000 - 0xffe00000   (   2 MB)
Jan  1 03:00:11 indigo-tracker user.notice kernel:     vmalloc : 0xc4800000 - 0xfee00000   ( 934 MB)
Jan  1 03:00:11 indigo-tracker user.notice kernel:     lowmem  : 0xc0000000 - 0xc4000000   (  64 MB)
Jan  1 03:00:11 indigo-tracker user.notice kernel:     modules : 0xbf000000 - 0xc0000000   (  16 MB)
Jan  1 03:00:11 indigo-tracker user.notice kernel:       .init : 0xc0008000 - 0xc0024000   ( 112 kB)
Jan  1 03:00:11 indigo-tracker user.notice kernel:       .text : 0xc0024000 - 0xc03419d4   (3191 kB)
Jan  1 03:00:11 indigo-tracker user.notice kernel:       .data : 0xc0342000 - 0xc0369c60   ( 160 kB)
Jan  1 03:00:11 indigo-tracker user.info kernel: NR_IRQS:192
Jan  1 03:00:11 indigo-tracker user.info kernel: AT91: 96 gpio irqs in 3 banks
Jan  1 03:00:11 indigo-tracker user.warn kernel: Console: colour dummy device 80x30
Jan  1 03:00:11 indigo-tracker user.info kernel: console [ttyS0] enabled
Jan  1 03:00:11 indigo-tracker user.info kernel: Calibrating delay loop... 97.89 BogoMIPS (lpj=489472)
Jan  1 03:00:11 indigo-tracker user.info kernel: pid_max: default: 32768 minimum: 301
Jan  1 03:00:11 indigo-tracker user.warn kernel: Mount-cache hash table entries: 512
Jan  1 03:00:11 indigo-tracker user.info kernel: CPU: Testing write buffer coherency: ok
Jan  1 03:00:11 indigo-tracker user.info kernel: NET: Registered protocol family 16
Jan  1 03:00:11 indigo-tracker user.warn kernel: bio: create slab <bio-0> at 0
Jan  1 03:00:11 indigo-tracker user.notice kernel: SCSI subsystem initialized
Jan  1 03:00:11 indigo-tracker user.info kernel: usbcore: registered new interface driver usbfs
Jan  1 03:00:11 indigo-tracker user.info kernel: usbcore: registered new interface driver hub
Jan  1 03:00:11 indigo-tracker user.info kernel: usbcore: registered new device driver usb
Jan  1 03:00:11 indigo-tracker user.info kernel: Advanced Linux Sound Architecture Driver Version 1.0.23.
Jan  1 03:00:11 indigo-tracker user.info kernel: Switching to clocksource pit
Jan  1 03:00:11 indigo-tracker user.info kernel: NET: Registered protocol family 2
Jan  1 03:00:11 indigo-tracker user.info kernel: IP route cache hash table entries: 1024 (order: 0, 4096 bytes)
Jan  1 03:00:11 indigo-tracker user.info kernel: TCP established hash table entries: 2048 (order: 2, 16384 bytes)
Jan  1 03:00:11 indigo-tracker user.info kernel: TCP bind hash table entries: 2048 (order: 1, 8192 bytes)
Jan  1 03:00:11 indigo-tracker user.info kernel: TCP: Hash tables configured (established 2048 bind 2048)
Jan  1 03:00:11 indigo-tracker user.info kernel: TCP reno registered
Jan  1 03:00:11 indigo-tracker user.info kernel: UDP hash table entries: 256 (order: 0, 4096 bytes)
Jan  1 03:00:11 indigo-tracker user.info kernel: UDP-Lite hash table entries: 256 (order: 0, 4096 bytes)
Jan  1 03:00:11 indigo-tracker user.info kernel: NET: Registered protocol family 1
Jan  1 03:00:11 indigo-tracker user.debug kernel: yaffs: yaffs built Nov  8 2011 18:50:55 Installing.
Jan  1 03:00:11 indigo-tracker user.info kernel: msgmni has been set to 119
Jan  1 03:00:11 indigo-tracker user.info kernel: io scheduler noop registered (default)
Jan  1 03:00:11 indigo-tracker user.info kernel: io scheduler deadline registered
Jan  1 03:00:11 indigo-tracker user.info kernel: atmel_usart.0: ttyS0 at MMIO 0xfefff200 (irq = 1) is a ATMEL_SERIAL
Jan  1 03:00:11 indigo-tracker user.info kernel: atmel_usart.1: ttyS1 at MMIO 0xfffb0000 (irq = 6) is a ATMEL_SERIAL
Jan  1 03:00:11 indigo-tracker user.info kernel: atmel_usart.2: ttyS2 at MMIO 0xfffb8000 (irq = 8) is a ATMEL_SERIAL
Jan  1 03:00:11 indigo-tracker user.debug kernel: SK-AT91SAM9XE512: SIM508 power management driver, major 135, minor 0.
Jan  1 03:00:11 indigo-tracker user.info kernel: brd: module loaded
Jan  1 03:00:11 indigo-tracker user.info kernel: loop: module loaded
Jan  1 03:00:11 indigo-tracker user.info kernel: ssc ssc.0: Atmel SSC device at 0xc4818000 (irq 14)
Jan  1 03:00:11 indigo-tracker user.info kernel: NAND device: Manufacturer ID: 0xec, Chip ID: 0xda (Samsung NAND 256MiB 3,3V 8-bit)
Jan  1 03:00:11 indigo-tracker user.info kernel: Scanning device for bad blocks
Jan  1 03:00:11 indigo-tracker user.warn kernel: Bad eraseblock 131 at 0x000001060000
Jan  1 03:00:11 indigo-tracker user.warn kernel: Bad eraseblock 918 at 0x0000072c0000
Jan  1 03:00:11 indigo-tracker user.notice kernel: Creating 6 MTD partitions on "atmel_nand":
Jan  1 03:00:11 indigo-tracker user.notice kernel: 0x000000000000-0x000000020000 : "Bootstrap partition"
Jan  1 03:00:11 indigo-tracker user.notice kernel: 0x000000020000-0x000000060000 : "U-boot Partition"
Jan  1 03:00:11 indigo-tracker user.notice kernel: 0x0000000a0000-0x0000002a0000 : "Kernel Partition"
Jan  1 03:00:11 indigo-tracker user.notice kernel: 0x000000800000-0x000010000000 : "Storage Partition"
Jan  1 03:00:11 indigo-tracker user.notice kernel: 0x000000060000-0x000000080000 : "U-boot Environment"
Jan  1 03:00:11 indigo-tracker user.notice kernel: 0x000000080000-0x0000000a0000 : "U-boot Environment Backup"
Jan  1 03:00:11 indigo-tracker user.info kernel: atmel_spi atmel_spi.0: Atmel SPI Controller at 0xfffc8000 (irq 12)
Jan  1 03:00:11 indigo-tracker user.info kernel: atmel_spi atmel_spi.1: Atmel SPI Controller at 0xfffcc000 (irq 13)
Jan  1 03:00:11 indigo-tracker user.info kernel: PPP generic driver version 2.4.2
Jan  1 03:00:11 indigo-tracker user.info kernel: PPP Deflate Compression module registered
Jan  1 03:00:11 indigo-tracker user.info kernel: PPP BSD Compression module registered
Jan  1 03:00:11 indigo-tracker cron.notice atd[534]: Removing stale lockfile for pid 534
Jan  1 03:00:11 indigo-tracker user.info kernel: PPP MPPE Compression module registered
Jan  1 03:00:11 indigo-tracker user.info kernel: NET: Registered protocol family 24
Jan  1 03:00:11 indigo-tracker user.info kernel: SLIP: version 0.8.4-NET3.019-NEWTTY (dynamic channels, max=256).
Jan  1 03:00:11 indigo-tracker user.info kernel: CSLIP: code copyright 1989 Regents of the University of California.
Jan  1 03:00:11 indigo-tracker user.info kernel: tun: Universal TUN/TAP device driver, 1.6
Jan  1 03:00:11 indigo-tracker user.info kernel: tun: (C) 1999-2004 Max Krasnyansky <maxk@qualcomm.com>
Jan  1 03:00:11 indigo-tracker user.info kernel: macb macb: invalid hw address, using random
Jan  1 03:00:11 indigo-tracker user.info kernel: MACB_mii_bus: probed
Jan  1 03:00:11 indigo-tracker user.info kernel: eth0: Atmel MACB at 0xfffc4000 irq 21 (1a:5d:32:dc:bd:10)
Jan  1 03:00:11 indigo-tracker user.info kernel: eth0: attached PHY driver [Micrel KS8001 or KS8721] (mii_bus:phy_addr=ffffffff:01, irq=-1)
Jan  1 03:00:11 indigo-tracker user.info kernel: ohci_hcd: USB 1.1 'Open' Host Controller (OHCI) Driver
Jan  1 03:00:11 indigo-tracker user.info kernel: at91_ohci at91_ohci: AT91 OHCI
Jan  1 03:00:11 indigo-tracker user.info kernel: at91_ohci at91_ohci: new USB bus registered, assigned bus number 1
Jan  1 03:00:11 indigo-tracker user.info kernel: at91_ohci at91_ohci: irq 20, io mem 0x00500000
Jan  1 03:00:11 indigo-tracker user.info kernel: usb usb1: New USB device found, idVendor=1d6b, idProduct=0001
Jan  1 03:00:11 indigo-tracker user.info kernel: usb usb1: New USB device strings: Mfr=3, Product=2, SerialNumber=1
Jan  1 03:00:11 indigo-tracker user.info kernel: usb usb1: Product: AT91 OHCI
Jan  1 03:00:11 indigo-tracker user.info kernel: usb usb1: Manufacturer: Linux 2.6.38+ ohci_hcd
Jan  1 03:00:11 indigo-tracker user.info kernel: usb usb1: SerialNumber: at91
Jan  1 03:00:11 indigo-tracker user.info kernel: hub 1-0:1.0: USB hub found
Jan  1 03:00:11 indigo-tracker user.info kernel: hub 1-0:1.0: 2 ports detected
Jan  1 03:00:11 indigo-tracker user.info kernel: Initializing USB Mass Storage driver...
Jan  1 03:00:11 indigo-tracker user.info kernel: usbcore: registered new interface driver usb-storage
Jan  1 03:00:11 indigo-tracker user.info kernel: USB Mass Storage support registered.
Jan  1 03:00:11 indigo-tracker user.info kernel: rtc-at91sam9 at91_rtt.0: rtc core: registered at91_rtt as rtc0
Jan  1 03:00:11 indigo-tracker user.warn kernel: rtc-at91sam9 at91_rtt.0: rtc0: SET TIME!
Jan  1 03:00:11 indigo-tracker user.info kernel: i2c /dev entries driver
Jan  1 03:00:11 indigo-tracker user.info kernel: Linux video capture interface: v2.00
Jan  1 03:00:11 indigo-tracker user.info kernel: usbcore: registered new interface driver uvcvideo
Jan  1 03:00:11 indigo-tracker user.info kernel: USB Video Class driver (v1.0.0)
Jan  1 03:00:11 indigo-tracker user.info kernel: AT91SAM9 Watchdog enabled (heartbeat=15 sec, nowayout=1)
Jan  1 03:00:11 indigo-tracker user.info kernel: usbcore: registered new interface driver snd-usb-audio
Jan  1 03:00:11 indigo-tracker user.info kernel: ALSA device list:
Jan  1 03:00:11 indigo-tracker user.info kernel:   No soundcards found.
Jan  1 03:00:11 indigo-tracker user.info kernel: nf_conntrack version 0.5.0 (958 buckets, 3832 max)
Jan  1 03:00:11 indigo-tracker user.info kernel: ip_tables: (C) 2000-2006 Netfilter Core Team
Jan  1 03:00:11 indigo-tracker user.info kernel: TCP cubic registered
Jan  1 03:00:11 indigo-tracker user.info kernel: NET: Registered protocol family 17
Jan  1 03:00:11 indigo-tracker user.err kernel: rtc-at91sam9 at91_rtt.0: hctosys: unable to read the hardware clock
Jan  1 03:00:11 indigo-tracker user.info kernel: atmel_mci atmel_mci: Atmel MCI controller at 0xfffa8000 irq 9, 1 slots
Jan  1 03:00:11 indigo-tracker user.info kernel: yaffs: dev is 32505859 name is "mtdblock3" rw
Jan  1 03:00:11 indigo-tracker user.info kernel: yaffs: passed flags ""
Jan  1 03:00:11 indigo-tracker user.debug kernel: yaffs: yaffs: Attempting MTD mount of 31.3,"mtdblock3"
Jan  1 03:00:12 indigo-tracker user.debug kernel: yaffs: auto selecting yaffs2
Jan  1 03:00:12 indigo-tracker user.debug kernel: yaffs: block 68 is bad
Jan  1 03:00:12 indigo-tracker user.debug kernel: yaffs: block 855 is bad
Jan  1 03:00:12 indigo-tracker user.warn kernel: mmc0: host does not support reading read-only switch. assuming write-enable.
Jan  1 03:00:12 indigo-tracker user.info kernel: mmc0: new SD card at address 1234
Jan  1 03:00:12 indigo-tracker user.info kernel: mmcblk0: mmc0:1234 SA02G 1.83 GiB 
Jan  1 03:00:12 indigo-tracker user.info kernel:  mmcblk0: p1
Jan  1 03:00:12 indigo-tracker user.debug kernel: yaffs: yaffs_read_super: is_checkpointed 0
Jan  1 03:00:12 indigo-tracker user.warn kernel: VFS: Mounted root (yaffs filesystem) on device 31:3.
Jan  1 03:00:12 indigo-tracker user.info kernel: Freeing init memory: 112K
Jan  1 03:00:12 indigo-tracker user.alert kernel: piopins: with filter
Jan  1 03:00:12 indigo-tracker user.warn kernel: piopins: system time doesn't seem to be true, will not flush anything
Jan  1 03:00:12 indigo-tracker user.info kernel: SK-AT91SAM9XE512: SIM508 GPS power OFF.
Jan  1 03:00:12 indigo-tracker daemon.notice pppd[551]: pppd 2.4.5 started by root, uid 0
Jan  1 03:00:13 indigo-tracker local2.info chat[558]: abort on (BUSY)
Jan  1 03:00:13 indigo-tracker local2.info chat[558]: abort on (ERROR)
Jan  1 03:00:13 indigo-tracker local2.info chat[558]: abort on (UNDER-VOLTAGE WARNNING)
Jan  1 03:00:13 indigo-tracker local2.info chat[558]: send (ATZ^M)
Jan  1 03:00:13 indigo-tracker local2.info chat[558]: timeout set to 12 seconds
Jan  1 03:00:13 indigo-tracker local2.info chat[558]: expect (OK)
Jan  1 03:00:13 indigo-tracker local2.info chat[558]: ATZ^M^M
Jan  1 03:00:13 indigo-tracker local2.info chat[558]: OK
Jan  1 03:00:13 indigo-tracker local2.info chat[558]:  -- got it
Jan  1 03:00:13 indigo-tracker local2.info chat[558]: send (AT+CGDCONT=1,"IP","internet"^M)
Jan  1 03:00:13 indigo-tracker local2.info chat[558]: timeout set to 45 seconds
Jan  1 03:00:13 indigo-tracker local2.info chat[558]: expect (OK)
Jan  1 03:00:13 indigo-tracker local2.info chat[558]: ^M
Jan  1 03:00:13 indigo-tracker local2.info chat[558]: AT+CGDCONT=1,"IP","internet"^M^M
Jan  1 03:00:13 indigo-tracker local2.info chat[558]: OK
Jan  1 03:00:13 indigo-tracker local2.info chat[558]:  -- got it
Jan  1 03:00:13 indigo-tracker local2.info chat[558]: send (ATD*99#^M)
Jan  1 03:00:14 indigo-tracker local2.info chat[558]: expect (CONNECT)
Jan  1 03:00:14 indigo-tracker local2.info chat[558]: ^M
Jan  1 03:00:14 indigo-tracker user.info kernel: SK-AT91SAM9XE512: SIM508 GPS power ON.
Jan  1 03:00:27 indigo-tracker user.debug sysdaemon-dbus: flash insert
Jan  1 03:00:11 indigo-tracker syslog.info syslogd started: BusyBox v1.18.3
Jan  1 03:00:11 indigo-tracker user.notice kernel: klogd started: BusyBox v1.18.3 (2011-03-29 18:29:13 MSD)
Jan  1 03:00:11 indigo-tracker user.notice kernel: Linux version 2.6.38+ (yury@debian-dev-vm) (gcc version 4.4.5 (indigo-ct-ng) ) #76 Fri Nov 11 18:57:40 MSK 2011
Jan  1 03:00:11 indigo-tracker user.warn kernel: CPU: ARM926EJ-S [41069265] revision 5 (ARMv5TEJ), cr=00053177
Jan  1 03:00:11 indigo-tracker user.warn kernel: CPU: VIVT data cache, VIVT instruction cache
Jan  1 03:00:11 indigo-tracker user.warn kernel: Machine: Indigo AT91SAM9260-SK
Jan  1 03:00:11 indigo-tracker user.warn kernel: Memory policy: ECC disabled, Data cache writeback
Jan  1 03:00:11 indigo-tracker user.warn kernel: Clocks: CPU 196 MHz, master 98 MHz, main 12.000 MHz
Jan  1 03:00:11 indigo-tracker user.debug kernel: On node 0 totalpages: 16384
Jan  1 03:00:11 indigo-tracker user.debug kernel: free_area_init_node: node 0, pgdat c0369484, node_mem_map c037b000
Jan  1 03:00:11 indigo-tracker user.debug kernel:   Normal zone: 128 pages used for memmap
Jan  1 03:00:11 indigo-tracker user.debug kernel:   Normal zone: 0 pages reserved
Jan  1 03:00:11 indigo-tracker user.debug kernel:   Normal zone: 16256 pages, LIFO batch:3
Jan  1 03:00:11 indigo-tracker user.debug kernel: pcpu-alloc: s0 r0 d32768 u32768 alloc=1*32768
Jan  1 03:00:11 indigo-tracker user.debug kernel: pcpu-alloc: [0] 0 
Jan  1 03:00:11 indigo-tracker user.warn kernel: Built 1 zonelists in Zone order, mobility grouping on.  Total pages: 16256
Jan  1 03:00:11 indigo-tracker user.notice kernel: Kernel command line: console=ttyS0,115200=mem=64M root=/dev/mtdblock3
Jan  1 03:00:11 indigo-tracker user.info kernel: PID hash table entries: 256 (order: -2, 1024 bytes)
Jan  1 03:00:11 indigo-tracker user.info kernel: Dentry cache hash table entries: 8192 (order: 3, 32768 bytes)
Jan  1 03:00:11 indigo-tracker user.info kernel: Inode-cache hash table entries: 4096 (order: 2, 16384 bytes)
Jan  1 03:00:11 indigo-tracker user.info kernel: Memory: 64MB = 64MB total
Jan  1 03:00:11 indigo-tracker user.notice kernel: Memory: 61364k/61364k available, 4172k reserved, 0K highmem
Jan  1 03:00:11 indigo-tracker user.notice kernel: Virtual kernel memory layout:
Jan  1 03:00:11 indigo-tracker user.notice kernel:     vector  : 0xffff0000 - 0xffff1000   (   4 kB)
Jan  1 03:00:11 indigo-tracker user.notice kernel:     fixmap  : 0xfff00000 - 0xfffe0000   ( 896 kB)
Jan  1 03:00:11 indigo-tracker user.notice kernel:     DMA     : 0xffc00000 - 0xffe00000   (   2 MB)
Jan  1 03:00:11 indigo-tracker user.notice kernel:     vmalloc : 0xc4800000 - 0xfee00000   ( 934 MB)
Jan  1 03:00:11 indigo-tracker user.notice kernel:     lowmem  : 0xc0000000 - 0xc4000000   (  64 MB)
Jan  1 03:00:11 indigo-tracker user.notice kernel:     modules : 0xbf000000 - 0xc0000000   (  16 MB)
Jan  1 03:00:11 indigo-tracker user.notice kernel:       .init : 0xc0008000 - 0xc0024000   ( 112 kB)
Jan  1 03:00:11 indigo-tracker user.notice kernel:       .text : 0xc0024000 - 0xc03419d4   (3191 kB)
Jan  1 03:00:11 indigo-tracker user.notice kernel:       .data : 0xc0342000 - 0xc0369c60   ( 160 kB)
Jan  1 03:00:11 indigo-tracker user.info kernel: NR_IRQS:192
Jan  1 03:00:11 indigo-tracker user.info kernel: AT91: 96 gpio irqs in 3 banks
Jan  1 03:00:11 indigo-tracker user.warn kernel: Console: colour dummy device 80x30
Jan  1 03:00:11 indigo-tracker user.info kernel: console [ttyS0] enabled
Jan  1 03:00:11 indigo-tracker user.info kernel: Calibrating delay loop... 97.89 BogoMIPS (lpj=489472)
Jan  1 03:00:11 indigo-tracker user.info kernel: pid_max: default: 32768 minimum: 301
Jan  1 03:00:11 indigo-tracker user.warn kernel: Mount-cache hash table entries: 512
Jan  1 03:00:11 indigo-tracker user.info kernel: CPU: Testing write buffer coherency: ok
Jan  1 03:00:11 indigo-tracker user.info kernel: NET: Registered protocol family 16
Jan  1 03:00:11 indigo-tracker user.warn kernel: bio: create slab <bio-0> at 0
Jan  1 03:00:11 indigo-tracker user.notice kernel: SCSI subsystem initialized
Jan  1 03:00:11 indigo-tracker user.info kernel: usbcore: registered new interface driver usbfs
Jan  1 03:00:11 indigo-tracker user.info kernel: usbcore: registered new interface driver hub
Jan  1 03:00:11 indigo-tracker user.info kernel: usbcore: registered new device driver usb
Jan  1 03:00:11 indigo-tracker user.info kernel: Advanced Linux Sound Architecture Driver Version 1.0.23.
Jan  1 03:00:11 indigo-tracker user.info kernel: Switching to clocksource pit
Jan  1 03:00:11 indigo-tracker user.info kernel: NET: Registered protocol family 2
Jan  1 03:00:11 indigo-tracker user.info kernel: IP route cache hash table entries: 1024 (order: 0, 4096 bytes)
Jan  1 03:00:11 indigo-tracker user.info kernel: TCP established hash table entries: 2048 (order: 2, 16384 bytes)
Jan  1 03:00:11 indigo-tracker user.info kernel: TCP bind hash table entries: 2048 (order: 1, 8192 bytes)
Jan  1 03:00:11 indigo-tracker user.info kernel: TCP: Hash tables configured (established 2048 bind 2048)
Jan  1 03:00:11 indigo-tracker user.info kernel: TCP reno registered
Jan  1 03:00:11 indigo-tracker user.info kernel: UDP hash table entries: 256 (order: 0, 4096 bytes)
Jan  1 03:00:11 indigo-tracker user.info kernel: UDP-Lite hash table entries: 256 (order: 0, 4096 bytes)
Jan  1 03:00:11 indigo-tracker user.info kernel: NET: Registered protocol family 1
Jan  1 03:00:11 indigo-tracker user.debug kernel: yaffs: yaffs built Nov  8 2011 18:50:55 Installing.
Jan  1 03:00:11 indigo-tracker user.info kernel: msgmni has been set to 119
Jan  1 03:00:11 indigo-tracker user.info kernel: io scheduler noop registered (default)
Jan  1 03:00:11 indigo-tracker user.info kernel: io scheduler deadline registered
Jan  1 03:00:11 indigo-tracker user.info kernel: atmel_usart.0: ttyS0 at MMIO 0xfefff200 (irq = 1) is a ATMEL_SERIAL
Jan  1 03:00:11 indigo-tracker user.info kernel: atmel_usart.1: ttyS1 at MMIO 0xfffb0000 (irq = 6) is a ATMEL_SERIAL
Jan  1 03:00:11 indigo-tracker user.info kernel: atmel_usart.2: ttyS2 at MMIO 0xfffb8000 (irq = 8) is a ATMEL_SERIAL
Jan  1 03:00:11 indigo-tracker user.debug kernel: SK-AT91SAM9XE512: SIM508 power management driver, major 135, minor 0.
Jan  1 03:00:11 indigo-tracker user.info kernel: brd: module loaded
Jan  1 03:00:11 indigo-tracker user.info kernel: loop: module loaded
Jan  1 03:00:11 indigo-tracker user.info kernel: ssc ssc.0: Atmel SSC device at 0xc4818000 (irq 14)
Jan  1 03:00:11 indigo-tracker user.info kernel: NAND device: Manufacturer ID: 0xec, Chip ID: 0xda (Samsung NAND 256MiB 3,3V 8-bit)
Jan  1 03:00:11 indigo-tracker user.info kernel: Scanning device for bad blocks
Jan  1 03:00:11 indigo-tracker user.warn kernel: Bad eraseblock 131 at 0x000001060000
Jan  1 03:00:11 indigo-tracker user.warn kernel: Bad eraseblock 918 at 0x0000072c0000
Jan  1 03:00:11 indigo-tracker user.notice kernel: Creating 6 MTD partitions on "atmel_nand":
Jan  1 03:00:11 indigo-tracker user.notice kernel: 0x000000000000-0x000000020000 : "Bootstrap partition"
Jan  1 03:00:11 indigo-tracker user.notice kernel: 0x000000020000-0x000000060000 : "U-boot Partition"
Jan  1 03:00:11 indigo-tracker user.notice kernel: 0x0000000a0000-0x0000002a0000 : "Kernel Partition"
Jan  1 03:00:11 indigo-tracker cron.notice atd[533]: Removing stale lockfile for pid 533
Jan  1 03:00:11 indigo-tracker user.notice kernel: 0x000000800000-0x000010000000 : "Storage Partition"
Jan  1 03:00:11 indigo-tracker user.notice kernel: 0x000000060000-0x000000080000 : "U-boot Environment"
Jan  1 03:00:11 indigo-tracker user.notice kernel: 0x000000080000-0x0000000a0000 : "U-boot Environment Backup"
Jan  1 03:00:11 indigo-tracker user.info kernel: atmel_spi atmel_spi.0: Atmel SPI Controller at 0xfffc8000 (irq 12)
Jan  1 03:00:11 indigo-tracker user.info kernel: atmel_spi atmel_spi.1: Atmel SPI Controller at 0xfffcc000 (irq 13)
Jan  1 03:00:11 indigo-tracker user.info kernel: PPP generic driver version 2.4.2
Jan  1 03:00:11 indigo-tracker user.info kernel: PPP Deflate Compression module registered
Jan  1 03:00:11 indigo-tracker user.info kernel: PPP BSD Compression module registered
Jan  1 03:00:11 indigo-tracker user.info kernel: PPP MPPE Compression module registered
Jan  1 03:00:11 indigo-tracker user.info kernel: NET: Registered protocol family 24
Jan  1 03:00:11 indigo-tracker user.info kernel: SLIP: version 0.8.4-NET3.019-NEWTTY (dynamic channels, max=256).
Jan  1 03:00:11 indigo-tracker user.info kernel: CSLIP: code copyright 1989 Regents of the University of California.
Jan  1 03:00:11 indigo-tracker user.info kernel: tun: Universal TUN/TAP device driver, 1.6
Jan  1 03:00:11 indigo-tracker user.info kernel: tun: (C) 1999-2004 Max Krasnyansky <maxk@qualcomm.com>
Jan  1 03:00:11 indigo-tracker user.info kernel: MACB_mii_bus: probed
Jan  1 03:00:11 indigo-tracker user.info kernel: eth0: Atmel MACB at 0xfffc4000 irq 21 (00:1f:f2:00:00:00)
Jan  1 03:00:11 indigo-tracker user.info kernel: eth0: attached PHY driver [Micrel KS8001 or KS8721] (mii_bus:phy_addr=ffffffff:01, irq=-1)
Jan  1 03:00:11 indigo-tracker user.info kernel: ohci_hcd: USB 1.1 'Open' Host Controller (OHCI) Driver
Jan  1 03:00:11 indigo-tracker user.info kernel: at91_ohci at91_ohci: AT91 OHCI
Jan  1 03:00:11 indigo-tracker user.info kernel: at91_ohci at91_ohci: new USB bus registered, assigned bus number 1
Jan  1 03:00:11 indigo-tracker user.info kernel: at91_ohci at91_ohci: irq 20, io mem 0x00500000
Jan  1 03:00:11 indigo-tracker user.info kernel: usb usb1: New USB device found, idVendor=1d6b, idProduct=0001
Jan  1 03:00:11 indigo-tracker user.info kernel: usb usb1: New USB device strings: Mfr=3, Product=2, SerialNumber=1
Jan  1 03:00:11 indigo-tracker user.info kernel: usb usb1: Product: AT91 OHCI
Jan  1 03:00:11 indigo-tracker user.info kernel: usb usb1: Manufacturer: Linux 2.6.38+ ohci_hcd
Jan  1 03:00:11 indigo-tracker user.info kernel: usb usb1: SerialNumber: at91
Jan  1 03:00:11 indigo-tracker user.info kernel: hub 1-0:1.0: USB hub found
Jan  1 03:00:11 indigo-tracker user.info kernel: hub 1-0:1.0: 2 ports detected
Jan  1 03:00:11 indigo-tracker user.info kernel: Initializing USB Mass Storage driver...
Jan  1 03:00:11 indigo-tracker user.info kernel: usbcore: registered new interface driver usb-storage
Jan  1 03:00:11 indigo-tracker user.info kernel: USB Mass Storage support registered.
Jan  1 03:00:11 indigo-tracker user.info kernel: rtc-at91sam9 at91_rtt.0: rtc core: registered at91_rtt as rtc0
Jan  1 03:00:11 indigo-tracker user.warn kernel: rtc-at91sam9 at91_rtt.0: rtc0: SET TIME!
Jan  1 03:00:11 indigo-tracker user.info kernel: i2c /dev entries driver
Jan  1 03:00:11 indigo-tracker user.info kernel: Linux video capture interface: v2.00
Jan  1 03:00:11 indigo-tracker user.info kernel: usbcore: registered new interface driver uvcvideo
Jan  1 03:00:11 indigo-tracker user.info kernel: USB Video Class driver (v1.0.0)
Jan  1 03:00:11 indigo-tracker user.info kernel: AT91SAM9 Watchdog enabled (heartbeat=15 sec, nowayout=1)
Jan  1 03:00:11 indigo-tracker user.info kernel: usbcore: registered new interface driver snd-usb-audio
Jan  1 03:00:11 indigo-tracker user.info kernel: ALSA device list:
Jan  1 03:00:11 indigo-tracker user.info kernel:   No soundcards found.
Jan  1 03:00:11 indigo-tracker user.info kernel: nf_conntrack version 0.5.0 (958 buckets, 3832 max)
Jan  1 03:00:11 indigo-tracker user.info kernel: ip_tables: (C) 2000-2006 Netfilter Core Team
Jan  1 03:00:11 indigo-tracker user.info kernel: TCP cubic registered
Jan  1 03:00:11 indigo-tracker user.info kernel: NET: Registered protocol family 17
Jan  1 03:00:11 indigo-tracker user.err kernel: rtc-at91sam9 at91_rtt.0: hctosys: unable to read the hardware clock
Jan  1 03:00:11 indigo-tracker user.info kernel: atmel_mci atmel_mci: Atmel MCI controller at 0xfffa8000 irq 9, 1 slots
Jan  1 03:00:11 indigo-tracker user.info kernel: yaffs: dev is 32505859 name is "mtdblock3" rw
Jan  1 03:00:11 indigo-tracker user.info kernel: yaffs: passed flags ""
Jan  1 03:00:11 indigo-tracker user.debug kernel: yaffs: yaffs: Attempting MTD mount of 31.3,"mtdblock3"
Jan  1 03:00:11 indigo-tracker user.debug kernel: yaffs: auto selecting yaffs2
Jan  1 03:00:11 indigo-tracker user.debug kernel: yaffs: block 68 is bad
Jan  1 03:00:11 indigo-tracker user.debug kernel: yaffs: block 855 is bad
Jan  1 03:00:11 indigo-tracker user.warn kernel: mmc0: host does not support reading read-only switch. assuming write-enable.
Jan  1 03:00:11 indigo-tracker user.info kernel: mmc0: new SD card at address 1234
Jan  1 03:00:11 indigo-tracker user.info kernel: mmcblk0: mmc0:1234 SA02G 1.83 GiB 
Jan  1 03:00:11 indigo-tracker user.info kernel:  mmcblk0: p1
Jan  1 03:00:11 indigo-tracker user.debug kernel: yaffs: yaffs_read_super: is_checkpointed 0
Jan  1 03:00:11 indigo-tracker user.warn kernel: VFS: Mounted root (yaffs filesystem) on device 31:3.
Jan  1 03:00:11 indigo-tracker user.info kernel: Freeing init memory: 112K
Jan  1 03:00:11 indigo-tracker user.alert kernel: piopins: with filter
Jan  1 03:00:11 indigo-tracker user.warn kernel: piopins: system time doesn't seem to be true, will not flush anything
Jan  1 03:00:12 indigo-tracker user.info kernel: eth0: link up (100/Full)
Jan  1 03:00:12 indigo-tracker user.info kernel: SK-AT91SAM9XE512: SIM508 GPS power OFF.
Jan  1 03:00:12 indigo-tracker daemon.notice pppd[548]: pppd 2.4.5 started by root, uid 0
Jan  1 03:00:12 indigo-tracker local2.info chat[555]: abort on (BUSY)
Jan  1 03:00:12 indigo-tracker local2.info chat[555]: abort on (ERROR)
Jan  1 03:00:12 indigo-tracker local2.info chat[555]: abort on (UNDER-VOLTAGE WARNNING)
Jan  1 03:00:12 indigo-tracker local2.info chat[555]: send (ATZ^M)
Jan  1 03:00:12 indigo-tracker local2.info chat[555]: timeout set to 12 seconds
Jan  1 03:00:12 indigo-tracker local2.info chat[555]: expect (OK)
Jan  1 03:00:12 indigo-tracker local2.info chat[555]: ATZ^M^M
Jan  1 03:00:12 indigo-tracker local2.info chat[555]: OK
Jan  1 03:00:12 indigo-tracker local2.info chat[555]:  -- got it
Jan  1 03:00:12 indigo-tracker local2.info chat[555]: send (AT+CGDCONT=1,"IP","internet"^M)
Jan  1 03:00:13 indigo-tracker local2.info chat[555]: timeout set to 45 seconds
Jan  1 03:00:13 indigo-tracker local2.info chat[555]: expect (OK)
Jan  1 03:00:13 indigo-tracker local2.info chat[555]: ^M
Jan  1 03:00:13 indigo-tracker local2.info chat[555]: AT+CGDCONT=1,"IP","internet"^M^M
Jan  1 03:00:13 indigo-tracker local2.info chat[555]: OK
Jan  1 03:00:13 indigo-tracker local2.info chat[555]:  -- got it
Jan  1 03:00:13 indigo-tracker local2.info chat[555]: send (ATD*99#^M)
Jan  1 03:00:13 indigo-tracker local2.info chat[555]: expect (CONNECT)
Jan  1 03:00:13 indigo-tracker local2.info chat[555]: ^M
Jan  1 03:00:13 indigo-tracker local2.info chat[555]: ATD*99#^M^M
Jan  1 03:00:13 indigo-tracker local2.info chat[555]: CONNECT
Jan  1 03:00:13 indigo-tracker local2.info chat[555]:  -- got it
Jan  1 03:00:13 indigo-tracker local2.info chat[555]: send (^M)
Jan  1 03:00:13 indigo-tracker daemon.debug pppd[548]: Script chat -v -f /etc/ppp/chatscripts/megafon-connect finished (pid 551), status = 0x0
Jan  1 03:00:13 indigo-tracker daemon.info pppd[548]: Serial connection established.
Jan  1 03:00:13 indigo-tracker daemon.debug pppd[548]: using channel 1
Jan  1 03:00:13 indigo-tracker daemon.info pppd[548]: Using interface ppp0
Jan  1 03:00:13 indigo-tracker daemon.notice pppd[548]: Connect: ppp0 <--> /dev/ttyS1
Jan  1 03:00:14 indigo-tracker user.info kernel: SK-AT91SAM9XE512: SIM508 GPS power ON.
Jan  1 03:00:14 indigo-tracker daemon.warn pppd[548]: Warning - secret file /etc/ppp/pap-secrets has world and/or group access
Jan  1 03:00:14 indigo-tracker daemon.debug pppd[548]: sent [LCP ConfReq id=0x1 <asyncmap 0x0> <magic 0x4f2002c2>]
Jan  1 03:00:14 indigo-tracker daemon.debug pppd[548]: rcvd [LCP ConfAck id=0x1 <asyncmap 0x0> <magic 0x4f2002c2>]
Jan  1 03:00:16 indigo-tracker daemon.debug pppd[548]: rcvd [LCP ConfReq id=0x2 <mru 1600> <auth pap> <magic 0xc3c65c9> <asyncmap 0x0> <pcomp> <accomp>]
Jan  1 03:00:16 indigo-tracker daemon.debug pppd[548]: No auth is possible
Jan  1 03:00:16 indigo-tracker daemon.debug pppd[548]: sent [LCP ConfRej id=0x2 <auth pap> <pcomp> <accomp>]
Jan  1 03:00:16 indigo-tracker daemon.debug pppd[548]: rcvd [LCP ConfReq id=0x3 <mru 1600> <magic 0xc3c65c9> <asyncmap 0x0>]
Jan  1 03:00:16 indigo-tracker daemon.debug pppd[548]: sent [LCP ConfAck id=0x3 <mru 1600> <magic 0xc3c65c9> <asyncmap 0x0>]
Jan  1 03:00:16 indigo-tracker daemon.debug pppd[548]: sent [IPCP ConfReq id=0x1 <addr 0.0.0.0>]
Jan  1 03:00:19 indigo-tracker daemon.debug pppd[548]: sent [IPCP ConfReq id=0x1 <addr 0.0.0.0>]
Jan  1 03:00:20 indigo-tracker daemon.debug pppd[548]: rcvd [IPCP ConfNak id=0x1 <addr 10.106.108.6>]
Jan  1 03:00:20 indigo-tracker daemon.debug pppd[548]: sent [IPCP ConfReq id=0x2 <addr 10.106.108.6>]
Jan  1 03:00:20 indigo-tracker daemon.debug pppd[548]: rcvd [IPCP ConfReq id=0x1 <addr 10.0.0.1>]
Jan  1 03:00:20 indigo-tracker daemon.debug pppd[548]: sent [IPCP ConfAck id=0x1 <addr 10.0.0.1>]
Jan  1 03:00:20 indigo-tracker daemon.debug pppd[548]: rcvd [IPCP ConfAck id=0x2 <addr 10.106.108.6>]
Jan  1 03:00:20 indigo-tracker daemon.notice pppd[548]: replacing old default route to eth0 [192.168.17.254]
Jan  1 03:00:20 indigo-tracker daemon.notice pppd[548]: local  IP address 10.106.108.6
Jan  1 03:00:20 indigo-tracker daemon.notice pppd[548]: remote IP address 10.0.0.1
Jan  1 03:00:20 indigo-tracker daemon.debug pppd[548]: Script /etc/ppp/ip-up started (pid 647)
Jan  1 03:00:20 indigo-tracker user.notice root: Trying to get system time over ntp
Jan  1 03:00:20 indigo-tracker daemon.notice ntpdate[651]: ntpdate 4.2.6p3@1.2290 Sun Feb 20 22:12:26 UTC 2011 (1)
Jan  1 03:00:27 indigo-tracker user.debug sysdaemon-dbus: flash insert
Nov 12 15:23:50 indigo-tracker daemon.notice ntpdate[651]: step time server 85.21.78.23 offset 1321096991.905019 sec
Nov 12 15:23:50 indigo-tracker user.notice root: Playing ntp started
Nov 12 15:23:50 indigo-tracker auth.info login[526]: root login on 'ttyS0'
Nov 12 15:23:50 indigo-tracker user.notice root: sender started
Nov 12 15:23:50 indigo-tracker user.notice root: gpsreader started
Nov 12 15:23:51 indigo-tracker user.notice root: people started
Nov 12 15:23:51 indigo-tracker user.debug sender: using uuid dfc4b619-a454-494b-8700-6af1f6a6a404
Nov 12 15:23:51 indigo-tracker user.debug sqlite: gps connected ok
Nov 12 15:23:52 indigo-tracker daemon.notice openvpn[693]: OpenVPN 2.1.4 arm-linux [SSL] [LZO2] [EPOLL] built on Feb 21 2011
Nov 12 15:23:52 indigo-tracker daemon.warn openvpn[693]: NOTE: the current --script-security setting may allow this configuration to call user-defined scripts
Nov 12 15:23:52 indigo-tracker daemon.warn openvpn[693]: WARNING: file 'keys/device.key' is group or others accessible
Nov 12 15:23:52 indigo-tracker user.debug sqlite: gpsdb started ok
Nov 12 15:23:52 indigo-tracker user.debug sqlite: gps created
Nov 12 15:23:52 indigo-tracker daemon.notice openvpn[693]: LZO compression initialized
Nov 12 15:23:52 indigo-tracker daemon.notice openvpn[693]: Control Channel MTU parms [ L:1546 D:138 EF:38 EB:0 ET:0 EL:0 ]
Nov 12 15:23:52 indigo-tracker daemon.notice openvpn[693]: Socket Buffers: R=[108544->131072] S=[108544->131072]
Nov 12 15:23:53 indigo-tracker daemon.notice openvpn[693]: Data Channel MTU parms [ L:1546 D:1300 EF:46 EB:135 ET:0 EL:0 AF:3/1 ]
Nov 12 15:23:53 indigo-tracker daemon.notice openvpn[693]: Fragmentation MTU parms [ L:1546 D:1300 EF:45 EB:135 ET:1 EL:0 AF:3/1 ]
Nov 12 15:23:53 indigo-tracker daemon.notice openvpn[710]: UDPv4 link local: [undef]
Nov 12 15:23:53 indigo-tracker daemon.notice openvpn[710]: UDPv4 link remote: 72.249.145.165:1194
Nov 12 15:23:54 indigo-tracker user.notice root: recorder started
Nov 12 15:23:54 indigo-tracker user.debug recorder: recorder started
Nov 12 15:23:54 indigo-tracker user.debug recorder: ready to record
Nov 12 15:23:54 indigo-tracker user.debug recorder: scheduling next file at 1321099200 seconds unix time
Nov 12 15:23:55 indigo-tracker daemon.notice openvpn[710]: TLS: Initial packet from 72.249.145.165:1194, sid=a7aaa781 0d95091a
Nov 12 15:23:57 indigo-tracker user.notice root: mjpeg-streamer started
Nov 12 15:23:57 indigo-tracker user.info MJPG-streamer [741]: starting application
Nov 12 15:23:57 indigo-tracker user.info MJPG-streamer [741]: MJPG Streamer Version: svn rev: exported
Nov 12 15:23:57 indigo-tracker user.info MJPG-streamer [741]: Using V4L2 device.: /dev/video0
Nov 12 15:23:57 indigo-tracker user.info MJPG-streamer [741]: Desired Resolution: 640 x 480
Nov 12 15:23:57 indigo-tracker user.info MJPG-streamer [741]: Frames Per Second.: 10
Nov 12 15:23:57 indigo-tracker user.info MJPG-streamer [741]: Format............: MJPEG
Nov 12 15:23:57 indigo-tracker user.info MJPG-streamer [741]: init_VideoIn failed
Nov 12 15:23:57 indigo-tracker user.notice root: Current time is valid
Nov 12 15:23:58 indigo-tracker daemon.debug pppd[548]: Script /etc/ppp/ip-up finished (pid 647), status = 0x0
Nov 12 15:23:58 indigo-tracker user.debug sender: send success
Nov 12 15:24:05 indigo-tracker daemon.notice openvpn[710]: VERIFY OK: depth=1, /C=RU/ST=ROSTOV-ON-DON/L=Taganrog/O=Indigo/CN=dev-vpn/emailAddress=yury@indigosystem.ru
Nov 12 15:24:05 indigo-tracker daemon.notice openvpn[710]: VERIFY OK: nsCertType=SERVER
Nov 12 15:24:05 indigo-tracker daemon.notice openvpn[710]: VERIFY OK: depth=0, /C=RU/ST=ROSTOV-ON-DON/O=Indigo/CN=dev-vpn/emailAddress=yury@indigosystem.ru
Nov 12 15:24:13 indigo-tracker cron.err crond[478]: time disparity of 22018284 minutes detected
Nov 12 15:24:25 indigo-tracker daemon.notice openvpn[710]: Data Channel Encrypt: Cipher 'BF-CBC' initialized with 128 bit key
Nov 12 15:24:25 indigo-tracker daemon.notice openvpn[710]: Data Channel Encrypt: Using 160 bit message hash 'SHA1' for HMAC authentication
Nov 12 15:24:25 indigo-tracker daemon.notice openvpn[710]: Data Channel Decrypt: Cipher 'BF-CBC' initialized with 128 bit key
Nov 12 15:24:25 indigo-tracker daemon.notice openvpn[710]: Data Channel Decrypt: Using 160 bit message hash 'SHA1' for HMAC authentication
Nov 12 15:24:25 indigo-tracker daemon.notice openvpn[710]: Control Channel: TLSv1, cipher TLSv1/SSLv3 DHE-RSA-AES256-SHA, 1024 bit RSA
Nov 12 15:24:25 indigo-tracker daemon.notice openvpn[710]: [dev-vpn] Peer Connection Initiated with 72.249.145.165:1194
Nov 12 15:24:28 indigo-tracker daemon.notice openvpn[710]: SENT CONTROL [dev-vpn]: 'PUSH_REQUEST' (status=1)
Nov 12 15:24:28 indigo-tracker daemon.notice openvpn[710]: PUSH: Received control message: 'PUSH_REPLY,route 192.168.201.0 255.255.255.0,topology net30,ping 20,ping-restart 50,ifconfig 192.168.201.18 192.168.201.17'
Nov 12 15:24:28 indigo-tracker daemon.notice openvpn[710]: OPTIONS IMPORT: timers and/or timeouts modified
Nov 12 15:24:28 indigo-tracker daemon.notice openvpn[710]: OPTIONS IMPORT: --ifconfig/up options modified
Nov 12 15:24:28 indigo-tracker daemon.notice openvpn[710]: OPTIONS IMPORT: route options modified
Nov 12 15:24:28 indigo-tracker daemon.notice openvpn[710]: ROUTE: default_gateway=UNDEF
Nov 12 15:24:28 indigo-tracker daemon.notice openvpn[710]: TUN/TAP device tun0 opened
Nov 12 15:24:28 indigo-tracker daemon.notice openvpn[710]: TUN/TAP TX queue length set to 100
Nov 12 15:24:28 indigo-tracker daemon.notice openvpn[710]: /sbin/ifconfig tun0 192.168.201.18 pointopoint 192.168.201.17 mtu 1500
Nov 12 15:24:29 indigo-tracker daemon.notice openvpn[710]: /etc/openvpn/vpn-up tun0 1500 1546 192.168.201.18 192.168.201.17 init
Nov 12 15:24:29 indigo-tracker daemon.notice openvpn[710]: /sbin/route add -net 192.168.201.0 netmask 255.255.255.0 gw 192.168.201.17
Nov 12 15:24:29 indigo-tracker daemon.notice openvpn[710]: Initialization Sequence Completed
Nov 12 15:24:35 indigo-tracker daemon.info pppd[548]: Terminating on signal 15
Nov 12 15:24:35 indigo-tracker daemon.info pppd[548]: Connect time 22018284.3 minutes.
Nov 12 15:24:35 indigo-tracker daemon.info pppd[548]: Sent 22065 bytes, received 13377 bytes.
Nov 12 15:24:35 indigo-tracker daemon.notice pppd[548]: restoring old default route to eth0 [192.168.17.254]
Nov 12 15:24:35 indigo-tracker daemon.debug pppd[548]: Script /etc/ppp/ip-down started (pid 774)
Nov 12 15:24:35 indigo-tracker daemon.debug pppd[548]: sent [LCP TermReq id=0x2 "User request"]
Nov 12 15:24:35 indigo-tracker daemon.debug pppd[548]: Script /etc/ppp/ip-down finished (pid 774), status = 0x0
Nov 12 15:24:35 indigo-tracker daemon.debug pppd[548]: rcvd [LCP TermAck id=0x2]
Nov 12 15:24:35 indigo-tracker daemon.notice pppd[548]: Connection terminated.
Nov 12 15:24:35 indigo-tracker daemon.debug pppd[548]: Script /etc/ppp/peers/gprs-disconnect-chat finished (pid 778), status = 0x7f
Nov 12 15:24:35 indigo-tracker daemon.warn pppd[548]: disconnect script failed
Nov 12 15:24:35 indigo-tracker daemon.info pppd[548]: Exit.
Nov 12 15:24:40 indigo-tracker daemon.notice pppd[788]: pppd 2.4.5 started by root, uid 0
Nov 12 15:24:40 indigo-tracker local2.info chat[791]: abort on (BUSY)
Nov 12 15:24:40 indigo-tracker local2.info chat[791]: abort on (ERROR)
Nov 12 15:24:40 indigo-tracker local2.info chat[791]: abort on (UNDER-VOLTAGE WARNNING)
Nov 12 15:24:40 indigo-tracker local2.info chat[791]: send (ATZ^M)
Nov 12 15:24:40 indigo-tracker local2.info chat[791]: timeout set to 12 seconds
Nov 12 15:24:40 indigo-tracker local2.info chat[791]: expect (OK)
Nov 12 15:24:40 indigo-tracker local2.info chat[791]: ATZ^M^M
Nov 12 15:24:40 indigo-tracker local2.info chat[791]: OK
Nov 12 15:24:40 indigo-tracker local2.info chat[791]:  -- got it
Nov 12 15:24:40 indigo-tracker local2.info chat[791]: send (AT+CGDCONT=1,"IP","internet"^M)
Nov 12 15:24:41 indigo-tracker local2.info chat[791]: timeout set to 45 seconds
Nov 12 15:24:41 indigo-tracker local2.info chat[791]: expect (OK)
Nov 12 15:24:41 indigo-tracker local2.info chat[791]: ^M
Nov 12 15:24:41 indigo-tracker local2.info chat[791]: AT+CGDCONT=1,"IP","internet"^M^M
Nov 12 15:24:41 indigo-tracker local2.info chat[791]: OK
Nov 12 15:24:41 indigo-tracker local2.info chat[791]:  -- got it
Nov 12 15:24:41 indigo-tracker local2.info chat[791]: send (ATD*99#^M)
Nov 12 15:24:41 indigo-tracker local2.info chat[791]: expect (CONNECT)
Nov 12 15:24:41 indigo-tracker local2.info chat[791]: ^M
Nov 12 15:24:41 indigo-tracker local2.info chat[791]: ATD*99#^M^M
Nov 12 15:24:41 indigo-tracker local2.info chat[791]: CONNECT
Nov 12 15:24:41 indigo-tracker local2.info chat[791]:  -- got it
Nov 12 15:24:41 indigo-tracker local2.info chat[791]: send (^M)
Nov 12 15:24:41 indigo-tracker daemon.debug pppd[788]: Script chat -v -f /etc/ppp/chatscripts/megafon-connect finished (pid 790), status = 0x0
Nov 12 15:24:41 indigo-tracker daemon.info pppd[788]: Serial connection established.
Nov 12 15:24:41 indigo-tracker daemon.debug pppd[788]: using channel 2
Nov 12 15:24:41 indigo-tracker daemon.info pppd[788]: Using interface ppp0
Nov 12 15:24:41 indigo-tracker daemon.notice pppd[788]: Connect: ppp0 <--> /dev/ttyS1
Nov 12 15:24:42 indigo-tracker daemon.warn pppd[788]: Warning - secret file /etc/ppp/pap-secrets has world and/or group access
Nov 12 15:24:42 indigo-tracker daemon.debug pppd[788]: sent [LCP ConfReq id=0x1 <asyncmap 0x0> <magic 0xa3e53aad>]
Nov 12 15:24:42 indigo-tracker daemon.debug pppd[788]: rcvd [LCP ConfAck id=0x1 <asyncmap 0x0> <magic 0xa3e53aad>]
Nov 12 15:24:44 indigo-tracker daemon.debug pppd[788]: rcvd [LCP ConfReq id=0x5 <mru 1600> <auth pap> <magic 0xc3c65c9> <asyncmap 0x0> <pcomp> <accomp>]
Nov 12 15:24:44 indigo-tracker daemon.debug pppd[788]: No auth is possible
Nov 12 15:24:44 indigo-tracker daemon.debug pppd[788]: sent [LCP ConfRej id=0x5 <auth pap> <pcomp> <accomp>]
Nov 12 15:24:44 indigo-tracker daemon.debug pppd[788]: rcvd [LCP ConfReq id=0x6 <mru 1600> <magic 0xc3c65c9> <asyncmap 0x0>]
Nov 12 15:24:44 indigo-tracker daemon.debug pppd[788]: sent [LCP ConfAck id=0x6 <mru 1600> <magic 0xc3c65c9> <asyncmap 0x0>]
Nov 12 15:24:44 indigo-tracker daemon.debug pppd[788]: sent [IPCP ConfReq id=0x1 <addr 0.0.0.0>]
Nov 12 15:24:47 indigo-tracker daemon.debug pppd[788]: rcvd [IPCP ConfNak id=0x1 <addr 10.238.10.19>]
Nov 12 15:24:47 indigo-tracker daemon.debug pppd[788]: sent [IPCP ConfReq id=0x2 <addr 10.238.10.19>]
Nov 12 15:24:47 indigo-tracker daemon.debug pppd[788]: rcvd [IPCP ConfReq id=0x2 <addr 10.0.0.1>]
Nov 12 15:24:47 indigo-tracker daemon.debug pppd[788]: sent [IPCP ConfAck id=0x2 <addr 10.0.0.1>]
Nov 12 15:24:47 indigo-tracker daemon.debug pppd[788]: rcvd [IPCP ConfAck id=0x2 <addr 10.238.10.19>]
Nov 12 15:24:47 indigo-tracker daemon.notice pppd[788]: replacing old default route to eth0 [192.168.17.254]
Nov 12 15:24:47 indigo-tracker daemon.notice pppd[788]: local  IP address 10.238.10.19
Nov 12 15:24:47 indigo-tracker daemon.notice pppd[788]: remote IP address 10.0.0.1
Nov 12 15:24:47 indigo-tracker daemon.debug pppd[788]: Script /etc/ppp/ip-up started (pid 794)
Nov 12 15:24:47 indigo-tracker user.notice root: Trying to get system time over ntp
Nov 12 15:24:47 indigo-tracker daemon.notice ntpdate[798]: ntpdate 4.2.6p3@1.2290 Sun Feb 20 22:12:26 UTC 2011 (1)
Nov 12 15:24:48 indigo-tracker daemon.info pppd[788]: Terminating on signal 15
Nov 12 15:24:48 indigo-tracker daemon.info pppd[788]: Connect time 0.1 minutes.
Nov 12 15:24:48 indigo-tracker daemon.info pppd[788]: Sent 137 bytes, received 109 bytes.
Nov 12 15:24:48 indigo-tracker daemon.notice pppd[788]: restoring old default route to eth0 [192.168.17.254]
Nov 12 15:24:48 indigo-tracker daemon.debug pppd[788]: sent [LCP TermReq id=0x2 "User request"]
Nov 12 15:24:48 indigo-tracker daemon.debug pppd[788]: rcvd [LCP TermAck id=0x2]
Nov 12 15:24:48 indigo-tracker daemon.notice pppd[788]: Connection terminated.
Nov 12 15:24:48 indigo-tracker daemon.debug pppd[788]: Script /etc/ppp/peers/gprs-disconnect-chat finished (pid 804), status = 0x7f
Nov 12 15:24:48 indigo-tracker daemon.warn pppd[788]: disconnect script failed
Nov 12 15:24:48 indigo-tracker daemon.debug pppd[788]: Waiting for 1 child processes...
Nov 12 15:24:48 indigo-tracker daemon.debug pppd[788]:   script /etc/ppp/ip-up, pid 794
Nov 12 15:24:49 indigo-tracker daemon.info pppd[788]: Terminating on signal 15
Nov 12 15:24:49 indigo-tracker daemon.debug pppd[788]: sending SIGTERM to process 794
Nov 12 15:24:49 indigo-tracker daemon.info pppd[788]: Exit.
Nov 12 15:24:53 indigo-tracker user.debug sqlite: sending keepalive
Nov 12 15:24:57 indigo-tracker daemon.err ntpdate[798]: no server suitable for synchronization found
Nov 12 15:24:57 indigo-tracker user.notice root: Current time is valid
Nov 12 15:25:01 indigo-tracker cron.info crond[478]: crond: USER root pid 825 cmd /etc/cron/check_updates.sh
Nov 12 15:25:12 indigo-tracker daemon.err openvpn[710]: read UDPv4 [EHOSTUNREACH]: No route to host (code=113)
Nov 12 15:25:18 indigo-tracker daemon.notice openvpn[710]: [dev-vpn] Inactivity timeout (--ping-restart), restarting
Nov 12 15:25:18 indigo-tracker daemon.notice openvpn[710]: TCP/UDP: Closing socket
Nov 12 15:25:18 indigo-tracker daemon.notice openvpn[710]: SIGUSR1[soft,ping-restart] received, process restarting
Nov 12 15:25:18 indigo-tracker daemon.notice openvpn[710]: Restart pause, 2 second(s)
Nov 12 15:25:20 indigo-tracker daemon.warn openvpn[710]: NOTE: the current --script-security setting may allow this configuration to call user-defined scripts
Nov 12 15:25:20 indigo-tracker daemon.notice openvpn[710]: Re-using SSL/TLS context
Nov 12 15:25:20 indigo-tracker daemon.notice openvpn[710]: LZO compression initialized
Nov 12 15:25:20 indigo-tracker daemon.notice openvpn[710]: Control Channel MTU parms [ L:1546 D:138 EF:38 EB:0 ET:0 EL:0 ]
Nov 12 15:25:20 indigo-tracker daemon.notice openvpn[710]: Socket Buffers: R=[108544->131072] S=[108544->131072]
Nov 12 15:26:00 indigo-tracker daemon.err openvpn[710]: RESOLVE: Cannot resolve host address: serv.indigosystem.ru: [TRY_AGAIN] A temporary error occurred on an authoritative name server.
Nov 12 15:26:00 indigo-tracker daemon.notice openvpn[710]: Data Channel MTU parms [ L:1546 D:1300 EF:46 EB:135 ET:0 EL:0 AF:3/1 ]
Nov 12 15:26:00 indigo-tracker daemon.notice openvpn[710]: Fragmentation MTU parms [ L:1546 D:1300 EF:45 EB:135 ET:1 EL:0 AF:3/1 ]
Nov 12 15:26:01 indigo-tracker cron.info crond[478]: crond: USER root pid 845 cmd /etc/cron/check_updates.sh
Nov 12 15:26:40 indigo-tracker daemon.err openvpn[710]: RESOLVE: Cannot resolve host address: serv.indigosystem.ru: [TRY_AGAIN] A temporary error occurred on an authoritative name server.
Nov 12 15:26:53 indigo-tracker user.debug sqlite: sending keepalive
Nov 12 15:27:01 indigo-tracker cron.info crond[478]: crond: USER root pid 866 cmd /etc/cron/check_updates.sh
Nov 12 15:27:25 indigo-tracker daemon.err openvpn[710]: RESOLVE: Cannot resolve host address: serv.indigosystem.ru: [TRY_AGAIN] A temporary error occurred on an authoritative name server.
Nov 12 15:27:39 indigo-tracker user.debug sender: cannot send message to server, http_code 0 and curl_result 7
Nov 12 15:28:00 indigo-tracker user.debug sender: cannot send message to server, http_code 0 and curl_result 6
Nov 12 15:28:01 indigo-tracker cron.info crond[478]: crond: USER root pid 882 cmd /etc/cron/check_updates.sh
Nov 12 15:28:11 indigo-tracker daemon.err openvpn[710]: RESOLVE: Cannot resolve host address: serv.indigosystem.ru: [TRY_AGAIN] A temporary error occurred on an authoritative name server.
Nov 12 15:28:56 indigo-tracker daemon.err openvpn[710]: RESOLVE: Cannot resolve host address: serv.indigosystem.ru: [TRY_AGAIN] A temporary error occurred on an authoritative name server.
Nov 12 15:29:01 indigo-tracker cron.info crond[478]: crond: USER root pid 904 cmd /etc/cron/check_updates.sh
Nov 12 15:29:41 indigo-tracker daemon.err openvpn[710]: RESOLVE: Cannot resolve host address: serv.indigosystem.ru: [TRY_AGAIN] A temporary error occurred on an authoritative name server.
Nov 12 15:30:01 indigo-tracker cron.info crond[478]: crond: USER root pid 928 cmd /etc/cron/check_pppd
Nov 12 15:30:01 indigo-tracker cron.info crond[478]: crond: USER root pid 929 cmd /etc/cron/check_updates.sh
Nov 12 15:30:01 indigo-tracker user.notice root: PPPd restarted from check_pppd
Nov 12 15:30:06 indigo-tracker daemon.notice pppd[949]: pppd 2.4.5 started by root, uid 0
Nov 12 15:30:06 indigo-tracker local2.info chat[952]: abort on (BUSY)
Nov 12 15:30:06 indigo-tracker local2.info chat[952]: abort on (ERROR)
Nov 12 15:30:06 indigo-tracker local2.info chat[952]: abort on (UNDER-VOLTAGE WARNNING)
Nov 12 15:30:06 indigo-tracker local2.info chat[952]: send (ATZ^M)
Nov 12 15:30:06 indigo-tracker local2.info chat[952]: timeout set to 12 seconds
Nov 12 15:30:06 indigo-tracker local2.info chat[952]: expect (OK)
Nov 12 15:30:06 indigo-tracker local2.info chat[952]: TZ^M^M
Nov 12 15:30:06 indigo-tracker local2.info chat[952]: ERROR
Nov 12 15:30:06 indigo-tracker local2.info chat[952]:  -- failed
Nov 12 15:30:06 indigo-tracker local2.info chat[952]: Failed (ERROR)
Nov 12 15:30:06 indigo-tracker daemon.debug pppd[949]: Script chat -v -f /etc/ppp/chatscripts/megafon-connect finished (pid 951), status = 0x5
Nov 12 15:30:06 indigo-tracker daemon.err pppd[949]: Connect script failed
Nov 12 15:30:07 indigo-tracker local2.info chat[954]: abort on (BUSY)
Nov 12 15:30:07 indigo-tracker local2.info chat[954]: abort on (ERROR)
Nov 12 15:30:07 indigo-tracker local2.info chat[954]: abort on (UNDER-VOLTAGE WARNNING)
Nov 12 15:30:07 indigo-tracker local2.info chat[954]: send (ATZ^M)
Nov 12 15:30:07 indigo-tracker local2.info chat[954]: timeout set to 12 seconds
Nov 12 15:30:07 indigo-tracker local2.info chat[954]: expect (OK)
Nov 12 15:30:07 indigo-tracker local2.info chat[954]: ATZ^M^M
Nov 12 15:30:07 indigo-tracker local2.info chat[954]: OK
Nov 12 15:30:07 indigo-tracker local2.info chat[954]:  -- got it
Nov 12 15:30:07 indigo-tracker local2.info chat[954]: send (AT+CGDCONT=1,"IP","internet"^M)
Nov 12 15:30:08 indigo-tracker local2.info chat[954]: timeout set to 45 seconds
Nov 12 15:30:08 indigo-tracker local2.info chat[954]: expect (OK)
Nov 12 15:30:08 indigo-tracker local2.info chat[954]: ^M
Nov 12 15:30:08 indigo-tracker local2.info chat[954]: AT+CGDCONT=1,"IP","internet"^M^M
Nov 12 15:30:08 indigo-tracker local2.info chat[954]: OK
Nov 12 15:30:08 indigo-tracker local2.info chat[954]:  -- got it
Nov 12 15:30:08 indigo-tracker local2.info chat[954]: send (ATD*99#^M)
Nov 12 15:30:08 indigo-tracker local2.info chat[954]: expect (CONNECT)
Nov 12 15:30:08 indigo-tracker local2.info chat[954]: ^M
Nov 12 15:30:08 indigo-tracker local2.info chat[954]: ATD*99#^M^M
Nov 12 15:30:08 indigo-tracker local2.info chat[954]: CONNECT
Nov 12 15:30:08 indigo-tracker local2.info chat[954]:  -- got it
Nov 12 15:30:08 indigo-tracker local2.info chat[954]: send (^M)
Nov 12 15:30:08 indigo-tracker daemon.debug pppd[949]: Script chat -v -f /etc/ppp/chatscripts/megafon-connect finished (pid 953), status = 0x0
Nov 12 15:30:08 indigo-tracker daemon.info pppd[949]: Serial connection established.
Nov 12 15:30:08 indigo-tracker daemon.debug pppd[949]: using channel 3
Nov 12 15:30:08 indigo-tracker daemon.info pppd[949]: Using interface ppp0
Nov 12 15:30:08 indigo-tracker daemon.notice pppd[949]: Connect: ppp0 <--> /dev/ttyS1
Nov 12 15:30:09 indigo-tracker daemon.warn pppd[949]: Warning - secret file /etc/ppp/pap-secrets has world and/or group access
Nov 12 15:30:09 indigo-tracker daemon.debug pppd[949]: sent [LCP ConfReq id=0x1 <asyncmap 0x0> <magic 0x50dff618>]
Nov 12 15:30:09 indigo-tracker daemon.debug pppd[949]: rcvd [LCP ConfAck id=0x1 <asyncmap 0x0> <magic 0x50dff618>]
Nov 12 15:30:11 indigo-tracker daemon.debug pppd[949]: rcvd [LCP ConfReq id=0x8 <mru 1600> <auth pap> <magic 0xc3c65c9> <asyncmap 0x0> <pcomp> <accomp>]
Nov 12 15:30:11 indigo-tracker daemon.debug pppd[949]: No auth is possible
Nov 12 15:30:11 indigo-tracker daemon.debug pppd[949]: sent [LCP ConfRej id=0x8 <auth pap> <pcomp> <accomp>]
Nov 12 15:30:11 indigo-tracker daemon.debug pppd[949]: rcvd [LCP ConfReq id=0x9 <mru 1600> <magic 0xc3c65c9> <asyncmap 0x0>]
Nov 12 15:30:11 indigo-tracker daemon.debug pppd[949]: sent [LCP ConfAck id=0x9 <mru 1600> <magic 0xc3c65c9> <asyncmap 0x0>]
Nov 12 15:30:11 indigo-tracker daemon.debug pppd[949]: sent [IPCP ConfReq id=0x1 <addr 0.0.0.0>]
Nov 12 15:30:14 indigo-tracker daemon.debug pppd[949]: rcvd [IPCP ConfNak id=0x1 <addr 10.238.161.118>]
Nov 12 15:30:14 indigo-tracker daemon.debug pppd[949]: sent [IPCP ConfReq id=0x2 <addr 10.238.161.118>]
Nov 12 15:30:14 indigo-tracker daemon.debug pppd[949]: rcvd [IPCP ConfReq id=0x3 <addr 10.0.0.1>]
Nov 12 15:30:14 indigo-tracker daemon.debug pppd[949]: sent [IPCP ConfAck id=0x3 <addr 10.0.0.1>]
Nov 12 15:30:14 indigo-tracker daemon.debug pppd[949]: rcvd [IPCP ConfAck id=0x2 <addr 10.238.161.118>]
Nov 12 15:30:14 indigo-tracker daemon.notice pppd[949]: replacing old default route to eth0 [192.168.17.254]
Nov 12 15:30:14 indigo-tracker daemon.notice pppd[949]: local  IP address 10.238.161.118
Nov 12 15:30:14 indigo-tracker daemon.notice pppd[949]: remote IP address 10.0.0.1
Nov 12 15:30:14 indigo-tracker daemon.debug pppd[949]: Script /etc/ppp/ip-up started (pid 958)
Nov 12 15:30:14 indigo-tracker user.notice root: Trying to get system time over ntp
Nov 12 15:30:14 indigo-tracker daemon.notice ntpdate[962]: ntpdate 4.2.6p3@1.2290 Sun Feb 20 22:12:26 UTC 2011 (1)
Nov 12 15:30:25 indigo-tracker user.debug sender: send success
Nov 12 15:30:26 indigo-tracker daemon.err openvpn[710]: RESOLVE: Cannot resolve host address: serv.indigosystem.ru: [TRY_AGAIN] A temporary error occurred on an authoritative name server.
Nov 12 15:30:27 indigo-tracker daemon.notice ntpdate[962]: step time server 93.180.6.3 offset 0.076810 sec
Nov 12 15:30:28 indigo-tracker user.notice root: Current time is valid
Nov 12 15:30:28 indigo-tracker daemon.debug pppd[949]: Script /etc/ppp/ip-up finished (pid 958), status = 0x0
Nov 12 15:30:33 indigo-tracker daemon.notice openvpn[710]: UDPv4 link local: [undef]
Nov 12 15:30:33 indigo-tracker daemon.notice openvpn[710]: UDPv4 link remote: 72.249.145.165:1194
Nov 12 15:30:44 indigo-tracker daemon.notice openvpn[710]: TLS: Initial packet from 72.249.145.165:1194, sid=73f0f9a9 3c0a7b7e
Nov 12 15:30:54 indigo-tracker daemon.notice openvpn[710]: VERIFY OK: depth=1, /C=RU/ST=ROSTOV-ON-DON/L=Taganrog/O=Indigo/CN=dev-vpn/emailAddress=yury@indigosystem.ru
Nov 12 15:30:54 indigo-tracker daemon.notice openvpn[710]: VERIFY OK: nsCertType=SERVER
Nov 12 15:30:54 indigo-tracker daemon.notice openvpn[710]: VERIFY OK: depth=0, /C=RU/ST=ROSTOV-ON-DON/O=Indigo/CN=dev-vpn/emailAddress=yury@indigosystem.ru
Nov 12 15:31:01 indigo-tracker cron.info crond[478]: crond: USER root pid 980 cmd /etc/cron/check_updates.sh
Nov 12 15:31:14 indigo-tracker daemon.notice openvpn[710]: Data Channel Encrypt: Cipher 'BF-CBC' initialized with 128 bit key
Nov 12 15:31:14 indigo-tracker daemon.notice openvpn[710]: Data Channel Encrypt: Using 160 bit message hash 'SHA1' for HMAC authentication
Nov 12 15:31:14 indigo-tracker daemon.notice openvpn[710]: Data Channel Decrypt: Cipher 'BF-CBC' initialized with 128 bit key
Nov 12 15:31:14 indigo-tracker daemon.notice openvpn[710]: Data Channel Decrypt: Using 160 bit message hash 'SHA1' for HMAC authentication
Nov 12 15:31:14 indigo-tracker daemon.notice openvpn[710]: Control Channel: TLSv1, cipher TLSv1/SSLv3 DHE-RSA-AES256-SHA, 1024 bit RSA
Nov 12 15:31:14 indigo-tracker daemon.notice openvpn[710]: [dev-vpn] Peer Connection Initiated with 72.249.145.165:1194
Nov 12 15:31:17 indigo-tracker daemon.notice openvpn[710]: SENT CONTROL [dev-vpn]: 'PUSH_REQUEST' (status=1)
Nov 12 15:31:19 indigo-tracker daemon.notice openvpn[710]: PUSH: Received control message: 'PUSH_REPLY,route 192.168.201.0 255.255.255.0,topology net30,ping 20,ping-restart 50,ifconfig 192.168.201.18 192.168.201.17'
Nov 12 15:31:19 indigo-tracker daemon.notice openvpn[710]: OPTIONS IMPORT: timers and/or timeouts modified
Nov 12 15:31:19 indigo-tracker daemon.notice openvpn[710]: OPTIONS IMPORT: --ifconfig/up options modified
Nov 12 15:31:19 indigo-tracker daemon.notice openvpn[710]: OPTIONS IMPORT: route options modified
Nov 12 15:31:19 indigo-tracker daemon.notice openvpn[710]: Preserving previous TUN/TAP instance: tun0
Nov 12 15:31:19 indigo-tracker daemon.notice openvpn[710]: Initialization Sequence Completed
Nov 12 15:31:29 indigo-tracker daemon.info pppd[949]: Terminating on signal 15
Nov 12 15:31:29 indigo-tracker daemon.info pppd[949]: Connect time 1.3 minutes.
Nov 12 15:31:29 indigo-tracker daemon.info pppd[949]: Sent 23314 bytes, received 14182 bytes.
Nov 12 15:31:29 indigo-tracker daemon.notice pppd[949]: restoring old default route to eth0 [192.168.17.254]
Nov 12 15:31:29 indigo-tracker daemon.debug pppd[949]: Script /etc/ppp/ip-down started (pid 997)
Nov 12 15:31:29 indigo-tracker daemon.debug pppd[949]: sent [LCP TermReq id=0x2 "User request"]
Nov 12 15:31:30 indigo-tracker daemon.debug pppd[949]: rcvd [LCP TermAck id=0x2]
Nov 12 15:31:30 indigo-tracker daemon.notice pppd[949]: Connection terminated.
Nov 12 15:31:30 indigo-tracker daemon.debug pppd[949]: Script /etc/ppp/peers/gprs-disconnect-chat finished (pid 1000), status = 0x7f
Nov 12 15:31:30 indigo-tracker daemon.warn pppd[949]: disconnect script failed
Nov 12 15:31:30 indigo-tracker daemon.debug pppd[949]: Script /etc/ppp/ip-down finished (pid 997), status = 0x0
Nov 12 15:31:30 indigo-tracker daemon.info pppd[949]: Exit.
Nov 12 15:31:35 indigo-tracker daemon.notice pppd[1011]: pppd 2.4.5 started by root, uid 0
Nov 12 15:31:35 indigo-tracker local2.info chat[1014]: abort on (BUSY)
Nov 12 15:31:35 indigo-tracker local2.info chat[1014]: abort on (ERROR)
Nov 12 15:31:35 indigo-tracker local2.info chat[1014]: abort on (UNDER-VOLTAGE WARNNING)
Nov 12 15:31:35 indigo-tracker local2.info chat[1014]: send (ATZ^M)
Nov 12 15:31:35 indigo-tracker local2.info chat[1014]: timeout set to 12 seconds
Nov 12 15:31:35 indigo-tracker local2.info chat[1014]: expect (OK)
Nov 12 15:31:35 indigo-tracker local2.info chat[1014]: ATZ^M^M
Nov 12 15:31:35 indigo-tracker local2.info chat[1014]: OK
Nov 12 15:31:35 indigo-tracker local2.info chat[1014]:  -- got it
Nov 12 15:31:35 indigo-tracker local2.info chat[1014]: send (AT+CGDCONT=1,"IP","internet"^M)
Nov 12 15:31:36 indigo-tracker local2.info chat[1014]: timeout set to 45 seconds
Nov 12 15:31:36 indigo-tracker local2.info chat[1014]: expect (OK)
Nov 12 15:31:36 indigo-tracker local2.info chat[1014]: ^M
Nov 12 15:31:36 indigo-tracker local2.info chat[1014]: AT+CGDCONT=1,"IP","internet"^M^M
Nov 12 15:31:36 indigo-tracker local2.info chat[1014]: OK
Nov 12 15:31:36 indigo-tracker local2.info chat[1014]:  -- got it
Nov 12 15:31:36 indigo-tracker local2.info chat[1014]: send (ATD*99#^M)
Nov 12 15:31:36 indigo-tracker local2.info chat[1014]: expect (CONNECT)
Nov 12 15:31:36 indigo-tracker local2.info chat[1014]: ^M
Nov 12 15:31:36 indigo-tracker local2.info chat[1014]: ATD*99#^M^M
Nov 12 15:31:36 indigo-tracker local2.info chat[1014]: CONNECT
Nov 12 15:31:36 indigo-tracker local2.info chat[1014]:  -- got it
Nov 12 15:31:36 indigo-tracker local2.info chat[1014]: send (^M)
Nov 12 15:31:36 indigo-tracker daemon.debug pppd[1011]: Script chat -v -f /etc/ppp/chatscripts/megafon-connect finished (pid 1013), status = 0x0
Nov 12 15:31:36 indigo-tracker daemon.info pppd[1011]: Serial connection established.
Nov 12 15:31:36 indigo-tracker daemon.debug pppd[1011]: using channel 4
Nov 12 15:31:36 indigo-tracker daemon.info pppd[1011]: Using interface ppp0
Nov 12 15:31:36 indigo-tracker daemon.notice pppd[1011]: Connect: ppp0 <--> /dev/ttyS1
Nov 12 15:31:37 indigo-tracker daemon.warn pppd[1011]: Warning - secret file /etc/ppp/pap-secrets has world and/or group access
Nov 12 15:31:37 indigo-tracker daemon.debug pppd[1011]: sent [LCP ConfReq id=0x1 <asyncmap 0x0> <magic 0x35a6171>]
Nov 12 15:31:37 indigo-tracker daemon.debug pppd[1011]: rcvd [LCP ConfAck id=0x1 <asyncmap 0x0> <magic 0x35a6171>]
Nov 12 15:31:39 indigo-tracker daemon.debug pppd[1011]: rcvd [LCP ConfReq id=0xb <mru 1600> <auth pap> <magic 0xc3c65c9> <asyncmap 0x0> <pcomp> <accomp>]
Nov 12 15:31:39 indigo-tracker daemon.debug pppd[1011]: No auth is possible
Nov 12 15:31:39 indigo-tracker daemon.debug pppd[1011]: sent [LCP ConfRej id=0xb <auth pap> <pcomp> <accomp>]
Nov 12 15:31:39 indigo-tracker daemon.debug pppd[1011]: rcvd [LCP ConfReq id=0xc <mru 1600> <magic 0xc3c65c9> <asyncmap 0x0>]
Nov 12 15:31:39 indigo-tracker daemon.debug pppd[1011]: sent [LCP ConfAck id=0xc <mru 1600> <magic 0xc3c65c9> <asyncmap 0x0>]
Nov 12 15:31:39 indigo-tracker daemon.debug pppd[1011]: sent [IPCP ConfReq id=0x1 <addr 0.0.0.0>]
Nov 12 15:31:42 indigo-tracker daemon.err openvpn[710]: read UDPv4 [EHOSTUNREACH]: No route to host (code=113)
Nov 12 15:31:42 indigo-tracker daemon.debug pppd[1011]: rcvd [IPCP ConfNak id=0x1 <addr 10.238.126.243>]
Nov 12 15:31:42 indigo-tracker daemon.debug pppd[1011]: sent [IPCP ConfReq id=0x2 <addr 10.238.126.243>]
Nov 12 15:31:42 indigo-tracker daemon.debug pppd[1011]: rcvd [IPCP ConfReq id=0x4 <addr 10.0.0.1>]
Nov 12 15:31:42 indigo-tracker daemon.debug pppd[1011]: sent [IPCP ConfAck id=0x4 <addr 10.0.0.1>]
Nov 12 15:31:42 indigo-tracker daemon.debug pppd[1011]: rcvd [IPCP ConfAck id=0x2 <addr 10.238.126.243>]
Nov 12 15:31:42 indigo-tracker daemon.notice pppd[1011]: replacing old default route to eth0 [192.168.17.254]
Nov 12 15:31:42 indigo-tracker daemon.notice pppd[1011]: local  IP address 10.238.126.243
Nov 12 15:31:42 indigo-tracker daemon.notice pppd[1011]: remote IP address 10.0.0.1
Nov 12 15:31:42 indigo-tracker daemon.debug pppd[1011]: Script /etc/ppp/ip-up started (pid 1017)
Nov 12 15:31:42 indigo-tracker user.notice root: Trying to get system time over ntp
Nov 12 15:31:42 indigo-tracker daemon.notice ntpdate[1021]: ntpdate 4.2.6p3@1.2290 Sun Feb 20 22:12:26 UTC 2011 (1)
Nov 12 15:31:54 indigo-tracker user.debug sqlite: sending keepalive
Nov 12 15:31:54 indigo-tracker daemon.notice ntpdate[1021]: step time server 95.140.150.140 offset -0.090409 sec
Nov 12 15:31:55 indigo-tracker user.notice root: Current time is valid
Nov 12 15:31:55 indigo-tracker daemon.debug pppd[1011]: Script /etc/ppp/ip-up finished (pid 1017), status = 0x0
Nov 12 15:32:01 indigo-tracker cron.info crond[478]: crond: USER root pid 1039 cmd /etc/cron/check_updates.sh
Nov 12 15:32:10 indigo-tracker daemon.notice openvpn[710]: [dev-vpn] Inactivity timeout (--ping-restart), restarting
Nov 12 15:32:10 indigo-tracker daemon.notice openvpn[710]: TCP/UDP: Closing socket
Nov 12 15:32:10 indigo-tracker daemon.notice openvpn[710]: SIGUSR1[soft,ping-restart] received, process restarting
Nov 12 15:32:10 indigo-tracker daemon.notice openvpn[710]: Restart pause, 2 second(s)
Nov 12 15:32:12 indigo-tracker daemon.warn openvpn[710]: NOTE: the current --script-security setting may allow this configuration to call user-defined scripts
Nov 12 15:32:12 indigo-tracker daemon.notice openvpn[710]: Re-using SSL/TLS context
Nov 12 15:32:12 indigo-tracker daemon.notice openvpn[710]: LZO compression initialized
Nov 12 15:32:12 indigo-tracker daemon.notice openvpn[710]: Control Channel MTU parms [ L:1546 D:138 EF:38 EB:0 ET:0 EL:0 ]
Nov 12 15:32:12 indigo-tracker daemon.notice openvpn[710]: Socket Buffers: R=[108544->131072] S=[108544->131072]
Nov 12 15:32:12 indigo-tracker daemon.notice openvpn[710]: Data Channel MTU parms [ L:1546 D:1300 EF:46 EB:135 ET:0 EL:0 AF:3/1 ]
Nov 12 15:32:12 indigo-tracker daemon.notice openvpn[710]: Fragmentation MTU parms [ L:1546 D:1300 EF:45 EB:135 ET:1 EL:0 AF:3/1 ]
Nov 12 15:32:12 indigo-tracker daemon.notice openvpn[710]: UDPv4 link local: [undef]
Nov 12 15:32:12 indigo-tracker daemon.notice openvpn[710]: UDPv4 link remote: 72.249.145.165:1194
Nov 12 15:32:13 indigo-tracker daemon.notice openvpn[710]: TLS: Initial packet from 72.249.145.165:1194, sid=9a8c64d1 96ae78a5
Nov 12 15:32:19 indigo-tracker daemon.notice openvpn[710]: VERIFY OK: depth=1, /C=RU/ST=ROSTOV-ON-DON/L=Taganrog/O=Indigo/CN=dev-vpn/emailAddress=yury@indigosystem.ru
Nov 12 15:32:19 indigo-tracker daemon.notice openvpn[710]: VERIFY OK: nsCertType=SERVER
Nov 12 15:32:19 indigo-tracker daemon.notice openvpn[710]: VERIFY OK: depth=0, /C=RU/ST=ROSTOV-ON-DON/O=Indigo/CN=dev-vpn/emailAddress=yury@indigosystem.ru
Nov 12 15:32:32 indigo-tracker daemon.info pppd[1011]: Terminating on signal 15
Nov 12 15:32:32 indigo-tracker daemon.info pppd[1011]: Connect time 0.9 minutes.
Nov 12 15:32:32 indigo-tracker daemon.info pppd[1011]: Sent 6886 bytes, received 7430 bytes.
Nov 12 15:32:32 indigo-tracker daemon.notice pppd[1011]: restoring old default route to eth0 [192.168.17.254]
Nov 12 15:32:32 indigo-tracker daemon.debug pppd[1011]: Script /etc/ppp/ip-down started (pid 1053)
Nov 12 15:32:32 indigo-tracker daemon.debug pppd[1011]: sent [LCP TermReq id=0x2 "User request"]
Nov 12 15:32:32 indigo-tracker daemon.debug pppd[1011]: rcvd [LCP TermAck id=0x2]
Nov 12 15:32:32 indigo-tracker daemon.notice pppd[1011]: Connection terminated.
Nov 12 15:32:32 indigo-tracker daemon.debug pppd[1011]: Script /etc/ppp/peers/gprs-disconnect-chat finished (pid 1056), status = 0x7f
Nov 12 15:32:32 indigo-tracker daemon.warn pppd[1011]: disconnect script failed
Nov 12 15:32:32 indigo-tracker daemon.debug pppd[1011]: Script /etc/ppp/ip-down finished (pid 1053), status = 0x0
Nov 12 15:32:32 indigo-tracker daemon.info pppd[1011]: Exit.
Nov 12 15:32:37 indigo-tracker daemon.notice pppd[1069]: pppd 2.4.5 started by root, uid 0
Nov 12 15:32:37 indigo-tracker local2.info chat[1072]: abort on (BUSY)
Nov 12 15:32:37 indigo-tracker local2.info chat[1072]: abort on (ERROR)
Nov 12 15:32:37 indigo-tracker local2.info chat[1072]: abort on (UNDER-VOLTAGE WARNNING)
Nov 12 15:32:37 indigo-tracker local2.info chat[1072]: send (ATZ^M)
Nov 12 15:32:37 indigo-tracker local2.info chat[1072]: timeout set to 12 seconds
Nov 12 15:32:37 indigo-tracker local2.info chat[1072]: expect (OK)
Nov 12 15:32:37 indigo-tracker local2.info chat[1072]: ATZ^M^M
Nov 12 15:32:37 indigo-tracker local2.info chat[1072]: OK
Nov 12 15:32:37 indigo-tracker local2.info chat[1072]:  -- got it
Nov 12 15:32:37 indigo-tracker local2.info chat[1072]: send (AT+CGDCONT=1,"IP","internet"^M)
Nov 12 15:32:38 indigo-tracker local2.info chat[1072]: timeout set to 45 seconds
Nov 12 15:32:38 indigo-tracker local2.info chat[1072]: expect (OK)
Nov 12 15:32:38 indigo-tracker local2.info chat[1072]: ^M
Nov 12 15:32:38 indigo-tracker local2.info chat[1072]: AT+CGDCONT=1,"IP","internet"^M^M
Nov 12 15:32:38 indigo-tracker local2.info chat[1072]: OK
Nov 12 15:32:38 indigo-tracker local2.info chat[1072]:  -- got it
Nov 12 15:32:38 indigo-tracker local2.info chat[1072]: send (ATD*99#^M)
Nov 12 15:32:38 indigo-tracker local2.info chat[1072]: expect (CONNECT)
Nov 12 15:32:38 indigo-tracker local2.info chat[1072]: ^M
Nov 12 15:32:38 indigo-tracker local2.info chat[1072]: ATD*99#^M^M
Nov 12 15:32:38 indigo-tracker local2.info chat[1072]: CONNECT
Nov 12 15:32:38 indigo-tracker local2.info chat[1072]:  -- got it
Nov 12 15:32:38 indigo-tracker local2.info chat[1072]: send (^M)
Nov 12 15:32:38 indigo-tracker daemon.debug pppd[1069]: Script chat -v -f /etc/ppp/chatscripts/megafon-connect finished (pid 1071), status = 0x0
Nov 12 15:32:38 indigo-tracker daemon.info pppd[1069]: Serial connection established.
Nov 12 15:32:38 indigo-tracker daemon.debug pppd[1069]: using channel 5
Nov 12 15:32:38 indigo-tracker daemon.info pppd[1069]: Using interface ppp0
Nov 12 15:32:38 indigo-tracker daemon.notice pppd[1069]: Connect: ppp0 <--> /dev/ttyS1
Nov 12 15:32:39 indigo-tracker daemon.warn pppd[1069]: Warning - secret file /etc/ppp/pap-secrets has world and/or group access
Nov 12 15:32:40 indigo-tracker daemon.debug pppd[1069]: sent [LCP ConfReq id=0x1 <asyncmap 0x0> <magic 0x2309e6f4>]
Nov 12 15:32:40 indigo-tracker daemon.debug pppd[1069]: rcvd [LCP ConfAck id=0x1 <asyncmap 0x0> <magic 0x2309e6f4>]
Nov 12 15:32:41 indigo-tracker daemon.debug pppd[1069]: rcvd [LCP ConfReq id=0xe <mru 1600> <auth pap> <magic 0xc3c65c9> <asyncmap 0x0> <pcomp> <accomp>]
Nov 12 15:32:41 indigo-tracker daemon.debug pppd[1069]: No auth is possible
Nov 12 15:32:41 indigo-tracker daemon.debug pppd[1069]: sent [LCP ConfRej id=0xe <auth pap> <pcomp> <accomp>]
Nov 12 15:32:41 indigo-tracker daemon.debug pppd[1069]: rcvd [LCP ConfReq id=0xf <mru 1600> <magic 0xc3c65c9> <asyncmap 0x0>]
Nov 12 15:32:41 indigo-tracker daemon.debug pppd[1069]: sent [LCP ConfAck id=0xf <mru 1600> <magic 0xc3c65c9> <asyncmap 0x0>]
Nov 12 15:32:41 indigo-tracker daemon.debug pppd[1069]: sent [IPCP ConfReq id=0x1 <addr 0.0.0.0>]
Nov 12 15:32:44 indigo-tracker daemon.debug pppd[1069]: sent [IPCP ConfReq id=0x1 <addr 0.0.0.0>]
Nov 12 15:32:46 indigo-tracker daemon.debug pppd[1069]: rcvd [IPCP ConfNak id=0x1 <addr 10.238.43.243>]
Nov 12 15:32:46 indigo-tracker daemon.debug pppd[1069]: sent [IPCP ConfReq id=0x2 <addr 10.238.43.243>]
Nov 12 15:32:46 indigo-tracker daemon.debug pppd[1069]: rcvd [IPCP ConfReq id=0x5 <addr 10.0.0.1>]
Nov 12 15:32:46 indigo-tracker daemon.debug pppd[1069]: sent [IPCP ConfAck id=0x5 <addr 10.0.0.1>]
Nov 12 15:32:46 indigo-tracker daemon.debug pppd[1069]: rcvd [IPCP ConfAck id=0x2 <addr 10.238.43.243>]
Nov 12 15:32:46 indigo-tracker daemon.notice pppd[1069]: replacing old default route to eth0 [192.168.17.254]
Nov 12 15:32:46 indigo-tracker daemon.notice pppd[1069]: local  IP address 10.238.43.243
Nov 12 15:32:46 indigo-tracker daemon.notice pppd[1069]: remote IP address 10.0.0.1
Nov 12 15:32:46 indigo-tracker daemon.debug pppd[1069]: Script /etc/ppp/ip-up started (pid 1077)
Nov 12 15:32:46 indigo-tracker user.notice root: Trying to get system time over ntp
Nov 12 15:32:46 indigo-tracker daemon.notice ntpdate[1081]: ntpdate 4.2.6p3@1.2290 Sun Feb 20 22:12:26 UTC 2011 (1)
Nov 12 15:32:55 indigo-tracker daemon.info pppd[1069]: Terminating on signal 15
Nov 12 15:32:55 indigo-tracker daemon.info pppd[1069]: Connect time 0.2 minutes.
Nov 12 15:32:55 indigo-tracker daemon.info pppd[1069]: Sent 745 bytes, received 793 bytes.
Nov 12 15:32:55 indigo-tracker daemon.notice pppd[1069]: restoring old default route to eth0 [192.168.17.254]
Nov 12 15:32:55 indigo-tracker daemon.debug pppd[1069]: sent [LCP TermReq id=0x2 "User request"]
Nov 12 15:32:55 indigo-tracker daemon.debug pppd[1069]: rcvd [LCP TermAck id=0x2]
Nov 12 15:32:55 indigo-tracker daemon.notice pppd[1069]: Connection terminated.
Nov 12 15:32:55 indigo-tracker daemon.debug pppd[1069]: Script /etc/ppp/peers/gprs-disconnect-chat finished (pid 1087), status = 0x7f
Nov 12 15:32:55 indigo-tracker daemon.warn pppd[1069]: disconnect script failed
Nov 12 15:32:55 indigo-tracker daemon.debug pppd[1069]: Waiting for 1 child processes...
Nov 12 15:32:55 indigo-tracker daemon.debug pppd[1069]:   script /etc/ppp/ip-up, pid 1077
Nov 12 15:32:56 indigo-tracker daemon.info pppd[1069]: Terminating on signal 15
Nov 12 15:32:56 indigo-tracker daemon.debug pppd[1069]: sending SIGTERM to process 1077
Nov 12 15:32:56 indigo-tracker daemon.info pppd[1069]: Exit.
Nov 12 15:32:57 indigo-tracker daemon.notice ntpdate[1081]: step time server 95.140.150.140 offset 0.057384 sec
Nov 12 15:32:57 indigo-tracker user.notice root: Current time is valid
Nov 12 15:33:01 indigo-tracker cron.info crond[478]: crond: USER root pid 1118 cmd /etc/cron/check_updates.sh
Nov 12 15:33:12 indigo-tracker daemon.err openvpn[710]: TLS Error: TLS key negotiation failed to occur within 60 seconds (check your network connectivity)
Nov 12 15:33:12 indigo-tracker daemon.err openvpn[710]: TLS Error: TLS handshake failed
Nov 12 15:33:12 indigo-tracker daemon.notice openvpn[710]: TCP/UDP: Closing socket
Nov 12 15:33:12 indigo-tracker daemon.notice openvpn[710]: SIGUSR1[soft,tls-error] received, process restarting
Nov 12 15:33:12 indigo-tracker daemon.notice openvpn[710]: Restart pause, 2 second(s)
Nov 12 15:33:14 indigo-tracker daemon.warn openvpn[710]: NOTE: the current --script-security setting may allow this configuration to call user-defined scripts
Nov 12 15:33:14 indigo-tracker daemon.notice openvpn[710]: Re-using SSL/TLS context
Nov 12 15:33:14 indigo-tracker daemon.notice openvpn[710]: LZO compression initialized
Nov 12 15:33:14 indigo-tracker daemon.notice openvpn[710]: Control Channel MTU parms [ L:1546 D:138 EF:38 EB:0 ET:0 EL:0 ]
Nov 12 15:33:14 indigo-tracker daemon.notice openvpn[710]: Socket Buffers: R=[108544->131072] S=[108544->131072]
Nov 12 15:33:55 indigo-tracker daemon.err openvpn[710]: RESOLVE: Cannot resolve host address: serv.indigosystem.ru: [TRY_AGAIN] A temporary error occurred on an authoritative name server.
Nov 12 15:33:55 indigo-tracker daemon.notice openvpn[710]: Data Channel MTU parms [ L:1546 D:1300 EF:46 EB:135 ET:0 EL:0 AF:3/1 ]
Nov 12 15:33:55 indigo-tracker daemon.notice openvpn[710]: Fragmentation MTU parms [ L:1546 D:1300 EF:45 EB:135 ET:1 EL:0 AF:3/1 ]
Nov 12 15:34:01 indigo-tracker cron.info crond[478]: crond: USER root pid 1143 cmd /etc/cron/check_updates.sh
Nov 12 15:34:35 indigo-tracker daemon.err openvpn[710]: RESOLVE: Cannot resolve host address: serv.indigosystem.ru: [TRY_AGAIN] A temporary error occurred on an authoritative name server.
Nov 12 15:35:01 indigo-tracker cron.info crond[478]: crond: USER root pid 1158 cmd /etc/cron/check_updates.sh
Nov 12 15:35:20 indigo-tracker daemon.err openvpn[710]: RESOLVE: Cannot resolve host address: serv.indigosystem.ru: [TRY_AGAIN] A temporary error occurred on an authoritative name server.
Nov 12 15:35:57 indigo-tracker daemon.info init: starting pid 1177, tty '/dev/null': '/etc/init.d/shutdown'
Nov 12 15:35:57 indigo-tracker user.notice root: mjpeg-streamer stopped
Nov 12 15:35:57 indigo-tracker user.debug sqlite: exiting by signal 15
Nov 12 15:35:57 indigo-tracker user.debug sqlite: gps finished ok
Nov 12 15:35:57 indigo-tracker user.debug sqlite: gpsdb closed ok
Nov 12 15:35:57 indigo-tracker user.notice root: gpsreader stopped
Nov 12 15:35:57 indigo-tracker user.debug sqlite: exiting by signal 15
Nov 12 15:35:57 indigo-tracker user.notice root: people stopped
Nov 12 15:35:57 indigo-tracker user.notice root: sender stopped
Nov 12 15:35:58 indigo-tracker user.debug sysdaemon-dbus: flash remove
Jan  1 03:00:11 indigo-tracker syslog.info syslogd started: BusyBox v1.18.3
Jan  1 03:00:11 indigo-tracker user.notice kernel: klogd started: BusyBox v1.18.3 (2011-03-29 18:29:13 MSD)
Jan  1 03:00:11 indigo-tracker user.notice kernel: Linux version 2.6.38+ (yury@debian-dev-vm) (gcc version 4.4.5 (indigo-ct-ng) ) #76 Fri Nov 11 18:57:40 MSK 2011
Jan  1 03:00:11 indigo-tracker user.warn kernel: CPU: ARM926EJ-S [41069265] revision 5 (ARMv5TEJ), cr=00053177
Jan  1 03:00:11 indigo-tracker user.warn kernel: CPU: VIVT data cache, VIVT instruction cache
Jan  1 03:00:11 indigo-tracker user.warn kernel: Machine: Indigo AT91SAM9260-SK
Jan  1 03:00:11 indigo-tracker user.warn kernel: Memory policy: ECC disabled, Data cache writeback
Jan  1 03:00:11 indigo-tracker user.warn kernel: Clocks: CPU 196 MHz, master 98 MHz, main 12.000 MHz
Jan  1 03:00:11 indigo-tracker user.debug kernel: On node 0 totalpages: 16384
Jan  1 03:00:11 indigo-tracker user.debug kernel: free_area_init_node: node 0, pgdat c0369484, node_mem_map c037b000
Jan  1 03:00:11 indigo-tracker user.debug kernel:   Normal zone: 128 pages used for memmap
Jan  1 03:00:11 indigo-tracker user.debug kernel:   Normal zone: 0 pages reserved
Jan  1 03:00:11 indigo-tracker user.debug kernel:   Normal zone: 16256 pages, LIFO batch:3
Jan  1 03:00:11 indigo-tracker user.debug kernel: pcpu-alloc: s0 r0 d32768 u32768 alloc=1*32768
Jan  1 03:00:11 indigo-tracker user.debug kernel: pcpu-alloc: [0] 0 
Jan  1 03:00:11 indigo-tracker user.warn kernel: Built 1 zonelists in Zone order, mobility grouping on.  Total pages: 16256
Jan  1 03:00:11 indigo-tracker user.notice kernel: Kernel command line: console=ttyS0,115200=mem=64M root=/dev/mtdblock3
Jan  1 03:00:11 indigo-tracker user.info kernel: PID hash table entries: 256 (order: -2, 1024 bytes)
Jan  1 03:00:11 indigo-tracker user.info kernel: Dentry cache hash table entries: 8192 (order: 3, 32768 bytes)
Jan  1 03:00:11 indigo-tracker user.info kernel: Inode-cache hash table entries: 4096 (order: 2, 16384 bytes)
Jan  1 03:00:11 indigo-tracker user.info kernel: Memory: 64MB = 64MB total
Jan  1 03:00:11 indigo-tracker user.notice kernel: Memory: 61364k/61364k available, 4172k reserved, 0K highmem
Jan  1 03:00:11 indigo-tracker user.notice kernel: Virtual kernel memory layout:
Jan  1 03:00:11 indigo-tracker user.notice kernel:     vector  : 0xffff0000 - 0xffff1000   (   4 kB)
Jan  1 03:00:11 indigo-tracker user.notice kernel:     fixmap  : 0xfff00000 - 0xfffe0000   ( 896 kB)
Jan  1 03:00:11 indigo-tracker user.notice kernel:     DMA     : 0xffc00000 - 0xffe00000   (   2 MB)
Jan  1 03:00:11 indigo-tracker user.notice kernel:     vmalloc : 0xc4800000 - 0xfee00000   ( 934 MB)
Jan  1 03:00:11 indigo-tracker user.notice kernel:     lowmem  : 0xc0000000 - 0xc4000000   (  64 MB)
Jan  1 03:00:11 indigo-tracker user.notice kernel:     modules : 0xbf000000 - 0xc0000000   (  16 MB)
Jan  1 03:00:11 indigo-tracker user.notice kernel:       .init : 0xc0008000 - 0xc0024000   ( 112 kB)
Jan  1 03:00:11 indigo-tracker user.notice kernel:       .text : 0xc0024000 - 0xc03419d4   (3191 kB)
Jan  1 03:00:11 indigo-tracker user.notice kernel:       .data : 0xc0342000 - 0xc0369c60   ( 160 kB)
Jan  1 03:00:11 indigo-tracker user.info kernel: NR_IRQS:192
Jan  1 03:00:11 indigo-tracker user.info kernel: AT91: 96 gpio irqs in 3 banks
Jan  1 03:00:11 indigo-tracker user.warn kernel: Console: colour dummy device 80x30
Jan  1 03:00:11 indigo-tracker user.info kernel: console [ttyS0] enabled
Jan  1 03:00:11 indigo-tracker user.info kernel: Calibrating delay loop... 97.89 BogoMIPS (lpj=489472)
Jan  1 03:00:11 indigo-tracker user.info kernel: pid_max: default: 32768 minimum: 301
Jan  1 03:00:11 indigo-tracker user.warn kernel: Mount-cache hash table entries: 512
Jan  1 03:00:11 indigo-tracker user.info kernel: CPU: Testing write buffer coherency: ok
Jan  1 03:00:11 indigo-tracker user.info kernel: NET: Registered protocol family 16
Jan  1 03:00:11 indigo-tracker user.warn kernel: bio: create slab <bio-0> at 0
Jan  1 03:00:11 indigo-tracker user.notice kernel: SCSI subsystem initialized
Jan  1 03:00:11 indigo-tracker user.info kernel: usbcore: registered new interface driver usbfs
Jan  1 03:00:11 indigo-tracker user.info kernel: usbcore: registered new interface driver hub
Jan  1 03:00:11 indigo-tracker user.info kernel: usbcore: registered new device driver usb
Jan  1 03:00:11 indigo-tracker user.info kernel: Advanced Linux Sound Architecture Driver Version 1.0.23.
Jan  1 03:00:11 indigo-tracker user.info kernel: Switching to clocksource pit
Jan  1 03:00:11 indigo-tracker user.info kernel: NET: Registered protocol family 2
Jan  1 03:00:11 indigo-tracker user.info kernel: IP route cache hash table entries: 1024 (order: 0, 4096 bytes)
Jan  1 03:00:11 indigo-tracker user.info kernel: TCP established hash table entries: 2048 (order: 2, 16384 bytes)
Jan  1 03:00:11 indigo-tracker user.info kernel: TCP bind hash table entries: 2048 (order: 1, 8192 bytes)
Jan  1 03:00:11 indigo-tracker user.info kernel: TCP: Hash tables configured (established 2048 bind 2048)
Jan  1 03:00:11 indigo-tracker user.info kernel: TCP reno registered
Jan  1 03:00:11 indigo-tracker user.info kernel: UDP hash table entries: 256 (order: 0, 4096 bytes)
Jan  1 03:00:11 indigo-tracker user.info kernel: UDP-Lite hash table entries: 256 (order: 0, 4096 bytes)
Jan  1 03:00:11 indigo-tracker user.info kernel: NET: Registered protocol family 1
Jan  1 03:00:11 indigo-tracker user.debug kernel: yaffs: yaffs built Nov  8 2011 18:50:55 Installing.
Jan  1 03:00:11 indigo-tracker user.info kernel: msgmni has been set to 119
Jan  1 03:00:11 indigo-tracker user.info kernel: io scheduler noop registered (default)
Jan  1 03:00:11 indigo-tracker user.info kernel: io scheduler deadline registered
Jan  1 03:00:11 indigo-tracker user.info kernel: atmel_usart.0: ttyS0 at MMIO 0xfefff200 (irq = 1) is a ATMEL_SERIAL
Jan  1 03:00:11 indigo-tracker user.info kernel: atmel_usart.1: ttyS1 at MMIO 0xfffb0000 (irq = 6) is a ATMEL_SERIAL
Jan  1 03:00:11 indigo-tracker user.info kernel: atmel_usart.2: ttyS2 at MMIO 0xfffb8000 (irq = 8) is a ATMEL_SERIAL
Jan  1 03:00:11 indigo-tracker user.debug kernel: SK-AT91SAM9XE512: SIM508 power management driver, major 135, minor 0.
Jan  1 03:00:11 indigo-tracker user.info kernel: brd: module loaded
Jan  1 03:00:11 indigo-tracker user.info kernel: loop: module loaded
Jan  1 03:00:11 indigo-tracker user.info kernel: ssc ssc.0: Atmel SSC device at 0xc4818000 (irq 14)
Jan  1 03:00:11 indigo-tracker cron.notice atd[528]: Removing stale lockfile for pid 528
Jan  1 03:00:11 indigo-tracker user.info kernel: NAND device: Manufacturer ID: 0xec, Chip ID: 0xda (Samsung NAND 256MiB 3,3V 8-bit)
Jan  1 03:00:11 indigo-tracker user.info kernel: Scanning device for bad blocks
Jan  1 03:00:11 indigo-tracker user.warn kernel: Bad eraseblock 131 at 0x000001060000
Jan  1 03:00:11 indigo-tracker user.warn kernel: Bad eraseblock 918 at 0x0000072c0000
Jan  1 03:00:11 indigo-tracker user.notice kernel: Creating 6 MTD partitions on "atmel_nand":
Jan  1 03:00:11 indigo-tracker user.notice kernel: 0x000000000000-0x000000020000 : "Bootstrap partition"
Jan  1 03:00:11 indigo-tracker user.notice kernel: 0x000000020000-0x000000060000 : "U-boot Partition"
Jan  1 03:00:11 indigo-tracker user.notice kernel: 0x0000000a0000-0x0000002a0000 : "Kernel Partition"
Jan  1 03:00:11 indigo-tracker user.notice kernel: 0x000000800000-0x000010000000 : "Storage Partition"
Jan  1 03:00:11 indigo-tracker user.notice kernel: 0x000000060000-0x000000080000 : "U-boot Environment"
Jan  1 03:00:11 indigo-tracker user.notice kernel: 0x000000080000-0x0000000a0000 : "U-boot Environment Backup"
Jan  1 03:00:11 indigo-tracker user.info kernel: atmel_spi atmel_spi.0: Atmel SPI Controller at 0xfffc8000 (irq 12)
Jan  1 03:00:11 indigo-tracker user.info kernel: atmel_spi atmel_spi.1: Atmel SPI Controller at 0xfffcc000 (irq 13)
Jan  1 03:00:11 indigo-tracker user.info kernel: PPP generic driver version 2.4.2
Jan  1 03:00:11 indigo-tracker user.info kernel: PPP Deflate Compression module registered
Jan  1 03:00:11 indigo-tracker user.info kernel: PPP BSD Compression module registered
Jan  1 03:00:11 indigo-tracker user.info kernel: PPP MPPE Compression module registered
Jan  1 03:00:11 indigo-tracker user.info kernel: NET: Registered protocol family 24
Jan  1 03:00:11 indigo-tracker user.info kernel: SLIP: version 0.8.4-NET3.019-NEWTTY (dynamic channels, max=256).
Jan  1 03:00:11 indigo-tracker user.info kernel: CSLIP: code copyright 1989 Regents of the University of California.
Jan  1 03:00:11 indigo-tracker user.info kernel: tun: Universal TUN/TAP device driver, 1.6
Jan  1 03:00:11 indigo-tracker user.info kernel: tun: (C) 1999-2004 Max Krasnyansky <maxk@qualcomm.com>
Jan  1 03:00:11 indigo-tracker user.info kernel: MACB_mii_bus: probed
Jan  1 03:00:11 indigo-tracker user.info kernel: eth0: Atmel MACB at 0xfffc4000 irq 21 (00:1f:f2:00:00:00)
Jan  1 03:00:11 indigo-tracker user.info kernel: eth0: attached PHY driver [Micrel KS8001 or KS8721] (mii_bus:phy_addr=ffffffff:01, irq=-1)
Jan  1 03:00:11 indigo-tracker user.info kernel: ohci_hcd: USB 1.1 'Open' Host Controller (OHCI) Driver
Jan  1 03:00:11 indigo-tracker user.info kernel: at91_ohci at91_ohci: AT91 OHCI
Jan  1 03:00:11 indigo-tracker user.info kernel: at91_ohci at91_ohci: new USB bus registered, assigned bus number 1
Jan  1 03:00:11 indigo-tracker user.info kernel: at91_ohci at91_ohci: irq 20, io mem 0x00500000
Jan  1 03:00:11 indigo-tracker user.info kernel: usb usb1: New USB device found, idVendor=1d6b, idProduct=0001
Jan  1 03:00:11 indigo-tracker user.info kernel: usb usb1: New USB device strings: Mfr=3, Product=2, SerialNumber=1
Jan  1 03:00:11 indigo-tracker user.info kernel: usb usb1: Product: AT91 OHCI
Jan  1 03:00:11 indigo-tracker user.info kernel: usb usb1: Manufacturer: Linux 2.6.38+ ohci_hcd
Jan  1 03:00:11 indigo-tracker user.info kernel: usb usb1: SerialNumber: at91
Jan  1 03:00:11 indigo-tracker user.info kernel: hub 1-0:1.0: USB hub found
Jan  1 03:00:11 indigo-tracker user.info kernel: hub 1-0:1.0: 2 ports detected
Jan  1 03:00:11 indigo-tracker user.info kernel: Initializing USB Mass Storage driver...
Jan  1 03:00:11 indigo-tracker user.info kernel: usbcore: registered new interface driver usb-storage
Jan  1 03:00:11 indigo-tracker user.info kernel: USB Mass Storage support registered.
Jan  1 03:00:11 indigo-tracker user.info kernel: rtc-at91sam9 at91_rtt.0: rtc core: registered at91_rtt as rtc0
Jan  1 03:00:11 indigo-tracker user.warn kernel: rtc-at91sam9 at91_rtt.0: rtc0: SET TIME!
Jan  1 03:00:11 indigo-tracker user.info kernel: i2c /dev entries driver
Jan  1 03:00:11 indigo-tracker user.info kernel: Linux video capture interface: v2.00
Jan  1 03:00:11 indigo-tracker user.info kernel: usbcore: registered new interface driver uvcvideo
Jan  1 03:00:11 indigo-tracker user.info kernel: USB Video Class driver (v1.0.0)
Jan  1 03:00:11 indigo-tracker user.info kernel: AT91SAM9 Watchdog enabled (heartbeat=15 sec, nowayout=1)
Jan  1 03:00:11 indigo-tracker user.info kernel: usbcore: registered new interface driver snd-usb-audio
Jan  1 03:00:11 indigo-tracker user.info kernel: ALSA device list:
Jan  1 03:00:11 indigo-tracker user.info kernel:   No soundcards found.
Jan  1 03:00:11 indigo-tracker user.info kernel: nf_conntrack version 0.5.0 (958 buckets, 3832 max)
Jan  1 03:00:11 indigo-tracker user.info kernel: ip_tables: (C) 2000-2006 Netfilter Core Team
Jan  1 03:00:11 indigo-tracker user.info kernel: TCP cubic registered
Jan  1 03:00:11 indigo-tracker user.info kernel: NET: Registered protocol family 17
Jan  1 03:00:11 indigo-tracker user.err kernel: rtc-at91sam9 at91_rtt.0: hctosys: unable to read the hardware clock
Jan  1 03:00:11 indigo-tracker user.info kernel: atmel_mci atmel_mci: Atmel MCI controller at 0xfffa8000 irq 9, 1 slots
Jan  1 03:00:11 indigo-tracker user.info kernel: yaffs: dev is 32505859 name is "mtdblock3" rw
Jan  1 03:00:11 indigo-tracker user.info kernel: yaffs: passed flags ""
Jan  1 03:00:11 indigo-tracker user.debug kernel: yaffs: yaffs: Attempting MTD mount of 31.3,"mtdblock3"
Jan  1 03:00:11 indigo-tracker user.debug kernel: yaffs: auto selecting yaffs2
Jan  1 03:00:11 indigo-tracker user.debug kernel: yaffs: block 68 is bad
Jan  1 03:00:11 indigo-tracker user.debug kernel: yaffs: block 855 is bad
Jan  1 03:00:11 indigo-tracker user.warn kernel: mmc0: host does not support reading read-only switch. assuming write-enable.
Jan  1 03:00:11 indigo-tracker user.info kernel: mmc0: new SD card at address 1234
