Nov  9 13:57:57 indigo-tracker user.info kernel: [ 4199]     0  4199     3028     2345   0     -17         -1000 sqlite3
Nov  9 13:57:57 indigo-tracker user.err kernel: Out of memory: Kill process 624 (gpsd) score 5 or sacrifice child
Nov  9 13:57:57 indigo-tracker user.err kernel: Killed process 624 (gpsd) total-vm:3252kB, anon-rss:336kB, file-rss:8kB
Nov  9 13:57:57 indigo-tracker user.warn kernel: syncher.sh invoked oom-killer: gfp_mask=0xd0, order=2, oom_adj=-17, oom_score_adj=-1000
Nov  9 13:57:57 indigo-tracker user.warn kernel: [<c0029164>] (unwind_backtrace+0x0/0xf0) from [<c006b24c>] (T.351+0x50/0x150)
Nov  9 13:57:57 indigo-tracker user.warn kernel: [<c006b24c>] (T.351+0x50/0x150) from [<c006b38c>] (T.348+0x40/0x118)
Nov  9 13:57:57 indigo-tracker user.warn kernel: [<c006b38c>] (T.348+0x40/0x118) from [<c006b6a8>] (out_of_memory+0x244/0x2f0)
Nov  9 13:57:57 indigo-tracker user.warn kernel: [<c006b6a8>] (out_of_memory+0x244/0x2f0) from [<c006e548>] (__alloc_pages_nodemask+0x4ac/0x5b4)
Nov  9 13:57:57 indigo-tracker user.warn kernel: [<c006e548>] (__alloc_pages_nodemask+0x4ac/0x5b4) from [<c006e660>] (__get_free_pages+0x10/0x3c)
Nov  9 13:57:57 indigo-tracker user.warn kernel: [<c006e660>] (__get_free_pages+0x10/0x3c) from [<c002b078>] (pgd_alloc+0x14/0xd8)
Nov  9 13:57:57 indigo-tracker user.warn kernel: [<c002b078>] (pgd_alloc+0x14/0xd8) from [<c00321dc>] (mm_init+0x98/0xd8)
Nov  9 13:57:57 indigo-tracker user.warn kernel: [<c00321dc>] (mm_init+0x98/0xd8) from [<c0032a40>] (dup_mm+0x60/0xfc)
Nov  9 13:57:57 indigo-tracker user.warn kernel: [<c0032a40>] (dup_mm+0x60/0xfc) from [<c0032fb4>] (copy_process+0x430/0xa4c)
Nov  9 13:57:57 indigo-tracker user.warn kernel: [<c0032fb4>] (copy_process+0x430/0xa4c) from [<c00336dc>] (do_fork+0x10c/0x230)
Nov  9 13:57:57 indigo-tracker user.warn kernel: [<c00336dc>] (do_fork+0x10c/0x230) from [<c0024ea0>] (ret_fast_syscall+0x0/0x2c)
Nov  9 13:57:57 indigo-tracker user.warn kernel: Mem-info:
Nov  9 13:57:57 indigo-tracker user.warn kernel: Normal per-cpu:
Nov  9 13:57:57 indigo-tracker daemon.notice openvpn[677]: TCP/UDP: Closing socket
Nov  9 13:57:57 indigo-tracker user.warn kernel: CPU    0: hi:   18, btch:   3 usd:   0
Nov  9 13:57:57 indigo-tracker daemon.notice openvpn[677]: SIGUSR1[soft,ping-restart] received, process restarting
Nov  9 13:57:57 indigo-tracker user.warn kernel: active_anon:9419 inactive_anon:3354 isolated_anon:0
Nov  9 13:57:57 indigo-tracker daemon.notice openvpn[677]: Restart pause, 2 second(s)
Nov  9 13:57:57 indigo-tracker user.warn kernel:  active_file:10 inactive_file:0 isolated_file:0
Nov  9 13:57:57 indigo-tracker user.warn kernel:  unevictable:0 dirty:0 writeback:0 unstable:0
Nov  9 13:57:57 indigo-tracker user.warn kernel:  free:638 slab_reclaimable:235 slab_unreclaimable:1003
Nov  9 13:57:57 indigo-tracker user.warn kernel:  mapped:2 shmem:7389 pagetables:121 bounce:0
Nov  9 13:57:57 indigo-tracker user.warn kernel: Normal free:2552kB min:1016kB low:1268kB high:1524kB active_anon:37676kB inactive_anon:13416kB active_file:40kB inactive_file:0kB unevictable:0kB isolated(anon):0kB isolated(file):0kB present:65024kB mlocked:0kB dirty:0kB write
Nov  9 13:57:57 indigo-tracker user.warn kernel: lowmem_reserve[]: 0 0
Nov  9 13:57:57 indigo-tracker user.warn kernel: Normal: 510*4kB 24*8kB 6*16kB 3*32kB 2*64kB 0*128kB 0*256kB 0*512kB 0*1024kB 0*2048kB 0*4096kB = 2552kB
Nov  9 13:57:57 indigo-tracker user.warn kernel: 7399 total pagecache pages
Nov  9 13:57:57 indigo-tracker user.warn kernel: 16384 pages of RAM
Nov  9 13:57:57 indigo-tracker user.warn kernel: 766 free pages
Nov  9 13:57:57 indigo-tracker user.warn kernel: 1011 reserved pages
Nov  9 13:57:57 indigo-tracker user.warn kernel: 1238 slab pages
Nov  9 13:57:57 indigo-tracker user.warn kernel: 16 pages shared
Nov  9 13:57:57 indigo-tracker user.warn kernel: 0 pages swap cached
Nov  9 13:57:57 indigo-tracker user.info kernel: [ pid ]   uid  tgid total_vm      rss cpu oom_adj oom_score_adj name
Nov  9 13:57:57 indigo-tracker user.info kernel: [  469]     0   469      595       23   0       0             0 crond
Nov  9 13:57:57 indigo-tracker user.info kernel: [  484]     0   484      406       14   0       0             0 relay
Nov  9 13:57:57 indigo-tracker user.info kernel: [  591]    81   591      884       45   0       0             0 dbus-daemon
Nov  9 13:57:57 indigo-tracker user.info kernel: [  594]     0   594     5390       84   0       0             0 sysdaemon-arm
Nov  9 13:57:57 indigo-tracker user.info kernel: [  632]     0   632      630       42   0     -17         -1000 pppd
Nov  9 13:57:57 indigo-tracker user.info kernel: [  641]     0   641      428       21   0       0             0 atd
Nov  9 13:57:57 indigo-tracker user.info kernel: [  643]     0   643      577       16   0       0             0 getty
Nov  9 13:57:57 indigo-tracker user.info kernel: [  644]     0   644      576       14   0       0             0 syslogd
Nov  9 13:57:57 indigo-tracker user.info kernel: [  645]     0   645      576       17   0       0             0 klogd
Nov  9 13:57:57 indigo-tracker user.info kernel: [  677]     0   677     1508      474   0     -17         -1000 openvpn
Nov  9 13:57:57 indigo-tracker user.info kernel: [  724]     0   724      596       22   0     -17         -1000 telnetd
Nov  9 13:57:57 indigo-tracker user.info kernel: [  728]     0   728      927       46   0     -17         -1000 vsftpd
Nov  9 13:57:57 indigo-tracker user.info kernel: [ 1273]     0  1273     7526      118   0     -17         -1000 gpsreader-arm
Nov  9 13:57:57 indigo-tracker user.info kernel: [ 1282]     0  1282     1607      163   0     -17         -1000 sender-arm
Nov  9 13:57:57 indigo-tracker user.info kernel: [ 1397]     0  1397     9669      107   0     -17         -1000 recorder-arm
Nov  9 13:57:57 indigo-tracker user.info kernel: [ 1409]     0  1409    19620     1654   0     -17         -1000 mjpg_streamer
Nov  9 13:57:57 indigo-tracker user.info kernel: [ 1411]     0  1411      648       37   0     -17         -1000 syncher.sh
Nov  9 13:57:57 indigo-tracker user.info kernel: [ 3977]     0  3977      596       31   0     -17         -1000 sh
Nov  9 13:57:57 indigo-tracker user.info kernel: [ 4197]     0  4197     5470       95   0     -17         -1000 people-arm
Nov  9 13:57:57 indigo-tracker user.info kernel: [ 4199]     0  4199     3028     2345   0     -17         -1000 sqlite3
Nov  9 13:57:57 indigo-tracker user.err kernel: Out of memory: Kill process 591 (dbus-daemon) score 2 or sacrifice child
Nov  9 13:57:57 indigo-tracker user.err kernel: Killed process 591 (dbus-daemon) total-vm:3536kB, anon-rss:180kB, file-rss:0kB
Nov  9 13:57:57 indigo-tracker user.warn kernel: syncher.sh invoked oom-killer: gfp_mask=0xd0, order=2, oom_adj=-17, oom_score_adj=-1000
Nov  9 13:57:57 indigo-tracker user.warn kernel: [<c0029164>] (unwind_backtrace+0x0/0xf0) from [<c006b24c>] (T.351+0x50/0x150)
Nov  9 13:57:57 indigo-tracker user.warn kernel: [<c006b24c>] (T.351+0x50/0x150) from [<c006b38c>] (T.348+0x40/0x118)
Nov  9 13:57:57 indigo-tracker user.warn kernel: [<c006b38c>] (T.348+0x40/0x118) from [<c006b6a8>] (out_of_memory+0x244/0x2f0)
Nov  9 13:57:57 indigo-tracker user.warn kernel: [<c006b6a8>] (out_of_memory+0x244/0x2f0) from [<c006e548>] (__alloc_pages_nodemask+0x4ac/0x5b4)
Nov  9 13:57:57 indigo-tracker user.warn kernel: [<c006e548>] (__alloc_pages_nodemask+0x4ac/0x5b4) from [<c006e660>] (__get_free_pages+0x10/0x3c)
Nov  9 13:57:57 indigo-tracker user.warn kernel: [<c006e660>] (__get_free_pages+0x10/0x3c) from [<c002b078>] (pgd_alloc+0x14/0xd8)
Nov  9 13:57:57 indigo-tracker user.warn kernel: [<c002b078>] (pgd_alloc+0x14/0xd8) from [<c00321dc>] (mm_init+0x98/0xd8)
Nov  9 13:57:57 indigo-tracker user.warn kernel: [<c00321dc>] (mm_init+0x98/0xd8) from [<c0091868>] (bprm_mm_init+0xc/0x74)
Nov  9 13:57:57 indigo-tracker user.warn kernel: [<c0091868>] (bprm_mm_init+0xc/0x74) from [<c0091fa0>] (do_execve+0xa0/0x28c)
Nov  9 13:57:57 indigo-tracker user.warn kernel: [<c0091fa0>] (do_execve+0xa0/0x28c) from [<c0027ba8>] (sys_execve+0x34/0x54)
Nov  9 13:57:57 indigo-tracker user.warn kernel: [<c0027ba8>] (sys_execve+0x34/0x54) from [<c0024ea0>] (ret_fast_syscall+0x0/0x2c)
Nov  9 13:57:57 indigo-tracker user.warn kernel: Mem-info:
Nov  9 13:57:57 indigo-tracker user.warn kernel: Normal per-cpu:
Nov  9 13:57:57 indigo-tracker user.warn kernel: CPU    0: hi:   18, btch:   3 usd:   0
Nov  9 13:57:57 indigo-tracker user.warn kernel: active_anon:9481 inactive_anon:3338 isolated_anon:0
Nov  9 13:57:57 indigo-tracker user.warn kernel:  active_file:0 inactive_file:16 isolated_file:0
Nov  9 13:57:57 indigo-tracker user.warn kernel:  unevictable:0 dirty:0 writeback:0 unstable:0
Nov  9 13:57:57 indigo-tracker user.warn kernel:  free:462 slab_reclaimable:233 slab_unreclaimable:984
Nov  9 13:57:57 indigo-tracker user.warn kernel:  mapped:2 shmem:7416 pagetables:122 bounce:0
Nov  9 13:57:57 indigo-tracker user.warn kernel: Normal free:1848kB min:1016kB low:1268kB high:1524kB active_anon:37924kB inactive_anon:13352kB active_file:0kB inactive_file:64kB unevictable:0kB isolated(anon):0kB isolated(file):0kB present:65024kB mlocked:0kB dirty:0kB write
Nov  9 13:57:57 indigo-tracker user.warn kernel: lowmem_reserve[]: 0 0
Nov  9 13:57:57 indigo-tracker user.warn kernel: Normal: 396*4kB 19*8kB 1*16kB 1*32kB 1*64kB 0*128kB 0*256kB 0*512kB 0*1024kB 0*2048kB 0*4096kB = 1848kB
Nov  9 13:57:57 indigo-tracker user.warn kernel: 7432 total pagecache pages
Nov  9 13:57:57 indigo-tracker user.warn kernel: 16384 pages of RAM
Nov  9 13:57:57 indigo-tracker user.warn kernel: 589 free pages
Nov  9 13:57:57 indigo-tracker user.warn kernel: 1011 reserved pages
Nov  9 13:57:57 indigo-tracker user.warn kernel: 1217 slab pages
Nov  9 13:57:57 indigo-tracker user.warn kernel: 39 pages shared
Nov  9 13:57:57 indigo-tracker user.warn kernel: 0 pages swap cached
Nov  9 13:57:57 indigo-tracker user.info kernel: [ pid ]   uid  tgid total_vm      rss cpu oom_adj oom_score_adj name
Nov  9 13:57:57 indigo-tracker user.info kernel: [  469]     0   469      595       23   0       0             0 crond
Nov  9 13:57:57 indigo-tracker user.info kernel: [  484]     0   484      406       14   0       0             0 relay
Nov  9 13:57:57 indigo-tracker user.info kernel: [  594]     0   594     5390       84   0       0             0 sysdaemon-arm
Nov  9 13:57:57 indigo-tracker user.info kernel: [  632]     0   632      630       42   0     -17         -1000 pppd
Nov  9 13:57:57 indigo-tracker user.info kernel: [  641]     0   641      428       21   0       0             0 atd
Nov  9 13:57:57 indigo-tracker user.info kernel: [  643]     0   643      577       16   0       0             0 getty
Nov  9 13:57:57 indigo-tracker user.info kernel: [  644]     0   644      576       14   0       0             0 syslogd
Nov  9 13:57:57 indigo-tracker user.info kernel: [  645]     0   645      576       17   0       0             0 klogd
Nov  9 13:57:57 indigo-tracker user.info kernel: [  677]     0   677     1508      474   0     -17         -1000 openvpn
Nov  9 13:57:57 indigo-tracker user.info kernel: [  724]     0   724      596       22   0     -17         -1000 telnetd
Nov  9 13:57:57 indigo-tracker user.info kernel: [  728]     0   728      927       46   0     -17         -1000 vsftpd
Nov  9 13:57:57 indigo-tracker user.info kernel: [ 1273]     0  1273     7526      118   0     -17         -1000 gpsreader-arm
Nov  9 13:57:57 indigo-tracker user.info kernel: [ 1282]     0  1282     1607      163   0     -17         -1000 sender-arm
Nov  9 13:57:57 indigo-tracker user.info kernel: [ 1397]     0  1397     9669      107   0     -17         -1000 recorder-arm
Nov  9 13:57:57 indigo-tracker user.info kernel: [ 1409]     0  1409    19685     1701   0     -17         -1000 mjpg_streamer
Nov  9 13:57:57 indigo-tracker user.info kernel: [ 1411]     0  1411      648       37   0     -17         -1000 syncher.sh
Nov  9 13:57:57 indigo-tracker user.info kernel: [ 3977]     0  3977      596       31   0     -17         -1000 sh
Nov  9 13:57:57 indigo-tracker user.info kernel: [ 4197]     0  4197     5470       95   0     -17         -1000 people-arm
Nov  9 13:57:57 indigo-tracker user.info kernel: [ 4199]     0  4199     3028     2345   0     -17         -1000 sqlite3
Nov  9 13:57:57 indigo-tracker user.info kernel: [ 4234]     0  4234      648       38   0     -17         -1000 syncher.sh
Nov  9 13:57:57 indigo-tracker user.err kernel: Out of memory: Kill process 469 (crond) score 1 or sacrifice child
Nov  9 13:57:57 indigo-tracker user.err kernel: Killed process 469 (crond) total-vm:2380kB, anon-rss:92kB, file-rss:0kB
Nov  9 13:57:57 indigo-tracker user.warn kernel: syncher.sh invoked oom-killer: gfp_mask=0xd0, order=2, oom_adj=-17, oom_score_adj=-1000
Nov  9 13:57:57 indigo-tracker user.warn kernel: [<c0029164>] (unwind_backtrace+0x0/0xf0) from [<c006b24c>] (T.351+0x50/0x150)
Nov  9 13:57:57 indigo-tracker user.warn kernel: [<c006b24c>] (T.351+0x50/0x150) from [<c006b38c>] (T.348+0x40/0x118)
Nov  9 13:57:57 indigo-tracker user.warn kernel: [<c006b38c>] (T.348+0x40/0x118) from [<c006b6a8>] (out_of_memory+0x244/0x2f0)
Nov  9 13:57:57 indigo-tracker user.warn kernel: [<c006b6a8>] (out_of_memory+0x244/0x2f0) from [<c006e548>] (__alloc_pages_nodemask+0x4ac/0x5b4)
Nov  9 13:57:57 indigo-tracker user.warn kernel: [<c006e548>] (__alloc_pages_nodemask+0x4ac/0x5b4) from [<c006e660>] (__get_free_pages+0x10/0x3c)
Nov  9 13:57:57 indigo-tracker user.warn kernel: [<c006e660>] (__get_free_pages+0x10/0x3c) from [<c002b078>] (pgd_alloc+0x14/0xd8)
Nov  9 13:57:57 indigo-tracker user.warn kernel: [<c002b078>] (pgd_alloc+0x14/0xd8) from [<c00321dc>] (mm_init+0x98/0xd8)
Nov  9 13:57:57 indigo-tracker user.warn kernel: [<c00321dc>] (mm_init+0x98/0xd8) from [<c0091868>] (bprm_mm_init+0xc/0x74)
Nov  9 13:57:57 indigo-tracker user.warn kernel: [<c0091868>] (bprm_mm_init+0xc/0x74) from [<c0091fa0>] (do_execve+0xa0/0x28c)
Nov  9 13:57:57 indigo-tracker user.warn kernel: [<c0091fa0>] (do_execve+0xa0/0x28c) from [<c0027ba8>] (sys_execve+0x34/0x54)
Nov  9 13:57:57 indigo-tracker user.warn kernel: [<c0027ba8>] (sys_execve+0x34/0x54) from [<c0024ea0>] (ret_fast_syscall+0x0/0x2c)
Nov  9 13:57:57 indigo-tracker user.warn kernel: Mem-info:
Nov  9 13:57:57 indigo-tracker user.warn kernel: Normal per-cpu:
Nov  9 13:57:57 indigo-tracker user.warn kernel: CPU    0: hi:   18, btch:   3 usd:   0
Nov  9 13:57:57 indigo-tracker user.warn kernel: active_anon:9465 inactive_anon:3331 isolated_anon:0
Nov  9 13:57:57 indigo-tracker user.warn kernel:  active_file:10 inactive_file:0 isolated_file:0
Nov  9 13:57:57 indigo-tracker user.warn kernel:  unevictable:0 dirty:0 writeback:0 unstable:0
Nov  9 13:57:57 indigo-tracker user.warn kernel:  free:645 slab_reclaimable:233 slab_unreclaimable:987
Nov  9 13:57:57 indigo-tracker user.warn kernel:  mapped:2 shmem:7416 pagetables:118 bounce:0
Nov  9 13:57:57 indigo-tracker user.warn kernel: Normal free:2580kB min:1016kB low:1268kB high:1524kB active_anon:37860kB inactive_anon:13324kB active_file:40kB inactive_file:0kB unevictable:0kB isolated(anon):0kB isolated(file):0kB present:65024kB mlocked:0kB dirty:0kB write
Nov  9 13:57:57 indigo-tracker user.warn kernel: lowmem_reserve[]: 0 0
Nov  9 13:57:57 indigo-tracker user.warn kernel: Normal: 507*4kB 39*8kB 9*16kB 1*32kB 1*64kB 0*128kB 0*256kB 0*512kB 0*1024kB 0*2048kB 0*4096kB = 2580kB
Nov  9 13:57:57 indigo-tracker user.warn kernel: 7426 total pagecache pages
Nov  9 13:57:57 indigo-tracker user.warn kernel: 16384 pages of RAM
Nov  9 13:57:57 indigo-tracker user.warn kernel: 768 free pages
Nov  9 13:57:57 indigo-tracker user.warn kernel: 1011 reserved pages
Nov  9 13:57:57 indigo-tracker user.warn kernel: 1220 slab pages
Nov  9 13:57:57 indigo-tracker user.warn kernel: 33 pages shared
Nov  9 13:57:57 indigo-tracker user.warn kernel: 0 pages swap cached
Nov  9 13:57:57 indigo-tracker user.info kernel: [ pid ]   uid  tgid total_vm      rss cpu oom_adj oom_score_adj name
Nov  9 13:57:57 indigo-tracker user.info kernel: [  484]     0   484      406       14   0       0             0 relay
Nov  9 13:57:57 indigo-tracker user.info kernel: [  594]     0   594     5390       84   0       0             0 sysdaemon-arm
Nov  9 13:57:57 indigo-tracker user.info kernel: [  632]     0   632      630       42   0     -17         -1000 pppd
Nov  9 13:57:57 indigo-tracker user.info kernel: [  641]     0   641      428       21   0       0             0 atd
Nov  9 13:57:57 indigo-tracker user.info kernel: [  643]     0   643      577       16   0       0             0 getty
Nov  9 13:57:57 indigo-tracker user.info kernel: [  644]     0   644      576       14   0       0             0 syslogd
Nov  9 13:57:57 indigo-tracker user.info kernel: [  645]     0   645      576       17   0       0             0 klogd
Nov  9 13:57:57 indigo-tracker user.info kernel: [  677]     0   677     1508      474   0     -17         -1000 openvpn
Nov  9 13:57:57 indigo-tracker user.info kernel: [  724]     0   724      596       22   0     -17         -1000 telnetd
Nov  9 13:57:57 indigo-tracker user.info kernel: [  728]     0   728      927       46   0     -17         -1000 vsftpd
Nov  9 13:57:57 indigo-tracker user.info kernel: [ 1273]     0  1273     7526      118   0     -17         -1000 gpsreader-arm
Nov  9 13:57:57 indigo-tracker user.info kernel: [ 1282]     0  1282     1607      163   0     -17         -1000 sender-arm
Nov  9 13:57:57 indigo-tracker user.info kernel: [ 1397]     0  1397     9669      107   0     -17         -1000 recorder-arm
Nov  9 13:57:57 indigo-tracker user.info kernel: [ 1409]     0  1409    19685     1701   0     -17         -1000 mjpg_streamer
Nov  9 13:57:57 indigo-tracker user.info kernel: [ 1411]     0  1411      648       37   0     -17         -1000 syncher.sh
Nov  9 13:57:57 indigo-tracker user.info kernel: [ 3977]     0  3977      596       31   0     -17         -1000 sh
Nov  9 13:57:57 indigo-tracker user.info kernel: [ 4197]     0  4197     5470       95   0     -17         -1000 people-arm
Nov  9 13:57:57 indigo-tracker user.info kernel: [ 4199]     0  4199     3028     2345   0     -17         -1000 sqlite3
Nov  9 13:57:57 indigo-tracker user.info kernel: [ 4234]     0  4234      648       38   0     -17         -1000 syncher.sh
Nov  9 13:57:57 indigo-tracker user.err kernel: Out of memory: Kill process 484 (relay) score 1 or sacrifice child
Nov  9 13:57:57 indigo-tracker user.err kernel: Killed process 484 (relay) total-vm:1624kB, anon-rss:56kB, file-rss:0kB
Nov  9 13:57:57 indigo-tracker user.warn kernel: syncher.sh invoked oom-killer: gfp_mask=0xd0, order=2, oom_adj=-17, oom_score_adj=-1000
Nov  9 13:57:57 indigo-tracker user.warn kernel: [<c0029164>] (unwind_backtrace+0x0/0xf0) from [<c006b24c>] (T.351+0x50/0x150)
Nov  9 13:57:57 indigo-tracker user.warn kernel: [<c006b24c>] (T.351+0x50/0x150) from [<c006b38c>] (T.348+0x40/0x118)
Nov  9 13:57:57 indigo-tracker user.warn kernel: [<c006b38c>] (T.348+0x40/0x118) from [<c006b6a8>] (out_of_memory+0x244/0x2f0)
Nov  9 13:57:57 indigo-tracker user.warn kernel: [<c006b6a8>] (out_of_memory+0x244/0x2f0) from [<c006e548>] (__alloc_pages_nodemask+0x4ac/0x5b4)
Nov  9 13:57:57 indigo-tracker user.warn kernel: [<c006e548>] (__alloc_pages_nodemask+0x4ac/0x5b4) from [<c006e660>] (__get_free_pages+0x10/0x3c)
Nov  9 13:57:57 indigo-tracker user.warn kernel: [<c006e660>] (__get_free_pages+0x10/0x3c) from [<c002b078>] (pgd_alloc+0x14/0xd8)
Nov  9 13:57:57 indigo-tracker user.warn kernel: [<c002b078>] (pgd_alloc+0x14/0xd8) from [<c00321dc>] (mm_init+0x98/0xd8)
Nov  9 13:57:57 indigo-tracker user.warn kernel: [<c00321dc>] (mm_init+0x98/0xd8) from [<c0091868>] (bprm_mm_init+0xc/0x74)
Nov  9 13:57:57 indigo-tracker user.warn kernel: [<c0091868>] (bprm_mm_init+0xc/0x74) from [<c0091fa0>] (do_execve+0xa0/0x28c)
Nov  9 13:57:57 indigo-tracker user.warn kernel: [<c0091fa0>] (do_execve+0xa0/0x28c) from [<c0027ba8>] (sys_execve+0x34/0x54)
Nov  9 13:57:57 indigo-tracker user.warn kernel: [<c0027ba8>] (sys_execve+0x34/0x54) from [<c0024ea0>] (ret_fast_syscall+0x0/0x2c)
Nov  9 13:57:57 indigo-tracker user.warn kernel: Mem-info:
Nov  9 13:57:57 indigo-tracker user.warn kernel: Normal per-cpu:
Nov  9 13:57:57 indigo-tracker user.warn kernel: CPU    0: hi:   18, btch:   3 usd:   0
Nov  9 13:57:57 indigo-tracker user.warn kernel: active_anon:9482 inactive_anon:3321 isolated_anon:0
Nov  9 13:57:57 indigo-tracker user.warn kernel:  active_file:8 inactive_file:2 isolated_file:0
Nov  9 13:57:57 indigo-tracker user.warn kernel:  unevictable:0 dirty:1 writeback:1 unstable:0
Nov  9 13:57:57 indigo-tracker user.warn kernel:  free:648 slab_reclaimable:233 slab_unreclaimable:987
Nov  9 13:57:57 indigo-tracker user.warn kernel:  mapped:2 shmem:7419 pagetables:114 bounce:0
Nov  9 13:57:57 indigo-tracker user.warn kernel: Normal free:2592kB min:1016kB low:1268kB high:1524kB active_anon:37928kB inactive_anon:13284kB active_file:32kB inactive_file:8kB unevictable:0kB isolated(anon):0kB isolated(file):0kB present:65024kB mlocked:0kB dirty:4kB write
Nov  9 13:57:57 indigo-tracker user.warn kernel: lowmem_reserve[]: 0 0
Nov  9 13:57:57 indigo-tracker user.warn kernel: Normal: 496*4kB 44*8kB 10*16kB 1*32kB 1*64kB 0*128kB 0*256kB 0*512kB 0*1024kB 0*2048kB 0*4096kB = 2592kB
Nov  9 13:57:57 indigo-tracker user.warn kernel: 7429 total pagecache pages
Nov  9 13:57:57 indigo-tracker user.warn kernel: 16384 pages of RAM
Nov  9 13:57:57 indigo-tracker user.warn kernel: 767 free pages
Nov  9 13:57:57 indigo-tracker user.warn kernel: 1011 reserved pages
Nov  9 13:57:57 indigo-tracker user.warn kernel: 1220 slab pages
Nov  9 13:57:57 indigo-tracker user.warn kernel: 33 pages shared
Nov  9 13:57:57 indigo-tracker user.warn kernel: 0 pages swap cached
Nov  9 13:57:57 indigo-tracker user.info kernel: [ pid ]   uid  tgid total_vm      rss cpu oom_adj oom_score_adj name
Nov  9 13:57:57 indigo-tracker user.info kernel: [  594]     0   594     5390       84   0       0             0 sysdaemon-arm
Nov  9 13:57:57 indigo-tracker user.info kernel: [  632]     0   632      630       42   0     -17         -1000 pppd
Nov  9 13:57:57 indigo-tracker user.info kernel: [  641]     0   641      428       21   0       0             0 atd
Nov  9 13:57:57 indigo-tracker user.info kernel: [  643]     0   643      577       16   0       0             0 getty
Nov  9 13:57:57 indigo-tracker user.info kernel: [  644]     0   644      576       14   0       0             0 syslogd
Nov  9 13:57:57 indigo-tracker user.info kernel: [  645]     0   645      576       17   0       0             0 klogd
Nov  9 13:57:57 indigo-tracker user.info kernel: [  677]     0   677     1508      474   0     -17         -1000 openvpn
Nov  9 13:57:57 indigo-tracker user.info kernel: [  724]     0   724      596       22   0     -17         -1000 telnetd
Nov  9 13:57:57 indigo-tracker user.info kernel: [  728]     0   728      927       46   0     -17         -1000 vsftpd
Nov  9 13:57:57 indigo-tracker user.info kernel: [ 1273]     0  1273     7526      118   0     -17         -1000 gpsreader-arm
Nov  9 13:57:57 indigo-tracker user.info kernel: [ 1282]     0  1282     1607      163   0     -17         -1000 sender-arm
Nov  9 13:57:57 indigo-tracker user.info kernel: [ 1397]     0  1397     9669      107   0     -17         -1000 recorder-arm
Nov  9 13:57:57 indigo-tracker user.info kernel: [ 1409]     0  1409    19939     1719   0     -17         -1000 mjpg_streamer
Nov  9 13:57:57 indigo-tracker user.info kernel: [ 1411]     0  1411      648       37   0     -17         -1000 syncher.sh
Nov  9 13:57:57 indigo-tracker user.info kernel: [ 3977]     0  3977      596       31   0     -17         -1000 sh
Nov  9 13:57:57 indigo-tracker user.info kernel: [ 4197]     0  4197     5470       95   0     -17         -1000 people-arm
Nov  9 13:57:57 indigo-tracker user.info kernel: [ 4199]     0  4199     3028     2345   0     -17         -1000 sqlite3
Nov  9 13:57:57 indigo-tracker user.info kernel: [ 4234]     0  4234      648       38   0     -17         -1000 syncher.sh
Nov  9 13:57:57 indigo-tracker user.err kernel: Out of memory: Kill process 594 (sysdaemon-arm) score 1 or sacrifice child
Nov  9 13:57:57 indigo-tracker user.err kernel: Killed process 594 (sysdaemon-arm) total-vm:21560kB, anon-rss:336kB, file-rss:0kB
Nov  9 13:57:59 indigo-tracker daemon.warn openvpn[677]: NOTE: the current --script-security setting may allow this configuration to call user-defined scripts
Nov  9 13:57:59 indigo-tracker daemon.notice openvpn[677]: Re-using SSL/TLS context
Nov  9 13:57:59 indigo-tracker daemon.notice openvpn[677]: LZO compression initialized
Nov  9 13:57:59 indigo-tracker daemon.notice openvpn[677]: Control Channel MTU parms [ L:1546 D:138 EF:38 EB:0 ET:0 EL:0 ]
Nov  9 13:57:59 indigo-tracker daemon.notice openvpn[677]: Socket Buffers: R=[108544->131072] S=[108544->131072]
Nov  9 13:57:59 indigo-tracker user.debug sender: send success
Nov  9 13:58:00 indigo-tracker daemon.notice openvpn[677]: Data Channel MTU parms [ L:1546 D:1300 EF:46 EB:135 ET:0 EL:0 AF:3/1 ]
Nov  9 13:58:00 indigo-tracker daemon.notice openvpn[677]: Fragmentation MTU parms [ L:1546 D:1300 EF:45 EB:135 ET:1 EL:0 AF:3/1 ]
Nov  9 13:58:00 indigo-tracker daemon.notice openvpn[677]: UDPv4 link local: [undef]
Nov  9 13:58:00 indigo-tracker daemon.notice openvpn[677]: UDPv4 link remote: 72.249.145.165:1194
Nov  9 13:58:02 indigo-tracker daemon.notice openvpn[677]: TLS: Initial packet from 72.249.145.165:1194, sid=5d74c251 e67002e2
Nov  9 13:58:06 indigo-tracker user.debug sender: nothing to send, continuing
Nov  9 13:58:09 indigo-tracker daemon.notice openvpn[677]: VERIFY OK: depth=1, /C=RU/ST=ROSTOV-ON-DON/L=Taganrog/O=Indigo/CN=dev-vpn/emailAddress=yury@indigosystem.ru
Nov  9 13:58:09 indigo-tracker daemon.notice openvpn[677]: VERIFY OK: nsCertType=SERVER
Nov  9 13:58:09 indigo-tracker daemon.notice openvpn[677]: VERIFY OK: depth=0, /C=RU/ST=ROSTOV-ON-DON/O=Indigo/CN=dev-vpn/emailAddress=yury@indigosystem.ru
Nov  9 13:58:34 indigo-tracker daemon.notice openvpn[677]: Data Channel Encrypt: Cipher 'BF-CBC' initialized with 128 bit key
Nov  9 13:58:34 indigo-tracker daemon.notice openvpn[677]: Data Channel Encrypt: Using 160 bit message hash 'SHA1' for HMAC authentication
Nov  9 13:58:34 indigo-tracker daemon.notice openvpn[677]: Data Channel Decrypt: Cipher 'BF-CBC' initialized with 128 bit key
Nov  9 13:58:34 indigo-tracker daemon.notice openvpn[677]: Data Channel Decrypt: Using 160 bit message hash 'SHA1' for HMAC authentication
Nov  9 13:58:34 indigo-tracker daemon.notice openvpn[677]: Control Channel: TLSv1, cipher TLSv1/SSLv3 DHE-RSA-AES256-SHA, 1024 bit RSA
Nov  9 13:58:34 indigo-tracker daemon.notice openvpn[677]: [dev-vpn] Peer Connection Initiated with 72.249.145.165:1194
Nov  9 13:58:36 indigo-tracker daemon.notice openvpn[677]: SENT CONTROL [dev-vpn]: 'PUSH_REQUEST' (status=1)
Nov  9 13:58:38 indigo-tracker daemon.notice openvpn[677]: PUSH: Received control message: 'PUSH_REPLY,route 192.168.201.0 255.255.255.0,topology net30,ping 20,ping-restart 50,ifconfig 192.168.201.18 192.168.201.17'
Nov  9 13:58:38 indigo-tracker daemon.notice openvpn[677]: OPTIONS IMPORT: timers and/or timeouts modified
Nov  9 13:58:38 indigo-tracker daemon.notice openvpn[677]: OPTIONS IMPORT: --ifconfig/up options modified
Nov  9 13:58:38 indigo-tracker daemon.notice openvpn[677]: OPTIONS IMPORT: route options modified
Nov  9 13:58:38 indigo-tracker daemon.notice openvpn[677]: Preserving previous TUN/TAP instance: tun0
Nov  9 13:58:38 indigo-tracker daemon.notice openvpn[677]: Initialization Sequence Completed
Nov  9 14:11:43 indigo-tracker user.notice root: sender stopped
Nov  9 14:12:09 indigo-tracker user.notice root: people started
Nov  9 14:12:09 indigo-tracker user.debug sqlite: exiting by signal 0
Nov  9 14:14:29 indigo-tracker user.notice root: gpsreader started
Nov  9 14:15:27 indigo-tracker user.notice root: people started
Nov  9 14:15:27 indigo-tracker user.debug sqlite: exiting by signal 0
Nov  9 14:16:02 indigo-tracker daemon.info init: starting pid 4491, tty '/dev/null': '/etc/init.d/shutdown'
Nov  9 14:16:02 indigo-tracker user.notice root: mjpeg-streamer stopped
Nov  9 14:16:02 indigo-tracker user.notice root: sender stopped
Nov  9 14:16:02 indigo-tracker daemon.err openvpn[677]: event_wait : Interrupted system call (code=4)
Nov  9 14:16:02 indigo-tracker daemon.notice openvpn[677]: TCP/UDP: Closing socket
Nov  9 14:16:02 indigo-tracker daemon.notice openvpn[677]: /sbin/route del -net 192.168.201.0 netmask 255.255.255.0
Nov  9 14:16:02 indigo-tracker daemon.notice openvpn[677]: Closing TUN/TAP interface
Nov  9 14:16:02 indigo-tracker daemon.notice openvpn[677]: /sbin/ifconfig tun0 0.0.0.0
Nov  9 14:16:03 indigo-tracker daemon.info pppd[632]: Terminating on signal 15
Nov  9 14:16:03 indigo-tracker daemon.info pppd[632]: Connect time 22013893.5 minutes.
Nov  9 14:16:03 indigo-tracker daemon.info pppd[632]: Sent 798668 bytes, received 746818 bytes.
Nov  9 14:16:03 indigo-tracker daemon.debug pppd[632]: Script /etc/ppp/ip-down started (pid 4518)
Nov  9 14:16:03 indigo-tracker daemon.debug pppd[632]: sent [LCP TermReq id=0x2 "User request"]
Nov  9 14:16:03 indigo-tracker daemon.debug pppd[632]: rcvd [LCP TermAck id=0x2]
Nov  9 14:16:03 indigo-tracker daemon.notice pppd[632]: Connection terminated.
Nov  9 14:16:03 indigo-tracker daemon.debug pppd[632]: Script /etc/ppp/peers/gprs-disconnect-chat finished (pid 4521), status = 0x7f
Nov  9 14:16:03 indigo-tracker daemon.warn pppd[632]: disconnect script failed
Nov  9 14:16:03 indigo-tracker daemon.debug pppd[632]: Script /etc/ppp/ip-down finished (pid 4518), status = 0x0
Nov  9 14:16:03 indigo-tracker daemon.info pppd[632]: Exit.
Nov  9 14:16:04 indigo-tracker daemon.notice openvpn[677]: /etc/openvpn/vpn-down tun0 1500 1546 192.168.201.18 192.168.201.17 init
Nov  9 14:16:04 indigo-tracker daemon.err openvpn[677]: script failed: external program exited with error status: 1
Nov  9 14:16:04 indigo-tracker daemon.notice openvpn[677]: Exiting
Nov  9 14:16:08 indigo-tracker daemon.notice pppd[4545]: pppd 2.4.5 started by root, uid 0
Nov  9 14:16:08 indigo-tracker local2.info chat[4548]: abort on (BUSY)
Nov  9 14:16:08 indigo-tracker local2.info chat[4548]: abort on (ERROR)
Nov  9 14:16:08 indigo-tracker local2.info chat[4548]: abort on (UNDER-VOLTAGE WARNNING)
Nov  9 14:16:08 indigo-tracker local2.info chat[4548]: send (ATZ^M)
Nov  9 14:16:08 indigo-tracker local2.info chat[4548]: timeout set to 12 seconds
Nov  9 14:16:08 indigo-tracker local2.info chat[4548]: expect (OK)
Nov  9 14:16:08 indigo-tracker local2.info chat[4548]: ATZ^M^M
Nov  9 14:16:08 indigo-tracker local2.info chat[4548]: OK
Nov  9 14:16:08 indigo-tracker local2.info chat[4548]:  -- got it
Nov  9 14:16:08 indigo-tracker local2.info chat[4548]: send (AT+CGDCONT=1,"IP","internet"^M)
Nov  9 14:16:09 indigo-tracker local2.info chat[4548]: timeout set to 45 seconds
Nov  9 14:16:09 indigo-tracker local2.info chat[4548]: expect (OK)
Nov  9 14:16:09 indigo-tracker local2.info chat[4548]: ^M
Nov  9 14:16:09 indigo-tracker local2.info chat[4548]: AT+CGDCONT=1,"IP","internet"^M^M
Nov  9 14:16:09 indigo-tracker local2.info chat[4548]: OK
Nov  9 14:16:09 indigo-tracker local2.info chat[4548]:  -- got it
Nov  9 14:16:09 indigo-tracker local2.info chat[4548]: send (ATD*99#^M)
Nov  9 14:16:09 indigo-tracker local2.info chat[4548]: expect (CONNECT)
Nov  9 14:16:09 indigo-tracker local2.info chat[4548]: ^M
Nov  9 14:16:09 indigo-tracker local2.info chat[4548]: ATD*99#^M^M
Nov  9 14:16:09 indigo-tracker local2.info chat[4548]: CONNECT
Nov  9 14:16:09 indigo-tracker local2.info chat[4548]:  -- got it
Nov  9 14:16:09 indigo-tracker local2.info chat[4548]: send (^M)
Nov  9 14:16:09 indigo-tracker daemon.debug pppd[4545]: Script chat -v -f /etc/ppp/chatscripts/megafon-connect finished (pid 4547), status = 0x0
Nov  9 14:16:09 indigo-tracker daemon.info pppd[4545]: Serial connection established.
Nov  9 14:16:09 indigo-tracker daemon.debug pppd[4545]: using channel 2
Nov  9 14:16:09 indigo-tracker daemon.info pppd[4545]: Using interface ppp0
Nov  9 14:16:09 indigo-tracker daemon.notice pppd[4545]: Connect: ppp0 <--> /dev/ttyS1
Nov  9 14:16:10 indigo-tracker daemon.warn pppd[4545]: Warning - secret file /etc/ppp/pap-secrets has world and/or group access
Nov  9 14:16:10 indigo-tracker daemon.debug pppd[4545]: sent [LCP ConfReq id=0x1 <asyncmap 0x0> <magic 0x98b7a462>]
Nov  9 14:16:10 indigo-tracker daemon.debug pppd[4545]: rcvd [LCP ConfAck id=0x1 <asyncmap 0x0> <magic 0x98b7a462>]
Nov  9 14:16:12 indigo-tracker daemon.debug pppd[4545]: rcvd [LCP ConfReq id=0x5 <mru 1600> <auth pap> <magic 0xc3c65c9> <asyncmap 0x0> <pcomp> <accomp>]
Nov  9 14:16:12 indigo-tracker daemon.debug pppd[4545]: No auth is possible
Nov  9 14:16:12 indigo-tracker daemon.debug pppd[4545]: sent [LCP ConfRej id=0x5 <auth pap> <pcomp> <accomp>]
Nov  9 14:16:12 indigo-tracker daemon.debug pppd[4545]: rcvd [LCP ConfReq id=0x6 <mru 1600> <magic 0xc3c65c9> <asyncmap 0x0>]
Nov  9 14:16:12 indigo-tracker daemon.debug pppd[4545]: sent [LCP ConfAck id=0x6 <mru 1600> <magic 0xc3c65c9> <asyncmap 0x0>]
Nov  9 14:16:12 indigo-tracker daemon.debug pppd[4545]: sent [IPCP ConfReq id=0x1 <addr 0.0.0.0>]
Nov  9 14:16:15 indigo-tracker daemon.debug pppd[4545]: rcvd [IPCP ConfNak id=0x1 <addr 10.242.141.210>]
Nov  9 14:16:15 indigo-tracker daemon.debug pppd[4545]: sent [IPCP ConfReq id=0x2 <addr 10.242.141.210>]
Nov  9 14:16:15 indigo-tracker daemon.debug pppd[4545]: rcvd [IPCP ConfReq id=0x2 <addr 10.0.0.1>]
Nov  9 14:16:15 indigo-tracker daemon.debug pppd[4545]: sent [IPCP ConfAck id=0x2 <addr 10.0.0.1>]
Nov  9 14:16:15 indigo-tracker daemon.debug pppd[4545]: rcvd [IPCP ConfAck id=0x2 <addr 10.242.141.210>]
Nov  9 14:16:15 indigo-tracker daemon.notice pppd[4545]: local  IP address 10.242.141.210
Nov  9 14:16:15 indigo-tracker daemon.notice pppd[4545]: remote IP address 10.0.0.1
Nov  9 14:16:15 indigo-tracker daemon.debug pppd[4545]: Script /etc/ppp/ip-up started (pid 4566)
Nov  9 14:16:15 indigo-tracker user.notice root: Trying to get system time over ntp
Nov  9 14:16:15 indigo-tracker daemon.notice ntpdate[4570]: ntpdate 4.2.6p3@1.2290 Sun Feb 20 22:12:26 UTC 2011 (1)
Nov  9 14:16:30 indigo-tracker daemon.notice ntpdate[4570]: step time server 194.33.191.69 offset 1.363703 sec
Nov  9 14:16:30 indigo-tracker user.notice root: Current time is valid
Nov  9 14:16:31 indigo-tracker daemon.debug pppd[4545]: Script /etc/ppp/ip-up finished (pid 4566), status = 0x0
Nov 10 03:14:21 indigo-tracker daemon.debug pppd[4545]: rcvd [LCP TermReq id=0x0 "Normal Termination by NCP"]
Nov 10 03:14:21 indigo-tracker daemon.info pppd[4545]: LCP terminated by peer (Normal Termination by NCP)
Nov 10 03:14:21 indigo-tracker daemon.info pppd[4545]: Connect time 778.1 minutes.
Nov 10 03:14:21 indigo-tracker daemon.info pppd[4545]: Sent 1453 bytes, received 1609 bytes.
Nov 10 03:14:21 indigo-tracker daemon.debug pppd[4545]: Script /etc/ppp/ip-down started (pid 3794)
Nov 10 03:14:21 indigo-tracker daemon.debug pppd[4545]: sent [LCP TermAck id=0x0]
Nov 10 03:14:21 indigo-tracker daemon.debug pppd[4545]: Script /etc/ppp/ip-down finished (pid 3794), status = 0x0
Nov 10 03:14:24 indigo-tracker daemon.notice pppd[4545]: Connection terminated.
Nov 10 03:14:25 indigo-tracker daemon.debug pppd[4545]: Script /etc/ppp/peers/gprs-disconnect-chat finished (pid 3804), status = 0x7f
Nov 10 03:14:25 indigo-tracker daemon.warn pppd[4545]: disconnect script failed
Nov 10 03:14:25 indigo-tracker daemon.notice pppd[4545]: Modem hangup
Nov 10 03:14:26 indigo-tracker local2.info chat[3809]: abort on (BUSY)
Nov 10 03:14:26 indigo-tracker local2.info chat[3809]: abort on (ERROR)
Nov 10 03:14:26 indigo-tracker local2.info chat[3809]: abort on (UNDER-VOLTAGE WARNNING)
Nov 10 03:14:26 indigo-tracker local2.info chat[3809]: send (ATZ^M)
Nov 10 03:14:26 indigo-tracker local2.info chat[3809]: timeout set to 12 seconds
Nov 10 03:14:26 indigo-tracker local2.info chat[3809]: expect (OK)
Nov 10 03:14:26 indigo-tracker local2.info chat[3809]: ATZ^M^M
Nov 10 03:14:26 indigo-tracker local2.info chat[3809]: OK
Nov 10 03:14:26 indigo-tracker local2.info chat[3809]:  -- got it
Nov 10 03:14:26 indigo-tracker local2.info chat[3809]: send (AT+CGDCONT=1,"IP","internet"^M)
Nov 10 03:14:26 indigo-tracker local2.info chat[3809]: timeout set to 45 seconds
Nov 10 03:14:26 indigo-tracker local2.info chat[3809]: expect (OK)
Nov 10 03:14:26 indigo-tracker local2.info chat[3809]: ^M
Nov 10 03:14:26 indigo-tracker local2.info chat[3809]: AT+CGDCONT=1,"IP","internet"^M^M
Nov 10 03:14:26 indigo-tracker local2.info chat[3809]: OK
Nov 10 03:14:26 indigo-tracker local2.info chat[3809]:  -- got it
Nov 10 03:14:26 indigo-tracker local2.info chat[3809]: send (ATD*99#^M)
Nov 10 03:14:27 indigo-tracker local2.err chat[3809]: SIGTERM
Nov 10 03:14:27 indigo-tracker daemon.warn pppd[4545]: Child process chat -v -f /etc/ppp/chatscripts/megafon-connect (pid 3808) terminated with signal 15
Nov 10 03:14:27 indigo-tracker daemon.err pppd[4545]: Connect script failed
Nov 10 03:14:27 indigo-tracker daemon.info pppd[4545]: Exit.
Nov 10 03:14:27 indigo-tracker daemon.notice pppd[3816]: pppd 2.4.5 started by root, uid 0
Nov 10 03:14:27 indigo-tracker local2.info chat[3819]: abort on (BUSY)
Nov 10 03:14:27 indigo-tracker local2.info chat[3819]: abort on (ERROR)
Nov 10 03:14:27 indigo-tracker local2.info chat[3819]: abort on (UNDER-VOLTAGE WARNNING)
Nov 10 03:14:27 indigo-tracker local2.info chat[3819]: send (ATZ^M)
Nov 10 03:14:27 indigo-tracker local2.info chat[3819]: timeout set to 12 seconds
Nov 10 03:14:27 indigo-tracker local2.info chat[3819]: expect (OK)
Nov 10 03:14:27 indigo-tracker local2.info chat[3819]: ATZ^M^M
Nov 10 03:14:27 indigo-tracker local2.info chat[3819]: +CME ERROR
Nov 10 03:14:27 indigo-tracker local2.info chat[3819]:  -- failed
Nov 10 03:14:27 indigo-tracker local2.info chat[3819]: Failed (ERROR)
Nov 10 03:14:27 indigo-tracker daemon.debug pppd[3816]: Script chat -v -f /etc/ppp/chatscripts/megafon-connect finished (pid 3818), status = 0x5
Nov 10 03:14:27 indigo-tracker daemon.err pppd[3816]: Connect script failed
Nov 10 03:14:28 indigo-tracker local2.info chat[3823]: abort on (BUSY)
Nov 10 03:14:28 indigo-tracker local2.info chat[3823]: abort on (ERROR)
Nov 10 03:14:28 indigo-tracker local2.info chat[3823]: abort on (UNDER-VOLTAGE WARNNING)
Nov 10 03:14:28 indigo-tracker local2.info chat[3823]: send (ATZ^M)
Nov 10 03:14:28 indigo-tracker local2.info chat[3823]: timeout set to 12 seconds
Nov 10 03:14:28 indigo-tracker local2.info chat[3823]: expect (OK)
Nov 10 03:14:28 indigo-tracker local2.info chat[3823]: ATZ^M^M
Nov 10 03:14:28 indigo-tracker local2.info chat[3823]: OK
Nov 10 03:14:28 indigo-tracker local2.info chat[3823]:  -- got it
Nov 10 03:14:28 indigo-tracker local2.info chat[3823]: send (AT+CGDCONT=1,"IP","internet"^M)
Nov 10 03:14:29 indigo-tracker local2.info chat[3823]: timeout set to 45 seconds
Nov 10 03:14:29 indigo-tracker local2.info chat[3823]: expect (OK)
Nov 10 03:14:29 indigo-tracker local2.info chat[3823]: ^M
Nov 10 03:14:29 indigo-tracker local2.info chat[3823]: AT+CGDCONT=1,"IP","internet"^M^M
Nov 10 03:14:29 indigo-tracker local2.info chat[3823]: OK
Nov 10 03:14:29 indigo-tracker local2.info chat[3823]:  -- got it
Nov 10 03:14:29 indigo-tracker local2.info chat[3823]: send (ATD*99#^M)
Nov 10 03:14:29 indigo-tracker local2.info chat[3823]: expect (CONNECT)
Nov 10 03:14:29 indigo-tracker local2.info chat[3823]: ^M
Nov 10 03:14:29 indigo-tracker local2.info chat[3823]: ATD*99#^M^M
Nov 10 03:14:29 indigo-tracker local2.info chat[3823]: CONNECT
Nov 10 03:14:29 indigo-tracker local2.info chat[3823]:  -- got it
Nov 10 03:14:29 indigo-tracker local2.info chat[3823]: send (^M)
Nov 10 03:14:29 indigo-tracker daemon.debug pppd[3816]: Script chat -v -f /etc/ppp/chatscripts/megafon-connect finished (pid 3822), status = 0x0
Nov 10 03:14:29 indigo-tracker daemon.info pppd[3816]: Serial connection established.
Nov 10 03:14:29 indigo-tracker daemon.debug pppd[3816]: using channel 3
Nov 10 03:14:29 indigo-tracker daemon.info pppd[3816]: Using interface ppp0
Nov 10 03:14:29 indigo-tracker daemon.notice pppd[3816]: Connect: ppp0 <--> /dev/ttyS1
Nov 10 03:14:30 indigo-tracker daemon.warn pppd[3816]: Warning - secret file /etc/ppp/pap-secrets has world and/or group access
Nov 10 03:14:30 indigo-tracker daemon.debug pppd[3816]: sent [LCP ConfReq id=0x1 <asyncmap 0x0> <magic 0x47f330c>]
Nov 10 03:14:30 indigo-tracker daemon.debug pppd[3816]: rcvd [LCP ConfAck id=0x1 <asyncmap 0x0> <magic 0x47f330c>]
Nov 10 03:14:32 indigo-tracker daemon.debug pppd[3816]: rcvd [LCP ConfReq id=0x8 <mru 1600> <auth pap> <magic 0xc3c65c9> <asyncmap 0x0> <pcomp> <accomp>]
Nov 10 03:14:32 indigo-tracker daemon.debug pppd[3816]: No auth is possible
Nov 10 03:14:32 indigo-tracker daemon.debug pppd[3816]: sent [LCP ConfRej id=0x8 <auth pap> <pcomp> <accomp>]
Nov 10 03:14:32 indigo-tracker daemon.debug pppd[3816]: rcvd [LCP ConfReq id=0x9 <mru 1600> <magic 0xc3c65c9> <asyncmap 0x0>]
Nov 10 03:14:32 indigo-tracker daemon.debug pppd[3816]: sent [LCP ConfAck id=0x9 <mru 1600> <magic 0xc3c65c9> <asyncmap 0x0>]
Nov 10 03:14:32 indigo-tracker daemon.debug pppd[3816]: sent [IPCP ConfReq id=0x1 <addr 0.0.0.0>]
Nov 10 03:14:35 indigo-tracker daemon.debug pppd[3816]: rcvd [IPCP ConfNak id=0x1 <addr 10.218.35.100>]
Nov 10 03:14:35 indigo-tracker daemon.debug pppd[3816]: sent [IPCP ConfReq id=0x2 <addr 10.218.35.100>]
Nov 10 03:14:35 indigo-tracker daemon.debug pppd[3816]: rcvd [IPCP ConfReq id=0x3 <addr 10.0.0.1>]
Nov 10 03:14:35 indigo-tracker daemon.debug pppd[3816]: sent [IPCP ConfAck id=0x3 <addr 10.0.0.1>]
Nov 10 03:14:35 indigo-tracker daemon.debug pppd[3816]: rcvd [IPCP ConfAck id=0x2 <addr 10.218.35.100>]
Nov 10 03:14:35 indigo-tracker daemon.notice pppd[3816]: local  IP address 10.218.35.100
Nov 10 03:14:35 indigo-tracker daemon.notice pppd[3816]: remote IP address 10.0.0.1
Nov 10 03:14:35 indigo-tracker daemon.debug pppd[3816]: Script /etc/ppp/ip-up started (pid 3841)
Nov 10 03:14:35 indigo-tracker user.notice root: Trying to get system time over ntp
Nov 10 03:14:35 indigo-tracker daemon.notice ntpdate[3845]: ntpdate 4.2.6p3@1.2290 Sun Feb 20 22:12:26 UTC 2011 (1)
Nov 10 03:14:57 indigo-tracker daemon.notice ntpdate[3845]: step time server 89.221.207.113 offset 3.574669 sec
Nov 10 03:14:57 indigo-tracker user.notice root: Current time is valid
Nov 10 03:14:57 indigo-tracker daemon.debug pppd[3816]: Script /etc/ppp/ip-up finished (pid 3841), status = 0x0
Jan  1 03:07:21 indigo-tracker syslog.info syslogd started: BusyBox v1.18.3
Jan  1 03:07:21 indigo-tracker user.notice kernel: klogd started: BusyBox v1.18.3 (2011-03-29 18:29:13 MSD)
Jan  1 03:07:21 indigo-tracker user.notice kernel: Linux version 2.6.38+ (yury@debian-dev-vm) (gcc version 4.4.5 (indigo-ct-ng) ) #56 Thu Aug 25 14:44:24 MSD 2011
Jan  1 03:07:21 indigo-tracker user.warn kernel: CPU: ARM926EJ-S [41069265] revision 5 (ARMv5TEJ), cr=00053177
Jan  1 03:07:21 indigo-tracker user.warn kernel: CPU: VIVT data cache, VIVT instruction cache
Jan  1 03:07:21 indigo-tracker user.warn kernel: Machine: Indigo AT91SAM9260-SK
Jan  1 03:07:21 indigo-tracker user.warn kernel: Memory policy: ECC disabled, Data cache writeback
Jan  1 03:07:21 indigo-tracker user.warn kernel: Clocks: CPU 196 MHz, master 98 MHz, main 12.000 MHz
Jan  1 03:07:21 indigo-tracker user.debug kernel: On node 0 totalpages: 16384
Jan  1 03:07:21 indigo-tracker user.debug kernel: free_area_init_node: node 0, pgdat c0364fdc, node_mem_map c0377000
Jan  1 03:07:21 indigo-tracker user.debug kernel:   Normal zone: 128 pages used for memmap
Jan  1 03:07:21 indigo-tracker user.debug kernel:   Normal zone: 0 pages reserved
Jan  1 03:07:21 indigo-tracker user.debug kernel:   Normal zone: 16256 pages, LIFO batch:3
Jan  1 03:07:21 indigo-tracker user.debug kernel: pcpu-alloc: s0 r0 d32768 u32768 alloc=1*32768
Jan  1 03:07:21 indigo-tracker user.debug kernel: pcpu-alloc: [0] 0 
Jan  1 03:07:21 indigo-tracker user.warn kernel: Built 1 zonelists in Zone order, mobility grouping on.  Total pages: 16256
Jan  1 03:07:21 indigo-tracker user.notice kernel: Kernel command line: console=ttyS0,115200=mem=64M root=/dev/mtdblock3
Jan  1 03:07:21 indigo-tracker user.info kernel: PID hash table entries: 256 (order: -2, 1024 bytes)
Jan  1 03:07:21 indigo-tracker user.info kernel: Dentry cache hash table entries: 8192 (order: 3, 32768 bytes)
Jan  1 03:07:21 indigo-tracker user.info kernel: Inode-cache hash table entries: 4096 (order: 2, 16384 bytes)
Jan  1 03:07:21 indigo-tracker user.info kernel: Memory: 64MB = 64MB total
Jan  1 03:07:21 indigo-tracker user.notice kernel: Memory: 61380k/61380k available, 4156k reserved, 0K highmem
Jan  1 03:07:21 indigo-tracker user.notice kernel: Virtual kernel memory layout:
Jan  1 03:07:21 indigo-tracker user.notice kernel:     vector  : 0xffff0000 - 0xffff1000   (   4 kB)
Jan  1 03:07:21 indigo-tracker user.notice kernel:     fixmap  : 0xfff00000 - 0xfffe0000   ( 896 kB)
Jan  1 03:07:21 indigo-tracker user.notice kernel:     DMA     : 0xffc00000 - 0xffe00000   (   2 MB)
Jan  1 03:07:21 indigo-tracker user.notice kernel:     vmalloc : 0xc4800000 - 0xfee00000   ( 934 MB)
Jan  1 03:07:21 indigo-tracker user.notice kernel:     lowmem  : 0xc0000000 - 0xc4000000   (  64 MB)
Jan  1 03:07:21 indigo-tracker user.notice kernel:     modules : 0xbf000000 - 0xc0000000   (  16 MB)
Jan  1 03:07:21 indigo-tracker user.notice kernel:       .init : 0xc0008000 - 0xc0024000   ( 112 kB)
Jan  1 03:07:21 indigo-tracker user.notice kernel:       .text : 0xc0024000 - 0xc033d804   (3175 kB)
Jan  1 03:07:21 indigo-tracker user.notice kernel:       .data : 0xc033e000 - 0xc03657c0   ( 158 kB)
Jan  1 03:07:21 indigo-tracker user.info kernel: NR_IRQS:192
Jan  1 03:07:21 indigo-tracker user.info kernel: AT91: 96 gpio irqs in 3 banks
Jan  1 03:07:21 indigo-tracker user.warn kernel: Console: colour dummy device 80x30
Jan  1 03:07:21 indigo-tracker user.info kernel: console [ttyS0] enabled
Jan  1 03:07:21 indigo-tracker user.info kernel: Calibrating delay loop... 97.89 BogoMIPS (lpj=489472)
Jan  1 03:07:21 indigo-tracker user.info kernel: pid_max: default: 32768 minimum: 301
Jan  1 03:07:21 indigo-tracker user.warn kernel: Mount-cache hash table entries: 512
Jan  1 03:07:21 indigo-tracker user.info kernel: CPU: Testing write buffer coherency: ok
Jan  1 03:07:21 indigo-tracker user.info kernel: NET: Registered protocol family 16
Jan  1 03:07:21 indigo-tracker user.warn kernel: bio: create slab <bio-0> at 0
Jan  1 03:07:21 indigo-tracker user.notice kernel: SCSI subsystem initialized
Jan  1 03:07:21 indigo-tracker user.info kernel: usbcore: registered new interface driver usbfs
Jan  1 03:07:21 indigo-tracker user.info kernel: usbcore: registered new interface driver hub
Jan  1 03:07:21 indigo-tracker user.info kernel: usbcore: registered new device driver usb
Jan  1 03:07:21 indigo-tracker user.info kernel: Advanced Linux Sound Architecture Driver Version 1.0.23.
Jan  1 03:07:21 indigo-tracker user.info kernel: Switching to clocksource pit
Jan  1 03:07:21 indigo-tracker user.info kernel: NET: Registered protocol family 2
Jan  1 03:07:21 indigo-tracker user.info kernel: IP route cache hash table entries: 1024 (order: 0, 4096 bytes)
Jan  1 03:07:21 indigo-tracker user.info kernel: TCP established hash table entries: 2048 (order: 2, 16384 bytes)
Jan  1 03:07:21 indigo-tracker user.info kernel: TCP bind hash table entries: 2048 (order: 1, 8192 bytes)
Jan  1 03:07:21 indigo-tracker user.info kernel: TCP: Hash tables configured (established 2048 bind 2048)
Jan  1 03:07:21 indigo-tracker user.info kernel: TCP reno registered
Jan  1 03:07:21 indigo-tracker user.info kernel: UDP hash table entries: 256 (order: 0, 4096 bytes)
Jan  1 03:07:21 indigo-tracker user.info kernel: UDP-Lite hash table entries: 256 (order: 0, 4096 bytes)
Jan  1 03:07:21 indigo-tracker user.info kernel: NET: Registered protocol family 1
Jan  1 03:07:21 indigo-tracker user.debug kernel: yaffs: yaffs built Aug 24 2011 20:44:27 Installing.
Jan  1 03:07:21 indigo-tracker user.info kernel: msgmni has been set to 119
Jan  1 03:07:21 indigo-tracker user.info kernel: io scheduler noop registered (default)
Jan  1 03:07:21 indigo-tracker user.info kernel: io scheduler deadline registered
Jan  1 03:07:21 indigo-tracker user.info kernel: atmel_usart.0: ttyS0 at MMIO 0xfefff200 (irq = 1) is a ATMEL_SERIAL
Jan  1 03:07:21 indigo-tracker user.info kernel: atmel_usart.1: ttyS1 at MMIO 0xfffb0000 (irq = 6) is a ATMEL_SERIAL
Jan  1 03:07:21 indigo-tracker user.info kernel: atmel_usart.2: ttyS2 at MMIO 0xfffb8000 (irq = 8) is a ATMEL_SERIAL
Jan  1 03:07:21 indigo-tracker user.debug kernel: SK-AT91SAM9XE512: SIM508 power management driver, major 135, minor 0.
Jan  1 03:07:21 indigo-tracker user.info kernel: brd: module loaded
Jan  1 03:07:21 indigo-tracker user.info kernel: loop: module loaded
Jan  1 03:07:21 indigo-tracker user.info kernel: ssc ssc.0: Atmel SSC device at 0xc4818000 (irq 14)
Jan  1 03:07:21 indigo-tracker user.info kernel: NAND device: Manufacturer ID: 0xec, Chip ID: 0xda (Samsung NAND 256MiB 3,3V 8-bit)
Jan  1 03:07:21 indigo-tracker user.info kernel: Scanning device for bad blocks
Jan  1 03:07:21 indigo-tracker user.warn kernel: Bad eraseblock 131 at 0x000001060000
Jan  1 03:07:21 indigo-tracker user.warn kernel: Bad eraseblock 918 at 0x0000072c0000
Jan  1 03:07:21 indigo-tracker user.notice kernel: Creating 4 MTD partitions on "atmel_nand":
Jan  1 03:07:21 indigo-tracker user.notice kernel: 0x000000000000-0x000000010000 : "Bootstrap partition"
Jan  1 03:07:21 indigo-tracker user.warn kernel: mtd: partition "Bootstrap partition" doesn't end on an erase block -- force read-only
Jan  1 03:07:21 indigo-tracker user.notice kernel: 0x000000020000-0x000000050000 : "U-boot Partition"
Jan  1 03:07:21 indigo-tracker user.warn kernel: mtd: partition "U-boot Partition" doesn't end on an erase block -- force read-only
Jan  1 03:07:21 indigo-tracker user.notice kernel: 0x000000060000-0x000000260000 : "Kernel Partition"
Jan  1 03:07:21 indigo-tracker user.notice kernel: 0x000000800000-0x000010000000 : "Storage Partition"
Jan  1 03:07:21 indigo-tracker user.info kernel: atmel_spi atmel_spi.0: Atmel SPI Controller at 0xfffc8000 (irq 12)
Jan  1 03:07:21 indigo-tracker user.info kernel: atmel_spi atmel_spi.1: Atmel SPI Controller at 0xfffcc000 (irq 13)
Jan  1 03:07:21 indigo-tracker user.info kernel: PPP generic driver version 2.4.2
Jan  1 03:07:21 indigo-tracker user.info kernel: PPP Deflate Compression module registered
Jan  1 03:07:21 indigo-tracker user.info kernel: PPP BSD Compression module registered
Jan  1 03:07:21 indigo-tracker user.info kernel: PPP MPPE Compression module registered
Jan  1 03:07:21 indigo-tracker user.info kernel: NET: Registered protocol family 24
Jan  1 03:07:21 indigo-tracker user.info kernel: SLIP: version 0.8.4-NET3.019-NEWTTY (dynamic channels, max=256).
Jan  1 03:07:21 indigo-tracker user.info kernel: CSLIP: code copyright 1989 Regents of the University of California.
Jan  1 03:07:21 indigo-tracker user.info kernel: tun: Universal TUN/TAP device driver, 1.6
Jan  1 03:07:21 indigo-tracker user.info kernel: tun: (C) 1999-2004 Max Krasnyansky <maxk@qualcomm.com>
Jan  1 03:07:21 indigo-tracker user.info kernel: ohci_hcd: USB 1.1 'Open' Host Controller (OHCI) Driver
Jan  1 03:07:21 indigo-tracker user.info kernel: at91_ohci at91_ohci: AT91 OHCI
Jan  1 03:07:21 indigo-tracker user.info kernel: at91_ohci at91_ohci: new USB bus registered, assigned bus number 1
Jan  1 03:07:21 indigo-tracker user.info kernel: at91_ohci at91_ohci: irq 20, io mem 0x00500000
Jan  1 03:07:21 indigo-tracker user.info kernel: usb usb1: New USB device found, idVendor=1d6b, idProduct=0001
Jan  1 03:07:21 indigo-tracker user.info kernel: usb usb1: New USB device strings: Mfr=3, Product=2, SerialNumber=1
Jan  1 03:07:21 indigo-tracker user.info kernel: usb usb1: Product: AT91 OHCI
Jan  1 03:07:21 indigo-tracker user.info kernel: usb usb1: Manufacturer: Linux 2.6.38+ ohci_hcd
Jan  1 03:07:21 indigo-tracker user.info kernel: usb usb1: SerialNumber: at91
Jan  1 03:07:21 indigo-tracker user.info kernel: hub 1-0:1.0: USB hub found
Jan  1 03:07:21 indigo-tracker user.info kernel: hub 1-0:1.0: 2 ports detected
Jan  1 03:07:21 indigo-tracker user.info kernel: Initializing USB Mass Storage driver...
Jan  1 03:07:21 indigo-tracker user.info kernel: usbcore: registered new interface driver usb-storage
Jan  1 03:07:21 indigo-tracker user.info kernel: USB Mass Storage support registered.
Jan  1 03:07:21 indigo-tracker user.info kernel: rtc-at91sam9 at91_rtt.0: rtc core: registered at91_rtt as rtc0
Jan  1 03:07:21 indigo-tracker user.warn kernel: rtc-at91sam9 at91_rtt.0: rtc0: SET TIME!
Jan  1 03:07:21 indigo-tracker user.info kernel: i2c /dev entries driver
Jan  1 03:07:21 indigo-tracker user.info kernel: Linux video capture interface: v2.00
Jan  1 03:07:21 indigo-tracker user.info kernel: usbcore: registered new interface driver uvcvideo
Jan  1 03:07:21 indigo-tracker user.info kernel: USB Video Class driver (v1.0.0)
Jan  1 03:07:21 indigo-tracker user.err kernel: AT91SAM9 Watchdog: sorry, watchdog is disabled
Jan  1 03:07:21 indigo-tracker user.warn kernel: at91_wdt: probe of at91_wdt failed with error -5
Jan  1 03:07:21 indigo-tracker user.info kernel: usbcore: registered new interface driver snd-usb-audio
Jan  1 03:07:21 indigo-tracker user.info kernel: ALSA device list:
Jan  1 03:07:21 indigo-tracker user.info kernel:   No soundcards found.
Jan  1 03:07:21 indigo-tracker user.info kernel: nf_conntrack version 0.5.0 (959 buckets, 3836 max)
Jan  1 03:07:21 indigo-tracker user.info kernel: ip_tables: (C) 2000-2006 Netfilter Core Team
Jan  1 03:07:21 indigo-tracker user.info kernel: TCP cubic registered
Jan  1 03:07:21 indigo-tracker user.info kernel: NET: Registered protocol family 17
Jan  1 03:07:21 indigo-tracker user.err kernel: rtc-at91sam9 at91_rtt.0: hctosys: unable to read the hardware clock
Jan  1 03:07:21 indigo-tracker user.info kernel: atmel_mci atmel_mci: Atmel MCI controller at 0xfffa8000 irq 9, 1 slots
Jan  1 03:07:21 indigo-tracker user.info kernel: yaffs: dev is 32505859 name is "mtdblock3" rw
Jan  1 03:07:21 indigo-tracker user.info kernel: yaffs: passed flags ""
Jan  1 03:07:21 indigo-tracker user.debug kernel: yaffs: yaffs: Attempting MTD mount of 31.3,"mtdblock3"
Jan  1 03:07:21 indigo-tracker user.debug kernel: yaffs: auto selecting yaffs2
Jan  1 03:07:21 indigo-tracker user.debug kernel: yaffs: yaffs_read_super: is_checkpointed 1
Jan  1 03:07:21 indigo-tracker user.warn kernel: VFS: Mounted root (yaffs filesystem) on device 31:3.
Jan  1 03:07:21 indigo-tracker user.info kernel: Freeing init memory: 112K
Jan  1 03:07:21 indigo-tracker user.info kernel: usb 1-1: new full speed USB device using at91_ohci and address 2
Jan  1 03:07:21 indigo-tracker user.info kernel: usb 1-1: New USB device found, idVendor=046d, idProduct=0802
Jan  1 03:07:21 indigo-tracker user.info kernel: usb 1-1: New USB device strings: Mfr=0, Product=0, SerialNumber=2
Jan  1 03:07:21 indigo-tracker user.info kernel: usb 1-1: SerialNumber: BBCA8390
Jan  1 03:07:21 indigo-tracker user.info kernel: uvcvideo: Found UVC 1.00 device <unnamed> (046d:0802)
Jan  1 03:07:21 indigo-tracker user.info kernel: input: UVC Camera (046d:0802) as /devices/platform/at91_ohci/usb1/1-1/1-1:1.0/input/input0
Jan  1 03:07:21 indigo-tracker user.warn kernel: mmc0: host does not support reading read-only switch. assuming write-enable.
Jan  1 03:07:21 indigo-tracker user.info kernel: mmc0: new SDHC card at address b368
Jan  1 03:07:21 indigo-tracker user.info kernel: mmcblk0: mmc0:b368 SDC   14.9 GiB 
Jan  1 03:07:21 indigo-tracker user.info kernel:  mmcblk0: p1
Jan  1 03:07:21 indigo-tracker user.alert kernel: piopins: with filter
Jan  1 03:07:21 indigo-tracker user.warn kernel: piopins: system time doesn't seem to be true, will not flush anything
Jan  1 03:07:21 indigo-tracker user.info kernel: SK-AT91SAM9XE512: SIM508 GPS power OFF.
Jan  1 03:07:21 indigo-tracker user.info kernel: SK-AT91SAM9XE512: SIM508 GPS power ON.
Jan  1 03:07:22 indigo-tracker local2.info chat[661]: timeout set to 45 seconds
Jan  1 03:07:22 indigo-tracker local2.info chat[661]: expect (OK)
Jan  1 03:07:22 indigo-tracker local2.info chat[661]: ^M
Jan  1 03:07:22 indigo-tracker local2.info chat[661]: AT+CGDCONT=1,"IP","internet"^M^M
Jan  1 03:07:22 indigo-tracker local2.info chat[661]: OK
Jan  1 03:07:22 indigo-tracker local2.info chat[661]:  -- got it
Jan  1 03:07:22 indigo-tracker local2.info chat[661]: send (ATD*99#^M)
Jan  1 03:07:22 indigo-tracker local2.info chat[661]: expect (CONNECT)
Jan  1 03:07:22 indigo-tracker local2.info chat[661]: ^M
Jan  1 03:07:22 indigo-tracker local2.info chat[661]: ATD*99#^M^M
Jan  1 03:07:22 indigo-tracker local2.info chat[661]: CONNECT
Jan  1 03:07:22 indigo-tracker local2.info chat[661]:  -- got it
Jan  1 03:07:22 indigo-tracker local2.info chat[661]: send (^M)
Jan  1 03:07:22 indigo-tracker daemon.debug pppd[658]: Script chat -v -f /etc/ppp/chatscripts/megafon-connect finished (pid 660), status = 0x0
Jan  1 03:07:22 indigo-tracker daemon.info pppd[658]: Serial connection established.
Jan  1 03:07:22 indigo-tracker daemon.debug pppd[658]: using channel 1
Jan  1 03:07:22 indigo-tracker daemon.info pppd[658]: Using interface ppp0
Jan  1 03:07:22 indigo-tracker daemon.notice pppd[658]: Connect: ppp0 <--> /dev/ttyS1
Jan  1 03:07:23 indigo-tracker daemon.warn pppd[658]: Warning - secret file /etc/ppp/pap-secrets has world and/or group access
Jan  1 03:07:23 indigo-tracker daemon.debug pppd[658]: sent [LCP ConfReq id=0x1 <asyncmap 0x0> <magic 0x9157959e>]
Jan  1 03:07:23 indigo-tracker daemon.debug pppd[658]: rcvd [LCP ConfAck id=0x1 <asyncmap 0x0> <magic 0x9157959e>]
Jan  1 03:07:25 indigo-tracker daemon.debug pppd[658]: rcvd [LCP ConfReq id=0x2 <mru 1600> <auth pap> <magic 0xc3c65c9> <asyncmap 0x0> <pcomp> <accomp>]
Jan  1 03:07:25 indigo-tracker daemon.debug pppd[658]: No auth is possible
Jan  1 03:07:25 indigo-tracker daemon.debug pppd[658]: sent [LCP ConfRej id=0x2 <auth pap> <pcomp> <accomp>]
Jan  1 03:07:25 indigo-tracker daemon.debug pppd[658]: rcvd [LCP ConfReq id=0x3 <mru 1600> <magic 0xc3c65c9> <asyncmap 0x0>]
Jan  1 03:07:25 indigo-tracker daemon.debug pppd[658]: sent [LCP ConfAck id=0x3 <mru 1600> <magic 0xc3c65c9> <asyncmap 0x0>]
Jan  1 03:07:25 indigo-tracker daemon.debug pppd[658]: sent [IPCP ConfReq id=0x1 <addr 0.0.0.0>]
Jan  1 03:07:28 indigo-tracker daemon.debug pppd[658]: sent [IPCP ConfReq id=0x1 <addr 0.0.0.0>]
Jan  1 03:07:30 indigo-tracker daemon.debug pppd[658]: rcvd [IPCP ConfNak id=0x1 <addr 10.193.188.197>]
Jan  1 03:07:30 indigo-tracker daemon.debug pppd[658]: sent [IPCP ConfReq id=0x2 <addr 10.193.188.197>]
Jan  1 03:07:30 indigo-tracker daemon.debug pppd[658]: rcvd [IPCP ConfReq id=0x1 <addr 10.0.0.1>]
Jan  1 03:07:30 indigo-tracker daemon.debug pppd[658]: sent [IPCP ConfAck id=0x1 <addr 10.0.0.1>]
Jan  1 03:07:31 indigo-tracker daemon.debug pppd[658]: rcvd [IPCP ConfAck id=0x2 <addr 10.193.188.197>]
Jan  1 03:07:31 indigo-tracker daemon.notice pppd[658]: local  IP address 10.193.188.197
Jan  1 03:07:31 indigo-tracker daemon.notice pppd[658]: remote IP address 10.0.0.1
Jan  1 03:07:31 indigo-tracker daemon.debug pppd[658]: Script /etc/ppp/ip-up started (pid 674)
Jan  1 03:07:31 indigo-tracker user.notice root: Trying to get system time over ntp
Jan  1 03:07:31 indigo-tracker daemon.notice ntpdate[678]: ntpdate 4.2.6p3@1.2290 Sun Feb 20 22:12:26 UTC 2011 (1)
Nov 10 09:55:12 indigo-tracker daemon.notice ntpdate[678]: step time server 217.76.178.4 offset 1320904044.623653 sec
Nov 10 09:55:13 indigo-tracker user.notice root: Playing ntp started
Nov 10 09:55:13 indigo-tracker user.notice root: sender started
Nov 10 09:55:13 indigo-tracker user.notice root: gpsreader started
Nov 10 09:55:13 indigo-tracker user.notice root: people started
Nov 10 09:55:13 indigo-tracker user.debug sender: using uuid dfc4b619-a454-494b-8700-6af1f6a6a404
Nov 10 09:55:14 indigo-tracker user.debug sqlite: gps connected ok
Nov 10 09:55:14 indigo-tracker user.debug sqlite: gpsdb started ok
Nov 10 09:55:14 indigo-tracker daemon.notice openvpn[699]: OpenVPN 2.1.4 arm-linux [SSL] [LZO2] [EPOLL] built on Feb 21 2011
Nov 10 09:55:14 indigo-tracker daemon.warn openvpn[699]: NOTE: the current --script-security setting may allow this configuration to call user-defined scripts
Nov 10 09:55:14 indigo-tracker user.debug sqlite: gps created
Nov 10 09:55:14 indigo-tracker daemon.warn openvpn[699]: WARNING: file 'keys/device.key' is group or others accessible
Nov 10 09:55:15 indigo-tracker daemon.notice openvpn[699]: LZO compression initialized
Nov 10 09:55:15 indigo-tracker daemon.notice openvpn[699]: Control Channel MTU parms [ L:1546 D:138 EF:38 EB:0 ET:0 EL:0 ]
Nov 10 09:55:15 indigo-tracker daemon.notice openvpn[699]: Socket Buffers: R=[108544->131072] S=[108544->131072]
Nov 10 09:55:16 indigo-tracker daemon.notice openvpn[699]: Data Channel MTU parms [ L:1546 D:1300 EF:46 EB:135 ET:0 EL:0 AF:3/1 ]
Nov 10 09:55:16 indigo-tracker daemon.notice openvpn[699]: Fragmentation MTU parms [ L:1546 D:1300 EF:45 EB:135 ET:1 EL:0 AF:3/1 ]
Nov 10 09:55:16 indigo-tracker daemon.notice openvpn[703]: UDPv4 link local: [undef]
Nov 10 09:55:16 indigo-tracker daemon.notice openvpn[703]: UDPv4 link remote: 72.249.145.165:1194
Nov 10 09:55:16 indigo-tracker user.notice root: recorder started
Nov 10 09:55:16 indigo-tracker user.debug recorder: recorder started
Nov 10 09:55:16 indigo-tracker user.debug recorder: ready to record
Nov 10 09:55:17 indigo-tracker user.debug recorder: scheduling next file at 1320904800 seconds unix time
Nov 10 09:55:17 indigo-tracker daemon.notice openvpn[703]: TLS: Initial packet from 72.249.145.165:1194, sid=26c7e1dc 62b7e301
Nov 10 09:55:19 indigo-tracker user.debug sender: send success
Nov 10 09:55:19 indigo-tracker user.notice root: mjpeg-streamer started
Nov 10 09:55:20 indigo-tracker user.info MJPG-streamer [715]: starting application
Nov 10 09:55:20 indigo-tracker user.info MJPG-streamer [715]: MJPG Streamer Version: svn rev: exported
Nov 10 09:55:20 indigo-tracker user.debug sender: nothing to send, continuing
Nov 10 09:55:20 indigo-tracker user.info MJPG-streamer [715]: Using V4L2 device.: /dev/video0
Nov 10 09:55:20 indigo-tracker user.info MJPG-streamer [715]: Desired Resolution: 640 x 480
Nov 10 09:55:20 indigo-tracker user.info MJPG-streamer [715]: Frames Per Second.: 10
Nov 10 09:55:20 indigo-tracker user.info MJPG-streamer [715]: Format............: MJPEG
Nov 10 09:55:20 indigo-tracker user.notice root: Current time is valid
Nov 10 09:55:21 indigo-tracker daemon.debug pppd[658]: Script /etc/ppp/ip-up finished (pid 674), status = 0x0
Nov 10 09:55:21 indigo-tracker user.info MJPG-streamer [715]: output folder.....: /mnt/mmcblk0p1/video
Nov 10 09:55:21 indigo-tracker user.info MJPG-streamer [715]: input plugin.....: 0: /opt/input_uvc.so
Nov 10 09:55:21 indigo-tracker user.info MJPG-streamer [715]: delay after save..: 0
Nov 10 09:55:21 indigo-tracker user.info MJPG-streamer [715]: ringbuffer size...: no ringbuffer
Nov 10 09:55:21 indigo-tracker user.info MJPG-streamer [715]: command...........: disabled
Nov 10 09:55:21 indigo-tracker user.info MJPG-streamer [715]: www-folder-path...: /opt/mjpeg/www/
Nov 10 09:55:21 indigo-tracker user.info MJPG-streamer [715]: HTTP TCP port.....: 8080
Nov 10 09:55:21 indigo-tracker user.info MJPG-streamer [715]: username:password.: disabled
Nov 10 09:55:21 indigo-tracker user.info MJPG-streamer [715]: commands..........: enabled
Nov 10 09:55:21 indigo-tracker user.info MJPG-streamer [715]: starting input plugin /opt/input_uvc.so
Nov 10 09:55:21 indigo-tracker user.info MJPG-streamer [715]: starting output plugin: /opt/output_file.so (ID: 00)
Nov 10 09:55:21 indigo-tracker user.info MJPG-streamer [715]: starting output plugin: /opt/output_http.so (ID: 01)
Nov 10 09:55:21 indigo-tracker user.info MJPG-streamer [715]: turning light on for camera 0
Nov 10 09:55:21 indigo-tracker user.info MJPG-streamer [715]: storage queue grew with total size of 1 * 64036 = 64036 bytes
Nov 10 09:55:21 indigo-tracker user.info MJPG-streamer [715]: storage queue grew with total size of 2 * 64036 = 128072 bytes
Nov 10 09:55:22 indigo-tracker user.info MJPG-streamer [715]: storage queue grew with total size of 3 * 64036 = 192108 bytes
Nov 10 09:55:22 indigo-tracker user.info MJPG-streamer [715]: storage queue grew with total size of 4 * 64036 = 256144 bytes
Nov 10 09:55:22 indigo-tracker user.info MJPG-streamer [715]: storage queue grew with total size of 5 * 64036 = 320180 bytes
Nov 10 09:55:22 indigo-tracker user.info MJPG-streamer [715]: storage queue grew with total size of 6 * 64036 = 384216 bytes
Nov 10 09:55:22 indigo-tracker user.info MJPG-streamer [715]: storage queue grew with total size of 7 * 64036 = 448252 bytes
Nov 10 09:55:22 indigo-tracker user.info MJPG-streamer [715]: storage queue grew with total size of 8 * 64036 = 512288 bytes
Nov 10 09:55:22 indigo-tracker user.info MJPG-streamer [715]: storage queue grew with total size of 9 * 64036 = 576324 bytes
Nov 10 09:55:22 indigo-tracker user.info MJPG-streamer [715]: storage queue grew with total size of 10 * 64036 = 640360 bytes
Nov 10 09:55:22 indigo-tracker user.info MJPG-streamer [715]: storage queue grew with total size of 11 * 64036 = 704396 bytes
Nov 10 09:55:22 indigo-tracker user.info MJPG-streamer [715]: storage queue grew with total size of 12 * 64036 = 768432 bytes
Nov 10 09:55:23 indigo-tracker user.info MJPG-streamer [715]: storage queue grew with total size of 13 * 64036 = 832468 bytes
Nov 10 09:55:23 indigo-tracker user.info MJPG-streamer [715]: storage queue grew with total size of 14 * 64036 = 896504 bytes
Nov 10 09:55:23 indigo-tracker user.info MJPG-streamer [715]: storage queue grew with total size of 15 * 64036 = 960540 bytes
Nov 10 09:55:23 indigo-tracker user.info MJPG-streamer [715]: storage queue grew with total size of 16 * 64036 = 1024576 bytes
Nov 10 09:55:23 indigo-tracker user.info MJPG-streamer [715]: storage queue grew with total size of 17 * 64036 = 1088612 bytes
Nov 10 09:55:23 indigo-tracker user.info MJPG-streamer [715]: storage queue grew with total size of 18 * 64036 = 1152648 bytes
Nov 10 09:55:23 indigo-tracker user.info MJPG-streamer [715]: storage queue grew with total size of 19 * 64036 = 1216684 bytes
Nov 10 09:55:23 indigo-tracker user.info MJPG-streamer [715]: storage queue grew with total size of 20 * 64036 = 1280720 bytes
Nov 10 09:55:23 indigo-tracker user.info MJPG-streamer [715]: storage queue grew with total size of 21 * 64036 = 1344756 bytes
Nov 10 09:55:23 indigo-tracker user.info MJPG-streamer [715]: storage queue grew with total size of 22 * 64036 = 1408792 bytes
Nov 10 09:55:24 indigo-tracker user.info MJPG-streamer [715]: storage queue grew with total size of 23 * 64036 = 1472828 bytes
Nov 10 09:55:24 indigo-tracker user.info MJPG-streamer [715]: storage queue grew with total size of 24 * 64036 = 1536864 bytes
Nov 10 09:55:24 indigo-tracker user.info MJPG-streamer [715]: storage queue grew with total size of 25 * 64036 = 1600900 bytes
Nov 10 09:55:24 indigo-tracker user.info MJPG-streamer [715]: storage queue grew with total size of 26 * 64036 = 1664936 bytes
Nov 10 09:55:24 indigo-tracker user.info MJPG-streamer [715]: storage queue grew with total size of 27 * 64036 = 1728972 bytes
Nov 10 09:55:24 indigo-tracker user.info MJPG-streamer [715]: storage queue grew with total size of 28 * 64036 = 1793008 bytes
Nov 10 09:55:24 indigo-tracker user.info MJPG-streamer [715]: storage queue grew with total size of 29 * 64036 = 1857044 bytes
Nov 10 09:55:24 indigo-tracker user.info MJPG-streamer [715]: storage queue grew with total size of 30 * 64036 = 1921080 bytes
Nov 10 09:55:24 indigo-tracker user.info MJPG-streamer [715]: storage queue grew with total size of 31 * 64036 = 1985116 bytes
Nov 10 09:55:24 indigo-tracker user.info MJPG-streamer [715]: storage queue grew with total size of 32 * 64036 = 2049152 bytes
Nov 10 09:55:25 indigo-tracker user.info MJPG-streamer [715]: storage queue grew with total size of 33 * 64036 = 2113188 bytes
Nov 10 09:55:25 indigo-tracker user.info MJPG-streamer [715]: storage queue grew with total size of 34 * 64036 = 2177224 bytes
Nov 10 09:55:25 indigo-tracker user.info MJPG-streamer [715]: storage queue grew with total size of 35 * 64036 = 2241260 bytes
Nov 10 09:55:25 indigo-tracker user.info MJPG-streamer [715]: storage queue grew with total size of 36 * 64036 = 2305296 bytes
Nov 10 09:55:25 indigo-tracker user.info MJPG-streamer [715]: storage queue grew with total size of 37 * 64036 = 2369332 bytes
Nov 10 09:55:25 indigo-tracker user.info MJPG-streamer [715]: storage queue grew with total size of 38 * 64036 = 2433368 bytes
Nov 10 09:55:25 indigo-tracker user.info MJPG-streamer [715]: storage queue grew with total size of 39 * 64036 = 2497404 bytes
Nov 10 09:55:25 indigo-tracker user.info MJPG-streamer [715]: storage queue grew with total size of 40 * 64036 = 2561440 bytes
Nov 10 09:55:25 indigo-tracker user.info MJPG-streamer [715]: storage queue grew with total size of 41 * 64036 = 2625476 bytes
Nov 10 09:55:25 indigo-tracker user.info MJPG-streamer [715]: storage queue grew with total size of 42 * 64036 = 2689512 bytes
Nov 10 09:55:26 indigo-tracker user.info MJPG-streamer [715]: storage queue grew with total size of 43 * 64036 = 2753548 bytes
Nov 10 09:55:26 indigo-tracker user.info MJPG-streamer [715]: storage queue grew with total size of 44 * 64036 = 2817584 bytes
Nov 10 09:55:26 indigo-tracker user.info MJPG-streamer [715]: storage queue grew with total size of 45 * 64036 = 2881620 bytes
Nov 10 09:55:26 indigo-tracker user.info MJPG-streamer [715]: storage queue grew with total size of 46 * 64036 = 2945656 bytes
Nov 10 09:55:26 indigo-tracker cron.err crond[471]: time disparity of 22015068 minutes detected
Nov 10 09:55:28 indigo-tracker user.debug sender: send success
Nov 10 09:55:29 indigo-tracker user.debug sender: nothing to send, continuing
Nov 10 09:55:31 indigo-tracker daemon.notice openvpn[703]: VERIFY OK: depth=1, /C=RU/ST=ROSTOV-ON-DON/L=Taganrog/O=Indigo/CN=dev-vpn/emailAddress=yury@indigosystem.ru
Nov 10 09:55:31 indigo-tracker daemon.notice openvpn[703]: VERIFY OK: nsCertType=SERVER
Nov 10 09:55:31 indigo-tracker daemon.notice openvpn[703]: VERIFY OK: depth=0, /C=RU/ST=ROSTOV-ON-DON/O=Indigo/CN=dev-vpn/emailAddress=yury@indigosystem.ru
Nov 10 09:55:54 indigo-tracker daemon.notice openvpn[703]: Data Channel Encrypt: Cipher 'BF-CBC' initialized with 128 bit key
Nov 10 09:55:54 indigo-tracker daemon.notice openvpn[703]: Data Channel Encrypt: Using 160 bit message hash 'SHA1' for HMAC authentication
Nov 10 09:55:54 indigo-tracker daemon.notice openvpn[703]: Data Channel Decrypt: Cipher 'BF-CBC' initialized with 128 bit key
Nov 10 09:55:54 indigo-tracker daemon.notice openvpn[703]: Data Channel Decrypt: Using 160 bit message hash 'SHA1' for HMAC authentication
Nov 10 09:55:54 indigo-tracker daemon.notice openvpn[703]: Control Channel: TLSv1, cipher TLSv1/SSLv3 DHE-RSA-AES256-SHA, 1024 bit RSA
Nov 10 09:55:54 indigo-tracker daemon.notice openvpn[703]: [dev-vpn] Peer Connection Initiated with 72.249.145.165:1194
Nov 10 09:55:56 indigo-tracker daemon.notice openvpn[703]: SENT CONTROL [dev-vpn]: 'PUSH_REQUEST' (status=1)
Nov 10 09:55:57 indigo-tracker daemon.notice openvpn[703]: PUSH: Received control message: 'PUSH_REPLY,route 192.168.201.0 255.255.255.0,topology net30,ping 20,ping-restart 50,ifconfig 192.168.201.18 192.168.201.17'
Nov 10 09:55:57 indigo-tracker daemon.notice openvpn[703]: OPTIONS IMPORT: timers and/or timeouts modified
Nov 10 09:55:57 indigo-tracker daemon.notice openvpn[703]: OPTIONS IMPORT: --ifconfig/up options modified
Nov 10 09:55:57 indigo-tracker daemon.notice openvpn[703]: OPTIONS IMPORT: route options modified
Nov 10 09:55:57 indigo-tracker daemon.notice openvpn[703]: ROUTE: default_gateway=UNDEF
Nov 10 09:55:58 indigo-tracker daemon.notice openvpn[703]: TUN/TAP device tun0 opened
Nov 10 09:55:58 indigo-tracker daemon.notice openvpn[703]: TUN/TAP TX queue length set to 100
Nov 10 09:55:58 indigo-tracker daemon.notice openvpn[703]: /sbin/ifconfig tun0 192.168.201.18 pointopoint 192.168.201.17 mtu 1500
Nov 10 09:55:58 indigo-tracker daemon.notice openvpn[703]: /etc/openvpn/vpn-up tun0 1500 1546 192.168.201.18 192.168.201.17 init
Nov 10 09:55:58 indigo-tracker daemon.notice openvpn[703]: /sbin/route add -net 192.168.201.0 netmask 255.255.255.0 gw 192.168.201.17
Nov 10 09:55:58 indigo-tracker daemon.notice openvpn[703]: Initialization Sequence Completed
Nov 10 09:56:01 indigo-tracker cron.info crond[471]: crond: USER root pid 756 cmd /etc/cron/check_updates.sh
Nov 10 09:56:15 indigo-tracker user.debug sqlite: sending keepalive
Nov 10 09:56:24 indigo-tracker user.debug sender: send success
Nov 10 09:56:25 indigo-tracker user.debug sender: nothing to send, continuing
Nov 10 09:57:01 indigo-tracker cron.info crond[471]: crond: USER root pid 770 cmd /etc/cron/check_updates.sh
Nov 10 09:58:01 indigo-tracker cron.info crond[471]: crond: USER root pid 782 cmd /etc/cron/check_updates.sh
Nov 10 09:58:16 indigo-tracker user.debug sqlite: sending keepalive
Nov 10 09:58:27 indigo-tracker user.debug sender: send success
Nov 10 09:58:28 indigo-tracker user.debug sender: nothing to send, continuing
Nov 10 09:59:01 indigo-tracker cron.info crond[471]: crond: USER root pid 798 cmd /etc/cron/check_updates.sh
Nov 10 10:00:00 indigo-tracker user.debug recorder: scheduling next file at 1320908400 seconds unix time
Nov 10 10:00:00 indigo-tracker user.debug recorder: file switch
Nov 10 10:00:01 indigo-tracker cron.info crond[471]: crond: USER root pid 808 cmd /etc/cron/check_pppd
Nov 10 10:00:01 indigo-tracker cron.info crond[471]: crond: USER root pid 809 cmd /etc/cron/check_updates.sh
Nov 10 10:00:03 indigo-tracker user.notice root: pppd ok, 8.8.8.8 pingable
Nov 10 10:00:52 indigo-tracker user.debug sqlite: got carrier
Nov 10 10:00:57 indigo-tracker user.debug sqlite: movement stop
Nov 10 10:00:57 indigo-tracker user.debug sqlite: saving initial point
Nov 10 10:01:01 indigo-tracker user.debug sender: send success
Nov 10 10:01:01 indigo-tracker cron.info crond[471]: crond: USER root pid 835 cmd /etc/cron/check_updates.sh
Nov 10 10:01:02 indigo-tracker user.debug sqlite: lost carrier
Nov 10 10:01:06 indigo-tracker user.debug sqlite: got carrier
Nov 10 10:01:08 indigo-tracker user.debug sqlite: movement start
Nov 10 10:01:18 indigo-tracker user.debug sender: nothing to send, continuing
Nov 10 10:01:21 indigo-tracker user.debug sqlite: movement stop
Nov 10 10:01:27 indigo-tracker user.debug sender: send success
Nov 10 10:01:28 indigo-tracker user.debug sender: nothing to send, continuing
Nov 10 10:01:41 indigo-tracker user.debug sqlite: movement start
Nov 10 10:01:50 indigo-tracker user.debug sender: send success
Nov 10 10:01:51 indigo-tracker user.debug sender: nothing to send, continuing
Nov 10 10:01:52 indigo-tracker user.debug sqlite: movement stop
Nov 10 10:02:01 indigo-tracker user.debug sender: send success
Nov 10 10:02:01 indigo-tracker cron.info crond[471]: crond: USER root pid 868 cmd /etc/cron/check_updates.sh
Nov 10 10:02:13 indigo-tracker user.debug sender: nothing to send, continuing
Nov 10 10:02:13 indigo-tracker user.debug sqlite: movement start
Nov 10 10:02:23 indigo-tracker user.debug sender: send success
Nov 10 10:02:24 indigo-tracker user.debug sender: nothing to send, continuing
Nov 10 10:02:36 indigo-tracker user.debug sender: send success
Nov 10 10:02:40 indigo-tracker user.debug sender: nothing to send, continuing
Nov 10 10:02:46 indigo-tracker user.debug sqlite: movement stop
Nov 10 10:02:48 indigo-tracker user.debug sender: send success
Nov 10 10:02:49 indigo-tracker user.debug sender: nothing to send, continuing
Nov 10 10:02:57 indigo-tracker user.debug sqlite: movement start
Nov 10 10:03:01 indigo-tracker cron.info crond[471]: crond: USER root pid 891 cmd /etc/cron/check_updates.sh
Nov 10 10:03:09 indigo-tracker user.debug sender: send success
Nov 10 10:03:30 indigo-tracker user.debug sqlite: movement stop
Nov 10 10:03:41 indigo-tracker user.debug sqlite: movement start
Nov 10 10:03:45 indigo-tracker user.debug sender: nothing to send, continuing
Nov 10 10:03:55 indigo-tracker user.debug sqlite: movement stop
Nov 10 10:04:02 indigo-tracker cron.info crond[471]: crond: USER root pid 913 cmd /etc/cron/check_updates.sh
Nov 10 10:04:04 indigo-tracker user.debug sender: send success
Nov 10 10:04:05 indigo-tracker user.debug sender: nothing to send, continuing
Nov 10 10:04:07 indigo-tracker user.debug sqlite: movement start
Nov 10 10:04:13 indigo-tracker user.debug sender: send success
Nov 10 10:04:14 indigo-tracker user.debug sender: nothing to send, continuing
Nov 10 10:04:27 indigo-tracker user.debug sender: send success
Nov 10 10:04:45 indigo-tracker user.debug sender: nothing to send, continuing
Nov 10 10:04:46 indigo-tracker user.info kernel: warning: `vsftpd' uses 32-bit capabilities (legacy support in use)
Nov 10 10:04:55 indigo-tracker user.debug sender: send success
Nov 10 10:04:56 indigo-tracker user.debug sender: nothing to send, continuing
Nov 10 10:05:01 indigo-tracker cron.info crond[471]: crond: USER root pid 930 cmd /etc/cron/check_updates.sh
Nov 10 10:05:01 indigo-tracker cron.info crond[471]: crond: USER root pid 931 cmd /etc/cron/rotate_video.sh
Nov 10 10:05:02 indigo-tracker user.notice root: rotating video
Nov 10 10:05:04 indigo-tracker user.debug sender: send success
Nov 10 10:05:05 indigo-tracker user.debug sender: nothing to send, continuing
Nov 10 10:05:14 indigo-tracker user.debug sqlite: movement stop
Nov 10 10:05:28 indigo-tracker user.debug sender: send success
Nov 10 10:05:29 indigo-tracker user.debug sender: nothing to send, continuing
Nov 10 10:05:50 indigo-tracker daemon.notice openvpn[703]: Replay-window backtrack occurred [1]
Nov 10 10:05:55 indigo-tracker user.debug sqlite: movement start
Nov 10 10:06:01 indigo-tracker cron.info crond[471]: crond: USER root pid 966 cmd /etc/cron/check_updates.sh
Nov 10 10:06:05 indigo-tracker user.debug sender: send success
Nov 10 10:06:17 indigo-tracker user.debug sqlite: movement stop
Nov 10 10:06:28 indigo-tracker user.debug sqlite: movement start
Nov 10 10:07:01 indigo-tracker cron.info crond[471]: crond: USER root pid 983 cmd /etc/cron/check_updates.sh
Nov 10 10:07:22 indigo-tracker user.debug sender: nothing to send, continuing
Nov 10 10:07:27 indigo-tracker user.debug sqlite: movement stop
Nov 10 10:07:38 indigo-tracker user.debug sqlite: movement start
Nov 10 10:07:42 indigo-tracker user.debug sender: send success
Nov 10 10:07:46 indigo-tracker user.debug sender: nothing to send, continuing
Nov 10 10:07:53 indigo-tracker user.debug sender: send success
Nov 10 10:07:54 indigo-tracker user.debug sender: nothing to send, continuing
Nov 10 10:08:01 indigo-tracker cron.info crond[471]: crond: USER root pid 1002 cmd /etc/cron/check_updates.sh
Nov 10 10:08:04 indigo-tracker user.debug sender: send success
Nov 10 10:08:05 indigo-tracker user.debug sender: nothing to send, continuing
Nov 10 10:08:29 indigo-tracker user.debug sender: send success
Nov 10 10:08:33 indigo-tracker user.debug sender: nothing to send, continuing
Nov 10 10:08:39 indigo-tracker user.debug sender: send success
Nov 10 10:08:40 indigo-tracker user.debug sender: nothing to send, continuing
Nov 10 10:08:49 indigo-tracker user.debug sender: send success
Nov 10 10:08:50 indigo-tracker user.debug sender: nothing to send, continuing
Nov 10 10:09:01 indigo-tracker cron.info crond[471]: crond: USER root pid 1012 cmd /etc/cron/check_updates.sh
Nov 10 10:09:30 indigo-tracker user.debug sender: send success
Nov 10 10:09:47 indigo-tracker user.debug sender: nothing to send, continuing
Nov 10 10:09:57 indigo-tracker user.debug sqlite: movement stop
Nov 10 10:10:01 indigo-tracker cron.info crond[471]: crond: USER root pid 1025 cmd /etc/cron/check_updates.sh
Nov 10 10:10:10 indigo-tracker user.debug sqlite: movement start
Nov 10 10:10:27 indigo-tracker user.debug sender: send success
Nov 10 10:10:31 indigo-tracker user.debug sender: nothing to send, continuing
Nov 10 10:10:34 indigo-tracker user.debug sender: send success
Nov 10 10:10:35 indigo-tracker user.debug sender: nothing to send, continuing
Nov 10 10:10:47 indigo-tracker user.debug sender: send success
Nov 10 10:10:48 indigo-tracker user.debug sender: nothing to send, continuing
Nov 10 10:10:57 indigo-tracker user.debug sender: send success
Nov 10 10:10:58 indigo-tracker user.debug sender: nothing to send, continuing
Nov 10 10:11:01 indigo-tracker cron.info crond[471]: crond: USER root pid 1040 cmd /etc/cron/check_updates.sh
Nov 10 10:11:05 indigo-tracker user.debug sqlite: movement stop
Nov 10 10:11:09 indigo-tracker user.debug sender: send success
Nov 10 10:11:10 indigo-tracker user.debug sender: nothing to send, continuing
Nov 10 10:11:16 indigo-tracker user.debug sqlite: movement start
Nov 10 10:11:18 indigo-tracker user.debug sender: send success
Nov 10 10:11:19 indigo-tracker user.debug sender: nothing to send, continuing
Nov 10 10:11:31 indigo-tracker user.debug sender: send success
Nov 10 10:11:33 indigo-tracker user.debug sender: nothing to send, continuing
Nov 10 10:11:42 indigo-tracker user.debug sender: send success
Nov 10 10:11:43 indigo-tracker user.debug sender: nothing to send, continuing
Nov 10 10:11:53 indigo-tracker user.debug sender: send success
Nov 10 10:11:54 indigo-tracker user.debug sender: nothing to send, continuing
Nov 10 10:12:01 indigo-tracker cron.info crond[471]: crond: USER root pid 1058 cmd /etc/cron/check_updates.sh
Nov 10 10:12:04 indigo-tracker user.debug sender: send success
Nov 10 10:12:05 indigo-tracker user.debug sender: nothing to send, continuing
Nov 10 10:12:14 indigo-tracker user.debug sender: send success
Nov 10 10:12:15 indigo-tracker user.debug sender: nothing to send, continuing
Nov 10 10:12:26 indigo-tracker user.debug sender: send success
Nov 10 10:12:27 indigo-tracker user.debug sender: nothing to send, continuing
Nov 10 10:12:36 indigo-tracker user.debug sqlite: movement stop
Nov 10 10:12:43 indigo-tracker user.debug sender: send success
Nov 10 10:12:44 indigo-tracker user.debug sender: nothing to send, continuing
Nov 10 10:12:47 indigo-tracker user.debug sqlite: movement start
Nov 10 10:12:50 indigo-tracker user.debug sender: send success
Nov 10 10:12:51 indigo-tracker user.debug sender: nothing to send, continuing
Nov 10 10:13:01 indigo-tracker cron.info crond[471]: crond: USER root pid 1076 cmd /etc/cron/check_updates.sh
Nov 10 10:13:02 indigo-tracker user.debug sender: send success
Nov 10 10:13:03 indigo-tracker user.debug sender: nothing to send, continuing
Nov 10 10:13:11 indigo-tracker user.debug sender: send success
Nov 10 10:13:12 indigo-tracker user.debug sender: nothing to send, continuing
Nov 10 10:13:29 indigo-tracker user.debug sender: send success
Nov 10 10:13:30 indigo-tracker user.debug sender: nothing to send, continuing
Nov 10 10:13:37 indigo-tracker user.debug sender: send success
Nov 10 10:13:38 indigo-tracker user.debug sender: nothing to send, continuing
Nov 10 10:13:52 indigo-tracker user.debug sender: send success
Nov 10 10:13:53 indigo-tracker user.debug sender: nothing to send, continuing
Nov 10 10:14:01 indigo-tracker cron.info crond[471]: crond: USER root pid 1086 cmd /etc/cron/check_updates.sh
Nov 10 10:14:02 indigo-tracker user.debug sender: send success
Nov 10 10:14:03 indigo-tracker user.debug sender: nothing to send, continuing
Nov 10 10:14:14 indigo-tracker user.debug sender: send success
Nov 10 10:14:15 indigo-tracker user.debug sender: nothing to send, continuing
Nov 10 10:14:26 indigo-tracker user.debug sender: send success
Nov 10 10:14:27 indigo-tracker user.debug sender: nothing to send, continuing
Nov 10 10:14:33 indigo-tracker user.debug sender: send success
Nov 10 10:14:34 indigo-tracker user.debug sender: nothing to send, continuing
Nov 10 10:14:42 indigo-tracker user.debug sqlite: movement stop
Nov 10 10:14:47 indigo-tracker user.debug sender: send success
Nov 10 10:14:48 indigo-tracker user.debug sender: nothing to send, continuing
Nov 10 10:14:53 indigo-tracker user.debug sqlite: movement start
Nov 10 10:14:55 indigo-tracker user.debug sender: send success
Nov 10 10:14:56 indigo-tracker user.debug sender: nothing to send, continuing
Nov 10 10:15:01 indigo-tracker cron.info crond[471]: crond: USER root pid 1104 cmd /etc/cron/check_ntp
Nov 10 10:15:01 indigo-tracker cron.info crond[471]: crond: USER root pid 1105 cmd /etc/cron/check_updates.sh
Nov 10 10:15:02 indigo-tracker user.notice root: Current time is valid
Nov 10 10:15:04 indigo-tracker user.debug sqlite: movement stop
Nov 10 10:15:07 indigo-tracker user.debug sender: send success
Nov 10 10:15:08 indigo-tracker user.debug sender: nothing to send, continuing
Nov 10 10:15:20 indigo-tracker user.debug sqlite: movement start
Nov 10 10:15:23 indigo-tracker user.debug sender: send success
Nov 10 10:15:24 indigo-tracker user.debug sender: nothing to send, continuing
Nov 10 10:15:39 indigo-tracker user.debug sender: send success
Nov 10 10:15:40 indigo-tracker user.debug sender: nothing to send, continuing
Nov 10 10:15:41 indigo-tracker user.debug sqlite: movement stop
Nov 10 10:15:44 indigo-tracker user.debug sender: send success
Nov 10 10:15:48 indigo-tracker user.debug sender: nothing to send, continuing
Nov 10 10:15:52 indigo-tracker user.debug sqlite: movement start
Nov 10 10:15:55 indigo-tracker user.debug sender: send success
Nov 10 10:15:56 indigo-tracker user.debug sender: nothing to send, continuing
Nov 10 10:16:01 indigo-tracker cron.info crond[471]: crond: USER root pid 1136 cmd /etc/cron/check_updates.sh
Nov 10 10:16:09 indigo-tracker user.debug sender: send success
Nov 10 10:16:10 indigo-tracker user.debug sender: nothing to send, continuing
Nov 10 10:16:15 indigo-tracker user.debug sqlite: movement stop
Nov 10 10:16:18 indigo-tracker user.debug sender: send success
Nov 10 10:16:19 indigo-tracker user.debug sender: nothing to send, continuing
Nov 10 10:16:39 indigo-tracker user.debug sqlite: movement start
Nov 10 10:16:43 indigo-tracker user.debug sender: send success
Nov 10 10:16:44 indigo-tracker user.debug sender: nothing to send, continuing
Nov 10 10:16:50 indigo-tracker user.debug sqlite: movement stop
Nov 10 10:16:53 indigo-tracker user.debug sender: send success
Nov 10 10:16:54 indigo-tracker user.debug sender: nothing to send, continuing
Nov 10 10:17:01 indigo-tracker cron.info crond[471]: crond: USER root pid 1159 cmd /etc/cron/check_updates.sh
Nov 10 10:17:02 indigo-tracker user.debug sqlite: movement start
Nov 10 10:17:05 indigo-tracker user.debug sender: send success
Nov 10 10:17:06 indigo-tracker user.debug sender: nothing to send, continuing
Nov 10 10:17:15 indigo-tracker user.debug sender: send success
Nov 10 10:17:16 indigo-tracker user.debug sender: nothing to send, continuing
Nov 10 10:17:26 indigo-tracker user.debug sender: send success
Nov 10 10:17:27 indigo-tracker user.debug sender: nothing to send, continuing
Nov 10 10:17:34 indigo-tracker user.debug sqlite: movement stop
Nov 10 10:17:36 indigo-tracker user.debug sender: send success
Nov 10 10:17:38 indigo-tracker user.debug sender: nothing to send, continuing
Nov 10 10:17:58 indigo-tracker user.debug sqlite: movement start
Nov 10 10:18:01 indigo-tracker cron.info crond[471]: crond: USER root pid 1179 cmd /etc/cron/check_updates.sh
Nov 10 10:18:09 indigo-tracker user.debug sqlite: movement stop
Nov 10 10:18:10 indigo-tracker user.debug sender: send success
Nov 10 10:18:15 indigo-tracker user.debug sender: nothing to send, continuing
Nov 10 10:18:31 indigo-tracker user.debug sqlite: movement start
Nov 10 10:18:38 indigo-tracker user.debug sender: send success
Nov 10 10:18:39 indigo-tracker user.debug sender: nothing to send, continuing
Nov 10 10:18:45 indigo-tracker user.debug sender: send success
Nov 10 10:18:46 indigo-tracker user.debug sender: nothing to send, continuing
Nov 10 10:18:57 indigo-tracker user.debug sender: send success
Nov 10 10:18:58 indigo-tracker user.debug sender: nothing to send, continuing
Nov 10 10:19:01 indigo-tracker cron.info crond[471]: crond: USER root pid 1197 cmd /etc/cron/check_updates.sh
Nov 10 10:19:09 indigo-tracker user.debug sender: send success
Nov 10 10:19:10 indigo-tracker user.debug sender: nothing to send, continuing
Nov 10 10:19:15 indigo-tracker user.debug sqlite: movement stop
Nov 10 10:19:23 indigo-tracker user.debug sender: send success
Nov 10 10:19:24 indigo-tracker user.debug sender: nothing to send, continuing
Nov 10 10:19:36 indigo-tracker user.debug sqlite: movement start
Nov 10 10:19:39 indigo-tracker user.debug sender: send success
Nov 10 10:19:40 indigo-tracker user.debug sender: nothing to send, continuing
Nov 10 10:19:49 indigo-tracker user.debug sqlite: movement stop
Nov 10 10:19:52 indigo-tracker user.debug sender: send success
Nov 10 10:19:53 indigo-tracker user.debug sender: nothing to send, continuing
Nov 10 10:20:00 indigo-tracker user.debug sqlite: movement start
Nov 10 10:20:01 indigo-tracker cron.info crond[471]: crond: USER root pid 1223 cmd /etc/cron/check_updates.sh
Nov 10 10:20:10 indigo-tracker user.debug sender: send success
Nov 10 10:20:19 indigo-tracker user.debug sender: nothing to send, continuing
Nov 10 10:20:28 indigo-tracker user.debug sender: send success
Nov 10 10:20:29 indigo-tracker user.debug sender: nothing to send, continuing
Nov 10 10:20:39 indigo-tracker user.debug sender: send success
Nov 10 10:20:40 indigo-tracker user.debug sender: nothing to send, continuing
Nov 10 10:20:45 indigo-tracker user.debug sender: send success
Nov 10 10:20:46 indigo-tracker user.debug sender: nothing to send, continuing
Nov 10 10:20:56 indigo-tracker user.debug sender: send success
Nov 10 10:20:57 indigo-tracker user.debug sender: nothing to send, continuing
Nov 10 10:21:01 indigo-tracker cron.info crond[471]: crond: USER root pid 1233 cmd /etc/cron/check_updates.sh
Nov 10 10:21:06 indigo-tracker user.debug sender: send success
Nov 10 10:21:07 indigo-tracker user.debug sender: nothing to send, continuing
Nov 10 10:21:29 indigo-tracker user.debug sqlite: movement stop
Nov 10 10:21:32 indigo-tracker user.debug sender: send success
Nov 10 10:21:41 indigo-tracker user.debug sqlite: movement start
Nov 10 10:21:46 indigo-tracker user.debug sender: nothing to send, continuing
Nov 10 10:21:55 indigo-tracker user.debug sender: send success
Nov 10 10:21:56 indigo-tracker user.debug sender: nothing to send, continuing
Nov 10 10:22:01 indigo-tracker cron.info crond[471]: crond: USER root pid 1250 cmd /etc/cron/check_updates.sh
Nov 10 10:22:03 indigo-tracker user.debug sqlite: movement stop
Nov 10 10:22:06 indigo-tracker user.debug sender: send success
Nov 10 10:22:07 indigo-tracker user.debug sender: nothing to send, continuing
Nov 10 10:22:14 indigo-tracker user.debug sqlite: movement start
Nov 10 10:22:23 indigo-tracker user.debug sender: send success
Nov 10 10:22:24 indigo-tracker user.debug sender: nothing to send, continuing
Nov 10 10:22:47 indigo-tracker user.debug sqlite: movement stop
Nov 10 10:22:48 indigo-tracker user.debug sender: send success
Nov 10 10:22:58 indigo-tracker user.debug sqlite: movement start
Nov 10 10:23:01 indigo-tracker cron.info crond[471]: crond: USER root pid 1276 cmd /etc/cron/check_updates.sh
Nov 10 10:23:09 indigo-tracker user.debug sender: nothing to send, continuing
Nov 10 10:23:12 indigo-tracker user.debug sqlite: movement stop
Nov 10 10:23:18 indigo-tracker user.debug sender: send success
Nov 10 10:23:19 indigo-tracker user.debug sender: nothing to send, continuing
Nov 10 10:23:23 indigo-tracker user.debug sqlite: movement start
Nov 10 10:23:26 indigo-tracker user.debug sender: send success
Nov 10 10:23:27 indigo-tracker user.debug sender: nothing to send, continuing
Nov 10 10:23:51 indigo-tracker user.debug sender: send success
Nov 10 10:24:01 indigo-tracker cron.info crond[471]: crond: USER root pid 1294 cmd /etc/cron/check_updates.sh
Nov 10 10:24:14 indigo-tracker user.debug sender: nothing to send, continuing
Nov 10 10:24:32 indigo-tracker user.debug sender: send success
Nov 10 10:25:01 indigo-tracker cron.info crond[471]: crond: USER root pid 1305 cmd /etc/cron/check_updates.sh
Nov 10 10:25:07 indigo-tracker auth.info login[1301]: root login on 'pts/0'
Nov 10 10:25:42 indigo-tracker user.debug sqlite: movement stop
Nov 10 10:25:49 indigo-tracker user.debug sender: nothing to send, continuing
Nov 10 10:26:01 indigo-tracker cron.info crond[471]: crond: USER root pid 1321 cmd /etc/cron/check_updates.sh
Nov 10 10:26:44 indigo-tracker user.debug sqlite: sending keepalive
Nov 10 10:26:53 indigo-tracker user.debug sender: send success
Nov 10 10:26:54 indigo-tracker user.debug sender: nothing to send, continuing
Nov 10 10:27:01 indigo-tracker cron.info crond[471]: crond: USER root pid 1335 cmd /etc/cron/check_updates.sh
Nov 10 10:27:54 indigo-tracker user.debug sqlite: movement start
Nov 10 10:28:01 indigo-tracker cron.info crond[471]: crond: USER root pid 1349 cmd /etc/cron/check_updates.sh
Nov 10 10:28:04 indigo-tracker user.debug sender: send success
Nov 10 10:28:05 indigo-tracker user.debug sqlite: movement stop
Nov 10 10:28:16 indigo-tracker user.debug sender: nothing to send, continuing
Nov 10 10:29:01 indigo-tracker cron.info crond[471]: crond: USER root pid 1363 cmd /etc/cron/check_updates.sh
Nov 10 10:29:10 indigo-tracker user.debug sqlite: sending keepalive
Nov 10 10:29:21 indigo-tracker user.debug sender: send success
Nov 10 10:29:22 indigo-tracker user.debug sender: nothing to send, continuing
Nov 10 10:30:01 indigo-tracker cron.info crond[471]: crond: USER root pid 1379 cmd /etc/cron/check_pppd
Nov 10 10:30:01 indigo-tracker cron.info crond[471]: crond: USER root pid 1380 cmd /etc/cron/check_updates.sh
Nov 10 10:30:03 indigo-tracker user.notice root: pppd ok, 8.8.8.8 pingable
Nov 10 10:31:01 indigo-tracker cron.info crond[471]: crond: USER root pid 1393 cmd /etc/cron/check_updates.sh
Nov 10 10:31:10 indigo-tracker user.debug sqlite: sending keepalive
Nov 10 10:31:21 indigo-tracker user.debug sender: send success
Nov 10 10:31:22 indigo-tracker user.debug sender: nothing to send, continuing
Nov 10 10:32:01 indigo-tracker cron.info crond[471]: crond: USER root pid 1408 cmd /etc/cron/check_updates.sh
Nov 10 10:32:51 indigo-tracker user.debug sqlite: movement start
Nov 10 10:33:01 indigo-tracker cron.info crond[471]: crond: USER root pid 1422 cmd /etc/cron/check_updates.sh
Nov 10 10:33:02 indigo-tracker user.debug sqlite: movement stop
Nov 10 10:33:22 indigo-tracker user.debug sender: send success
Nov 10 10:33:32 indigo-tracker user.debug sender: nothing to send, continuing
Nov 10 10:34:01 indigo-tracker cron.info crond[471]: crond: USER root pid 1435 cmd /etc/cron/check_updates.sh
Nov 10 10:34:04 indigo-tracker user.debug sqlite: sending keepalive
Nov 10 10:34:13 indigo-tracker user.debug sender: send success
Nov 10 10:34:15 indigo-tracker user.debug sender: nothing to send, continuing
Nov 10 10:35:01 indigo-tracker cron.info crond[471]: crond: USER root pid 1449 cmd /etc/cron/check_updates.sh
Nov 10 10:36:02 indigo-tracker cron.info crond[471]: crond: USER root pid 1459 cmd /etc/cron/check_updates.sh
Nov 10 10:36:04 indigo-tracker user.debug sqlite: sending keepalive
Nov 10 10:36:20 indigo-tracker user.debug sender: send success
Nov 10 10:36:21 indigo-tracker user.debug sender: nothing to send, continuing
Nov 10 10:37:01 indigo-tracker cron.info crond[471]: crond: USER root pid 1476 cmd /etc/cron/check_updates.sh
Nov 10 10:38:01 indigo-tracker cron.info crond[471]: crond: USER root pid 1487 cmd /etc/cron/check_updates.sh
Nov 10 10:39:01 indigo-tracker cron.info crond[471]: crond: USER root pid 1497 cmd /etc/cron/check_updates.sh
Nov 10 10:39:02 indigo-tracker user.notice root: people stopped
Nov 10 10:39:02 indigo-tracker user.debug sqlite: exiting by signal 15
Nov 10 10:39:09 indigo-tracker user.debug samplecollector: samplecollector started
Nov 10 10:40:01 indigo-tracker cron.info crond[471]: crond: USER root pid 1511 cmd /etc/cron/check_updates.sh
Nov 10 10:41:01 indigo-tracker cron.info crond[471]: crond: USER root pid 1521 cmd /etc/cron/check_updates.sh
Nov 10 10:41:07 indigo-tracker user.debug sqlite: sending keepalive
Nov 10 10:41:23 indigo-tracker user.debug sender: send success
Nov 10 10:41:24 indigo-tracker user.debug sender: nothing to send, continuing
Nov 10 10:41:48 indigo-tracker user.debug sqlite: movement start
Nov 10 10:41:56 indigo-tracker user.debug sender: send success
Nov 10 10:42:01 indigo-tracker cron.info crond[471]: crond: USER root pid 1538 cmd /etc/cron/check_updates.sh
Nov 10 10:42:31 indigo-tracker user.debug sender: nothing to send, continuing
Nov 10 10:42:36 indigo-tracker user.debug sqlite: movement stop
Nov 10 10:42:44 indigo-tracker user.debug sender: send success
Nov 10 10:42:46 indigo-tracker user.debug sender: nothing to send, continuing
Nov 10 10:42:47 indigo-tracker user.debug sqlite: movement start
Nov 10 10:42:56 indigo-tracker user.debug sender: send success
Nov 10 10:42:57 indigo-tracker user.debug sender: nothing to send, continuing
Nov 10 10:43:01 indigo-tracker cron.info crond[471]: crond: USER root pid 1556 cmd /etc/cron/check_updates.sh
Nov 10 10:43:09 indigo-tracker user.debug sender: send success
Nov 10 10:43:19 indigo-tracker user.debug sender: nothing to send, continuing
Nov 10 10:43:43 indigo-tracker user.debug sender: send success
Nov 10 10:43:51 indigo-tracker user.debug sqlite: movement stop
Nov 10 10:44:01 indigo-tracker cron.info crond[471]: crond: USER root pid 1568 cmd /etc/cron/check_updates.sh
Nov 10 10:44:06 indigo-tracker user.debug sender: nothing to send, continuing
Nov 10 10:44:06 indigo-tracker user.debug sqlite: movement start
Nov 10 10:44:16 indigo-tracker user.debug sender: send success
Nov 10 10:44:27 indigo-tracker user.debug sender: nothing to send, continuing
Nov 10 10:44:31 indigo-tracker user.debug sender: send success
Nov 10 10:44:32 indigo-tracker user.debug sender: nothing to send, continuing
Nov 10 10:44:48 indigo-tracker user.debug sender: send success
Nov 10 10:44:49 indigo-tracker user.debug sender: nothing to send, continuing
Nov 10 10:45:01 indigo-tracker cron.info crond[471]: crond: USER root pid 1582 cmd /etc/cron/check_ntp
Nov 10 10:45:01 indigo-tracker cron.info crond[471]: crond: USER root pid 1583 cmd /etc/cron/check_updates.sh
Nov 10 10:45:02 indigo-tracker user.notice root: Current time is valid
Nov 10 10:45:03 indigo-tracker user.debug sender: send success
Nov 10 10:45:39 indigo-tracker user.debug sender: nothing to send, continuing
Nov 10 10:45:39 indigo-tracker user.debug sqlite: movement stop
Nov 10 10:45:50 indigo-tracker user.debug sender: send success
Nov 10 10:45:51 indigo-tracker user.debug sender: nothing to send, continuing
Nov 10 10:46:01 indigo-tracker cron.info crond[471]: crond: USER root pid 1604 cmd /etc/cron/check_updates.sh
Nov 10 10:46:02 indigo-tracker user.debug sqlite: movement start
Nov 10 10:46:11 indigo-tracker user.debug sender: send success
Nov 10 10:46:34 indigo-tracker user.debug sender: nothing to send, continuing
Nov 10 10:46:51 indigo-tracker user.debug sender: send success
Nov 10 10:47:01 indigo-tracker cron.info crond[471]: crond: USER root pid 1614 cmd /etc/cron/check_updates.sh
Nov 10 10:47:05 indigo-tracker user.debug sender: nothing to send, continuing
Nov 10 10:47:08 indigo-tracker user.debug sqlite: movement stop
Nov 10 10:47:12 indigo-tracker user.debug sender: send success
Nov 10 10:47:13 indigo-tracker user.debug sender: nothing to send, continuing
