Jan  1 03:00:09 indigo-tracker user.info kernel: yaffs: dev is 32505859 name is "mtdblock3" rw
Jan  1 03:00:09 indigo-tracker user.info kernel: yaffs: passed flags ""
Jan  1 03:00:09 indigo-tracker user.debug kernel: yaffs: yaffs: Attempting MTD mount of 31.3,"mtdblock3"
Jan  1 03:00:09 indigo-tracker user.debug kernel: yaffs: auto selecting yaffs2
Jan  1 03:00:09 indigo-tracker user.debug kernel: yaffs: block 68 is bad
Jan  1 03:00:09 indigo-tracker user.debug kernel: yaffs: block 855 is bad
Jan  1 03:00:09 indigo-tracker user.debug kernel: yaffs: yaffs_read_super: is_checkpointed 0
Jan  1 03:00:09 indigo-tracker user.warn kernel: VFS: Mounted root (yaffs filesystem) on device 31:3.
Jan  1 03:00:09 indigo-tracker user.info kernel: Freeing init memory: 112K
Jan  1 03:00:09 indigo-tracker user.alert kernel: piopins: with filter
Jan  1 03:00:09 indigo-tracker user.warn kernel: piopins: system time doesn't seem to be true, will not flush anything
Jan  1 03:00:09 indigo-tracker user.info kernel: SK-AT91SAM9XE512: SIM508 GPS power OFF.
Jan  1 03:00:11 indigo-tracker user.info kernel: SK-AT91SAM9XE512: SIM508 GPS power ON.
Jan  1 03:00:08 indigo-tracker syslog.info syslogd started: BusyBox v1.18.3
Jan  1 03:00:08 indigo-tracker user.notice kernel: klogd started: BusyBox v1.18.3 (2011-03-29 18:29:13 MSD)
Jan  1 03:00:08 indigo-tracker user.notice kernel: Linux version 2.6.38+ (yury@debian-dev-vm) (gcc version 4.4.5 (indigo-ct-ng) ) #76 Fri Nov 11 18:57:40 MSK 2011
Jan  1 03:00:08 indigo-tracker user.warn kernel: CPU: ARM926EJ-S [41069265] revision 5 (ARMv5TEJ), cr=00053177
Jan  1 03:00:08 indigo-tracker user.warn kernel: CPU: VIVT data cache, VIVT instruction cache
Jan  1 03:00:08 indigo-tracker user.warn kernel: Machine: Indigo AT91SAM9260-SK
Jan  1 03:00:08 indigo-tracker user.warn kernel: Memory policy: ECC disabled, Data cache writeback
Jan  1 03:00:08 indigo-tracker user.warn kernel: Clocks: CPU 196 MHz, master 98 MHz, main 12.000 MHz
Jan  1 03:00:08 indigo-tracker user.debug kernel: On node 0 totalpages: 16384
Jan  1 03:00:08 indigo-tracker user.debug kernel: free_area_init_node: node 0, pgdat c0369484, node_mem_map c037b000
Jan  1 03:00:08 indigo-tracker user.debug kernel:   Normal zone: 128 pages used for memmap
Jan  1 03:00:08 indigo-tracker user.debug kernel:   Normal zone: 0 pages reserved
Jan  1 03:00:08 indigo-tracker user.debug kernel:   Normal zone: 16256 pages, LIFO batch:3
Jan  1 03:00:08 indigo-tracker user.debug kernel: pcpu-alloc: s0 r0 d32768 u32768 alloc=1*32768
Jan  1 03:00:08 indigo-tracker user.debug kernel: pcpu-alloc: [0] 0 
Jan  1 03:00:08 indigo-tracker user.warn kernel: Built 1 zonelists in Zone order, mobility grouping on.  Total pages: 16256
Jan  1 03:00:08 indigo-tracker user.notice kernel: Kernel command line: console=ttyS0,115200=mem=64M root=/dev/mtdblock3
Jan  1 03:00:08 indigo-tracker user.info kernel: PID hash table entries: 256 (order: -2, 1024 bytes)
Jan  1 03:00:08 indigo-tracker user.info kernel: Dentry cache hash table entries: 8192 (order: 3, 32768 bytes)
Jan  1 03:00:08 indigo-tracker user.info kernel: Inode-cache hash table entries: 4096 (order: 2, 16384 bytes)
Jan  1 03:00:08 indigo-tracker user.info kernel: Memory: 64MB = 64MB total
Jan  1 03:00:08 indigo-tracker user.notice kernel: Memory: 61364k/61364k available, 4172k reserved, 0K highmem
Jan  1 03:00:08 indigo-tracker user.notice kernel: Virtual kernel memory layout:
Jan  1 03:00:08 indigo-tracker user.notice kernel:     vector  : 0xffff0000 - 0xffff1000   (   4 kB)
Jan  1 03:00:08 indigo-tracker user.notice kernel:     fixmap  : 0xfff00000 - 0xfffe0000   ( 896 kB)
Jan  1 03:00:08 indigo-tracker user.notice kernel:     DMA     : 0xffc00000 - 0xffe00000   (   2 MB)
Jan  1 03:00:08 indigo-tracker user.notice kernel:     vmalloc : 0xc4800000 - 0xfee00000   ( 934 MB)
Jan  1 03:00:08 indigo-tracker user.notice kernel:     lowmem  : 0xc0000000 - 0xc4000000   (  64 MB)
Jan  1 03:00:08 indigo-tracker user.notice kernel:     modules : 0xbf000000 - 0xc0000000   (  16 MB)
Jan  1 03:00:08 indigo-tracker user.notice kernel:       .init : 0xc0008000 - 0xc0024000   ( 112 kB)
Jan  1 03:00:08 indigo-tracker user.notice kernel:       .text : 0xc0024000 - 0xc03419d4   (3191 kB)
Jan  1 03:00:08 indigo-tracker user.notice kernel:       .data : 0xc0342000 - 0xc0369c60   ( 160 kB)
Jan  1 03:00:08 indigo-tracker user.info kernel: NR_IRQS:192
Jan  1 03:00:08 indigo-tracker user.info kernel: AT91: 96 gpio irqs in 3 banks
Jan  1 03:00:08 indigo-tracker user.warn kernel: Console: colour dummy device 80x30
Jan  1 03:00:08 indigo-tracker user.info kernel: console [ttyS0] enabled
Jan  1 03:00:08 indigo-tracker user.info kernel: Calibrating delay loop... 97.89 BogoMIPS (lpj=489472)
Jan  1 03:00:08 indigo-tracker user.info kernel: pid_max: default: 32768 minimum: 301
Jan  1 03:00:08 indigo-tracker user.warn kernel: Mount-cache hash table entries: 512
Jan  1 03:00:08 indigo-tracker user.info kernel: CPU: Testing write buffer coherency: ok
Jan  1 03:00:08 indigo-tracker user.info kernel: NET: Registered protocol family 16
Jan  1 03:00:08 indigo-tracker user.warn kernel: bio: create slab <bio-0> at 0
Jan  1 03:00:08 indigo-tracker user.notice kernel: SCSI subsystem initialized
Jan  1 03:00:08 indigo-tracker user.info kernel: usbcore: registered new interface driver usbfs
Jan  1 03:00:08 indigo-tracker user.info kernel: usbcore: registered new interface driver hub
Jan  1 03:00:08 indigo-tracker user.info kernel: usbcore: registered new device driver usb
Jan  1 03:00:08 indigo-tracker user.info kernel: Advanced Linux Sound Architecture Driver Version 1.0.23.
Jan  1 03:00:08 indigo-tracker user.info kernel: Switching to clocksource pit
Jan  1 03:00:08 indigo-tracker user.info kernel: NET: Registered protocol family 2
Jan  1 03:00:08 indigo-tracker user.info kernel: IP route cache hash table entries: 1024 (order: 0, 4096 bytes)
Jan  1 03:00:08 indigo-tracker user.info kernel: TCP established hash table entries: 2048 (order: 2, 16384 bytes)
Jan  1 03:00:08 indigo-tracker user.info kernel: TCP bind hash table entries: 2048 (order: 1, 8192 bytes)
Jan  1 03:00:08 indigo-tracker user.info kernel: TCP: Hash tables configured (established 2048 bind 2048)
Jan  1 03:00:08 indigo-tracker user.info kernel: TCP reno registered
Jan  1 03:00:08 indigo-tracker user.info kernel: UDP hash table entries: 256 (order: 0, 4096 bytes)
Jan  1 03:00:08 indigo-tracker user.info kernel: UDP-Lite hash table entries: 256 (order: 0, 4096 bytes)
Jan  1 03:00:08 indigo-tracker user.info kernel: NET: Registered protocol family 1
Jan  1 03:00:08 indigo-tracker user.debug kernel: yaffs: yaffs built Nov  8 2011 18:50:55 Installing.
Jan  1 03:00:08 indigo-tracker user.info kernel: msgmni has been set to 119
Jan  1 03:00:08 indigo-tracker user.info kernel: io scheduler noop registered (default)
Jan  1 03:00:08 indigo-tracker user.info kernel: io scheduler deadline registered
Jan  1 03:00:08 indigo-tracker user.info kernel: atmel_usart.0: ttyS0 at MMIO 0xfefff200 (irq = 1) is a ATMEL_SERIAL
Jan  1 03:00:08 indigo-tracker user.info kernel: atmel_usart.1: ttyS1 at MMIO 0xfffb0000 (irq = 6) is a ATMEL_SERIAL
Jan  1 03:00:08 indigo-tracker user.info kernel: atmel_usart.2: ttyS2 at MMIO 0xfffb8000 (irq = 8) is a ATMEL_SERIAL
Jan  1 03:00:08 indigo-tracker user.debug kernel: SK-AT91SAM9XE512: SIM508 power management driver, major 135, minor 0.
Jan  1 03:00:08 indigo-tracker user.info kernel: brd: module loaded
Jan  1 03:00:08 indigo-tracker user.info kernel: loop: module loaded
Jan  1 03:00:08 indigo-tracker user.info kernel: ssc ssc.0: Atmel SSC device at 0xc4818000 (irq 14)
Jan  1 03:00:08 indigo-tracker user.info kernel: NAND device: Manufacturer ID: 0xec, Chip ID: 0xda (Samsung NAND 256MiB 3,3V 8-bit)
Jan  1 03:00:08 indigo-tracker user.info kernel: Scanning device for bad blocks
Jan  1 03:00:08 indigo-tracker user.warn kernel: Bad eraseblock 131 at 0x000001060000
Jan  1 03:00:08 indigo-tracker user.warn kernel: Bad eraseblock 918 at 0x0000072c0000
Jan  1 03:00:08 indigo-tracker user.notice kernel: Creating 6 MTD partitions on "atmel_nand":
Jan  1 03:00:08 indigo-tracker user.notice kernel: 0x000000000000-0x000000020000 : "Bootstrap partition"
Jan  1 03:00:08 indigo-tracker user.notice kernel: 0x000000020000-0x000000060000 : "U-boot Partition"
Jan  1 03:00:08 indigo-tracker user.notice kernel: 0x0000000a0000-0x0000002a0000 : "Kernel Partition"
Jan  1 03:00:08 indigo-tracker user.notice kernel: 0x000000800000-0x000010000000 : "Storage Partition"
Jan  1 03:00:08 indigo-tracker user.notice kernel: 0x000000060000-0x000000080000 : "U-boot Environment"
Jan  1 03:00:08 indigo-tracker user.notice kernel: 0x000000080000-0x0000000a0000 : "U-boot Environment Backup"
Jan  1 03:00:08 indigo-tracker user.info kernel: atmel_spi atmel_spi.0: Atmel SPI Controller at 0xfffc8000 (irq 12)
Jan  1 03:00:08 indigo-tracker user.info kernel: atmel_spi atmel_spi.1: Atmel SPI Controller at 0xfffcc000 (irq 13)
Jan  1 03:00:08 indigo-tracker user.info kernel: PPP generic driver version 2.4.2
Jan  1 03:00:08 indigo-tracker user.info kernel: PPP Deflate Compression module registered
Jan  1 03:00:08 indigo-tracker user.info kernel: PPP BSD Compression module registered
Jan  1 03:00:08 indigo-tracker user.info kernel: PPP MPPE Compression module registered
Jan  1 03:00:08 indigo-tracker user.info kernel: NET: Registered protocol family 24
Jan  1 03:00:08 indigo-tracker user.info kernel: SLIP: version 0.8.4-NET3.019-NEWTTY (dynamic channels, max=256).
Jan  1 03:00:08 indigo-tracker user.info kernel: CSLIP: code copyright 1989 Regents of the University of California.
Jan  1 03:00:08 indigo-tracker user.info kernel: tun: Universal TUN/TAP device driver, 1.6
Jan  1 03:00:08 indigo-tracker user.info kernel: tun: (C) 1999-2004 Max Krasnyansky <maxk@qualcomm.com>
Jan  1 03:00:08 indigo-tracker user.info kernel: macb macb: invalid hw address, using random
Jan  1 03:00:08 indigo-tracker user.info kernel: MACB_mii_bus: probed
Jan  1 03:00:08 indigo-tracker user.info kernel: eth0: Atmel MACB at 0xfffc4000 irq 21 (1a:5d:32:dc:bd:10)
Jan  1 03:00:08 indigo-tracker user.info kernel: eth0: attached PHY driver [Micrel KS8001 or KS8721] (mii_bus:phy_addr=ffffffff:01, irq=-1)
Jan  1 03:00:08 indigo-tracker user.info kernel: ohci_hcd: USB 1.1 'Open' Host Controller (OHCI) Driver
Jan  1 03:00:08 indigo-tracker user.info kernel: at91_ohci at91_ohci: AT91 OHCI
Jan  1 03:00:08 indigo-tracker user.info kernel: at91_ohci at91_ohci: new USB bus registered, assigned bus number 1
Jan  1 03:00:08 indigo-tracker user.info kernel: at91_ohci at91_ohci: irq 20, io mem 0x00500000
Jan  1 03:00:08 indigo-tracker user.info kernel: usb usb1: New USB device found, idVendor=1d6b, idProduct=0001
Jan  1 03:00:08 indigo-tracker user.info kernel: usb usb1: New USB device strings: Mfr=3, Product=2, SerialNumber=1
Jan  1 03:00:08 indigo-tracker user.info kernel: usb usb1: Product: AT91 OHCI
Jan  1 03:00:08 indigo-tracker user.info kernel: usb usb1: Manufacturer: Linux 2.6.38+ ohci_hcd
Jan  1 03:00:08 indigo-tracker user.info kernel: usb usb1: SerialNumber: at91
Jan  1 03:00:08 indigo-tracker user.info kernel: hub 1-0:1.0: USB hub found
Jan  1 03:00:08 indigo-tracker user.info kernel: hub 1-0:1.0: 2 ports detected
Jan  1 03:00:08 indigo-tracker user.info kernel: Initializing USB Mass Storage driver...
Jan  1 03:00:08 indigo-tracker user.info kernel: usbcore: registered new interface driver usb-storage
Jan  1 03:00:08 indigo-tracker user.info kernel: USB Mass Storage support registered.
Jan  1 03:00:08 indigo-tracker user.info kernel: rtc-at91sam9 at91_rtt.0: rtc core: registered at91_rtt as rtc0
Jan  1 03:00:08 indigo-tracker user.warn kernel: rtc-at91sam9 at91_rtt.0: rtc0: SET TIME!
Jan  1 03:00:08 indigo-tracker user.info kernel: i2c /dev entries driver
Jan  1 03:00:08 indigo-tracker user.info kernel: Linux video capture interface: v2.00
Jan  1 03:00:08 indigo-tracker user.info kernel: usbcore: registered new interface driver uvcvideo
Jan  1 03:00:08 indigo-tracker user.info kernel: USB Video Class driver (v1.0.0)
Jan  1 03:00:08 indigo-tracker cron.notice atd[523]: Removing stale lockfile for pid 523
Jan  1 03:00:08 indigo-tracker user.info kernel: AT91SAM9 Watchdog enabled (heartbeat=15 sec, nowayout=1)
Jan  1 03:00:08 indigo-tracker user.info kernel: usbcore: registered new interface driver snd-usb-audio
Jan  1 03:00:08 indigo-tracker user.info kernel: ALSA device list:
Jan  1 03:00:08 indigo-tracker user.info kernel:   No soundcards found.
Jan  1 03:00:08 indigo-tracker user.info kernel: nf_conntrack version 0.5.0 (958 buckets, 3832 max)
Jan  1 03:00:08 indigo-tracker user.info kernel: ip_tables: (C) 2000-2006 Netfilter Core Team
Jan  1 03:00:08 indigo-tracker user.info kernel: TCP cubic registered
Jan  1 03:00:08 indigo-tracker user.info kernel: NET: Registered protocol family 17
Jan  1 03:00:08 indigo-tracker user.err kernel: rtc-at91sam9 at91_rtt.0: hctosys: unable to read the hardware clock
Jan  1 03:00:08 indigo-tracker user.info kernel: atmel_mci atmel_mci: Atmel MCI controller at 0xfffa8000 irq 9, 1 slots
Jan  1 03:00:08 indigo-tracker user.info kernel: yaffs: dev is 32505859 name is "mtdblock3" rw
Jan  1 03:00:08 indigo-tracker user.info kernel: yaffs: passed flags ""
Jan  1 03:00:08 indigo-tracker user.debug kernel: yaffs: yaffs: Attempting MTD mount of 31.3,"mtdblock3"
Jan  1 03:00:08 indigo-tracker user.debug kernel: yaffs: auto selecting yaffs2
Jan  1 03:00:08 indigo-tracker user.debug kernel: yaffs: block 68 is bad
Jan  1 03:00:08 indigo-tracker user.debug kernel: yaffs: block 855 is bad
Jan  1 03:00:08 indigo-tracker user.debug kernel: yaffs: yaffs_read_super: is_checkpointed 0
Jan  1 03:00:08 indigo-tracker user.warn kernel: VFS: Mounted root (yaffs filesystem) on device 31:3.
Jan  1 03:00:08 indigo-tracker user.info kernel: Freeing init memory: 112K
Jan  1 03:00:08 indigo-tracker user.alert kernel: piopins: with filter
Jan  1 03:00:09 indigo-tracker user.warn kernel: piopins: system time doesn't seem to be true, will not flush anything
Jan  1 03:00:09 indigo-tracker user.info kernel: SK-AT91SAM9XE512: SIM508 GPS power OFF.
Jan  1 03:00:11 indigo-tracker user.info kernel: SK-AT91SAM9XE512: SIM508 GPS power ON.
Jan  1 03:00:08 indigo-tracker syslog.info syslogd started: BusyBox v1.18.3
Jan  1 03:00:08 indigo-tracker user.notice kernel: klogd started: BusyBox v1.18.3 (2011-03-29 18:29:13 MSD)
Jan  1 03:00:08 indigo-tracker user.notice kernel: Linux version 2.6.38+ (yury@debian-dev-vm) (gcc version 4.4.5 (indigo-ct-ng) ) #76 Fri Nov 11 18:57:40 MSK 2011
Jan  1 03:00:08 indigo-tracker user.warn kernel: CPU: ARM926EJ-S [41069265] revision 5 (ARMv5TEJ), cr=00053177
Jan  1 03:00:08 indigo-tracker user.warn kernel: CPU: VIVT data cache, VIVT instruction cache
Jan  1 03:00:08 indigo-tracker user.warn kernel: Machine: Indigo AT91SAM9260-SK
Jan  1 03:00:08 indigo-tracker user.warn kernel: Memory policy: ECC disabled, Data cache writeback
Jan  1 03:00:08 indigo-tracker user.warn kernel: Clocks: CPU 196 MHz, master 98 MHz, main 12.000 MHz
Jan  1 03:00:08 indigo-tracker user.debug kernel: On node 0 totalpages: 16384
Jan  1 03:00:08 indigo-tracker user.debug kernel: free_area_init_node: node 0, pgdat c0369484, node_mem_map c037b000
Jan  1 03:00:08 indigo-tracker user.debug kernel:   Normal zone: 128 pages used for memmap
Jan  1 03:00:08 indigo-tracker user.debug kernel:   Normal zone: 0 pages reserved
Jan  1 03:00:08 indigo-tracker user.debug kernel:   Normal zone: 16256 pages, LIFO batch:3
Jan  1 03:00:08 indigo-tracker user.debug kernel: pcpu-alloc: s0 r0 d32768 u32768 alloc=1*32768
Jan  1 03:00:08 indigo-tracker user.debug kernel: pcpu-alloc: [0] 0 
Jan  1 03:00:08 indigo-tracker user.warn kernel: Built 1 zonelists in Zone order, mobility grouping on.  Total pages: 16256
Jan  1 03:00:08 indigo-tracker user.notice kernel: Kernel command line: console=ttyS0,115200=mem=64M root=/dev/mtdblock3
Jan  1 03:00:08 indigo-tracker user.info kernel: PID hash table entries: 256 (order: -2, 1024 bytes)
Jan  1 03:00:08 indigo-tracker user.info kernel: Dentry cache hash table entries: 8192 (order: 3, 32768 bytes)
Jan  1 03:00:08 indigo-tracker user.info kernel: Inode-cache hash table entries: 4096 (order: 2, 16384 bytes)
Jan  1 03:00:08 indigo-tracker user.info kernel: Memory: 64MB = 64MB total
Jan  1 03:00:08 indigo-tracker user.notice kernel: Memory: 61364k/61364k available, 4172k reserved, 0K highmem
Jan  1 03:00:08 indigo-tracker user.notice kernel: Virtual kernel memory layout:
Jan  1 03:00:08 indigo-tracker user.notice kernel:     vector  : 0xffff0000 - 0xffff1000   (   4 kB)
Jan  1 03:00:08 indigo-tracker user.notice kernel:     fixmap  : 0xfff00000 - 0xfffe0000   ( 896 kB)
Jan  1 03:00:08 indigo-tracker user.notice kernel:     DMA     : 0xffc00000 - 0xffe00000   (   2 MB)
Jan  1 03:00:08 indigo-tracker user.notice kernel:     vmalloc : 0xc4800000 - 0xfee00000   ( 934 MB)
Jan  1 03:00:08 indigo-tracker user.notice kernel:     lowmem  : 0xc0000000 - 0xc4000000   (  64 MB)
Jan  1 03:00:08 indigo-tracker user.notice kernel:     modules : 0xbf000000 - 0xc0000000   (  16 MB)
Jan  1 03:00:08 indigo-tracker user.notice kernel:       .init : 0xc0008000 - 0xc0024000   ( 112 kB)
Jan  1 03:00:08 indigo-tracker user.notice kernel:       .text : 0xc0024000 - 0xc03419d4   (3191 kB)
Jan  1 03:00:08 indigo-tracker user.notice kernel:       .data : 0xc0342000 - 0xc0369c60   ( 160 kB)
Jan  1 03:00:08 indigo-tracker user.info kernel: NR_IRQS:192
Jan  1 03:00:08 indigo-tracker user.info kernel: AT91: 96 gpio irqs in 3 banks
Jan  1 03:00:08 indigo-tracker user.warn kernel: Console: colour dummy device 80x30
Jan  1 03:00:08 indigo-tracker user.info kernel: console [ttyS0] enabled
Jan  1 03:00:08 indigo-tracker user.info kernel: Calibrating delay loop... 97.89 BogoMIPS (lpj=489472)
Jan  1 03:00:08 indigo-tracker user.info kernel: pid_max: default: 32768 minimum: 301
Jan  1 03:00:08 indigo-tracker user.warn kernel: Mount-cache hash table entries: 512
Jan  1 03:00:08 indigo-tracker user.info kernel: CPU: Testing write buffer coherency: ok
Jan  1 03:00:08 indigo-tracker user.info kernel: NET: Registered protocol family 16
Jan  1 03:00:08 indigo-tracker user.warn kernel: bio: create slab <bio-0> at 0
Jan  1 03:00:08 indigo-tracker user.notice kernel: SCSI subsystem initialized
Jan  1 03:00:08 indigo-tracker user.info kernel: usbcore: registered new interface driver usbfs
Jan  1 03:00:08 indigo-tracker user.info kernel: usbcore: registered new interface driver hub
Jan  1 03:00:08 indigo-tracker user.info kernel: usbcore: registered new device driver usb
Jan  1 03:00:08 indigo-tracker user.info kernel: Advanced Linux Sound Architecture Driver Version 1.0.23.
Jan  1 03:00:08 indigo-tracker user.info kernel: Switching to clocksource pit
Jan  1 03:00:08 indigo-tracker user.info kernel: NET: Registered protocol family 2
Jan  1 03:00:08 indigo-tracker user.info kernel: IP route cache hash table entries: 1024 (order: 0, 4096 bytes)
Jan  1 03:00:08 indigo-tracker user.info kernel: TCP established hash table entries: 2048 (order: 2, 16384 bytes)
Jan  1 03:00:08 indigo-tracker user.info kernel: TCP bind hash table entries: 2048 (order: 1, 8192 bytes)
Jan  1 03:00:08 indigo-tracker user.info kernel: TCP: Hash tables configured (established 2048 bind 2048)
Jan  1 03:00:08 indigo-tracker user.info kernel: TCP reno registered
Jan  1 03:00:08 indigo-tracker user.info kernel: UDP hash table entries: 256 (order: 0, 4096 bytes)
Jan  1 03:00:08 indigo-tracker user.info kernel: UDP-Lite hash table entries: 256 (order: 0, 4096 bytes)
Jan  1 03:00:08 indigo-tracker user.info kernel: NET: Registered protocol family 1
Jan  1 03:00:08 indigo-tracker user.debug kernel: yaffs: yaffs built Nov  8 2011 18:50:55 Installing.
Jan  1 03:00:08 indigo-tracker user.info kernel: msgmni has been set to 119
Jan  1 03:00:08 indigo-tracker user.info kernel: io scheduler noop registered (default)
Jan  1 03:00:08 indigo-tracker user.info kernel: io scheduler deadline registered
Jan  1 03:00:08 indigo-tracker user.info kernel: atmel_usart.0: ttyS0 at MMIO 0xfefff200 (irq = 1) is a ATMEL_SERIAL
Jan  1 03:00:08 indigo-tracker user.info kernel: atmel_usart.1: ttyS1 at MMIO 0xfffb0000 (irq = 6) is a ATMEL_SERIAL
Jan  1 03:00:08 indigo-tracker user.info kernel: atmel_usart.2: ttyS2 at MMIO 0xfffb8000 (irq = 8) is a ATMEL_SERIAL
Jan  1 03:00:08 indigo-tracker user.debug kernel: SK-AT91SAM9XE512: SIM508 power management driver, major 135, minor 0.
Jan  1 03:00:08 indigo-tracker user.info kernel: brd: module loaded
Jan  1 03:00:08 indigo-tracker user.info kernel: loop: module loaded
Jan  1 03:00:08 indigo-tracker user.info kernel: ssc ssc.0: Atmel SSC device at 0xc4818000 (irq 14)
Jan  1 03:00:08 indigo-tracker user.info kernel: NAND device: Manufacturer ID: 0xec, Chip ID: 0xda (Samsung NAND 256MiB 3,3V 8-bit)
Jan  1 03:00:08 indigo-tracker user.info kernel: Scanning device for bad blocks
Jan  1 03:00:08 indigo-tracker user.warn kernel: Bad eraseblock 131 at 0x000001060000
Jan  1 03:00:08 indigo-tracker user.warn kernel: Bad eraseblock 918 at 0x0000072c0000
Jan  1 03:00:08 indigo-tracker user.notice kernel: Creating 6 MTD partitions on "atmel_nand":
Jan  1 03:00:08 indigo-tracker user.notice kernel: 0x000000000000-0x000000020000 : "Bootstrap partition"
Jan  1 03:00:08 indigo-tracker user.notice kernel: 0x000000020000-0x000000060000 : "U-boot Partition"
Jan  1 03:00:08 indigo-tracker user.notice kernel: 0x0000000a0000-0x0000002a0000 : "Kernel Partition"
Jan  1 03:00:08 indigo-tracker user.notice kernel: 0x000000800000-0x000010000000 : "Storage Partition"
Jan  1 03:00:09 indigo-tracker user.notice kernel: 0x000000060000-0x000000080000 : "U-boot Environment"
Jan  1 03:00:09 indigo-tracker user.notice kernel: 0x000000080000-0x0000000a0000 : "U-boot Environment Backup"
Jan  1 03:00:09 indigo-tracker user.info kernel: atmel_spi atmel_spi.0: Atmel SPI Controller at 0xfffc8000 (irq 12)
Jan  1 03:00:09 indigo-tracker user.info kernel: atmel_spi atmel_spi.1: Atmel SPI Controller at 0xfffcc000 (irq 13)
Jan  1 03:00:09 indigo-tracker user.info kernel: PPP generic driver version 2.4.2
Jan  1 03:00:09 indigo-tracker user.info kernel: PPP Deflate Compression module registered
Jan  1 03:00:09 indigo-tracker user.info kernel: PPP BSD Compression module registered
Jan  1 03:00:09 indigo-tracker user.info kernel: PPP MPPE Compression module registered
Jan  1 03:00:09 indigo-tracker user.info kernel: NET: Registered protocol family 24
Jan  1 03:00:09 indigo-tracker user.info kernel: SLIP: version 0.8.4-NET3.019-NEWTTY (dynamic channels, max=256).
Jan  1 03:00:09 indigo-tracker user.info kernel: CSLIP: code copyright 1989 Regents of the University of California.
Jan  1 03:00:09 indigo-tracker user.info kernel: tun: Universal TUN/TAP device driver, 1.6
Jan  1 03:00:09 indigo-tracker user.info kernel: tun: (C) 1999-2004 Max Krasnyansky <maxk@qualcomm.com>
Jan  1 03:00:09 indigo-tracker user.info kernel: macb macb: invalid hw address, using random
Jan  1 03:00:09 indigo-tracker user.info kernel: MACB_mii_bus: probed
Jan  1 03:00:09 indigo-tracker user.info kernel: eth0: Atmel MACB at 0xfffc4000 irq 21 (1a:5d:32:dc:bd:10)
Jan  1 03:00:09 indigo-tracker user.info kernel: eth0: attached PHY driver [Micrel KS8001 or KS8721] (mii_bus:phy_addr=ffffffff:01, irq=-1)
Jan  1 03:00:09 indigo-tracker user.info kernel: ohci_hcd: USB 1.1 'Open' Host Controller (OHCI) Driver
Jan  1 03:00:09 indigo-tracker user.info kernel: at91_ohci at91_ohci: AT91 OHCI
Jan  1 03:00:09 indigo-tracker user.info kernel: at91_ohci at91_ohci: new USB bus registered, assigned bus number 1
Jan  1 03:00:09 indigo-tracker user.info kernel: at91_ohci at91_ohci: irq 20, io mem 0x00500000
Jan  1 03:00:09 indigo-tracker user.info kernel: usb usb1: New USB device found, idVendor=1d6b, idProduct=0001
Jan  1 03:00:09 indigo-tracker user.info kernel: usb usb1: New USB device strings: Mfr=3, Product=2, SerialNumber=1
Jan  1 03:00:09 indigo-tracker user.info kernel: usb usb1: Product: AT91 OHCI
Jan  1 03:00:09 indigo-tracker user.info kernel: usb usb1: Manufacturer: Linux 2.6.38+ ohci_hcd
Jan  1 03:00:09 indigo-tracker user.info kernel: usb usb1: SerialNumber: at91
Jan  1 03:00:09 indigo-tracker user.info kernel: hub 1-0:1.0: USB hub found
Jan  1 03:00:09 indigo-tracker user.info kernel: hub 1-0:1.0: 2 ports detected
Jan  1 03:00:09 indigo-tracker user.info kernel: Initializing USB Mass Storage driver...
Jan  1 03:00:09 indigo-tracker user.info kernel: usbcore: registered new interface driver usb-storage
Jan  1 03:00:09 indigo-tracker user.info kernel: USB Mass Storage support registered.
Jan  1 03:00:09 indigo-tracker user.info kernel: rtc-at91sam9 at91_rtt.0: rtc core: registered at91_rtt as rtc0
Jan  1 03:00:09 indigo-tracker user.warn kernel: rtc-at91sam9 at91_rtt.0: rtc0: SET TIME!
Jan  1 03:00:09 indigo-tracker user.info kernel: i2c /dev entries driver
Jan  1 03:00:09 indigo-tracker user.info kernel: Linux video capture interface: v2.00
Jan  1 03:00:09 indigo-tracker user.info kernel: usbcore: registered new interface driver uvcvideo
Jan  1 03:00:09 indigo-tracker user.info kernel: USB Video Class driver (v1.0.0)
Jan  1 03:00:09 indigo-tracker user.info kernel: AT91SAM9 Watchdog enabled (heartbeat=15 sec, nowayout=1)
Jan  1 03:00:09 indigo-tracker user.info kernel: usbcore: registered new interface driver snd-usb-audio
Jan  1 03:00:09 indigo-tracker user.info kernel: ALSA device list:
Jan  1 03:00:09 indigo-tracker cron.notice atd[527]: Removing stale lockfile for pid 527
Jan  1 03:00:09 indigo-tracker user.info kernel:   No soundcards found.
Jan  1 03:00:09 indigo-tracker user.info kernel: nf_conntrack version 0.5.0 (958 buckets, 3832 max)
Jan  1 03:00:09 indigo-tracker user.info kernel: ip_tables: (C) 2000-2006 Netfilter Core Team
Jan  1 03:00:09 indigo-tracker user.info kernel: TCP cubic registered
Jan  1 03:00:09 indigo-tracker user.info kernel: NET: Registered protocol family 17
Jan  1 03:00:09 indigo-tracker user.err kernel: rtc-at91sam9 at91_rtt.0: hctosys: unable to read the hardware clock
Jan  1 03:00:09 indigo-tracker user.info kernel: atmel_mci atmel_mci: Atmel MCI controller at 0xfffa8000 irq 9, 1 slots
Jan  1 03:00:09 indigo-tracker user.info kernel: yaffs: dev is 32505859 name is "mtdblock3" rw
Jan  1 03:00:09 indigo-tracker user.info kernel: yaffs: passed flags ""
Jan  1 03:00:09 indigo-tracker user.debug kernel: yaffs: yaffs: Attempting MTD mount of 31.3,"mtdblock3"
Jan  1 03:00:09 indigo-tracker user.debug kernel: yaffs: auto selecting yaffs2
Jan  1 03:00:09 indigo-tracker user.debug kernel: yaffs: block 68 is bad
Jan  1 03:00:09 indigo-tracker user.debug kernel: yaffs: block 855 is bad
Jan  1 03:00:09 indigo-tracker user.debug kernel: yaffs: yaffs_read_super: is_checkpointed 0
Jan  1 03:00:09 indigo-tracker user.warn kernel: VFS: Mounted root (yaffs filesystem) on device 31:3.
Jan  1 03:00:09 indigo-tracker user.info kernel: Freeing init memory: 112K
Jan  1 03:00:09 indigo-tracker user.alert kernel: piopins: with filter
Jan  1 03:00:09 indigo-tracker user.warn kernel: piopins: system time doesn't seem to be true, will not flush anything
Jan  1 03:00:09 indigo-tracker user.info kernel: SK-AT91SAM9XE512: SIM508 GPS power OFF.
Jan  1 03:00:11 indigo-tracker user.info kernel: SK-AT91SAM9XE512: SIM508 GPS power ON.
Jan  1 03:01:01 indigo-tracker cron.info crond[470]: crond: USER root pid 627 cmd /etc/cron/check_updates.sh
Jan  1 03:00:08 indigo-tracker syslog.info syslogd started: BusyBox v1.18.3
Jan  1 03:00:08 indigo-tracker user.notice kernel: klogd started: BusyBox v1.18.3 (2011-03-29 18:29:13 MSD)
Jan  1 03:00:08 indigo-tracker user.notice kernel: Linux version 2.6.38+ (yury@debian-dev-vm) (gcc version 4.4.5 (indigo-ct-ng) ) #76 Fri Nov 11 18:57:40 MSK 2011
Jan  1 03:00:08 indigo-tracker user.warn kernel: CPU: ARM926EJ-S [41069265] revision 5 (ARMv5TEJ), cr=00053177
Jan  1 03:00:08 indigo-tracker user.warn kernel: CPU: VIVT data cache, VIVT instruction cache
Jan  1 03:00:08 indigo-tracker user.warn kernel: Machine: Indigo AT91SAM9260-SK
Jan  1 03:00:08 indigo-tracker user.warn kernel: Memory policy: ECC disabled, Data cache writeback
Jan  1 03:00:08 indigo-tracker user.warn kernel: Clocks: CPU 196 MHz, master 98 MHz, main 12.000 MHz
Jan  1 03:00:08 indigo-tracker user.debug kernel: On node 0 totalpages: 16384
Jan  1 03:00:08 indigo-tracker user.debug kernel: free_area_init_node: node 0, pgdat c0369484, node_mem_map c037b000
Jan  1 03:00:08 indigo-tracker user.debug kernel:   Normal zone: 128 pages used for memmap
Jan  1 03:00:08 indigo-tracker user.debug kernel:   Normal zone: 0 pages reserved
Jan  1 03:00:08 indigo-tracker user.debug kernel:   Normal zone: 16256 pages, LIFO batch:3
Jan  1 03:00:08 indigo-tracker user.debug kernel: pcpu-alloc: s0 r0 d32768 u32768 alloc=1*32768
Jan  1 03:00:08 indigo-tracker user.debug kernel: pcpu-alloc: [0] 0 
Jan  1 03:00:08 indigo-tracker user.warn kernel: Built 1 zonelists in Zone order, mobility grouping on.  Total pages: 16256
Jan  1 03:00:08 indigo-tracker user.notice kernel: Kernel command line: console=ttyS0,115200=mem=64M root=/dev/mtdblock3
Jan  1 03:00:08 indigo-tracker user.info kernel: PID hash table entries: 256 (order: -2, 1024 bytes)
Jan  1 03:00:08 indigo-tracker user.info kernel: Dentry cache hash table entries: 8192 (order: 3, 32768 bytes)
Jan  1 03:00:08 indigo-tracker user.info kernel: Inode-cache hash table entries: 4096 (order: 2, 16384 bytes)
Jan  1 03:00:08 indigo-tracker user.info kernel: Memory: 64MB = 64MB total
Jan  1 03:00:08 indigo-tracker user.notice kernel: Memory: 61364k/61364k available, 4172k reserved, 0K highmem
Jan  1 03:00:08 indigo-tracker user.notice kernel: Virtual kernel memory layout:
Jan  1 03:00:08 indigo-tracker user.notice kernel:     vector  : 0xffff0000 - 0xffff1000   (   4 kB)
Jan  1 03:00:08 indigo-tracker user.notice kernel:     fixmap  : 0xfff00000 - 0xfffe0000   ( 896 kB)
Jan  1 03:00:08 indigo-tracker user.notice kernel:     DMA     : 0xffc00000 - 0xffe00000   (   2 MB)
Jan  1 03:00:08 indigo-tracker user.notice kernel:     vmalloc : 0xc4800000 - 0xfee00000   ( 934 MB)
Jan  1 03:00:08 indigo-tracker user.notice kernel:     lowmem  : 0xc0000000 - 0xc4000000   (  64 MB)
Jan  1 03:00:08 indigo-tracker user.notice kernel:     modules : 0xbf000000 - 0xc0000000   (  16 MB)
Jan  1 03:00:08 indigo-tracker user.notice kernel:       .init : 0xc0008000 - 0xc0024000   ( 112 kB)
Jan  1 03:00:08 indigo-tracker user.notice kernel:       .text : 0xc0024000 - 0xc03419d4   (3191 kB)
Jan  1 03:00:08 indigo-tracker user.notice kernel:       .data : 0xc0342000 - 0xc0369c60   ( 160 kB)
Jan  1 03:00:08 indigo-tracker user.info kernel: NR_IRQS:192
Jan  1 03:00:08 indigo-tracker user.info kernel: AT91: 96 gpio irqs in 3 banks
Jan  1 03:00:08 indigo-tracker user.warn kernel: Console: colour dummy device 80x30
Jan  1 03:00:08 indigo-tracker user.info kernel: console [ttyS0] enabled
Jan  1 03:00:08 indigo-tracker user.info kernel: Calibrating delay loop... 97.89 BogoMIPS (lpj=489472)
Jan  1 03:00:08 indigo-tracker user.info kernel: pid_max: default: 32768 minimum: 301
Jan  1 03:00:08 indigo-tracker user.warn kernel: Mount-cache hash table entries: 512
Jan  1 03:00:08 indigo-tracker user.info kernel: CPU: Testing write buffer coherency: ok
Jan  1 03:00:08 indigo-tracker user.info kernel: NET: Registered protocol family 16
Jan  1 03:00:08 indigo-tracker user.warn kernel: bio: create slab <bio-0> at 0
Jan  1 03:00:08 indigo-tracker user.notice kernel: SCSI subsystem initialized
Jan  1 03:00:08 indigo-tracker user.info kernel: usbcore: registered new interface driver usbfs
Jan  1 03:00:08 indigo-tracker user.info kernel: usbcore: registered new interface driver hub
Jan  1 03:00:08 indigo-tracker user.info kernel: usbcore: registered new device driver usb
Jan  1 03:00:08 indigo-tracker user.info kernel: Advanced Linux Sound Architecture Driver Version 1.0.23.
Jan  1 03:00:08 indigo-tracker user.info kernel: Switching to clocksource pit
Jan  1 03:00:08 indigo-tracker user.info kernel: NET: Registered protocol family 2
Jan  1 03:00:08 indigo-tracker user.info kernel: IP route cache hash table entries: 1024 (order: 0, 4096 bytes)
Jan  1 03:00:08 indigo-tracker user.info kernel: TCP established hash table entries: 2048 (order: 2, 16384 bytes)
Jan  1 03:00:08 indigo-tracker user.info kernel: TCP bind hash table entries: 2048 (order: 1, 8192 bytes)
Jan  1 03:00:08 indigo-tracker user.info kernel: TCP: Hash tables configured (established 2048 bind 2048)
Jan  1 03:00:08 indigo-tracker user.info kernel: TCP reno registered
Jan  1 03:00:08 indigo-tracker user.info kernel: UDP hash table entries: 256 (order: 0, 4096 bytes)
Jan  1 03:00:08 indigo-tracker cron.notice atd[522]: Removing stale lockfile for pid 522
Jan  1 03:00:08 indigo-tracker user.info kernel: UDP-Lite hash table entries: 256 (order: 0, 4096 bytes)
Jan  1 03:00:09 indigo-tracker user.info kernel: NET: Registered protocol family 1
Jan  1 03:00:09 indigo-tracker user.debug kernel: yaffs: yaffs built Nov  8 2011 18:50:55 Installing.
Jan  1 03:00:09 indigo-tracker user.info kernel: msgmni has been set to 119
Jan  1 03:00:09 indigo-tracker user.info kernel: io scheduler noop registered (default)
Jan  1 03:00:09 indigo-tracker user.info kernel: io scheduler deadline registered
Jan  1 03:00:09 indigo-tracker user.info kernel: atmel_usart.0: ttyS0 at MMIO 0xfefff200 (irq = 1) is a ATMEL_SERIAL
Jan  1 03:00:09 indigo-tracker user.info kernel: atmel_usart.1: ttyS1 at MMIO 0xfffb0000 (irq = 6) is a ATMEL_SERIAL
Jan  1 03:00:09 indigo-tracker user.info kernel: atmel_usart.2: ttyS2 at MMIO 0xfffb8000 (irq = 8) is a ATMEL_SERIAL
Jan  1 03:00:09 indigo-tracker user.debug kernel: SK-AT91SAM9XE512: SIM508 power management driver, major 135, minor 0.
Jan  1 03:00:09 indigo-tracker user.info kernel: brd: module loaded
Jan  1 03:00:09 indigo-tracker user.info kernel: loop: module loaded
Jan  1 03:00:09 indigo-tracker user.info kernel: ssc ssc.0: Atmel SSC device at 0xc4818000 (irq 14)
Jan  1 03:00:09 indigo-tracker user.info kernel: NAND device: Manufacturer ID: 0xec, Chip ID: 0xda (Samsung NAND 256MiB 3,3V 8-bit)
Jan  1 03:00:09 indigo-tracker user.info kernel: Scanning device for bad blocks
Jan  1 03:00:09 indigo-tracker user.warn kernel: Bad eraseblock 131 at 0x000001060000
Jan  1 03:00:09 indigo-tracker user.warn kernel: Bad eraseblock 918 at 0x0000072c0000
Jan  1 03:00:09 indigo-tracker user.notice kernel: Creating 6 MTD partitions on "atmel_nand":
Jan  1 03:00:09 indigo-tracker user.notice kernel: 0x000000000000-0x000000020000 : "Bootstrap partition"
Jan  1 03:00:09 indigo-tracker user.notice kernel: 0x000000020000-0x000000060000 : "U-boot Partition"
Jan  1 03:00:09 indigo-tracker user.notice kernel: 0x0000000a0000-0x0000002a0000 : "Kernel Partition"
Jan  1 03:00:09 indigo-tracker user.notice kernel: 0x000000800000-0x000010000000 : "Storage Partition"
Jan  1 03:00:09 indigo-tracker user.notice kernel: 0x000000060000-0x000000080000 : "U-boot Environment"
Jan  1 03:00:09 indigo-tracker user.notice kernel: 0x000000080000-0x0000000a0000 : "U-boot Environment Backup"
Jan  1 03:00:09 indigo-tracker user.info kernel: atmel_spi atmel_spi.0: Atmel SPI Controller at 0xfffc8000 (irq 12)
Jan  1 03:00:09 indigo-tracker user.info kernel: atmel_spi atmel_spi.1: Atmel SPI Controller at 0xfffcc000 (irq 13)
Jan  1 03:00:09 indigo-tracker user.info kernel: PPP generic driver version 2.4.2
Jan  1 03:00:09 indigo-tracker user.info kernel: PPP Deflate Compression module registered
Jan  1 03:00:09 indigo-tracker user.info kernel: PPP BSD Compression module registered
Jan  1 03:00:09 indigo-tracker user.info kernel: PPP MPPE Compression module registered
Jan  1 03:00:09 indigo-tracker user.info kernel: NET: Registered protocol family 24
Jan  1 03:00:09 indigo-tracker user.info kernel: SLIP: version 0.8.4-NET3.019-NEWTTY (dynamic channels, max=256).
Jan  1 03:00:09 indigo-tracker user.info kernel: CSLIP: code copyright 1989 Regents of the University of California.
Jan  1 03:00:09 indigo-tracker user.info kernel: tun: Universal TUN/TAP device driver, 1.6
Jan  1 03:00:09 indigo-tracker user.info kernel: tun: (C) 1999-2004 Max Krasnyansky <maxk@qualcomm.com>
Jan  1 03:00:09 indigo-tracker user.info kernel: macb macb: invalid hw address, using random
Jan  1 03:00:09 indigo-tracker user.info kernel: MACB_mii_bus: probed
Jan  1 03:00:09 indigo-tracker user.info kernel: eth0: Atmel MACB at 0xfffc4000 irq 21 (1a:5d:32:dc:bd:10)
Jan  1 03:00:09 indigo-tracker user.info kernel: eth0: attached PHY driver [Micrel KS8001 or KS8721] (mii_bus:phy_addr=ffffffff:01, irq=-1)
Jan  1 03:00:09 indigo-tracker user.info kernel: ohci_hcd: USB 1.1 'Open' Host Controller (OHCI) Driver
Jan  1 03:00:09 indigo-tracker user.info kernel: at91_ohci at91_ohci: AT91 OHCI
Jan  1 03:00:09 indigo-tracker user.info kernel: at91_ohci at91_ohci: new USB bus registered, assigned bus number 1
Jan  1 03:00:09 indigo-tracker user.info kernel: at91_ohci at91_ohci: irq 20, io mem 0x00500000
Jan  1 03:00:09 indigo-tracker user.info kernel: usb usb1: New USB device found, idVendor=1d6b, idProduct=0001
Jan  1 03:00:09 indigo-tracker user.info kernel: usb usb1: New USB device strings: Mfr=3, Product=2, SerialNumber=1
Jan  1 03:00:09 indigo-tracker user.info kernel: usb usb1: Product: AT91 OHCI
Jan  1 03:00:09 indigo-tracker user.info kernel: usb usb1: Manufacturer: Linux 2.6.38+ ohci_hcd
Jan  1 03:00:09 indigo-tracker user.info kernel: usb usb1: SerialNumber: at91
Jan  1 03:00:09 indigo-tracker user.info kernel: hub 1-0:1.0: USB hub found
Jan  1 03:00:09 indigo-tracker user.info kernel: hub 1-0:1.0: 2 ports detected
Jan  1 03:00:09 indigo-tracker user.info kernel: Initializing USB Mass Storage driver...
Jan  1 03:00:09 indigo-tracker user.info kernel: usbcore: registered new interface driver usb-storage
Jan  1 03:00:09 indigo-tracker user.info kernel: USB Mass Storage support registered.
Jan  1 03:00:09 indigo-tracker user.info kernel: rtc-at91sam9 at91_rtt.0: rtc core: registered at91_rtt as rtc0
Jan  1 03:00:09 indigo-tracker user.warn kernel: rtc-at91sam9 at91_rtt.0: rtc0: SET TIME!
Jan  1 03:00:09 indigo-tracker user.info kernel: i2c /dev entries driver
Jan  1 03:00:09 indigo-tracker user.info kernel: Linux video capture interface: v2.00
Jan  1 03:00:09 indigo-tracker user.info kernel: usbcore: registered new interface driver uvcvideo
Jan  1 03:00:09 indigo-tracker user.info kernel: USB Video Class driver (v1.0.0)
Jan  1 03:00:09 indigo-tracker user.info kernel: AT91SAM9 Watchdog enabled (heartbeat=15 sec, nowayout=1)
Jan  1 03:00:09 indigo-tracker user.info kernel: usbcore: registered new interface driver snd-usb-audio
Jan  1 03:00:09 indigo-tracker user.info kernel: ALSA device list:
Jan  1 03:00:09 indigo-tracker user.info kernel:   No soundcards found.
Jan  1 03:00:09 indigo-tracker user.info kernel: nf_conntrack version 0.5.0 (958 buckets, 3832 max)
Jan  1 03:00:09 indigo-tracker user.info kernel: ip_tables: (C) 2000-2006 Netfilter Core Team
Jan  1 03:00:09 indigo-tracker user.info kernel: TCP cubic registered
Jan  1 03:00:09 indigo-tracker user.info kernel: NET: Registered protocol family 17
Jan  1 03:00:09 indigo-tracker user.err kernel: rtc-at91sam9 at91_rtt.0: hctosys: unable to read the hardware clock
Jan  1 03:00:09 indigo-tracker user.info kernel: atmel_mci atmel_mci: Atmel MCI controller at 0xfffa8000 irq 9, 1 slots
Jan  1 03:00:09 indigo-tracker user.info kernel: yaffs: dev is 32505859 name is "mtdblock3" rw
Jan  1 03:00:09 indigo-tracker user.info kernel: yaffs: passed flags ""
Jan  1 03:00:09 indigo-tracker user.debug kernel: yaffs: yaffs: Attempting MTD mount of 31.3,"mtdblock3"
Jan  1 03:00:09 indigo-tracker user.debug kernel: yaffs: auto selecting yaffs2
Jan  1 03:00:09 indigo-tracker user.debug kernel: yaffs: block 68 is bad
Jan  1 03:00:09 indigo-tracker user.debug kernel: yaffs: block 855 is bad
Jan  1 03:00:09 indigo-tracker user.debug kernel: yaffs: yaffs_read_super: is_checkpointed 0
Jan  1 03:00:09 indigo-tracker user.warn kernel: VFS: Mounted root (yaffs filesystem) on device 31:3.
Jan  1 03:00:09 indigo-tracker user.info kernel: Freeing init memory: 112K
Jan  1 03:00:09 indigo-tracker user.alert kernel: piopins: with filter
Jan  1 03:00:09 indigo-tracker user.warn kernel: piopins: system time doesn't seem to be true, will not flush anything
Jan  1 03:00:09 indigo-tracker user.info kernel: SK-AT91SAM9XE512: SIM508 GPS power OFF.
Jan  1 03:00:11 indigo-tracker user.info kernel: SK-AT91SAM9XE512: SIM508 GPS power ON.
Jan  1 03:01:01 indigo-tracker cron.info crond[470]: crond: USER root pid 627 cmd /etc/cron/check_updates.sh
Jan  1 03:02:01 indigo-tracker cron.info crond[470]: crond: USER root pid 629 cmd /etc/cron/check_updates.sh
Jan  1 03:00:08 indigo-tracker syslog.info syslogd started: BusyBox v1.18.3
Jan  1 03:00:08 indigo-tracker user.notice kernel: Linux version 2.6.38+ (yury@debian-dev-vm) (gcc version 4.4.5 (indigo-ct-ng) ) #76 Fri Nov 11 18:57:40 MSK 2011
Jan  1 03:00:08 indigo-tracker user.warn kernel: CPU: ARM926EJ-S [41069265] revision 5 (ARMv5TEJ), cr=00053177
Jan  1 03:00:08 indigo-tracker user.warn kernel: CPU: VIVT data cache, VIVT instruction cache
Jan  1 03:00:08 indigo-tracker user.warn kernel: Machine: Indigo AT91SAM9260-SK
Jan  1 03:00:08 indigo-tracker user.warn kernel: Memory policy: ECC disabled, Data cache writeback
Jan  1 03:00:08 indigo-tracker user.warn kernel: Clocks: CPU 196 MHz, master 98 MHz, main 12.000 MHz
Jan  1 03:00:08 indigo-tracker user.debug kernel: On node 0 totalpages: 16384
Jan  1 03:00:08 indigo-tracker user.debug kernel: free_area_init_node: node 0, pgdat c0369484, node_mem_map c037b000
Jan  1 03:00:08 indigo-tracker user.debug kernel:   Normal zone: 128 pages used for memmap
Jan  1 03:00:08 indigo-tracker user.debug kernel:   Normal zone: 0 pages reserved
Jan  1 03:00:08 indigo-tracker user.debug kernel:   Normal zone: 16256 pages, LIFO batch:3
Jan  1 03:00:08 indigo-tracker user.debug kernel: pcpu-alloc: s0 r0 d32768 u32768 alloc=1*32768
Jan  1 03:00:08 indigo-tracker user.debug kernel: pcpu-alloc: [0] 0 
Jan  1 03:00:08 indigo-tracker user.warn kernel: Built 1 zonelists in Zone order, mobility grouping on.  Total pages: 16256
Jan  1 03:00:08 indigo-tracker user.notice kernel: Kernel command line: console=ttyS0,115200=mem=64M root=/dev/mtdblock3
Jan  1 03:00:08 indigo-tracker user.info kernel: PID hash table entries: 256 (order: -2, 1024 bytes)
Jan  1 03:00:08 indigo-tracker user.info kernel: Dentry cache hash table entries: 8192 (order: 3, 32768 bytes)
Jan  1 03:00:08 indigo-tracker user.info kernel: Inode-cache hash table entries: 4096 (order: 2, 16384 bytes)
Jan  1 03:00:08 indigo-tracker user.info kernel: Memory: 64MB = 64MB total
Jan  1 03:00:08 indigo-tracker user.notice kernel: Memory: 61364k/61364k available, 4172k reserved, 0K highmem
Jan  1 03:00:08 indigo-tracker user.notice kernel: Virtual kernel memory layout:
Jan  1 03:00:08 indigo-tracker user.notice kernel:     vector  : 0xffff0000 - 0xffff1000   (   4 kB)
Jan  1 03:00:08 indigo-tracker user.notice kernel:     fixmap  : 0xfff00000 - 0xfffe0000   ( 896 kB)
Jan  1 03:00:08 indigo-tracker user.notice kernel:     DMA     : 0xffc00000 - 0xffe00000   (   2 MB)
Jan  1 03:00:08 indigo-tracker user.notice kernel:     vmalloc : 0xc4800000 - 0xfee00000   ( 934 MB)
Jan  1 03:00:08 indigo-tracker user.notice kernel:     lowmem  : 0xc0000000 - 0xc4000000   (  64 MB)
Jan  1 03:00:08 indigo-tracker user.notice kernel:     modules : 0xbf000000 - 0xc0000000   (  16 MB)
Jan  1 03:00:08 indigo-tracker user.notice kernel:       .init : 0xc0008000 - 0xc0024000   ( 112 kB)
Jan  1 03:00:08 indigo-tracker user.notice kernel:       .text : 0xc0024000 - 0xc03419d4   (3191 kB)
Jan  1 03:00:08 indigo-tracker user.notice kernel:       .data : 0xc0342000 - 0xc0369c60   ( 160 kB)
Jan  1 03:00:08 indigo-tracker user.info kernel: NR_IRQS:192
Jan  1 03:00:08 indigo-tracker user.info kernel: AT91: 96 gpio irqs in 3 banks
Jan  1 03:00:08 indigo-tracker user.warn kernel: Console: colour dummy device 80x30
Jan  1 03:00:08 indigo-tracker user.info kernel: console [ttyS0] enabled
Jan  1 03:00:08 indigo-tracker cron.notice atd[517]: Removing stale lockfile for pid 517
Jan  1 03:00:08 indigo-tracker user.info kernel: Calibrating delay loop... 97.89 BogoMIPS (lpj=489472)
Jan  1 03:00:08 indigo-tracker user.info kernel: pid_max: default: 32768 minimum: 301
Jan  1 03:00:08 indigo-tracker user.warn kernel: Mount-cache hash table entries: 512
Jan  1 03:00:08 indigo-tracker user.info kernel: CPU: Testing write buffer coherency: ok
Jan  1 03:00:08 indigo-tracker user.info kernel: NET: Registered protocol family 16
Jan  1 03:00:08 indigo-tracker user.warn kernel: bio: create slab <bio-0> at 0
Jan  1 03:00:08 indigo-tracker user.notice kernel: SCSI subsystem initialized
Jan  1 03:00:08 indigo-tracker user.info kernel: usbcore: registered new interface driver usbfs
Jan  1 03:00:08 indigo-tracker user.info kernel: usbcore: registered new interface driver hub
Jan  1 03:00:08 indigo-tracker user.info kernel: usbcore: registered new device driver usb
Jan  1 03:00:08 indigo-tracker user.info kernel: Advanced Linux Sound Architecture Driver Version 1.0.23.
Jan  1 03:00:08 indigo-tracker user.info kernel: Switching to clocksource pit
Jan  1 03:00:08 indigo-tracker user.info kernel: NET: Registered protocol family 2
Jan  1 03:00:08 indigo-tracker user.info kernel: IP route cache hash table entries: 1024 (order: 0, 4096 bytes)
Jan  1 03:00:08 indigo-tracker user.info kernel: TCP established hash table entries: 2048 (order: 2, 16384 bytes)
Jan  1 03:00:08 indigo-tracker user.info kernel: TCP bind hash table entries: 2048 (order: 1, 8192 bytes)
Jan  1 03:00:08 indigo-tracker user.info kernel: TCP: Hash tables configured (established 2048 bind 2048)
Jan  1 03:00:08 indigo-tracker user.info kernel: TCP reno registered
Jan  1 03:00:08 indigo-tracker user.info kernel: UDP hash table entries: 256 (order: 0, 4096 bytes)
Jan  1 03:00:08 indigo-tracker user.info kernel: UDP-Lite hash table entries: 256 (order: 0, 4096 bytes)
Jan  1 03:00:08 indigo-tracker user.info kernel: NET: Registered protocol family 1
Jan  1 03:00:08 indigo-tracker user.debug kernel: yaffs: yaffs built Nov  8 2011 18:50:55 Installing.
Jan  1 03:00:08 indigo-tracker user.info kernel: msgmni has been set to 119
Jan  1 03:00:08 indigo-tracker user.info kernel: io scheduler noop registered (default)
Jan  1 03:00:08 indigo-tracker user.info kernel: io scheduler deadline registered
Jan  1 03:00:08 indigo-tracker user.info kernel: atmel_usart.0: ttyS0 at MMIO 0xfefff200 (irq = 1) is a ATMEL_SERIAL
Jan  1 03:00:08 indigo-tracker user.info kernel: atmel_usart.1: ttyS1 at MMIO 0xfffb0000 (irq = 6) is a ATMEL_SERIAL
Jan  1 03:00:08 indigo-tracker user.info kernel: atmel_usart.2: ttyS2 at MMIO 0xfffb8000 (irq = 8) is a ATMEL_SERIAL
Jan  1 03:00:08 indigo-tracker user.debug kernel: SK-AT91SAM9XE512: SIM508 power management driver, major 135, minor 0.
Jan  1 03:00:08 indigo-tracker user.info kernel: brd: module loaded
Jan  1 03:00:08 indigo-tracker user.info kernel: loop: module loaded
Jan  1 03:00:08 indigo-tracker user.info kernel: ssc ssc.0: Atmel SSC device at 0xc4818000 (irq 14)
Jan  1 03:00:08 indigo-tracker user.info kernel: NAND device: Manufacturer ID: 0xec, Chip ID: 0xda (Samsung NAND 256MiB 3,3V 8-bit)
Jan  1 03:00:08 indigo-tracker user.info kernel: Scanning device for bad blocks
Jan  1 03:00:08 indigo-tracker user.warn kernel: Bad eraseblock 131 at 0x000001060000
Jan  1 03:00:08 indigo-tracker user.warn kernel: Bad eraseblock 918 at 0x0000072c0000
Jan  1 03:00:08 indigo-tracker user.notice kernel: Creating 6 MTD partitions on "atmel_nand":
Jan  1 03:00:08 indigo-tracker user.notice kernel: 0x000000000000-0x000000020000 : "Bootstrap partition"
Jan  1 03:00:08 indigo-tracker user.notice kernel: 0x000000020000-0x000000060000 : "U-boot Partition"
Jan  1 03:00:08 indigo-tracker user.notice kernel: 0x0000000a0000-0x0000002a0000 : "Kernel Partition"
Jan  1 03:00:08 indigo-tracker user.notice kernel: 0x000000800000-0x000010000000 : "Storage Partition"
Jan  1 03:00:08 indigo-tracker user.notice kernel: 0x000000060000-0x000000080000 : "U-boot Environment"
Jan  1 03:00:08 indigo-tracker user.notice kernel: 0x000000080000-0x0000000a0000 : "U-boot Environment Backup"
Jan  1 03:00:08 indigo-tracker user.info kernel: atmel_spi atmel_spi.0: Atmel SPI Controller at 0xfffc8000 (irq 12)
Jan  1 03:00:08 indigo-tracker user.info kernel: atmel_spi atmel_spi.1: Atmel SPI Controller at 0xfffcc000 (irq 13)
Jan  1 03:00:08 indigo-tracker user.info kernel: PPP generic driver version 2.4.2
Jan  1 03:00:08 indigo-tracker user.info kernel: PPP Deflate Compression module registered
Jan  1 03:00:08 indigo-tracker user.info kernel: PPP BSD Compression module registered
Jan  1 03:00:08 indigo-tracker user.info kernel: PPP MPPE Compression module registered
Jan  1 03:00:08 indigo-tracker user.info kernel: NET: Registered protocol family 24
Jan  1 03:00:08 indigo-tracker user.info kernel: SLIP: version 0.8.4-NET3.019-NEWTTY (dynamic channels, max=256).
Jan  1 03:00:08 indigo-tracker user.info kernel: CSLIP: code copyright 1989 Regents of the University of California.
Jan  1 03:00:08 indigo-tracker user.info kernel: tun: Universal TUN/TAP device driver, 1.6
Jan  1 03:00:08 indigo-tracker user.info kernel: tun: (C) 1999-2004 Max Krasnyansky <maxk@qualcomm.com>
Jan  1 03:00:08 indigo-tracker user.info kernel: macb macb: invalid hw address, using random
Jan  1 03:00:08 indigo-tracker user.info kernel: MACB_mii_bus: probed
Jan  1 03:00:08 indigo-tracker user.info kernel: eth0: Atmel MACB at 0xfffc4000 irq 21 (1a:5d:32:dc:bd:10)
Jan  1 03:00:08 indigo-tracker user.info kernel: eth0: attached PHY driver [Micrel KS8001 or KS8721] (mii_bus:phy_addr=ffffffff:01, irq=-1)
Jan  1 03:00:08 indigo-tracker user.info kernel: ohci_hcd: USB 1.1 'Open' Host Controller (OHCI) Driver
Jan  1 03:00:08 indigo-tracker user.info kernel: at91_ohci at91_ohci: AT91 OHCI
Jan  1 03:00:08 indigo-tracker user.info kernel: at91_ohci at91_ohci: new USB bus registered, assigned bus number 1
Jan  1 03:00:08 indigo-tracker user.info kernel: at91_ohci at91_ohci: irq 20, io mem 0x00500000
Jan  1 03:00:08 indigo-tracker user.info kernel: usb usb1: New USB device found, idVendor=1d6b, idProduct=0001
Jan  1 03:00:08 indigo-tracker user.info kernel: usb usb1: New USB device strings: Mfr=3, Product=2, SerialNumber=1
Jan  1 03:00:08 indigo-tracker user.info kernel: usb usb1: Product: AT91 OHCI
Jan  1 03:00:08 indigo-tracker user.info kernel: usb usb1: Manufacturer: Linux 2.6.38+ ohci_hcd
Jan  1 03:00:08 indigo-tracker user.info kernel: usb usb1: SerialNumber: at91
Jan  1 03:00:08 indigo-tracker user.info kernel: hub 1-0:1.0: USB hub found
Jan  1 03:00:08 indigo-tracker user.info kernel: hub 1-0:1.0: 2 ports detected
Jan  1 03:00:08 indigo-tracker user.info kernel: Initializing USB Mass Storage driver...
Jan  1 03:00:08 indigo-tracker user.info kernel: usbcore: registered new interface driver usb-storage
Jan  1 03:00:08 indigo-tracker user.info kernel: USB Mass Storage support registered.
Jan  1 03:00:08 indigo-tracker user.info kernel: rtc-at91sam9 at91_rtt.0: rtc core: registered at91_rtt as rtc0
Jan  1 03:00:08 indigo-tracker user.warn kernel: rtc-at91sam9 at91_rtt.0: rtc0: SET TIME!
Jan  1 03:00:08 indigo-tracker user.info kernel: i2c /dev entries driver
Jan  1 03:00:08 indigo-tracker user.info kernel: Linux video capture interface: v2.00
Jan  1 03:00:08 indigo-tracker user.info kernel: usbcore: registered new interface driver uvcvideo
Jan  1 03:00:09 indigo-tracker user.info kernel: USB Video Class driver (v1.0.0)
Jan  1 03:00:09 indigo-tracker user.info kernel: AT91SAM9 Watchdog enabled (heartbeat=15 sec, nowayout=1)
Jan  1 03:00:09 indigo-tracker user.info kernel: usbcore: registered new interface driver snd-usb-audio
Jan  1 03:00:09 indigo-tracker user.info kernel: ALSA device list:
Jan  1 03:00:09 indigo-tracker user.info kernel:   No soundcards found.
Jan  1 03:00:09 indigo-tracker user.info kernel: nf_conntrack version 0.5.0 (958 buckets, 3832 max)
Jan  1 03:00:09 indigo-tracker user.info kernel: ip_tables: (C) 2000-2006 Netfilter Core Team
Jan  1 03:00:09 indigo-tracker user.info kernel: TCP cubic registered
Jan  1 03:00:09 indigo-tracker user.info kernel: NET: Registered protocol family 17
Jan  1 03:00:09 indigo-tracker user.err kernel: rtc-at91sam9 at91_rtt.0: hctosys: unable to read the hardware clock
Jan  1 03:00:09 indigo-tracker user.info kernel: atmel_mci atmel_mci: Atmel MCI controller at 0xfffa8000 irq 9, 1 slots
Jan  1 03:00:09 indigo-tracker user.info kernel: yaffs: dev is 32505859 name is "mtdblock3" rw
Jan  1 03:00:09 indigo-tracker user.info kernel: yaffs: passed flags ""
Jan  1 03:00:09 indigo-tracker user.debug kernel: yaffs: yaffs: Attempting MTD mount of 31.3,"mtdblock3"
Jan  1 03:00:09 indigo-tracker user.debug kernel: yaffs: auto selecting yaffs2
Jan  1 03:00:09 indigo-tracker user.debug kernel: yaffs: block 68 is bad
Jan  1 03:00:09 indigo-tracker user.debug kernel: yaffs: block 855 is bad
Jan  1 03:00:09 indigo-tracker user.debug kernel: yaffs: yaffs_read_super: is_checkpointed 0
Jan  1 03:00:09 indigo-tracker user.warn kernel: VFS: Mounted root (yaffs filesystem) on device 31:3.
Jan  1 03:00:09 indigo-tracker user.info kernel: Freeing init memory: 112K
Jan  1 03:00:09 indigo-tracker user.alert kernel: piopins: with filter
Jan  1 03:00:09 indigo-tracker user.warn kernel: piopins: system time doesn't seem to be true, will not flush anything
Jan  1 03:00:09 indigo-tracker user.info kernel: SK-AT91SAM9XE512: SIM508 GPS power OFF.
Jan  1 03:00:11 indigo-tracker user.info kernel: SK-AT91SAM9XE512: SIM508 GPS power ON.
Jan  1 03:00:08 indigo-tracker syslog.info syslogd started: BusyBox v1.18.3
Jan  1 03:00:08 indigo-tracker user.notice kernel: klogd started: BusyBox v1.18.3 (2011-03-29 18:29:13 MSD)
Jan  1 03:00:08 indigo-tracker user.notice kernel: Linux version 2.6.38+ (yury@debian-dev-vm) (gcc version 4.4.5 (indigo-ct-ng) ) #76 Fri Nov 11 18:57:40 MSK 2011
Jan  1 03:00:08 indigo-tracker user.warn kernel: CPU: ARM926EJ-S [41069265] revision 5 (ARMv5TEJ), cr=00053177
Jan  1 03:00:08 indigo-tracker user.warn kernel: CPU: VIVT data cache, VIVT instruction cache
Jan  1 03:00:08 indigo-tracker user.warn kernel: Machine: Indigo AT91SAM9260-SK
Jan  1 03:00:08 indigo-tracker user.warn kernel: Memory policy: ECC disabled, Data cache writeback
Jan  1 03:00:08 indigo-tracker user.warn kernel: Clocks: CPU 196 MHz, master 98 MHz, main 12.000 MHz
Jan  1 03:00:08 indigo-tracker user.debug kernel: On node 0 totalpages: 16384
Jan  1 03:00:08 indigo-tracker user.debug kernel: free_area_init_node: node 0, pgdat c0369484, node_mem_map c037b000
Jan  1 03:00:08 indigo-tracker user.debug kernel:   Normal zone: 128 pages used for memmap
Jan  1 03:00:08 indigo-tracker user.debug kernel:   Normal zone: 0 pages reserved
Jan  1 03:00:08 indigo-tracker user.debug kernel:   Normal zone: 16256 pages, LIFO batch:3
Jan  1 03:00:08 indigo-tracker user.debug kernel: pcpu-alloc: s0 r0 d32768 u32768 alloc=1*32768
Jan  1 03:00:08 indigo-tracker user.debug kernel: pcpu-alloc: [0] 0 
Jan  1 03:00:08 indigo-tracker user.warn kernel: Built 1 zonelists in Zone order, mobility grouping on.  Total pages: 16256
Jan  1 03:00:08 indigo-tracker user.notice kernel: Kernel command line: console=ttyS0,115200=mem=64M root=/dev/mtdblock3
Jan  1 03:00:08 indigo-tracker user.info kernel: PID hash table entries: 256 (order: -2, 1024 bytes)
Jan  1 03:00:08 indigo-tracker user.info kernel: Dentry cache hash table entries: 8192 (order: 3, 32768 bytes)
Jan  1 03:00:08 indigo-tracker user.info kernel: Inode-cache hash table entries: 4096 (order: 2, 16384 bytes)
Jan  1 03:00:08 indigo-tracker user.info kernel: Memory: 64MB = 64MB total
Jan  1 03:00:08 indigo-tracker user.notice kernel: Memory: 61364k/61364k available, 4172k reserved, 0K highmem
Jan  1 03:00:08 indigo-tracker user.notice kernel: Virtual kernel memory layout:
Jan  1 03:00:08 indigo-tracker user.notice kernel:     vector  : 0xffff0000 - 0xffff1000   (   4 kB)
Jan  1 03:00:08 indigo-tracker user.notice kernel:     fixmap  : 0xfff00000 - 0xfffe0000   ( 896 kB)
Jan  1 03:00:08 indigo-tracker user.notice kernel:     DMA     : 0xffc00000 - 0xffe00000   (   2 MB)
Jan  1 03:00:08 indigo-tracker user.notice kernel:     vmalloc : 0xc4800000 - 0xfee00000   ( 934 MB)
Jan  1 03:00:08 indigo-tracker user.notice kernel:     lowmem  : 0xc0000000 - 0xc4000000   (  64 MB)
Jan  1 03:00:08 indigo-tracker user.notice kernel:     modules : 0xbf000000 - 0xc0000000   (  16 MB)
Jan  1 03:00:08 indigo-tracker user.notice kernel:       .init : 0xc0008000 - 0xc0024000   ( 112 kB)
Jan  1 03:00:08 indigo-tracker user.notice kernel:       .text : 0xc0024000 - 0xc03419d4   (3191 kB)
Jan  1 03:00:08 indigo-tracker user.notice kernel:       .data : 0xc0342000 - 0xc0369c60   ( 160 kB)
Jan  1 03:00:08 indigo-tracker user.info kernel: NR_IRQS:192
Jan  1 03:00:08 indigo-tracker user.info kernel: AT91: 96 gpio irqs in 3 banks
Jan  1 03:00:08 indigo-tracker user.warn kernel: Console: colour dummy device 80x30
Jan  1 03:00:08 indigo-tracker user.info kernel: console [ttyS0] enabled
Jan  1 03:00:08 indigo-tracker user.info kernel: Calibrating delay loop... 97.89 BogoMIPS (lpj=489472)
Jan  1 03:00:08 indigo-tracker user.info kernel: pid_max: default: 32768 minimum: 301
Jan  1 03:00:08 indigo-tracker user.warn kernel: Mount-cache hash table entries: 512
Jan  1 03:00:08 indigo-tracker user.info kernel: CPU: Testing write buffer coherency: ok
Jan  1 03:00:08 indigo-tracker user.info kernel: NET: Registered protocol family 16
Jan  1 03:00:08 indigo-tracker user.warn kernel: bio: create slab <bio-0> at 0
Jan  1 03:00:08 indigo-tracker user.notice kernel: SCSI subsystem initialized
Jan  1 03:00:08 indigo-tracker user.info kernel: usbcore: registered new interface driver usbfs
Jan  1 03:00:08 indigo-tracker user.info kernel: usbcore: registered new interface driver hub
Jan  1 03:00:08 indigo-tracker user.info kernel: usbcore: registered new device driver usb
Jan  1 03:00:08 indigo-tracker user.info kernel: Advanced Linux Sound Architecture Driver Version 1.0.23.
Jan  1 03:00:08 indigo-tracker user.info kernel: Switching to clocksource pit
Jan  1 03:00:08 indigo-tracker user.info kernel: NET: Registered protocol family 2
Jan  1 03:00:08 indigo-tracker user.info kernel: IP route cache hash table entries: 1024 (order: 0, 4096 bytes)
Jan  1 03:00:08 indigo-tracker user.info kernel: TCP established hash table entries: 2048 (order: 2, 16384 bytes)
Jan  1 03:00:08 indigo-tracker user.info kernel: TCP bind hash table entries: 2048 (order: 1, 8192 bytes)
Jan  1 03:00:08 indigo-tracker user.info kernel: TCP: Hash tables configured (established 2048 bind 2048)
Jan  1 03:00:08 indigo-tracker user.info kernel: TCP reno registered
Jan  1 03:00:08 indigo-tracker user.info kernel: UDP hash table entries: 256 (order: 0, 4096 bytes)
Jan  1 03:00:08 indigo-tracker user.info kernel: UDP-Lite hash table entries: 256 (order: 0, 4096 bytes)
Jan  1 03:00:08 indigo-tracker user.info kernel: NET: Registered protocol family 1
Jan  1 03:00:08 indigo-tracker user.debug kernel: yaffs: yaffs built Nov  8 2011 18:50:55 Installing.
Jan  1 03:00:08 indigo-tracker user.info kernel: msgmni has been set to 119
Jan  1 03:00:08 indigo-tracker user.info kernel: io scheduler noop registered (default)
Jan  1 03:00:08 indigo-tracker user.info kernel: io scheduler deadline registered
Jan  1 03:00:08 indigo-tracker user.info kernel: atmel_usart.0: ttyS0 at MMIO 0xfefff200 (irq = 1) is a ATMEL_SERIAL
Jan  1 03:00:08 indigo-tracker user.info kernel: atmel_usart.1: ttyS1 at MMIO 0xfffb0000 (irq = 6) is a ATMEL_SERIAL
Jan  1 03:00:08 indigo-tracker user.info kernel: atmel_usart.2: ttyS2 at MMIO 0xfffb8000 (irq = 8) is a ATMEL_SERIAL
Jan  1 03:00:08 indigo-tracker user.debug kernel: SK-AT91SAM9XE512: SIM508 power management driver, major 135, minor 0.
Jan  1 03:00:08 indigo-tracker user.info kernel: brd: module loaded
Jan  1 03:00:08 indigo-tracker user.info kernel: loop: module loaded
Jan  1 03:00:08 indigo-tracker user.info kernel: ssc ssc.0: Atmel SSC device at 0xc4818000 (irq 14)
Jan  1 03:00:08 indigo-tracker user.info kernel: NAND device: Manufacturer ID: 0xec, Chip ID: 0xda (Samsung NAND 256MiB 3,3V 8-bit)
Jan  1 03:00:08 indigo-tracker user.info kernel: Scanning device for bad blocks
Jan  1 03:00:08 indigo-tracker user.warn kernel: Bad eraseblock 131 at 0x000001060000
Jan  1 03:00:08 indigo-tracker user.warn kernel: Bad eraseblock 918 at 0x0000072c0000
Jan  1 03:00:08 indigo-tracker user.notice kernel: Creating 6 MTD partitions on "atmel_nand":
Jan  1 03:00:08 indigo-tracker user.notice kernel: 0x000000000000-0x000000020000 : "Bootstrap partition"
Jan  1 03:00:08 indigo-tracker user.notice kernel: 0x000000020000-0x000000060000 : "U-boot Partition"
Jan  1 03:00:08 indigo-tracker user.notice kernel: 0x0000000a0000-0x0000002a0000 : "Kernel Partition"
Jan  1 03:00:08 indigo-tracker user.notice kernel: 0x000000800000-0x000010000000 : "Storage Partition"
Jan  1 03:00:08 indigo-tracker user.notice kernel: 0x000000060000-0x000000080000 : "U-boot Environment"
Jan  1 03:00:08 indigo-tracker user.notice kernel: 0x000000080000-0x0000000a0000 : "U-boot Environment Backup"
Jan  1 03:00:08 indigo-tracker user.info kernel: atmel_spi atmel_spi.0: Atmel SPI Controller at 0xfffc8000 (irq 12)
Jan  1 03:00:08 indigo-tracker user.info kernel: atmel_spi atmel_spi.1: Atmel SPI Controller at 0xfffcc000 (irq 13)
Jan  1 03:00:08 indigo-tracker user.info kernel: PPP generic driver version 2.4.2
Jan  1 03:00:08 indigo-tracker cron.notice atd[522]: Removing stale lockfile for pid 522
Jan  1 03:00:08 indigo-tracker user.info kernel: PPP Deflate Compression module registered
Jan  1 03:00:09 indigo-tracker user.info kernel: PPP BSD Compression module registered
Jan  1 03:00:09 indigo-tracker user.info kernel: PPP MPPE Compression module registered
Jan  1 03:00:09 indigo-tracker user.info kernel: NET: Registered protocol family 24
Jan  1 03:00:09 indigo-tracker user.info kernel: SLIP: version 0.8.4-NET3.019-NEWTTY (dynamic channels, max=256).
Jan  1 03:00:09 indigo-tracker user.info kernel: CSLIP: code copyright 1989 Regents of the University of California.
Jan  1 03:00:09 indigo-tracker user.info kernel: tun: Universal TUN/TAP device driver, 1.6
Jan  1 03:00:09 indigo-tracker user.info kernel: tun: (C) 1999-2004 Max Krasnyansky <maxk@qualcomm.com>
Jan  1 03:00:09 indigo-tracker user.info kernel: macb macb: invalid hw address, using random
Jan  1 03:00:09 indigo-tracker user.info kernel: MACB_mii_bus: probed
Jan  1 03:00:09 indigo-tracker user.info kernel: eth0: Atmel MACB at 0xfffc4000 irq 21 (5a:24:d8:ea:24:a6)
Jan  1 03:00:09 indigo-tracker user.info kernel: eth0: attached PHY driver [Micrel KS8001 or KS8721] (mii_bus:phy_addr=ffffffff:01, irq=-1)
Jan  1 03:00:09 indigo-tracker user.info kernel: ohci_hcd: USB 1.1 'Open' Host Controller (OHCI) Driver
Jan  1 03:00:09 indigo-tracker user.info kernel: at91_ohci at91_ohci: AT91 OHCI
Jan  1 03:00:09 indigo-tracker user.info kernel: at91_ohci at91_ohci: new USB bus registered, assigned bus number 1
Jan  1 03:00:09 indigo-tracker user.info kernel: at91_ohci at91_ohci: irq 20, io mem 0x00500000
Jan  1 03:00:09 indigo-tracker user.info kernel: usb usb1: New USB device found, idVendor=1d6b, idProduct=0001
Jan  1 03:00:09 indigo-tracker user.info kernel: usb usb1: New USB device strings: Mfr=3, Product=2, SerialNumber=1
Jan  1 03:00:09 indigo-tracker user.info kernel: usb usb1: Product: AT91 OHCI
Jan  1 03:00:09 indigo-tracker user.info kernel: usb usb1: Manufacturer: Linux 2.6.38+ ohci_hcd
Jan  1 03:00:09 indigo-tracker user.info kernel: usb usb1: SerialNumber: at91
Jan  1 03:00:09 indigo-tracker user.info kernel: hub 1-0:1.0: USB hub found
Jan  1 03:00:09 indigo-tracker user.info kernel: hub 1-0:1.0: 2 ports detected
Jan  1 03:00:09 indigo-tracker user.info kernel: Initializing USB Mass Storage driver...
Jan  1 03:00:09 indigo-tracker user.info kernel: usbcore: registered new interface driver usb-storage
Jan  1 03:00:09 indigo-tracker user.info kernel: USB Mass Storage support registered.
Jan  1 03:00:09 indigo-tracker user.info kernel: rtc-at91sam9 at91_rtt.0: rtc core: registered at91_rtt as rtc0
Jan  1 03:00:09 indigo-tracker user.warn kernel: rtc-at91sam9 at91_rtt.0: rtc0: SET TIME!
Jan  1 03:00:09 indigo-tracker user.info kernel: i2c /dev entries driver
Jan  1 03:00:09 indigo-tracker user.info kernel: Linux video capture interface: v2.00
Jan  1 03:00:09 indigo-tracker user.info kernel: usbcore: registered new interface driver uvcvideo
Jan  1 03:00:09 indigo-tracker user.info kernel: USB Video Class driver (v1.0.0)
Jan  1 03:00:09 indigo-tracker user.info kernel: AT91SAM9 Watchdog enabled (heartbeat=15 sec, nowayout=1)
Jan  1 03:00:09 indigo-tracker user.info kernel: usbcore: registered new interface driver snd-usb-audio
Jan  1 03:00:09 indigo-tracker user.info kernel: ALSA device list:
Jan  1 03:00:09 indigo-tracker user.info kernel:   No soundcards found.
Jan  1 03:00:09 indigo-tracker user.info kernel: nf_conntrack version 0.5.0 (958 buckets, 3832 max)
Jan  1 03:00:09 indigo-tracker user.info kernel: ip_tables: (C) 2000-2006 Netfilter Core Team
Jan  1 03:00:09 indigo-tracker user.info kernel: TCP cubic registered
Jan  1 03:00:09 indigo-tracker user.info kernel: NET: Registered protocol family 17
Jan  1 03:00:09 indigo-tracker user.err kernel: rtc-at91sam9 at91_rtt.0: hctosys: unable to read the hardware clock
Jan  1 03:00:09 indigo-tracker user.info kernel: atmel_mci atmel_mci: Atmel MCI controller at 0xfffa8000 irq 9, 1 slots
Jan  1 03:00:09 indigo-tracker user.info kernel: yaffs: dev is 32505859 name is "mtdblock3" rw
Jan  1 03:00:09 indigo-tracker user.info kernel: yaffs: passed flags ""
Jan  1 03:00:09 indigo-tracker user.debug kernel: yaffs: yaffs: Attempting MTD mount of 31.3,"mtdblock3"
Jan  1 03:00:09 indigo-tracker user.debug kernel: yaffs: auto selecting yaffs2
Jan  1 03:00:09 indigo-tracker user.debug kernel: yaffs: block 68 is bad
Jan  1 03:00:09 indigo-tracker user.debug kernel: yaffs: block 855 is bad
Jan  1 03:00:09 indigo-tracker user.debug kernel: yaffs: yaffs_read_super: is_checkpointed 0
Jan  1 03:00:09 indigo-tracker user.warn kernel: VFS: Mounted root (yaffs filesystem) on device 31:3.
Jan  1 03:00:09 indigo-tracker user.info kernel: Freeing init memory: 112K
Jan  1 03:00:09 indigo-tracker user.alert kernel: piopins: with filter
Jan  1 03:00:09 indigo-tracker user.warn kernel: piopins: system time doesn't seem to be true, will not flush anything
Jan  1 03:00:09 indigo-tracker user.info kernel: SK-AT91SAM9XE512: SIM508 GPS power OFF.
Jan  1 03:00:11 indigo-tracker user.info kernel: SK-AT91SAM9XE512: SIM508 GPS power ON.
Jan  1 03:00:08 indigo-tracker syslog.info syslogd started: BusyBox v1.18.3
Jan  1 03:00:08 indigo-tracker user.notice kernel: Linux version 2.6.38+ (yury@debian-dev-vm) (gcc version 4.4.5 (indigo-ct-ng) ) #76 Fri Nov 11 18:57:40 MSK 2011
Jan  1 03:00:08 indigo-tracker user.warn kernel: CPU: ARM926EJ-S [41069265] revision 5 (ARMv5TEJ), cr=00053177
Jan  1 03:00:08 indigo-tracker user.warn kernel: CPU: VIVT data cache, VIVT instruction cache
Jan  1 03:00:08 indigo-tracker user.warn kernel: Machine: Indigo AT91SAM9260-SK
Jan  1 03:00:08 indigo-tracker user.warn kernel: Memory policy: ECC disabled, Data cache writeback
Jan  1 03:00:08 indigo-tracker user.warn kernel: Clocks: CPU 196 MHz, master 98 MHz, main 12.000 MHz
Jan  1 03:00:08 indigo-tracker user.debug kernel: On node 0 totalpages: 16384
Jan  1 03:00:08 indigo-tracker user.debug kernel: free_area_init_node: node 0, pgdat c0369484, node_mem_map c037b000
Jan  1 03:00:08 indigo-tracker user.debug kernel:   Normal zone: 128 pages used for memmap
Jan  1 03:00:08 indigo-tracker user.debug kernel:   Normal zone: 0 pages reserved
Jan  1 03:00:08 indigo-tracker user.debug kernel:   Normal zone: 16256 pages, LIFO batch:3
Jan  1 03:00:08 indigo-tracker user.debug kernel: pcpu-alloc: s0 r0 d32768 u32768 alloc=1*32768
Jan  1 03:00:08 indigo-tracker user.debug kernel: pcpu-alloc: [0] 0 
Jan  1 03:00:08 indigo-tracker user.warn kernel: Built 1 zonelists in Zone order, mobility grouping on.  Total pages: 16256
Jan  1 03:00:08 indigo-tracker user.notice kernel: Kernel command line: console=ttyS0,115200=mem=64M root=/dev/mtdblock3
Jan  1 03:00:08 indigo-tracker user.info kernel: PID hash table entries: 256 (order: -2, 1024 bytes)
Jan  1 03:00:08 indigo-tracker user.info kernel: Dentry cache hash table entries: 8192 (order: 3, 32768 bytes)
Jan  1 03:00:08 indigo-tracker user.info kernel: Inode-cache hash table entries: 4096 (order: 2, 16384 bytes)
Jan  1 03:00:08 indigo-tracker user.info kernel: Memory: 64MB = 64MB total
Jan  1 03:00:08 indigo-tracker user.notice kernel: Memory: 61364k/61364k available, 4172k reserved, 0K highmem
Jan  1 03:00:08 indigo-tracker user.notice kernel: Virtual kernel memory layout:
Jan  1 03:00:08 indigo-tracker user.notice kernel:     vector  : 0xffff0000 - 0xffff1000   (   4 kB)
Jan  1 03:00:08 indigo-tracker user.notice kernel:     fixmap  : 0xfff00000 - 0xfffe0000   ( 896 kB)
Jan  1 03:00:08 indigo-tracker user.notice kernel:     DMA     : 0xffc00000 - 0xffe00000   (   2 MB)
Jan  1 03:00:08 indigo-tracker user.notice kernel:     vmalloc : 0xc4800000 - 0xfee00000   ( 934 MB)
Jan  1 03:00:08 indigo-tracker user.notice kernel:     lowmem  : 0xc0000000 - 0xc4000000   (  64 MB)
Jan  1 03:00:08 indigo-tracker user.notice kernel:     modules : 0xbf000000 - 0xc0000000   (  16 MB)
Jan  1 03:00:08 indigo-tracker user.notice kernel:       .init : 0xc0008000 - 0xc0024000   ( 112 kB)
Jan  1 03:00:08 indigo-tracker user.notice kernel:       .text : 0xc0024000 - 0xc03419d4   (3191 kB)
Jan  1 03:00:08 indigo-tracker user.notice kernel:       .data : 0xc0342000 - 0xc0369c60   ( 160 kB)
Jan  1 03:00:08 indigo-tracker user.info kernel: NR_IRQS:192
Jan  1 03:00:08 indigo-tracker user.info kernel: AT91: 96 gpio irqs in 3 banks
Jan  1 03:00:08 indigo-tracker user.warn kernel: Console: colour dummy device 80x30
Jan  1 03:00:08 indigo-tracker user.info kernel: console [ttyS0] enabled
Jan  1 03:00:08 indigo-tracker user.info kernel: Calibrating delay loop... 97.89 BogoMIPS (lpj=489472)
Jan  1 03:00:08 indigo-tracker user.info kernel: pid_max: default: 32768 minimum: 301
Jan  1 03:00:08 indigo-tracker user.warn kernel: Mount-cache hash table entries: 512
Jan  1 03:00:08 indigo-tracker user.info kernel: CPU: Testing write buffer coherency: ok
Jan  1 03:00:08 indigo-tracker user.info kernel: NET: Registered protocol family 16
Jan  1 03:00:08 indigo-tracker user.warn kernel: bio: create slab <bio-0> at 0
Jan  1 03:00:08 indigo-tracker user.notice kernel: SCSI subsystem initialized
Jan  1 03:00:08 indigo-tracker user.info kernel: usbcore: registered new interface driver usbfs
Jan  1 03:00:08 indigo-tracker user.info kernel: usbcore: registered new interface driver hub
Jan  1 03:00:08 indigo-tracker user.info kernel: usbcore: registered new device driver usb
Jan  1 03:00:08 indigo-tracker user.info kernel: Advanced Linux Sound Architecture Driver Version 1.0.23.
Jan  1 03:00:08 indigo-tracker user.info kernel: Switching to clocksource pit
Jan  1 03:00:08 indigo-tracker user.info kernel: NET: Registered protocol family 2
Jan  1 03:00:08 indigo-tracker user.info kernel: IP route cache hash table entries: 1024 (order: 0, 4096 bytes)
Jan  1 03:00:08 indigo-tracker user.info kernel: TCP established hash table entries: 2048 (order: 2, 16384 bytes)
Jan  1 03:00:08 indigo-tracker user.info kernel: TCP bind hash table entries: 2048 (order: 1, 8192 bytes)
Jan  1 03:00:08 indigo-tracker user.info kernel: TCP: Hash tables configured (established 2048 bind 2048)
Jan  1 03:00:08 indigo-tracker user.info kernel: TCP reno registered
Jan  1 03:00:08 indigo-tracker user.info kernel: UDP hash table entries: 256 (order: 0, 4096 bytes)
Jan  1 03:00:08 indigo-tracker user.info kernel: UDP-Lite hash table entries: 256 (order: 0, 4096 bytes)
Jan  1 03:00:08 indigo-tracker user.info kernel: NET: Registered protocol family 1
Jan  1 03:00:08 indigo-tracker user.debug kernel: yaffs: yaffs built Nov  8 2011 18:50:55 Installing.
Jan  1 03:00:08 indigo-tracker user.info kernel: msgmni has been set to 119
Jan  1 03:00:08 indigo-tracker user.info kernel: io scheduler noop registered (default)
Jan  1 03:00:08 indigo-tracker user.info kernel: io scheduler deadline registered
Jan  1 03:00:08 indigo-tracker user.info kernel: atmel_usart.0: ttyS0 at MMIO 0xfefff200 (irq = 1) is a ATMEL_SERIAL
Jan  1 03:00:08 indigo-tracker user.info kernel: atmel_usart.1: ttyS1 at MMIO 0xfffb0000 (irq = 6) is a ATMEL_SERIAL
Jan  1 03:00:08 indigo-tracker user.info kernel: atmel_usart.2: ttyS2 at MMIO 0xfffb8000 (irq = 8) is a ATMEL_SERIAL
Jan  1 03:00:08 indigo-tracker user.debug kernel: SK-AT91SAM9XE512: SIM508 power management driver, major 135, minor 0.
Jan  1 03:00:08 indigo-tracker user.info kernel: brd: module loaded
Jan  1 03:00:08 indigo-tracker user.info kernel: loop: module loaded
Jan  1 03:00:08 indigo-tracker cron.notice atd[522]: Removing stale lockfile for pid 522
Jan  1 03:00:08 indigo-tracker user.info kernel: ssc ssc.0: Atmel SSC device at 0xc4818000 (irq 14)
Jan  1 03:00:08 indigo-tracker user.info kernel: NAND device: Manufacturer ID: 0xec, Chip ID: 0xda (Samsung NAND 256MiB 3,3V 8-bit)
Jan  1 03:00:08 indigo-tracker user.info kernel: Scanning device for bad blocks
Jan  1 03:00:08 indigo-tracker user.warn kernel: Bad eraseblock 131 at 0x000001060000
Jan  1 03:00:08 indigo-tracker user.warn kernel: Bad eraseblock 918 at 0x0000072c0000
Jan  1 03:00:08 indigo-tracker user.notice kernel: Creating 6 MTD partitions on "atmel_nand":
Jan  1 03:00:08 indigo-tracker user.notice kernel: 0x000000000000-0x000000020000 : "Bootstrap partition"
Jan  1 03:00:08 indigo-tracker user.notice kernel: 0x000000020000-0x000000060000 : "U-boot Partition"
Jan  1 03:00:08 indigo-tracker user.notice kernel: 0x0000000a0000-0x0000002a0000 : "Kernel Partition"
Jan  1 03:00:08 indigo-tracker user.notice kernel: 0x000000800000-0x000010000000 : "Storage Partition"
Jan  1 03:00:08 indigo-tracker user.notice kernel: 0x000000060000-0x000000080000 : "U-boot Environment"
Jan  1 03:00:08 indigo-tracker user.notice kernel: 0x000000080000-0x0000000a0000 : "U-boot Environment Backup"
Jan  1 03:00:08 indigo-tracker user.info kernel: atmel_spi atmel_spi.0: Atmel SPI Controller at 0xfffc8000 (irq 12)
Jan  1 03:00:08 indigo-tracker user.info kernel: atmel_spi atmel_spi.1: Atmel SPI Controller at 0xfffcc000 (irq 13)
Jan  1 03:00:08 indigo-tracker user.info kernel: PPP generic driver version 2.4.2
Jan  1 03:00:09 indigo-tracker user.info kernel: PPP Deflate Compression module registered
Jan  1 03:00:09 indigo-tracker user.info kernel: PPP BSD Compression module registered
Jan  1 03:00:09 indigo-tracker user.info kernel: PPP MPPE Compression module registered
Jan  1 03:00:09 indigo-tracker user.info kernel: NET: Registered protocol family 24
Jan  1 03:00:09 indigo-tracker user.info kernel: SLIP: version 0.8.4-NET3.019-NEWTTY (dynamic channels, max=256).
Jan  1 03:00:09 indigo-tracker user.info kernel: CSLIP: code copyright 1989 Regents of the University of California.
Jan  1 03:00:09 indigo-tracker user.info kernel: tun: Universal TUN/TAP device driver, 1.6
Jan  1 03:00:09 indigo-tracker user.info kernel: tun: (C) 1999-2004 Max Krasnyansky <maxk@qualcomm.com>
Jan  1 03:00:09 indigo-tracker user.info kernel: macb macb: invalid hw address, using random
Jan  1 03:00:09 indigo-tracker user.info kernel: MACB_mii_bus: probed
Jan  1 03:00:09 indigo-tracker user.info kernel: eth0: Atmel MACB at 0xfffc4000 irq 21 (1a:5d:32:dc:bd:10)
Jan  1 03:00:09 indigo-tracker user.info kernel: eth0: attached PHY driver [Micrel KS8001 or KS8721] (mii_bus:phy_addr=ffffffff:01, irq=-1)
Jan  1 03:00:09 indigo-tracker user.info kernel: ohci_hcd: USB 1.1 'Open' Host Controller (OHCI) Driver
Jan  1 03:00:09 indigo-tracker user.info kernel: at91_ohci at91_ohci: AT91 OHCI
Jan  1 03:00:09 indigo-tracker user.info kernel: at91_ohci at91_ohci: new USB bus registered, assigned bus number 1
Jan  1 03:00:09 indigo-tracker user.info kernel: at91_ohci at91_ohci: irq 20, io mem 0x00500000
Jan  1 03:00:09 indigo-tracker user.info kernel: usb usb1: New USB device found, idVendor=1d6b, idProduct=0001
Jan  1 03:00:09 indigo-tracker user.info kernel: usb usb1: New USB device strings: Mfr=3, Product=2, SerialNumber=1
Jan  1 03:00:09 indigo-tracker user.info kernel: usb usb1: Product: AT91 OHCI
Jan  1 03:00:09 indigo-tracker user.info kernel: usb usb1: Manufacturer: Linux 2.6.38+ ohci_hcd
Jan  1 03:00:09 indigo-tracker user.info kernel: usb usb1: SerialNumber: at91
Jan  1 03:00:09 indigo-tracker user.info kernel: hub 1-0:1.0: USB hub found
Jan  1 03:00:09 indigo-tracker user.info kernel: hub 1-0:1.0: 2 ports detected
Jan  1 03:00:09 indigo-tracker user.info kernel: Initializing USB Mass Storage driver...
Jan  1 03:00:09 indigo-tracker user.info kernel: usbcore: registered new interface driver usb-storage
Jan  1 03:00:09 indigo-tracker user.info kernel: USB Mass Storage support registered.
Jan  1 03:00:09 indigo-tracker user.info kernel: rtc-at91sam9 at91_rtt.0: rtc core: registered at91_rtt as rtc0
Jan  1 03:00:09 indigo-tracker user.warn kernel: rtc-at91sam9 at91_rtt.0: rtc0: SET TIME!
Jan  1 03:00:09 indigo-tracker user.info kernel: i2c /dev entries driver
Jan  1 03:00:09 indigo-tracker user.info kernel: Linux video capture interface: v2.00
Jan  1 03:00:09 indigo-tracker user.info kernel: usbcore: registered new interface driver uvcvideo
Jan  1 03:00:09 indigo-tracker user.info kernel: USB Video Class driver (v1.0.0)
Jan  1 03:00:09 indigo-tracker user.info kernel: AT91SAM9 Watchdog enabled (heartbeat=15 sec, nowayout=1)
Jan  1 03:00:09 indigo-tracker user.info kernel: usbcore: registered new interface driver snd-usb-audio
Jan  1 03:00:09 indigo-tracker user.info kernel: ALSA device list:
Jan  1 03:00:09 indigo-tracker user.info kernel:   No soundcards found.
Jan  1 03:00:09 indigo-tracker user.info kernel: nf_conntrack version 0.5.0 (958 buckets, 3832 max)
Jan  1 03:00:09 indigo-tracker user.info kernel: ip_tables: (C) 2000-2006 Netfilter Core Team
Jan  1 03:00:09 indigo-tracker user.info kernel: TCP cubic registered
Jan  1 03:00:09 indigo-tracker user.info kernel: NET: Registered protocol family 17
Jan  1 03:00:09 indigo-tracker user.err kernel: rtc-at91sam9 at91_rtt.0: hctosys: unable to read the hardware clock
Jan  1 03:00:09 indigo-tracker user.info kernel: atmel_mci atmel_mci: Atmel MCI controller at 0xfffa8000 irq 9, 1 slots
Jan  1 03:00:09 indigo-tracker user.info kernel: yaffs: dev is 32505859 name is "mtdblock3" rw
Jan  1 03:00:09 indigo-tracker user.info kernel: yaffs: passed flags ""
Jan  1 03:00:09 indigo-tracker user.debug kernel: yaffs: yaffs: Attempting MTD mount of 31.3,"mtdblock3"
Jan  1 03:00:09 indigo-tracker user.debug kernel: yaffs: auto selecting yaffs2
Jan  1 03:00:09 indigo-tracker user.debug kernel: yaffs: block 68 is bad
Jan  1 03:00:09 indigo-tracker user.debug kernel: yaffs: block 855 is bad
Jan  1 03:00:09 indigo-tracker user.debug kernel: yaffs: yaffs_read_super: is_checkpointed 0
Jan  1 03:00:09 indigo-tracker user.warn kernel: VFS: Mounted root (yaffs filesystem) on device 31:3.
Jan  1 03:00:09 indigo-tracker user.info kernel: Freeing init memory: 112K
Jan  1 03:00:09 indigo-tracker user.alert kernel: piopins: with filter
Jan  1 03:00:09 indigo-tracker user.warn kernel: piopins: system time doesn't seem to be true, will not flush anything
Jan  1 03:00:09 indigo-tracker user.info kernel: SK-AT91SAM9XE512: SIM508 GPS power OFF.
Jan  1 03:00:11 indigo-tracker user.info kernel: SK-AT91SAM9XE512: SIM508 GPS power ON.
Jan  1 03:00:14 indigo-tracker auth.info login[516]: root login on 'ttyS0'
Jan  1 03:01:01 indigo-tracker cron.info crond[470]: crond: USER root pid 642 cmd /etc/cron/check_updates.sh
Jan  1 03:02:01 indigo-tracker cron.info crond[470]: crond: USER root pid 743 cmd /etc/cron/check_updates.sh
Jan  1 03:03:01 indigo-tracker cron.info crond[470]: crond: USER root pid 853 cmd /etc/cron/check_updates.sh
Jan  1 03:04:01 indigo-tracker cron.info crond[470]: crond: USER root pid 873 cmd /etc/cron/check_updates.sh
Jan  1 03:05:01 indigo-tracker cron.info crond[470]: crond: USER root pid 875 cmd /etc/cron/check_updates.sh
Jan  1 03:05:01 indigo-tracker cron.info crond[470]: crond: USER root pid 876 cmd /etc/cron/rotate_video.sh
Jan  1 03:05:02 indigo-tracker user.notice root: no flash drive to rotate video on
Jan  1 03:06:01 indigo-tracker cron.info crond[470]: crond: USER root pid 890 cmd /etc/cron/check_updates.sh
Jan  1 03:07:01 indigo-tracker cron.info crond[470]: crond: USER root pid 892 cmd /etc/cron/check_updates.sh
Jan  1 03:08:02 indigo-tracker cron.info crond[470]: crond: USER root pid 894 cmd /etc/cron/check_updates.sh
Jan  1 03:09:01 indigo-tracker cron.info crond[470]: crond: USER root pid 896 cmd /etc/cron/check_updates.sh
Jan  1 03:10:01 indigo-tracker cron.info crond[470]: crond: USER root pid 898 cmd /etc/cron/check_updates.sh
Jan  1 03:11:01 indigo-tracker cron.info crond[470]: crond: USER root pid 900 cmd /etc/cron/check_updates.sh
Jan  1 03:12:01 indigo-tracker cron.info crond[470]: crond: USER root pid 902 cmd /etc/cron/check_updates.sh
Jan  1 03:13:01 indigo-tracker cron.info crond[470]: crond: USER root pid 904 cmd /etc/cron/check_updates.sh
Jan  1 03:14:01 indigo-tracker cron.info crond[470]: crond: USER root pid 906 cmd /etc/cron/check_updates.sh
Jan  1 03:15:01 indigo-tracker cron.info crond[470]: crond: USER root pid 908 cmd /etc/cron/check_ntp
Jan  1 03:15:01 indigo-tracker cron.info crond[470]: crond: USER root pid 909 cmd /etc/cron/check_updates.sh
Jan  1 03:15:01 indigo-tracker user.notice root: Current time is not valid
Jan  1 03:16:01 indigo-tracker cron.info crond[470]: crond: USER root pid 915 cmd /etc/cron/check_updates.sh
Jan  1 03:17:01 indigo-tracker cron.info crond[470]: crond: USER root pid 917 cmd /etc/cron/check_updates.sh
Jan  1 03:18:01 indigo-tracker cron.info crond[470]: crond: USER root pid 919 cmd /etc/cron/check_updates.sh
Jan  1 03:19:01 indigo-tracker cron.info crond[470]: crond: USER root pid 921 cmd /etc/cron/check_updates.sh
Jan  1 03:20:01 indigo-tracker cron.info crond[470]: crond: USER root pid 923 cmd /etc/cron/check_updates.sh
Jan  1 03:21:01 indigo-tracker cron.info crond[470]: crond: USER root pid 925 cmd /etc/cron/check_updates.sh
Jan  1 03:22:01 indigo-tracker cron.info crond[470]: crond: USER root pid 927 cmd /etc/cron/check_updates.sh
Jan  1 03:23:01 indigo-tracker cron.info crond[470]: crond: USER root pid 929 cmd /etc/cron/check_updates.sh
Jan  1 03:24:01 indigo-tracker cron.info crond[470]: crond: USER root pid 931 cmd /etc/cron/check_updates.sh
Jan  1 03:25:01 indigo-tracker cron.info crond[470]: crond: USER root pid 933 cmd /etc/cron/check_updates.sh
Jan  1 03:26:01 indigo-tracker cron.info crond[470]: crond: USER root pid 935 cmd /etc/cron/check_updates.sh
Jan  1 03:27:01 indigo-tracker cron.info crond[470]: crond: USER root pid 937 cmd /etc/cron/check_updates.sh
Jan  1 03:28:01 indigo-tracker cron.info crond[470]: crond: USER root pid 939 cmd /etc/cron/check_updates.sh
Jan  1 03:29:01 indigo-tracker cron.info crond[470]: crond: USER root pid 941 cmd /etc/cron/check_updates.sh
Jan  1 03:30:01 indigo-tracker cron.info crond[470]: crond: USER root pid 943 cmd /etc/cron/check_pppd
Jan  1 03:30:01 indigo-tracker cron.info crond[470]: crond: USER root pid 944 cmd /etc/cron/check_updates.sh
Jan  1 03:30:02 indigo-tracker user.notice root: PPPd restarted from check_pppd
Jan  1 03:31:01 indigo-tracker cron.info crond[470]: crond: USER root pid 957 cmd /etc/cron/check_updates.sh
Jan  1 03:00:08 indigo-tracker syslog.info syslogd started: BusyBox v1.18.3
Jan  1 03:00:08 indigo-tracker user.notice kernel: klogd started: BusyBox v1.18.3 (2011-03-29 18:29:13 MSD)
Jan  1 03:00:08 indigo-tracker user.notice kernel: Linux version 2.6.38+ (yury@debian-dev-vm) (gcc version 4.4.5 (indigo-ct-ng) ) #76 Fri Nov 11 18:57:40 MSK 2011
Jan  1 03:00:08 indigo-tracker user.warn kernel: CPU: ARM926EJ-S [41069265] revision 5 (ARMv5TEJ), cr=00053177
Jan  1 03:00:08 indigo-tracker user.warn kernel: CPU: VIVT data cache, VIVT instruction cache
Jan  1 03:00:08 indigo-tracker user.warn kernel: Machine: Indigo AT91SAM9260-SK
Jan  1 03:00:08 indigo-tracker user.warn kernel: Memory policy: ECC disabled, Data cache writeback
Jan  1 03:00:08 indigo-tracker user.warn kernel: Clocks: CPU 196 MHz, master 98 MHz, main 12.000 MHz
Jan  1 03:00:08 indigo-tracker user.debug kernel: On node 0 totalpages: 16384
Jan  1 03:00:08 indigo-tracker user.debug kernel: free_area_init_node: node 0, pgdat c0369484, node_mem_map c037b000
Jan  1 03:00:08 indigo-tracker user.debug kernel:   Normal zone: 128 pages used for memmap
Jan  1 03:00:08 indigo-tracker user.debug kernel:   Normal zone: 0 pages reserved
Jan  1 03:00:08 indigo-tracker user.debug kernel:   Normal zone: 16256 pages, LIFO batch:3
Jan  1 03:00:08 indigo-tracker user.debug kernel: pcpu-alloc: s0 r0 d32768 u32768 alloc=1*32768
Jan  1 03:00:08 indigo-tracker user.debug kernel: pcpu-alloc: [0] 0 
Jan  1 03:00:08 indigo-tracker user.warn kernel: Built 1 zonelists in Zone order, mobility grouping on.  Total pages: 16256
Jan  1 03:00:08 indigo-tracker user.notice kernel: Kernel command line: console=ttyS0,115200=mem=64M root=/dev/mtdblock3
Jan  1 03:00:08 indigo-tracker user.info kernel: PID hash table entries: 256 (order: -2, 1024 bytes)
Jan  1 03:00:08 indigo-tracker user.info kernel: Dentry cache hash table entries: 8192 (order: 3, 32768 bytes)
Jan  1 03:00:08 indigo-tracker user.info kernel: Inode-cache hash table entries: 4096 (order: 2, 16384 bytes)
Jan  1 03:00:08 indigo-tracker user.info kernel: Memory: 64MB = 64MB total
Jan  1 03:00:08 indigo-tracker user.notice kernel: Memory: 61364k/61364k available, 4172k reserved, 0K highmem
Jan  1 03:00:08 indigo-tracker user.notice kernel: Virtual kernel memory layout:
Jan  1 03:00:08 indigo-tracker user.notice kernel:     vector  : 0xffff0000 - 0xffff1000   (   4 kB)
Jan  1 03:00:08 indigo-tracker user.notice kernel:     fixmap  : 0xfff00000 - 0xfffe0000   ( 896 kB)
Jan  1 03:00:08 indigo-tracker user.notice kernel:     DMA     : 0xffc00000 - 0xffe00000   (   2 MB)
Jan  1 03:00:08 indigo-tracker user.notice kernel:     vmalloc : 0xc4800000 - 0xfee00000   ( 934 MB)
Jan  1 03:00:08 indigo-tracker user.notice kernel:     lowmem  : 0xc0000000 - 0xc4000000   (  64 MB)
Jan  1 03:00:08 indigo-tracker user.notice kernel:     modules : 0xbf000000 - 0xc0000000   (  16 MB)
Jan  1 03:00:08 indigo-tracker user.notice kernel:       .init : 0xc0008000 - 0xc0024000   ( 112 kB)
Jan  1 03:00:08 indigo-tracker user.notice kernel:       .text : 0xc0024000 - 0xc03419d4   (3191 kB)
Jan  1 03:00:08 indigo-tracker user.notice kernel:       .data : 0xc0342000 - 0xc0369c60   ( 160 kB)
Jan  1 03:00:08 indigo-tracker user.info kernel: NR_IRQS:192
Jan  1 03:00:08 indigo-tracker user.info kernel: AT91: 96 gpio irqs in 3 banks
Jan  1 03:00:08 indigo-tracker user.warn kernel: Console: colour dummy device 80x30
Jan  1 03:00:08 indigo-tracker user.info kernel: console [ttyS0] enabled
Jan  1 03:00:08 indigo-tracker user.info kernel: Calibrating delay loop... 97.89 BogoMIPS (lpj=489472)
Jan  1 03:00:08 indigo-tracker user.info kernel: pid_max: default: 32768 minimum: 301
Jan  1 03:00:08 indigo-tracker user.warn kernel: Mount-cache hash table entries: 512
Jan  1 03:00:08 indigo-tracker user.info kernel: CPU: Testing write buffer coherency: ok
Jan  1 03:00:08 indigo-tracker user.info kernel: NET: Registered protocol family 16
Jan  1 03:00:08 indigo-tracker user.warn kernel: bio: create slab <bio-0> at 0
Jan  1 03:00:08 indigo-tracker user.notice kernel: SCSI subsystem initialized
Jan  1 03:00:08 indigo-tracker user.info kernel: usbcore: registered new interface driver usbfs
Jan  1 03:00:08 indigo-tracker user.info kernel: usbcore: registered new interface driver hub
Jan  1 03:00:08 indigo-tracker user.info kernel: usbcore: registered new device driver usb
Jan  1 03:00:08 indigo-tracker user.info kernel: Advanced Linux Sound Architecture Driver Version 1.0.23.
Jan  1 03:00:08 indigo-tracker user.info kernel: Switching to clocksource pit
Jan  1 03:00:08 indigo-tracker user.info kernel: NET: Registered protocol family 2
Jan  1 03:00:08 indigo-tracker user.info kernel: IP route cache hash table entries: 1024 (order: 0, 4096 bytes)
Jan  1 03:00:08 indigo-tracker user.info kernel: TCP established hash table entries: 2048 (order: 2, 16384 bytes)
Jan  1 03:00:08 indigo-tracker user.info kernel: TCP bind hash table entries: 2048 (order: 1, 8192 bytes)
Jan  1 03:00:08 indigo-tracker user.info kernel: TCP: Hash tables configured (established 2048 bind 2048)
Jan  1 03:00:08 indigo-tracker user.info kernel: TCP reno registered
Jan  1 03:00:08 indigo-tracker user.info kernel: UDP hash table entries: 256 (order: 0, 4096 bytes)
Jan  1 03:00:08 indigo-tracker user.info kernel: UDP-Lite hash table entries: 256 (order: 0, 4096 bytes)
Jan  1 03:00:08 indigo-tracker user.info kernel: NET: Registered protocol family 1
Jan  1 03:00:08 indigo-tracker user.debug kernel: yaffs: yaffs built Nov  8 2011 18:50:55 Installing.
Jan  1 03:00:08 indigo-tracker user.info kernel: msgmni has been set to 119
Jan  1 03:00:08 indigo-tracker user.info kernel: io scheduler noop registered (default)
Jan  1 03:00:08 indigo-tracker user.info kernel: io scheduler deadline registered
Jan  1 03:00:08 indigo-tracker user.info kernel: atmel_usart.0: ttyS0 at MMIO 0xfefff200 (irq = 1) is a ATMEL_SERIAL
Jan  1 03:00:08 indigo-tracker user.info kernel: atmel_usart.1: ttyS1 at MMIO 0xfffb0000 (irq = 6) is a ATMEL_SERIAL
Jan  1 03:00:08 indigo-tracker user.info kernel: atmel_usart.2: ttyS2 at MMIO 0xfffb8000 (irq = 8) is a ATMEL_SERIAL
Jan  1 03:00:08 indigo-tracker user.debug kernel: SK-AT91SAM9XE512: SIM508 power management driver, major 135, minor 0.
Jan  1 03:00:08 indigo-tracker user.info kernel: brd: module loaded
Jan  1 03:00:08 indigo-tracker user.info kernel: loop: module loaded
Jan  1 03:00:08 indigo-tracker user.info kernel: ssc ssc.0: Atmel SSC device at 0xc4818000 (irq 14)
Jan  1 03:00:08 indigo-tracker user.info kernel: NAND device: Manufacturer ID: 0xec, Chip ID: 0xda (Samsung NAND 256MiB 3,3V 8-bit)
Jan  1 03:00:08 indigo-tracker user.info kernel: Scanning device for bad blocks
Jan  1 03:00:08 indigo-tracker user.warn kernel: Bad eraseblock 131 at 0x000001060000
Jan  1 03:00:08 indigo-tracker user.warn kernel: Bad eraseblock 918 at 0x0000072c0000
Jan  1 03:00:08 indigo-tracker user.notice kernel: Creating 6 MTD partitions on "atmel_nand":
Jan  1 03:00:08 indigo-tracker user.notice kernel: 0x000000000000-0x000000020000 : "Bootstrap partition"
Jan  1 03:00:08 indigo-tracker user.notice kernel: 0x000000020000-0x000000060000 : "U-boot Partition"
Jan  1 03:00:08 indigo-tracker user.notice kernel: 0x0000000a0000-0x0000002a0000 : "Kernel Partition"
Jan  1 03:00:08 indigo-tracker user.notice kernel: 0x000000800000-0x000010000000 : "Storage Partition"
Jan  1 03:00:08 indigo-tracker user.notice kernel: 0x000000060000-0x000000080000 : "U-boot Environment"
Jan  1 03:00:08 indigo-tracker user.notice kernel: 0x000000080000-0x0000000a0000 : "U-boot Environment Backup"
Jan  1 03:00:08 indigo-tracker user.info kernel: atmel_spi atmel_spi.0: Atmel SPI Controller at 0xfffc8000 (irq 12)
Jan  1 03:00:08 indigo-tracker user.info kernel: atmel_spi atmel_spi.1: Atmel SPI Controller at 0xfffcc000 (irq 13)
Jan  1 03:00:08 indigo-tracker user.info kernel: PPP generic driver version 2.4.2
Jan  1 03:00:08 indigo-tracker user.info kernel: PPP Deflate Compression module registered
Jan  1 03:00:08 indigo-tracker user.info kernel: PPP BSD Compression module registered
Jan  1 03:00:08 indigo-tracker user.info kernel: PPP MPPE Compression module registered
Jan  1 03:00:08 indigo-tracker user.info kernel: NET: Registered protocol family 24
Jan  1 03:00:08 indigo-tracker user.info kernel: SLIP: version 0.8.4-NET3.019-NEWTTY (dynamic channels, max=256).
Jan  1 03:00:08 indigo-tracker user.info kernel: CSLIP: code copyright 1989 Regents of the University of California.
Jan  1 03:00:08 indigo-tracker user.info kernel: tun: Universal TUN/TAP device driver, 1.6
Jan  1 03:00:08 indigo-tracker user.info kernel: tun: (C) 1999-2004 Max Krasnyansky <maxk@qualcomm.com>
Jan  1 03:00:08 indigo-tracker user.info kernel: macb macb: invalid hw address, using random
Jan  1 03:00:08 indigo-tracker user.info kernel: MACB_mii_bus: probed
Jan  1 03:00:08 indigo-tracker cron.notice atd[519]: Removing stale lockfile for pid 519
Jan  1 03:00:08 indigo-tracker user.info kernel: eth0: Atmel MACB at 0xfffc4000 irq 21 (1a:5d:32:dc:bd:10)
Jan  1 03:00:08 indigo-tracker user.info kernel: eth0: attached PHY driver [Micrel KS8001 or KS8721] (mii_bus:phy_addr=ffffffff:01, irq=-1)
Jan  1 03:00:08 indigo-tracker user.info kernel: ohci_hcd: USB 1.1 'Open' Host Controller (OHCI) Driver
Jan  1 03:00:08 indigo-tracker user.info kernel: at91_ohci at91_ohci: AT91 OHCI
Jan  1 03:00:08 indigo-tracker user.info kernel: at91_ohci at91_ohci: new USB bus registered, assigned bus number 1
Jan  1 03:00:08 indigo-tracker user.info kernel: at91_ohci at91_ohci: irq 20, io mem 0x00500000
Jan  1 03:00:08 indigo-tracker user.info kernel: usb usb1: New USB device found, idVendor=1d6b, idProduct=0001
Jan  1 03:00:08 indigo-tracker user.info kernel: usb usb1: New USB device strings: Mfr=3, Product=2, SerialNumber=1
Jan  1 03:00:08 indigo-tracker user.info kernel: usb usb1: Product: AT91 OHCI
Jan  1 03:00:08 indigo-tracker user.info kernel: usb usb1: Manufacturer: Linux 2.6.38+ ohci_hcd
Jan  1 03:00:08 indigo-tracker user.info kernel: usb usb1: SerialNumber: at91
Jan  1 03:00:08 indigo-tracker user.info kernel: hub 1-0:1.0: USB hub found
Jan  1 03:00:08 indigo-tracker user.info kernel: hub 1-0:1.0: 2 ports detected
Jan  1 03:00:08 indigo-tracker user.info kernel: Initializing USB Mass Storage driver...
Jan  1 03:00:08 indigo-tracker user.info kernel: usbcore: registered new interface driver usb-storage
Jan  1 03:00:08 indigo-tracker user.info kernel: USB Mass Storage support registered.
Jan  1 03:00:08 indigo-tracker user.info kernel: rtc-at91sam9 at91_rtt.0: rtc core: registered at91_rtt as rtc0
Jan  1 03:00:08 indigo-tracker user.warn kernel: rtc-at91sam9 at91_rtt.0: rtc0: SET TIME!
Jan  1 03:00:08 indigo-tracker user.info kernel: i2c /dev entries driver
Jan  1 03:00:08 indigo-tracker user.info kernel: Linux video capture interface: v2.00
Jan  1 03:00:08 indigo-tracker user.info kernel: usbcore: registered new interface driver uvcvideo
Jan  1 03:00:08 indigo-tracker user.info kernel: USB Video Class driver (v1.0.0)
Jan  1 03:00:08 indigo-tracker user.info kernel: AT91SAM9 Watchdog enabled (heartbeat=15 sec, nowayout=1)
Jan  1 03:00:08 indigo-tracker user.info kernel: usbcore: registered new interface driver snd-usb-audio
Jan  1 03:00:08 indigo-tracker user.info kernel: ALSA device list:
Jan  1 03:00:08 indigo-tracker user.info kernel:   No soundcards found.
Jan  1 03:00:09 indigo-tracker user.info kernel: nf_conntrack version 0.5.0 (958 buckets, 3832 max)
Jan  1 03:00:09 indigo-tracker user.info kernel: ip_tables: (C) 2000-2006 Netfilter Core Team
Jan  1 03:00:09 indigo-tracker user.info kernel: TCP cubic registered
Jan  1 03:00:09 indigo-tracker user.info kernel: NET: Registered protocol family 17
Jan  1 03:00:09 indigo-tracker user.err kernel: rtc-at91sam9 at91_rtt.0: hctosys: unable to read the hardware clock
Jan  1 03:00:09 indigo-tracker user.info kernel: atmel_mci atmel_mci: Atmel MCI controller at 0xfffa8000 irq 9, 1 slots
Jan  1 03:00:09 indigo-tracker user.info kernel: yaffs: dev is 32505859 name is "mtdblock3" rw
Jan  1 03:00:09 indigo-tracker user.info kernel: yaffs: passed flags ""
Jan  1 03:00:09 indigo-tracker user.debug kernel: yaffs: yaffs: Attempting MTD mount of 31.3,"mtdblock3"
Jan  1 03:00:09 indigo-tracker user.debug kernel: yaffs: auto selecting yaffs2
Jan  1 03:00:09 indigo-tracker user.debug kernel: yaffs: block 68 is bad
Jan  1 03:00:09 indigo-tracker user.debug kernel: yaffs: block 855 is bad
Jan  1 03:00:09 indigo-tracker user.debug kernel: yaffs: yaffs_read_super: is_checkpointed 0
Jan  1 03:00:09 indigo-tracker user.warn kernel: VFS: Mounted root (yaffs filesystem) on device 31:3.
Jan  1 03:00:09 indigo-tracker user.info kernel: Freeing init memory: 112K
Jan  1 03:00:09 indigo-tracker user.alert kernel: piopins: with filter
Jan  1 03:00:09 indigo-tracker user.warn kernel: piopins: system time doesn't seem to be true, will not flush anything
Jan  1 03:00:09 indigo-tracker user.info kernel: SK-AT91SAM9XE512: SIM508 GPS power OFF.
Jan  1 03:00:11 indigo-tracker user.info kernel: SK-AT91SAM9XE512: SIM508 GPS power ON.
Jan  1 03:00:35 indigo-tracker auth.info login[512]: root login on 'ttyS0'
Jan  1 03:01:01 indigo-tracker cron.info crond[470]: crond: USER root pid 639 cmd /etc/cron/check_updates.sh
Jan  1 03:02:01 indigo-tracker cron.info crond[470]: crond: USER root pid 687 cmd /etc/cron/check_updates.sh
Jan  1 03:03:01 indigo-tracker cron.info crond[470]: crond: USER root pid 689 cmd /etc/cron/check_updates.sh
Jan  1 03:04:01 indigo-tracker cron.info crond[470]: crond: USER root pid 691 cmd /etc/cron/check_updates.sh
Jan  1 03:05:01 indigo-tracker cron.info crond[470]: crond: USER root pid 693 cmd /etc/cron/check_updates.sh
Jan  1 03:05:01 indigo-tracker cron.info crond[470]: crond: USER root pid 694 cmd /etc/cron/rotate_video.sh
Jan  1 03:05:02 indigo-tracker user.notice root: no flash drive to rotate video on
Jan  1 03:06:01 indigo-tracker cron.info crond[470]: crond: USER root pid 708 cmd /etc/cron/check_updates.sh
Jan  1 03:07:01 indigo-tracker cron.info crond[470]: crond: USER root pid 710 cmd /etc/cron/check_updates.sh
Jan  1 03:08:01 indigo-tracker cron.info crond[470]: crond: USER root pid 712 cmd /etc/cron/check_updates.sh
Jan  1 03:09:01 indigo-tracker cron.info crond[470]: crond: USER root pid 714 cmd /etc/cron/check_updates.sh
Jan  1 03:10:01 indigo-tracker cron.info crond[470]: crond: USER root pid 716 cmd /etc/cron/check_updates.sh
Jan  1 03:11:01 indigo-tracker cron.info crond[470]: crond: USER root pid 718 cmd /etc/cron/check_updates.sh
Jan  1 03:12:01 indigo-tracker cron.info crond[470]: crond: USER root pid 721 cmd /etc/cron/check_updates.sh
Jan  1 03:13:01 indigo-tracker cron.info crond[470]: crond: USER root pid 725 cmd /etc/cron/check_updates.sh
Jan  1 03:13:24 indigo-tracker user.info kernel: eth0: link up (100/Full)
Jan  1 03:13:48 indigo-tracker user.info kernel: warning: `vsftpd' uses 32-bit capabilities (legacy support in use)
Jan  1 03:14:01 indigo-tracker cron.info crond[470]: crond: USER root pid 731 cmd /etc/cron/check_updates.sh
Jan  1 03:14:02 indigo-tracker user.notice root: update package 8591b52-4d795e3 failed
Jan  1 03:15:01 indigo-tracker cron.info crond[470]: crond: USER root pid 747 cmd /etc/cron/check_ntp
Jan  1 03:15:01 indigo-tracker cron.info crond[470]: crond: USER root pid 748 cmd /etc/cron/check_updates.sh
Jan  1 03:15:01 indigo-tracker user.notice root: Current time is not valid
Jan  1 03:16:01 indigo-tracker cron.info crond[470]: crond: USER root pid 756 cmd /etc/cron/check_updates.sh
Jan  1 03:17:01 indigo-tracker cron.info crond[470]: crond: USER root pid 760 cmd /etc/cron/check_updates.sh
Jan  1 03:00:08 indigo-tracker syslog.info syslogd started: BusyBox v1.18.3
Jan  1 03:00:08 indigo-tracker user.notice kernel: Linux version 2.6.38+ (yury@debian-dev-vm) (gcc version 4.4.5 (indigo-ct-ng) ) #76 Fri Nov 11 18:57:40 MSK 2011
Jan  1 03:00:08 indigo-tracker user.warn kernel: CPU: ARM926EJ-S [41069265] revision 5 (ARMv5TEJ), cr=00053177
