
Indigo Device_2_2 52
indigo-tracker login: 
Indigo Device_2_2 52
indigo-tracker login: root
Password: 
# dmegsg
yaffs: checking block 1460 bad
yaffs: checking block 1461 bad
yaffs: checking block 1462 bad
yaffs: checking block 1463 bad
yaffs: checking block 1464 bad
yaffs: checking block 1465 bad
yaffs: checking block 1466 bad
yaffs: checking block 1467 bad
yaffs: checking block 1468 bad
yaffs: checking block 1469 bad
yaffs: checking block 1470 bad
yaffs: checking block 1471 bad
yaffs: checking block 1472 bad
yaffs: checking block 1473 bad
yaffs: checking block 1474 bad
yaffs: checking block 1475 bad
yaffs: checking block 1476 bad
yaffs: checking block 1477 bad
yaffs: checking block 1478 bad
yaffs: checking block 1479 bad
yaffs: checking block 1480 bad
yaffs: checking block 1481 bad
yaffs: checking block 1482 bad
yaffs: checking block 1483 bad
yaffs: checking block 1484 bad
yaffs: checking block 1485 bad
yaffs: checking block 1486 bad
yaffs: checking block 1487 bad
yaffs: checking block 1488 bad
yaffs: checking block 1489 bad
yaffs: checking block 1490 bad
yaffs: checking block 1491 bad
yaffs: checking block 1492 bad
yaffs: checking block 1493 bad
yaffs: checking block 1494 bad
yaffs: checking block 1495 bad
yaffs: checking block 1496 bad
yaffs: checking block 1497 bad
yaffs: checking block 1498 bad
yaffs: checking block 1499 bad
yaffs: checking block 1500 bad
yaffs: checking block 1501 bad
yaffs: checking block 1502 bad
yaffs: checking block 1503 bad
yaffs: checking block 1504 bad
yaffs: checking block 1505 bad
yaffs: checking block 1506 bad
yaffs: checking block 1507 bad
yaffs: checking block 1508 bad
yaffs: checking block 1509 bad
yaffs: checking block 1510 bad
yaffs: checking block 1511 bad
yaffs: checking block 1512 bad
yaffs: checking block 1513 bad
yaffs: checking block 1514 bad
yaffs: checking block 1515 bad
yaffs: checking block 1516 bad
yaffs: checking block 1517 bad
yaffs: checking block 1518 bad
yaffs: checking block 1519 bad
yaffs: checking block 1520 bad
yaffs: checking block 1521 bad
yaffs: checking block 1522 bad
yaffs: checking block 1523 bad
yaffs: checking block 1524 bad
yaffs: checking block 1525 bad
yaffs: checking block 1526 bad
yaffs: checking block 1527 bad
yaffs: checking block 1528 bad
yaffs: checking block 1529 bad
yaffs: checking block 1530 bad
yaffs: checking block 1531 bad
yaffs: checking block 1532 bad
yaffs: checking block 1533 bad
yaffs: checking block 1534 bad
yaffs: checking block 1535 bad
yaffs: checking block 1536 bad
yaffs: checking block 1537 bad
yaffs: checking block 1538 bad
yaffs: checking block 1539 bad
yaffs: checking block 1540 bad
yaffs: checking block 1541 bad
yaffs: checking block 1542 bad
yaffs: checking block 1543 bad
yaffs: checking block 1544 bad
yaffs: checking block 1545 bad
yaffs: checking block 1546 bad
yaffs: checking block 1547 bad
yaffs: checking block 1548 bad
yaffs: checking block 1549 bad
yaffs: checking block 1550 bad
yaffs: checking block 1551 bad
yaffs: checking block 1552 bad
yaffs: checking block 1553 bad
yaffs: checking block 1554 bad
yaffs: checking block 1555 bad
yaffs: checking block 1556 bad
yaffs: checking block 1557 bad
yaffs: checking block 1558 bad
yaffs: checking block 1559 bad
yaffs: checking block 1560 bad
yaffs: checking block 1561 bad
yaffs: checking block 1562 bad
yaffs: checking block 1563 bad
yaffs: checking block 1564 bad
yaffs: checking block 1565 bad
yaffs: checking block 1566 bad
yaffs: checking block 1567 bad
yaffs: checking block 1568 bad
yaffs: checking block 1569 bad
yaffs: checking block 1570 bad
yaffs: checking block 1571 bad
yaffs: checking block 1572 bad
yaffs: checking block 1573 bad
yaffs: checking block 1574 bad
yaffs: checking block 1575 bad
yaffs: checking block 1576 bad
yaffs: checking block 1577 bad
yaffs: checking block 1578 bad
yaffs: checking block 1579 bad
yaffs: checking block 1580 bad
yaffs: checking block 1581 bad
yaffs: checking block 1582 bad
yaffs: checking block 1583 bad
yaffs: checking block 1584 bad
yaffs: checking block 1585 bad
yaffs: checking block 1586 bad
yaffs: checking block 1587 bad
yaffs: checking block 1588 bad
yaffs: checking block 1589 bad
yaffs: checking block 1590 bad
yaffs: checking block 1591 bad
yaffs: checking block 1592 bad
yaffs: checking block 1593 bad
yaffs: checking block 1594 bad
yaffs: checking block 1595 bad
yaffs: checking block 1596 bad
yaffs: checking block 1597 bad
yaffs: checking block 1598 bad
yaffs: checking block 1599 bad
yaffs: checking block 1600 bad
yaffs: checking block 1601 bad
yaffs: checking block 1602 bad
yaffs: checking block 1603 bad
yaffs: checking block 1604 bad
yaffs: checking block 1605 bad
yaffs: checking block 1606 bad
yaffs: checking block 1607 bad
yaffs: checking block 1608 bad
yaffs: checking block 1609 bad
yaffs: checking block 1610 bad
yaffs: checking block 1611 bad
yaffs: checking block 1612 bad
yaffs: checking block 1613 bad
yaffs: checking block 1614 bad
yaffs: checking block 1615 bad
yaffs: checking block 1616 bad
yaffs: checking block 1617 bad
yaffs: checking block 1618 bad
yaffs: checking block 1619 bad
yaffs: checking block 1620 bad
yaffs: checking block 1621 bad
yaffs: checking block 1622 bad
yaffs: checking block 1623 bad
yaffs: checking block 1624 bad
yaffs: checking block 1625 bad
yaffs: checking block 1626 bad
yaffs: checking block 1627 bad
yaffs: checking block 1628 bad
yaffs: checking block 1629 bad
yaffs: checking block 1630 bad
yaffs: checking block 1631 bad
yaffs: checking block 1632 bad
yaffs: checking block 1633 bad
yaffs: checking block 1634 bad
yaffs: checking block 1635 bad
yaffs: checking block 1636 bad
yaffs: checking block 1637 bad
yaffs: checking block 1638 bad
yaffs: checking block 1639 bad
yaffs: checking block 1640 bad
yaffs: checking block 1641 bad
yaffs: checking block 1642 bad
yaffs: checking block 1643 bad
yaffs: checking block 1644 bad
yaffs: checking block 1645 bad
yaffs: checking block 1646 bad
yaffs: checking block 1647 bad
yaffs: checking block 1648 bad
yaffs: checking block 1649 bad
yaffs: checking block 1650 bad
yaffs: checking block 1651 bad
yaffs: checking block 1652 bad
yaffs: checking block 1653 bad
yaffs: checking block 1654 bad
yaffs: checking block 1655 bad
yaffs: checking block 1656 bad
yaffs: checking block 1657 bad
yaffs: checking block 1658 bad
yaffs: checking block 1659 bad
yaffs: checking block 1660 bad
yaffs: checking block 1661 bad
yaffs: checking block 1662 bad
yaffs: checking block 1663 bad
yaffs: checking block 1664 bad
yaffs: checking block 1665 bad
yaffs: checking block 1666 bad
yaffs: checking block 1667 bad
yaffs: checking block 1668 bad
yaffs: checking block 1669 bad
yaffs: checking block 1670 bad
yaffs: checking block 1671 bad
yaffs: checking block 1672 bad
yaffs: checking block 1673 bad
yaffs: checking block 1674 bad
yaffs: checking block 1675 bad
yaffs: checking block 1676 bad
yaffs: checking block 1677 bad
yaffs: checking block 1678 bad
yaffs: checking block 1679 bad
yaffs: checking block 1680 bad
yaffs: checking block 1681 bad
yaffs: checking block 1682 bad
yaffs: checking block 1683 bad
yaffs: checking block 1684 bad
yaffs: checking block 1685 bad
yaffs: checking block 1686 bad
yaffs: checking block 1687 bad
yaffs: checking block 1688 bad
yaffs: checking block 1689 bad
yaffs: checking block 1690 bad
yaffs: checking block 1691 bad
yaffs: checking block 1692 bad
yaffs: checking block 1693 bad
yaffs: checking block 1694 bad
yaffs: checking block 1695 bad
yaffs: checking block 1696 bad
yaffs: checking block 1697 bad
yaffs: checking block 1698 bad
yaffs: checking block 1699 bad
yaffs: checking block 1700 bad
yaffs: checking block 1701 bad
yaffs: checking block 1702 bad
yaffs: checking block 1703 bad
yaffs: checking block 1704 bad
yaffs: checking block 1705 bad
yaffs: checking block 1706 bad
yaffs: checking block 1707 bad
yaffs: checking block 1708 bad
yaffs: checking block 1709 bad
yaffs: checking block 1710 bad
yaffs: checking block 1711 bad
yaffs: checking block 1712 bad
yaffs: checking block 1713 bad
yaffs: checking block 1714 bad
yaffs: checking block 1715 bad
yaffs: checking block 1716 bad
yaffs: checking block 1717 bad
yaffs: checking block 1718 bad
yaffs: checking block 1719 bad
yaffs: checking block 1720 bad
yaffs: checking block 1721 bad
yaffs: checking block 1722 bad
yaffs: checking block 1723 bad
yaffs: checking block 1724 bad
yaffs: checking block 1725 bad
yaffs: checking block 1726 bad
yaffs: checking block 1727 bad
yaffs: checking block 1728 bad
yaffs: checking block 1729 bad
yaffs: checking block 1730 bad
yaffs: checking block 1731 bad
yaffs: checking block 1732 bad
yaffs: checking block 1733 bad
yaffs: checking block 1734 bad
yaffs: checking block 1735 bad
yaffs: checking block 1736 bad
yaffs: checking block 1737 bad
yaffs: checking block 1738 bad
yaffs: checking block 1739 bad
yaffs: checking block 1740 bad
yaffs: checking block 1741 bad
yaffs: checking block 1742 bad
yaffs: checking block 1743 bad
yaffs: checking block 1744 bad
yaffs: checking block 1745 bad
yaffs: checking block 1746 bad
yaffs: checking block 1747 bad
yaffs: checking block 1748 bad
yaffs: checking block 1749 bad
yaffs: checking block 1750 bad
yaffs: checking block 1751 bad
yaffs: checking block 1752 bad
yaffs: checking block 1753 bad
yaffs: checking block 1754 bad
yaffs: checking block 1755 bad
yaffs: checking block 1756 bad
yaffs: checking block 1757 bad
yaffs: checking block 1758 bad
yaffs: checking block 1759 bad
yaffs: checking block 1760 bad
yaffs: checking block 1761 bad
yaffs: checking block 1762 bad
yaffs: checking block 1763 bad
yaffs: checking block 1764 bad
yaffs: checking block 1765 bad
yaffs: checking block 1766 bad
yaffs: checking block 1767 bad
yaffs: checking block 1768 bad
yaffs: checking block 1769 bad
yaffs: checking block 1770 bad
yaffs: checking block 1771 bad
yaffs: checking block 1772 bad
yaffs: checking block 1773 bad
yaffs: checking block 1774 bad
yaffs: checking block 1775 bad
yaffs: checking block 1776 bad
yaffs: checking block 1777 bad
yaffs: checking block 1778 bad
yaffs: checking block 1779 bad
yaffs: checking block 1780 bad
yaffs: checking block 1781 bad
yaffs: checking block 1782 bad
yaffs: checking block 1783 bad
yaffs: checking block 1784 bad
yaffs: checking block 1785 bad
yaffs: checking block 1786 bad
yaffs: checking block 1787 bad
yaffs: checking block 1788 bad
yaffs: checking block 1789 bad
yaffs: checking block 1790 bad
yaffs: checking block 1791 bad
yaffs: yaffs_read_super: is_checkpointed 0
VFS: Mounted root (yaffs filesystem) on device 31:1.
Freeing init memory: 144K
Adding 30716k swap on /dev/mtdblock2.  Priority:-1 extents:1 across:30716k SS
gps: creating command 4
# ls /dev/audio
/dev/audio
# usb 1-2: new high-speed USB device number 2 using atmel-ehci
scsi0 : usb-storage 1-2:1.0

# 
# 
# mounscsi 0:0:0:0: Direct-Access     UFD 2.0  Silicon-Power4G  1100 PQ: 0 ANSI: 0 CCS
sd 0:0:0:0: [sda] 7866368 512-byte logical blocks: (4.02 GB/3.75 GiB)
sd 0:0:0:0: [sda] Write Protect is off
tsd 0:0:0:0: [sda] No Caching mode page present
sd 0:0:0:0: [sda] Assuming drive cache: write through
sd 0:0:0:0: [sda] No Caching mode page present
sd 0:0:0:0: [sda] Assuming drive cache: write through
 sda: sda1
 sd 0:0:0:0: [sda] No Caching mode page present
sd 0:0:0:0: [sda] Assuming drive cache: write through
sd 0:0:0:0: [sda] Attached SCSI removable disk
-t vfat /dev/sda1 /mnt/mm# mount -t vfat /dev/sda1 /mnt/mmcblk0p1/
FAT-fs (sda1): utf8 is not a recommended IO charset for FAT filesystems, filesystem will be case sensitive!
# cd /mnt/mm# cd /mnt/mmcblk0p1/
# madplay 1.mp3
MPEG Audio Decoder 0.15.2 (beta) - Copyright (C) 2000-2004 Robert Leslie et al.
          Title: Satisfaction
         Artist: BennyBenassi The Biz
      Orchestra: BennyBenassi The Biz
          Album: Hypnotica
          Track: 1/14
           Year: 2003
          Genre: House
        Comment: EAC V0.99 prebeta 4, Secure Mode, Test & Copy, AccurateRip,
                 FLAC -8

# usb 1-2: USB disconnect, device number 2
Start AT91Bootstrap...
bootstrap: reading nandflash
DDR2 configuration register is 0x39 01 00 00 
bootstrap: jumping to 0x73F00000


U-Boot 2010.09-00000-g32ac874 (Aug 07 2013 - 15:14:13)

DRAM:  64 MiB
## Unknown FLASH on Bank 1 - Size = 0x00000000 = 0 MB
Flash: 0 Bytes
NAND:  256 MiB
In:    serial
Out:   serial
Err:   serial
Hit any key to stop autoboot:  3  2  1  0 

NAND read: device 0 offset 0xa0000, size 0x200000
 2097152 bytes read: OK
## Booting kernel from Legacy Image at 70400000 ...
   Image Name:   Linux-3.8.13+
   Image Type:   ARM Linux Kernel Image (uncompressed)
   Data Size:    1717184 Bytes = 1.6 MiB
   Load Address: 70008000
   Entry Point:  70008000
   Verifying Checksum ... OK
   Loading Kernel Image ... OK
OK

Starting kernel ...

Uncompressing Linux... done, booting the kernel.
Booting Linux on physical CPU 0x0
Linux version 3.8.13+ (yury@nehalem) (gcc version 4.4.5 (indigo-ct-ng) ) #280 Mon Aug 19 13:05:25 MSK 2013
CPU: ARM926EJ-S [41069265] revision 5 (ARMv5TEJ), cr=00053177
CPU: VIVT data cache, VIVT instruction cache
Machine: Indigo Tracker 2.1
Memory policy: ECC disabled, Data cache writeback
AT91: Detected soc type: at91sam9g45
AT91: Detected soc subtype: Unknown
AT91: sram at 0x300000 of 0x10000 mapped at 0xfef68000
Clocks: CPU 400 MHz, master 133 MHz, main 12.000 MHz
Built 1 zonelists in Zone order, mobility grouping on.  Total pages: 16256
Kernel command line: console=ttyS0,115200 console=tty0 phram.phram=swap,0x20000000,30Mi root=/dev/mtdblock1
PID hash table entries: 256 (order: -2, 1024 bytes)
Dentry cache hash table entries: 8192 (order: 3, 32768 bytes)
Inode-cache hash table entries: 4096 (order: 2, 16384 bytes)
__ex_table already sorted, skipping sort
Memory: 64MB = 64MB total
Memory: 60244k/60244k available, 5292k reserved, 0K highmem
Virtual kernel memory layout:
    vector  : 0xffff0000 - 0xffff1000   (   4 kB)
    fixmap  : 0xfff00000 - 0xfffe0000   ( 896 kB)
    vmalloc : 0xc4800000 - 0xff000000   ( 936 MB)
    lowmem  : 0xc0000000 - 0xc4000000   (  64 MB)
    modules : 0xbf000000 - 0xc0000000   (  16 MB)
      .text : 0xc0008000 - 0xc0415d9c   (4152 kB)
      .init : 0xc0416000 - 0xc043acc4   ( 148 kB)
      .data : 0xc043c000 - 0xc047a3e0   ( 249 kB)
       .bss : 0xc047a3e0 - 0xc0492b28   (  98 kB)
SLUB: Genslabs=13, HWalign=32, Order=0-3, MinObjects=0, CPUs=1, Nodes=1
NR_IRQS:16 nr_irqs:16 16
AT91: 160 gpio irqs in 5 banks
sched_clock: 32 bits at 100 Hz, resolution 10000000ns, wraps every 4294967286ms
Console: colour dummy device 80x30
console [tty0] enabled
Calibrating delay loop... 199.06 BogoMIPS (lpj=995328)
pid_max: default: 32768 minimum: 301
Mount-cache hash table entries: 512
CPU: Testing write buffer coherency: ok
Setting up static identity map for 0x702fb788 - 0x702fb7c4
pinctrl core: initialized pinctrl subsystem
NET: Registered protocol family 16
DMA: preallocated 256 KiB pool for atomic coherent allocations
not enabling RS-485 transceiver, fix system_rev
gpio_keys: 7 many buttons
bio: create slab <bio-0> at 0
at_hdmac at91sam9g45_dma: Atmel AHB DMA Controller ( cpy slave ), 8 channels
SCSI subsystem initialized
usbcore: registered new interface driver usbfs
usbcore: registered new interface driver hub
usbcore: registered new device driver usb
Linux video capture interface: v2.00
Advanced Linux Sound Architecture Driver Initialized.
Switching to clocksource pit
NET: Registered protocol family 2
TCP established hash table entries: 512 (order: 0, 4096 bytes)
TCP bind hash table entries: 512 (order: -1, 2048 bytes)
TCP: Hash tables configured (established 512 bind 512)
TCP: reno registered
UDP hash table entries: 256 (order: 0, 4096 bytes)
UDP-Lite hash table entries: 256 (order: 0, 4096 bytes)
NET: Registered protocol family 1
msgmni has been set to 117
io scheduler noop registered (default)
io scheduler deadline registered
atmel_lcdfb atmel_lcdfb.0: 2048KiB frame buffer at 21e00000 (mapped at c4c00000)
Console: switching to colour frame buffer device 100x60
atmel_lcdfb atmel_lcdfb.0: fb0: Atmel LCDC at 0x00500000 (mapped at c4846000), irq 39
atmel_usart.0: ttyS0 at MMIO 0xffffee00 (irq = 17) is a ATMEL_SERIAL
console [ttyS0] enabled
atmel_usart.2: ttyS1 at MMIO 0xfff90000 (irq = 24) is a ATMEL_SERIAL
atmel_usart.3: ttyS2 at MMIO 0xfff94000 (irq = 25) is a ATMEL_SERIAL
atmel_usart.1: ttyS3 at MMIO 0xfff8c000 (irq = 23) is a ATMEL_SERIAL
atmel_usart.4: ttyS4 at MMIO 0xfff98000 (irq = 26) is a ATMEL_SERIAL
brd: module loaded
loop: module loaded
adding device NV08C-CSM GNSS
indigo gpioperiph: gps peripheral NV08C-CSM GNSS added
adding device BQ24032a
indigo gpioperiph: power peripheral BQ24032a added
adding device Sim900 GSM
gsm: creating command 1
indigo gpioperiph: gsm peripheral Sim900 GSM added
adding device io pins groupped together
indigo gpioperiph: io peripheral io pins groupped together added
atmel_nand atmel_nand: Using dma0chan0 for DMA transfers.
NAND device: Manufacturer ID: 0xec, Chip ID: 0xda (Samsung NAND 256MiB 3,3V 8-bit), 256MiB, page size: 2048, OOB size: 64
Scanning device for bad blocks
Bad eraseblock 43 at 0x000000560000
Bad eraseblock 333 at 0x0000029a0000
Bad eraseblock 466 at 0x000003a40000
Bad eraseblock 576 at 0x000004800000
Bad eraseblock 649 at 0x000005120000
Bad eraseblock 1259 at 0x000009d60000
Bad eraseblock 1502 at 0x00000bbc0000
Bad eraseblock 2005 at 0x00000faa0000
Creating 2 MTD partitions on "atmel_nand":
0x000000000000-0x000002000000 : "System Images"
0x000002000000-0x000010000000 : "Root partitions"
phram: swap device: 0x1e00000 at 0x20000000
atmel_spi atmel_spi.1: Atmel SPI Controller at 0xfffa8000 (irq 31)
atmel_spi atmel_spi.1: master is unqueued, this is deprecated
lis3lv02d: 8 bits 3DC sensor found
input: ST LIS3LV02DL Accelerometer as /devices/platform/lis3lv02d/input/input0
tun: Universal TUN/TAP device driver, 1.6
tun: (C) 1999-2004 Max Krasnyansky <maxk@qualcomm.com>
CAN device driver interface
mcp251x spi1.0: probed
PPP generic driver version 2.4.2
PPP BSD Compression module registered
PPP Deflate Compression module registered
PPP MPPE Compression module registered
ehci_hcd: USB 2.0 'Enhanced' Host Controller (EHCI) Driver
atmel-ehci atmel-ehci: Atmel EHCI UHP HS
atmel-ehci atmel-ehci: new USB bus registered, assigned bus number 1
atmel-ehci atmel-ehci: irq 38, io mem 0x00800000
atmel-ehci atmel-ehci: USB 2.0 started, EHCI 1.00
hub 1-0:1.0: USB hub found
hub 1-0:1.0: 2 ports detected
ehci-platform: EHCI generic platform driver
ohci_hcd: USB 1.1 'Open' Host Controller (OHCI) Driver
at91_ohci at91_ohci: AT91 OHCI
at91_ohci at91_ohci: new USB bus registered, assigned bus number 2
at91_ohci at91_ohci: irq 38, io mem 0x00700000
hub 2-0:1.0: USB hub found
hub 2-0:1.0: 2 ports detected
Initializing USB Mass Storage driver...
usbcore: registered new interface driver usb-storage
USB Mass Storage support registered.
mousedev: PS/2 mouse device common for all mice
rtc-at91sam9 rtc-at91sam9.0: rtc core: registered rtc-at91sam9 as rtc0
rtc-at91sam9 rtc-at91sam9.0: rtc0: SET TIME!
i2c /dev entries driver
usbcore: registered new interface driver uvcvideo
USB Video Class driver (1.1.1)
at91sam9_wdt: enabled (heartbeat=15 sec, nowayout=0)
atmel_aes atmel_aes: Atmel AES
atmel_tdes atmel_tdes: Atmel DES/TDES
atmel_sha atmel_sha: Atmel SHA1/SHA256
usbcore: registered new interface driver usbhid
usbhid: USB HID core driver
st_gyro: probe SUCCESS
usbcore: registered new interface driver snd-usb-audio
atmel_ac97c atmel_ac97c.0: Atmel AC97 controller at 0xc4898000, irq = 40
TCP: cubic registered
NET: Registered protocol family 17
can: controller area network core (rev 20120528 abi 9)
NET: Registered protocol family 29
can: raw protocol (rev 20120528)
can: broadcast manager protocol (rev 20120528 t)
can: netlink gateway (rev 20101209)
input: gpio-keys as /devices/platform/gpio-keys/input/input1
rtc-at91sam9 rtc-at91sam9.0: hctosys: unable to read the hardware clock
atmel_mci atmel_mci.0: version: 0x410
atmel_mci atmel_mci.0: using dma0chan3 for DMA transfers
atmel_mci atmel_mci.0: Atmel MCI controller at 0xfff80000 irq 27, 1 slots
ALSA device list:
  #0: Atmel AC97 controller
FAT-fs (mtdblock1): utf8 is not a recommended IO charset for FAT filesystems, filesystem will be case sensitive!
yaffs: dev is 32505857 name is "mtdblock1" rw
yaffs: passed flags ""
VFS: Mounted root (yaffs filesystem) on device 31:1.
Freeing init memory: 144K
Adding 30716k swap on /dev/mtdblock2.  Priority:-1 extents:1 across:30716k SS
gps: creating command 4

Indigo Device_2_2 19
indigo-tracker login: root
Password: 
# 
# 
# usb 1-2: new high-speed USB device number 2 using atmel-ehci
scsi0 : usb-storage 1-2:1.0

# 
# 
# mouscsi 0:0:0:0: Direct-Access     UFD 2.0  Silicon-Power4G  1100 PQ: 0 ANSI: 0 CCS
sd 0:0:0:0: [sda] 7866368 512-byte logical blocks: (4.02 GB/3.75 GiB)
sd 0:0:0:0: [sda] Write Protect is off
sd 0:0:0:0: [sda] No Caching mode page present
sd 0:0:0:0: [sda] Assuming drive cache: write through
nsd 0:0:0:0: [sda] No Caching mode page present
sd 0:0:0:0: [sda] Assuming drive cache: write through
 sda: sda1
sd 0:0:0:0: [sda] No Caching mode page present
sd 0:0:0:0: [sda] Assuming drive cache: write through
sd 0:0:0:0: [sda] Attached SCSI removable disk
t -t vafat /dev/sda1 /mnt/mm# mount -t vfat /dev/sda1 /mnt/mmcblk0p1/
FAT-fs (sda1): utf8 is not a recommended IO charset for FAT filesystems, filesystem will be case sensitive!
# cd /mnt/mm# cd /mnt/mmcblk0p1/
# madplay 1.mp3
MPEG Audio Decoder 0.15.2 (beta) - Copyright (C) 2000-2004 Robert Leslie et al.
          Title: Satisfaction
         Artist: BennyBenassi The Biz
      Orchestra: BennyBenassi The Biz
          Album: Hypnotica
          Track: 1/14
           Year: 2003
          Genre: House
        Comment: EAC V0.99 prebeta 4, Secure Mode, Test & Copy, AccurateRip,
                 FLAC -8

# ping gsm: creating command 2
usb 1-2: USB disconnect, device number 2
gsm: creating command 1
Á0 00 
bootstrap: jumping to 0x73F00000


U-Boot 2010.09-00000-g32ac874 (Aug 07 2013 - 15:14:13)

DRAM:  64 MiB
## Unknown FLASH on Bank 1 - Size = 0x00000000 = 0 MB
Flash: 0 Bytes
NAND:  256 MiB
In:    serial
Out:   serial
Err:   serial
Hit any key to stop autoboot:  3  2  1  0 

NAND read: device 0 offset 0xa0000, size 0x200000
 2097152 bytes read: OK
## Booting kernel from Legacy Image at 70400000 ...
   Image Name:   Linux-3.8.13+
   Image Type:   ARM Linux Kernel Image (uncompressed)
   Data Size:    1717184 Bytes = 1.6 MiB
   Load Address: 70008000
   Entry Point:  70008000
   Verifying Checksum ... OK
   Loading Kernel Image ... OK
OK

Starting kernel ...

Uncompressing Linux... done, booting the kernel.
Booting Linux on physical CPU 0x0
Linux version 3.8.13+ (yury@nehalem) (gcc version 4.4.5 (indigo-ct-ng) ) #280 Mon Aug 19 13:05:25 MSK 2013
CPU: ARM926EJ-S [41069265] revision 5 (ARMv5TEJ), cr=00053177
CPU: VIVT data cache, VIVT instruction cache
Machine: Indigo Tracker 2.1
Memory policy: ECC disabled, Data cache writeback
AT91: Detected soc type: at91sam9g45
AT91: Detected soc subtype: Unknown
AT91: sram at 0x300000 of 0x10000 mapped at 0xfef68000
Clocks: CPU 400 MHz, master 133 MHz, main 12.000 MHz
Built 1 zonelists in Zone order, mobility grouping on.  Total pages: 16256
Kernel command line: console=ttyS0,115200 console=tty0 phram.phram=swap,0x20000000,30Mi root=/dev/mtdblock1
PID hash table entries: 256 (order: -2, 1024 bytes)
Dentry cache hash table entries: 8192 (order: 3, 32768 bytes)
Inode-cache hash table entries: 4096 (order: 2, 16384 bytes)
__ex_table already sorted, skipping sort
Memory: 64MB = 64MB total
Memory: 60244k/60244k available, 5292k reserved, 0K highmem
Virtual kernel memory layout:
    vector  : 0xffff0000 - 0xffff1000   (   4 kB)
    fixmap  : 0xfff00000 - 0xfffe0000   ( 896 kB)
    vmalloc : 0xc4800000 - 0xff000000   ( 936 MB)
    lowmem  : 0xc0000000 - 0xc4000000   (  64 MB)
    modules : 0xbf000000 - 0xc0000000   (  16 MB)
      .text : 0xc0008000 - 0xc0415d9c   (4152 kB)
      .init : 0xc0416000 - 0xc043acc4   ( 148 kB)
      .data : 0xc043c000 - 0xc047a3e0   ( 249 kB)
       .bss : 0xc047a3e0 - 0xc0492b28   (  98 kB)
SLUB: Genslabs=13, HWalign=32, Order=0-3, MinObjects=0, CPUs=1, Nodes=1
NR_IRQS:16 nr_irqs:16 16
AT91: 160 gpio irqs in 5 banks
sched_clock: 32 bits at 100 Hz, resolution 10000000ns, wraps every 4294967286ms
Console: colour dummy device 80x30
console [tty0] enabled
Calibrating delay loop... 199.06 BogoMIPS (lpj=995328)
pid_max: default: 32768 minimum: 301
Mount-cache hash table entries: 512
CPU: Testing write buffer coherency: ok
Setting up static identity map for 0x702fb788 - 0x702fb7c4
pinctrl core: initialized pinctrl subsystem
NET: Registered protocol family 16
DMA: preallocated 256 KiB pool for atomic coherent allocations
not enabling RS-485 transceiver, fix system_rev
gpio_keys: 7 many buttons
bio: create slab <bio-0> at 0
at_hdmac at91sam9g45_dma: Atmel AHB DMA Controller ( cpy slave ), 8 channels
SCSI subsystem initialized
usbcore: registered new interface driver usbfs
usbcore: registered new interface driver hub
usbcore: registered new device driver usb
Linux video capture interface: v2.00
Advanced Linux Sound Architecture Driver Initialized.
Switching to clocksource pit
NET: Registered protocol family 2
TCP established hash table entries: 512 (order: 0, 4096 bytes)
TCP bind hash table entries: 512 (order: -1, 2048 bytes)
TCP: Hash tables configured (established 512 bind 512)
TCP: reno registered
UDP hash table entries: 256 (order: 0, 4096 bytes)
UDP-Lite hash table entries: 256 (order: 0, 4096 bytes)
NET: Registered protocol family 1
msgmni has been set to 117
io scheduler noop registered (default)
io scheduler deadline registered
atmel_lcdfb atmel_lcdfb.0: 2048KiB frame buffer at 21e00000 (mapped at c4c00000)
Console: switching to colour frame buffer device 100x60
atmel_lcdfb atmel_lcdfb.0: fb0: Atmel LCDC at 0x00500000 (mapped at c4846000), irq 39
atmel_usart.0: ttyS0 at MMIO 0xffffee00 (irq = 17) is a ATMEL_SERIAL
console [ttyS0] enabled
atmel_usart.2: ttyS1 at MMIO 0xfff90000 (irq = 24) is a ATMEL_SERIAL
atmel_usart.3: ttyS2 at MMIO 0xfff94000 (irq = 25) is a ATMEL_SERIAL
atmel_usart.1: ttyS3 at MMIO 0xfff8c000 (irq = 23) is a ATMEL_SERIAL
atmel_usart.4: ttyS4 at MMIO 0xfff98000 (irq = 26) is a ATMEL_SERIAL
brd: module loaded
loop: module loaded
adding device NV08C-CSM GNSS
indigo gpioperiph: gps peripheral NV08C-CSM GNSS added
adding device BQ24032a
indigo gpioperiph: power peripheral BQ24032a added
adding device Sim900 GSM
gsm: creating command 1
indigo gpioperiph: gsm peripheral Sim900 GSM added
adding device io pins groupped together
indigo gpioperiph: io peripheral io pins groupped together added
atmel_nand atmel_nand: Using dma0chan0 for DMA transfers.
NAND device: Manufacturer ID: 0xec, Chip ID: 0xda (Samsung NAND 256MiB 3,3V 8-bit), 256MiB, page size: 2048, OOB size: 64
Scanning device for bad blocks
Bad eraseblock 486 at 0x000003cc0000
Bad eraseblock 953 at 0x000007720000
Bad eraseblock 974 at 0x0000079c0000
Bad eraseblock 1331 at 0x00000a660000
Bad eraseblock 1454 at 0x00000b5c0000
Creating 2 MTD partitions on "atmel_nand":
0x000000000000-0x000002000000 : "System Images"
0x000002000000-0x000010000000 : "Root partitions"
phram: swap device: 0x1e00000 at 0x20000000
atmel_spi atmel_spi.1: Atmel SPI Controller at 0xfffa8000 (irq 31)
atmel_spi atmel_spi.1: master is unqueued, this is deprecated
lis3lv02d: 8 bits 3DC sensor found
input: ST LIS3LV02DL Accelerometer as /devices/platform/lis3lv02d/input/input0
tun: Universal TUN/TAP device driver, 1.6
tun: (C) 1999-2004 Max Krasnyansky <maxk@qualcomm.com>
CAN device driver interface
mcp251x spi1.0: probed
PPP generic driver version 2.4.2
PPP BSD Compression module registered
PPP Deflate Compression module registered
PPP MPPE Compression module registered
ehci_hcd: USB 2.0 'Enhanced' Host Controller (EHCI) Driver
atmel-ehci atmel-ehci: Atmel EHCI UHP HS
atmel-ehci atmel-ehci: new USB bus registered, assigned bus number 1
atmel-ehci atmel-ehci: irq 38, io mem 0x00800000
atmel-ehci atmel-ehci: USB 2.0 started, EHCI 1.00
hub 1-0:1.0: USB hub found
hub 1-0:1.0: 2 ports detected
ehci-platform: EHCI generic platform driver
ohci_hcd: USB 1.1 'Open' Host Controller (OHCI) Driver
at91_ohci at91_ohci: AT91 OHCI
at91_ohci at91_ohci: new USB bus registered, assigned bus number 2
at91_ohci at91_ohci: irq 38, io mem 0x00700000
hub 2-0:1.0: USB hub found
hub 2-0:1.0: 2 ports detected
Initializing USB Mass Storage driver...
usbcore: registered new interface driver usb-storage
USB Mass Storage support registered.
mousedev: PS/2 mouse device common for all mice
rtc-at91sam9 rtc-at91sam9.0: rtc core: registered rtc-at91sam9 as rtc0
rtc-at91sam9 rtc-at91sam9.0: rtc0: SET TIME!
i2c /dev entries driver
usbcore: registered new interface driver uvcvideo
USB Video Class driver (1.1.1)
at91sam9_wdt: enabled (heartbeat=15 sec, nowayout=0)
atmel_aes atmel_aes: Atmel AES
atmel_tdes atmel_tdes: Atmel DES/TDES
atmel_sha atmel_sha: Atmel SHA1/SHA256
usbcore: registered new interface driver usbhid
usbhid: USB HID core driver
st_gyro: probe SUCCESS
usbcore: registered new interface driver snd-usb-audio
atmel_ac97c atmel_ac97c.0: Atmel AC97 controller at 0xc4898000, irq = 40
TCP: cubic registered
NET: Registered protocol family 17
can: controller area network core (rev 20120528 abi 9)
NET: Registered protocol family 29
can: raw protocol (rev 20120528)
can: broadcast manager protocol (rev 20120528 t)
can: netlink gateway (rev 20101209)
input: gpio-keys as /devices/platform/gpio-keys/input/input1
rtc-at91sam9 rtc-at91sam9.0: hctosys: unable to read the hardware clock
atmel_mci atmel_mci.0: version: 0x410
atmel_mci atmel_mci.0: using dma0chan3 for DMA transfers
atmel_mci atmel_mci.0: Atmel MCI controller at 0xfff80000 irq 27, 1 slots
ALSA device list:
  #0: Atmel AC97 controller
FAT-fs (mtdblock1): utf8 is not a recommended IO charset for FAT filesystems, filesystem will be case sensitive!
yaffs: dev is 32505857 name is "mtdblock1" rw
yaffs: passed flags ""
VFS: Mounted root (yaffs filesystem) on device 31:1.
Freeing init memory: 144K
Adding 30716k swap on /dev/mtdblock2.  Priority:-1 extents:1 across:30716k SS
gps: creating command 4

Indigo Device_2_2 55
indigo-tracker login: 
Indigo Device_2_2 55
indigo-tracker login: 
Indigo Device_2_2 55
indigo-tracker login: root
Password: 
# mount t -t vfat /dev/sda1 /mnt/mm# mount -t vfat /dev/sda1 /mnt/mmcblk0p1/
mount: mounting /dev/sda1 on /mnt/mmcblk0p1/ failed: No such file or directory
# cd /mnt/musb 1-2: new high-speed USB device number 2 using atmel-ehci
scsi0 : usb-storage 1-2:1.0
# mount -t vfat /dev/sda1 /mnt/mmcblk0p1/
mount: mounting /dev/sda1 on /mnt/mmcblk0p1/ failed: No such file or directory
# scsi 0:0:0:0: Direct-Access     UFD 2.0  Silicon-Power4G  1100 PQ: 0 ANSI: 0 CCS
sd 0:0:0:0: [sda] 7866368 512-byte logical blocks: (4.02 GB/3.75 GiB)
sd 0:0:0:0: [sda] Write Protect is off
sd 0:0:0:0: [sda] No Caching mode page present
sd 0:0:0:0: [sda] Assuming drive cache: write through
sd 0:0:0:0: [sda] No Caching mode page present
sd 0:0:0:0: [sda] Assuming drive cache: write through
 sda: sda1
sd 0:0:0:0: [sda] No Caching mode page present
sd 0:0:0:0: [sda] Assuming drive cache: write through
sd 0:0:0:0: [sda] Attached SCSI removable disk

# 
# # mount -t vfat /dev/sda1 /mnt/mmcblk0p1/
mount: mounting /dev/sda1 on /mnt/mmcblk0p1/ failed: No such file or directory
# # mount -t vfat /dev/sda1 /mnt/mmcblk0p1/
FAT-fs (sda1): utf8 is not a recommended IO charset for FAT filesystems, filesystem will be case sensitive!
# cd /mnt/mm# cd /mnt/mmcblk0p1/
# madplay 1.mp3
MPEG Audio Decoder 0.15.2 (beta) - Copyright (C) 2000-2004 Robert Leslie et al.
          Title: Satisfaction
         Artist: BennyBenassi The Biz
      Orchestra: BennyBenassi The Biz
          Album: Hypnotica
          Track: 1/14
           Year: 2003
          Genre: House
        Comment: EAC V0.99 prebeta 4, Secure Mode, Test & Copy, AccurateRip,
                 FLAC -8
Start AT91Bootstrap...
bootstrap: reading nandflash
DDR2 configuration register is 0x39 01 00 00 
bootstrap: jumping to 0x73F00000


U-Boot 2010.09-00000-g32ac874 (Aug 07 2013 - 15:14:13)

DRAM:  64 MiB
## Unknown FLASH on Bank 1 - Size = 0x00000000 = 0 MB
Flash: 0 Bytes
NAND:  256 MiB
In:    serial
Out:   serial
Err:   serial
Hit any key to stop autoboot:  3  2  1  0 

NAND read: device 0 offset 0xa0000, size 0x200000
 2097152 bytes read: OK
## Booting kernel from Legacy Image at 70400000 ...
   Image Name:   Linux-3.8.13+
   Image Type:   ARM Linux Kernel Image (uncompressed)
   Data Size:    1717184 Bytes = 1.6 MiB
   Load Address: 70008000
   Entry Point:  70008000
   Verifying Checksum ... OK
   Loading Kernel Image ... OK
OK

Starting kernel ...

Uncompressing Linux... done, booting the kernel.
Booting Linux on physical CPU 0x0
Linux version 3.8.13+ (yury@nehalem) (gcc version 4.4.5 (indigo-ct-ng) ) #280 Mon Aug 19 13:05:25 MSK 2013
CPU: ARM926EJ-S [41069265] revision 5 (ARMv5TEJ), cr=00053177
CPU: VIVT data cache, VIVT instruction cache
Machine: Indigo Tracker 2.1
Memory policy: ECC disabled, Data cache writeback
AT91: Detected soc type: at91sam9g45
AT91: Detected soc subtype: Unknown
AT91: sram at 0x300000 of 0x10000 mapped at 0xfef68000
Clocks: CPU 400 MHz, master 133 MHz, main 12.000 MHz
Built 1 zonelists in Zone order, mobility grouping on.  Total pages: 16256
Kernel command line: console=ttyS0,115200 console=tty0 phram.phram=swap,0x20000000,30Mi root=/dev/mtdblock1
PID hash table entries: 256 (order: -2, 1024 bytes)
Dentry cache hash table entries: 8192 (order: 3, 32768 bytes)
Inode-cache hash table entries: 4096 (order: 2, 16384 bytes)
__ex_table already sorted, skipping sort
Memory: 64MB = 64MB total
Memory: 60244k/60244k available, 5292k reserved, 0K highmem
Virtual kernel memory layout:
    vector  : 0xffff0000 - 0xffff1000   (   4 kB)
    fixmap  : 0xfff00000 - 0xfffe0000   ( 896 kB)
    vmalloc : 0xc4800000 - 0xff000000   ( 936 MB)
    lowmem  : 0xc0000000 - 0xc4000000   (  64 MB)
    modules : 0xbf000000 - 0xc0000000   (  16 MB)
      .text : 0xc0008000 - 0xc0415d9c   (4152 kB)
      .init : 0xc0416000 - 0xc043acc4   ( 148 kB)
      .data : 0xc043c000 - 0xc047a3e0   ( 249 kB)
       .bss : 0xc047a3e0 - 0xc0492b28   (  98 kB)
SLUB: Genslabs=13, HWalign=32, Order=0-3, MinObjects=0, CPUs=1, Nodes=1
NR_IRQS:16 nr_irqs:16 16
AT91: 160 gpio irqs in 5 banks
sched_clock: 32 bits at 100 Hz, resolution 10000000ns, wraps every 4294967286ms
Console: colour dummy device 80x30
console [tty0] enabled
Calibrating delay loop... 199.06 BogoMIPS (lpj=995328)
pid_max: default: 32768 minimum: 301
Mount-cache hash table entries: 512
CPU: Testing write buffer coherency: ok
Setting up static identity map for 0x702fb788 - 0x702fb7c4
pinctrl core: initialized pinctrl subsystem
NET: Registered protocol family 16
DMA: preallocated 256 KiB pool for atomic coherent allocations
not enabling RS-485 transceiver, fix system_rev
gpio_keys: 7 many buttons
bio: create slab <bio-0> at 0
at_hdmac at91sam9g45_dma: Atmel AHB DMA Controller ( cpy slave ), 8 channels
SCSI subsystem initialized
usbcore: registered new interface driver usbfs
usbcore: registered new interface driver hub
usbcore: registered new device driver usb
Linux video capture interface: v2.00
Advanced Linux Sound Architecture Driver Initialized.
Switching to clocksource pit
NET: Registered protocol family 2
TCP established hash table entries: 512 (order: 0, 4096 bytes)
TCP bind hash table entries: 512 (order: -1, 2048 bytes)
TCP: Hash tables configured (established 512 bind 512)
TCP: reno registered
UDP hash table entries: 256 (order: 0, 4096 bytes)
UDP-Lite hash table entries: 256 (order: 0, 4096 bytes)
NET: Registered protocol family 1
msgmni has been set to 117
io scheduler noop registered (default)
io scheduler deadline registered
atmel_lcdfb atmel_lcdfb.0: 2048KiB frame buffer at 21e00000 (mapped at c4c00000)
Console: switching to colour frame buffer device 100x60
atmel_lcdfb atmel_lcdfb.0: fb0: Atmel LCDC at 0x00500000 (mapped at c4846000), irq 39
atmel_usart.0: ttyS0 at MMIO 0xffffee00 (irq = 17) is a ATMEL_SERIAL
console [ttyS0] enabled
atmel_usart.2: ttyS1 at MMIO 0xfff90000 (irq = 24) is a ATMEL_SERIAL
atmel_usart.3: ttyS2 at MMIO 0xfff94000 (irq = 25) is a ATMEL_SERIAL
atmel_usart.1: ttyS3 at MMIO 0xfff8c000 (irq = 23) is a ATMEL_SERIAL
atmel_usart.4: ttyS4 at MMIO 0xfff98000 (irq = 26) is a ATMEL_SERIAL
brd: module loaded
loop: module loaded
adding device NV08C-CSM GNSS
indigo gpioperiph: gps peripheral NV08C-CSM GNSS added
adding device BQ24032a
indigo gpioperiph: power peripheral BQ24032a added
adding device Sim900 GSM
gsm: creating command 1
indigo gpioperiph: gsm peripheral Sim900 GSM added
adding device io pins groupped together
indigo gpioperiph: io peripheral io pins groupped together added
atmel_nand atmel_nand: Using dma0chan0 for DMA transfers.
NAND device: Manufacturer ID: 0xec, Chip ID: 0xda (Samsung NAND 256MiB 3,3V 8-bit), 256MiB, page size: 2048, OOB size: 64
Scanning device for bad blocks
Bad eraseblock 486 at 0x000003cc0000
Bad eraseblock 953 at 0x000007720000
Bad eraseblock 974 at 0x0000079c0000
Bad eraseblock 1331 at 0x00000a660000
Bad eraseblock 1454 at 0x00000b5c0000
Creating 2 MTD partitions on "atmel_nand":
0x000000000000-0x000002000000 : "System Images"
0x000002000000-0x000010000000 : "Root partitions"
phram: swap device: 0x1e00000 at 0x20000000
atmel_spi atmel_spi.1: Atmel SPI Controller at 0xfffa8000 (irq 31)
atmel_spi atmel_spi.1: master is unqueued, this is deprecated
lis3lv02d: 8 bits 3DC sensor found
input: ST LIS3LV02DL Accelerometer as /devices/platform/lis3lv02d/input/input0
tun: Universal TUN/TAP device driver, 1.6
tun: (C) 1999-2004 Max Krasnyansky <maxk@qualcomm.com>
CAN device driver interface
mcp251x spi1.0: probed
PPP generic driver version 2.4.2
PPP BSD Compression module registered
PPP Deflate Compression module registered
PPP MPPE Compression module registered
ehci_hcd: USB 2.0 'Enhanced' Host Controller (EHCI) Driver
atmel-ehci atmel-ehci: Atmel EHCI UHP HS
atmel-ehci atmel-ehci: new USB bus registered, assigned bus number 1
atmel-ehci atmel-ehci: irq 38, io mem 0x00800000
atmel-ehci atmel-ehci: USB 2.0 started, EHCI 1.00
hub 1-0:1.0: USB hub found
hub 1-0:1.0: 2 ports detected
ehci-platform: EHCI generic platform driver
ohci_hcd: USB 1.1 'Open' Host Controller (OHCI) Driver
at91_ohci at91_ohci: AT91 OHCI
at91_ohci at91_ohci: new USB bus registered, assigned bus number 2
at91_ohci at91_ohci: irq 38, io mem 0x00700000
hub 2-0:1.0: USB hub found
hub 2-0:1.0: 2 ports detected
Initializing USB Mass Storage driver...
usbcore: registered new interface driver usb-storage
USB Mass Storage support registered.
mousedev: PS/2 mouse device common for all mice
rtc-at91sam9 rtc-at91sam9.0: rtc core: registered rtc-at91sam9 as rtc0
rtc-at91sam9 rtc-at91sam9.0: rtc0: SET TIME!
i2c /dev entries driver
usbcore: registered new interface driver uvcvideo
USB Video Class driver (1.1.1)
at91sam9_wdt: enabled (heartbeat=15 sec, nowayout=0)
atmel_aes atmel_aes: Atmel AES
atmel_tdes atmel_tdes: Atmel DES/TDES
atmel_sha atmel_sha: Atmel SHA1/SHA256
usbcore: registered new interface driver usbhid
usbhid: USB HID core driver
st_gyro: probe SUCCESS
usbcore: registered new interface driver snd-usb-audio
atmel_ac97c atmel_ac97c.0: Atmel AC97 controller at 0xc4898000, irq = 40
TCP: cubic registered
NET: Registered protocol family 17
can: controller area network core (rev 20120528 abi 9)
NET: Registered protocol family 29
can: raw protocol (rev 20120528)
can: broadcast manager protocol (rev 20120528 t)
can: netlink gateway (rev 20101209)
input: gpio-keys as /devices/platform/gpio-keys/input/input1
rtc-at91sam9 rtc-at91sam9.0: hctosys: unable to read the hardware clock
atmel_mci atmel_mci.0: version: 0x410
atmel_mci atmel_mci.0: using dma0chan3 for DMA transfers
atmel_mci atmel_mci.0: Atmel MCI controller at 0xfff80000 irq 27, 1 slots
ALSA device list:
  #0: Atmel AC97 controller
FAT-fs (mtdblock1): utf8 is not a recommended IO charset for FAT filesystems, filesystem will be case sensitive!
yaffs: dev is 32505857 name is "mtdblock1" rw
yaffs: passed flags ""
VFS: Mounted root (yaffs filesystem) on device 31:1.
Freeing init memory: 144K
Adding 30716k swap on /dev/mtdblock2.  Priority:-1 extents:1 across:30716k SS
gps: creating command 4

Indigo Device_2_2 55
indigo-tracker login: root
Password: 
# usb 1-2: new high-speed USB device number 2 using atmel-ehci
scsi0 : usb-storage 1-2:1.0

# 
# scsi 0:0:0:0: Direct-Access     UFD 2.0  Silicon-Power4G  1100 PQ: 0 ANSI: 0 CCS
sd 0:0:0:0: [sda] 7866368 512-byte logical blocks: (4.02 GB/3.75 GiB)
sd 0:0:0:0: [sda] Write Protect is off
sd 0:0:0:0: [sda] No Caching mode page present
sd 0:0:0:0: [sda] Assuming drive cache: write through
sd 0:0:0:0: [sda] No Caching mode page present
sd 0:0:0:0: [sda] Assuming drive cache: write through
 sda: sda1
sd 0:0:0:0: [sda] No Caching mode page present
sd 0:0:0:0: [sda] Assuming drive cache: write through
sd 0:0:0:0: [sda] Attached SCSI removable disk
mount -t vfat/  /dev/sda1 /mnt/mm# mount -t vfat /dev/sda1 /mnt/mmcblk0p1/
FAT-fs (sda1): utf8 is not a recommended IO charset for FAT filesystems, filesystem will be case sensitive!
# cd /mnt/mm# cd /mnt/mmcblk0p1/
# ls
1.mp3                          root.tar
R2898D89A2N018851545.rtf       rootfs-boot-to-initrd.bin
battery                        run-all.sh
battery.cpp                    run-kernel.sh
bootstrap.bin                  run-uboot.sh
dc9c3c3-c24e286.ready.tar.gz   run.sh
efl-final-rotate               sam-ba_2.11.zip
kernel-old.bin                 samba-full.bat
kernel.bin                     u-boot.bin
nandflash_at91sam9g45ekes.bin  volatile.tar
nmea.log.txt
# madplay 1.mp3
MPEG Audio Decoder 0.15.2 (beta) - Copyright (C) 2000-2004 Robert Leslie et al.
          Title: Satisfaction
         Artist: BennyBenassi The Biz
      Orchestra: BennyBenassi The Biz
          Album: Hypnotica
          Track: 1/14
           Year: 2003
          Genre: House
        Comment: EAC V0.99 prebeta 4, Secure Mode, Test & Copy, AccurateRip,
                 FLAC -8

# cd /
# umount /mnt/mm# umount /mnt/mmcblk0p1/
# gsm: creating command 2
tried to power off device with status pin 0gsm: creating command 1
tty_port_close_start: tty->count = 1 port count = 3.
usb 1-2: USB disconnect, device number 2
In:    serial
Out:   serial
Err:   serial
Hit any key to stop autoboot:  3  2  1  0 
U-Boot> bp oot

NAND read: device 0 offset 0xa0000, size 0x200000
 2097152 bytes read: OK
## Booting kernel from Legacy Image at 70400000 ...
   Image Name:   Linux-3.8.13+
   Image Type:   ARM Linux Kernel Image (uncompressed)
   Data Size:    1717184 Bytes = 1.6 MiB
   Load Address: 70008000
   Entry Point:  70008000
   Verifying Checksum ... OK
   Loading Kernel Image ... OK
OK

Starting kernel ...

Uncompressing Linux... done, booting the kernel.
Booting Linux on physical CPU 0x0
Linux version 3.8.13+ (yury@nehalem) (gcc version 4.4.5 (indigo-ct-ng) ) #280 Mon Aug 19 13:05:25 MSK 2013
CPU: ARM926EJ-S [41069265] revision 5 (ARMv5TEJ), cr=00053177
CPU: VIVT data cache, VIVT instruction cache
Machine: Indigo Tracker 2.1
Memory policy: ECC disabled, Data cache writeback
AT91: Detected soc type: at91sam9g45
AT91: Detected soc subtype: Unknown
AT91: sram at 0x300000 of 0x10000 mapped at 0xfef68000
Clocks: CPU 400 MHz, master 133 MHz, main 12.000 MHz
Built 1 zonelists in Zone order, mobility grouping on.  Total pages: 16256
Kernel command line: console=ttyS0,115200 console=tty0 phram.phram=swap,0x20000000,30Mi root=/dev/mtdblock1
PID hash table entries: 256 (order: -2, 1024 bytes)
Dentry cache hash table entries: 8192 (order: 3, 32768 bytes)
Inode-cache hash table entries: 4096 (order: 2, 16384 bytes)
__ex_table already sorted, skipping sort
Memory: 64MB = 64MB total
Memory: 60244k/60244k available, 5292k reserved, 0K highmem
Virtual kernel memory layout:
    vector  : 0xffff0000 - 0xffff1000   (   4 kB)
    fixmap  : 0xfff00000 - 0xfffe0000   ( 896 kB)
    vmalloc : 0xc4800000 - 0xff000000   ( 936 MB)
    lowmem  : 0xc0000000 - 0xc4000000   (  64 MB)
    modules : 0xbf000000 - 0xc0000000   (  16 MB)
      .text : 0xc0008000 - 0xc0415d9c   (4152 kB)
      .init : 0xc0416000 - 0xc043acc4   ( 148 kB)
      .data : 0xc043c000 - 0xc047a3e0   ( 249 kB)
       .bss : 0xc047a3e0 - 0xc0492b28   (  98 kB)
SLUB: Genslabs=13, HWalign=32, Order=0-3, MinObjects=0, CPUs=1, Nodes=1
NR_IRQS:16 nr_irqs:16 16
AT91: 160 gpio irqs in 5 banks
sched_clock: 32 bits at 100 Hz, resolution 10000000ns, wraps every 4294967286ms
Console: colour dummy device 80x30
console [tty0] enabled
Calibrating delay loop... 199.06 BogoMIPS (lpj=995328)
pid_max: default: 32768 minimum: 301
Mount-cache hash table entries: 512
CPU: Testing write buffer coherency: ok
Setting up static identity map for 0x702fb788 - 0x702fb7c4
pinctrl core: initialized pinctrl subsystem
NET: Registered protocol family 16
DMA: preallocated 256 KiB pool for atomic coherent allocations
not enabling RS-485 transceiver, fix system_rev
gpio_keys: 7 many buttons
bio: create slab <bio-0> at 0
at_hdmac at91sam9g45_dma: Atmel AHB DMA Controller ( cpy slave ), 8 channels
SCSI subsystem initialized
usbcore: registered new interface driver usbfs
usbcore: registered new interface driver hub
usbcore: registered new device driver usb
Linux video capture interface: v2.00
Advanced Linux Sound Architecture Driver Initialized.
Switching to clocksource pit
NET: Registered protocol family 2
TCP established hash table entries: 512 (order: 0, 4096 bytes)
TCP bind hash table entries: 512 (order: -1, 2048 bytes)
TCP: Hash tables configured (established 512 bind 512)
TCP: reno registered
UDP hash table entries: 256 (order: 0, 4096 bytes)
UDP-Lite hash table entries: 256 (order: 0, 4096 bytes)
NET: Registered protocol family 1
msgmni has been set to 117
io scheduler noop registered (default)
io scheduler deadline registered
atmel_lcdfb atmel_lcdfb.0: 2048KiB frame buffer at 21e00000 (mapped at c4c00000)
Console: switching to colour frame buffer device 100x60
atmel_lcdfb atmel_lcdfb.0: fb0: Atmel LCDC at 0x00500000 (mapped at c4846000), irq 39
atmel_usart.0: ttyS0 at MMIO 0xffffee00 (irq = 17) is a ATMEL_SERIAL
console [ttyS0] enabled
atmel_usart.2: ttyS1 at MMIO 0xfff90000 (irq = 24) is a ATMEL_SERIAL
atmel_usart.3: ttyS2 at MMIO 0xfff94000 (irq = 25) is a ATMEL_SERIAL
atmel_usart.1: ttyS3 at MMIO 0xfff8c000 (irq = 23) is a ATMEL_SERIAL
atmel_usart.4: ttyS4 at MMIO 0xfff98000 (irq = 26) is a ATMEL_SERIAL
brd: module loaded
loop: module loaded
adding device NV08C-CSM GNSS
indigo gpioperiph: gps peripheral NV08C-CSM GNSS added
adding device BQ24032a
indigo gpioperiph: power peripheral BQ24032a added
adding device Sim900 GSM
gsm: creating command 1
indigo gpioperiph: gsm peripheral Sim900 GSM added
adding device io pins groupped together
indigo gpioperiph: io peripheral io pins groupped together added
atmel_nand atmel_nand: Using dma0chan0 for DMA transfers.
NAND device: Manufacturer ID: 0xec, Chip ID: 0xda (Samsung NAND 256MiB 3,3V 8-bit), 256MiB, page size: 2048, OOB size: 64
Scanning device for bad blocks
Bad eraseblock 85 at 0x000000aa0000
Bad eraseblock 317 at 0x0000027a0000
Bad eraseblock 595 at 0x000004a60000
Bad eraseblock 658 at 0x000005240000
Bad eraseblock 851 at 0x000006a60000
Bad eraseblock 1067 at 0x000008560000
Bad eraseblock 1392 at 0x00000ae00000
Bad eraseblock 1847 at 0x00000e6e0000
Creating 2 MTD partitions on "atmel_nand":
0x000000000000-0x000002000000 : "System Images"
0x000002000000-0x000010000000 : "Root partitions"
phram: swap device: 0x1e00000 at 0x20000000
atmel_spi atmel_spi.1: Atmel SPI Controller at 0xfffa8000 (irq 31)
atmel_spi atmel_spi.1: master is unqueued, this is deprecated
lis3lv02d: 8 bits 3DC sensor found
input: ST LIS3LV02DL Accelerometer as /devices/platform/lis3lv02d/input/input0
tun: Universal TUN/TAP device driver, 1.6
tun: (C) 1999-2004 Max Krasnyansky <maxk@qualcomm.com>
CAN device driver interface
mcp251x spi1.0: probed
PPP generic driver version 2.4.2
PPP BSD Compression module registered
PPP Deflate Compression module registered
PPP MPPE Compression module registered
ehci_hcd: USB 2.0 'Enhanced' Host Controller (EHCI) Driver
atmel-ehci atmel-ehci: Atmel EHCI UHP HS
atmel-ehci atmel-ehci: new USB bus registered, assigned bus number 1
atmel-ehci atmel-ehci: irq 38, io mem 0x00800000
atmel-ehci atmel-ehci: USB 2.0 started, EHCI 1.00
hub 1-0:1.0: USB hub found
hub 1-0:1.0: 2 ports detected
ehci-platform: EHCI generic platform driver
ohci_hcd: USB 1.1 'Open' Host Controller (OHCI) Driver
at91_ohci at91_ohci: AT91 OHCI
at91_ohci at91_ohci: new USB bus registered, assigned bus number 2
at91_ohci at91_ohci: irq 38, io mem 0x00700000
hub 2-0:1.0: USB hub found
hub 2-0:1.0: 2 ports detected
Initializing USB Mass Storage driver...
usbcore: registered new interface driver usb-storage
USB Mass Storage support registered.
mousedev: PS/2 mouse device common for all mice
rtc-at91sam9 rtc-at91sam9.0: rtc core: registered rtc-at91sam9 as rtc0
rtc-at91sam9 rtc-at91sam9.0: rtc0: SET TIME!
i2c /dev entries driver
usbcore: registered new interface driver uvcvideo
USB Video Class driver (1.1.1)
at91sam9_wdt: enabled (heartbeat=15 sec, nowayout=0)
atmel_aes atmel_aes: Atmel AES
atmel_tdes atmel_tdes: Atmel DES/TDES
atmel_sha atmel_sha: Atmel SHA1/SHA256
usbcore: registered new interface driver usbhid
usbhid: USB HID core driver
st_gyro: probe SUCCESS
usbcore: registered new interface driver snd-usb-audio
atmel_ac97c atmel_ac97c.0: Atmel AC97 controller at 0xc4898000, irq = 40
TCP: cubic registered
NET: Registered protocol family 17
can: controller area network core (rev 20120528 abi 9)
NET: Registered protocol family 29
can: raw protocol (rev 20120528)
can: broadcast manager protocol (rev 20120528 t)
can: netlink gateway (rev 20101209)
input: gpio-keys as /devices/platform/gpio-keys/input/input1
rtc-at91sam9 rtc-at91sam9.0: hctosys: unable to read the hardware clock
atmel_mci atmel_mci.0: version: 0x410
atmel_mci atmel_mci.0: using dma0chan3 for DMA transfers
atmel_mci atmel_mci.0: Atmel MCI controller at 0xfff80000 irq 27, 1 slots
ALSA device list:
  #0: Atmel AC97 controller
FAT-fs (mtdblock1): utf8 is not a recommended IO charset for FAT filesystems, filesystem will be case sensitive!
yaffs: dev is 32505857 name is "mtdblock1" rw
yaffs: passed flags ""
VFS: Mounted root (yaffs filesystem) on device 31:1.
Freeing init memory: 144K
Adding 30716k swap on /dev/mtdblock2.  Priority:-1 extents:1 across:30716k SS
gps: creating command 4

Indigo Device_2_2 2
indigo-tracker login: root
Password: 
# usb 2-2: new full-speed USB device number 2 using at91_ohci
usb 2-2: not running at top speed; connect to a high speed hub
scsi0 : usb-storage 2-2:1.0

# 
# mouscsi 0:0:0:0: Direct-Access     UFD 2.0  Silicon-Power4G  1100 PQ: 0 ANSI: 0 CCS
sd 0:0:0:0: [sda] 7866368 512-byte logical blocks: (4.02 GB/3.75 GiB)
sd 0:0:0:0: [sda] Write Protect is off
sd 0:0:0:0: [sda] No Caching mode page present
sd 0:0:0:0: [sda] Assuming drive cache: write through
nsd 0:0:0:0: [sda] No Caching mode page present
sd 0:0:0:0: [sda] Assuming drive cache: write through
 sda: sda1
sd 0:0:0:0: [sda] No Caching mode page present
sd 0:0:0:0: [sda] Assuming drive cache: write through
sd 0:0:0:0: [sda] Attached SCSI removable disk
t -t vfat /dev/sda1 /mnt/mm# mount -t vfat /dev/sda1 /mnt/mmcblk0p1/
FAT-fs (sda1): utf8 is not a recommended IO charset for FAT filesystems, filesystem will be case sensitive!
# cd /mnt/mm# cd /mnt/mmcblk0p1/
# madplay 1.mp3
MPEG Audio Decoder 0.15.2 (beta) - Copyright (C) 2000-2004 Robert Leslie et al.
          Title: Satisfaction
         Artist: BennyBenassi The Biz
      Orchestra: BennyBenassi The Biz
          Album: Hypnotica
          Track: 1/14
           Year: 2003
          Genre: House
        Comment: EAC V0.99 prebeta 4, Secure Mode, Test & Copy, AccurateRip,
                 FLAC -8

# u,cd /
# umount /mnt/mm# umount /mnt/mmcblk0p1/
# 