
Indigo Device_2_2 13
indigo-tracker login: 
Indigo Device_2_2 13
indigo-tracker login: root
Password: 
# date
Fri Nov  7 17:37:17 MSK 2014
# ta /cat /etc/RZTZ
MSK-4
# mv cp /etc/TZ /tcetc/TZ.oigrig
# echo MSK-3 > /etc/tTZ
# rboeboot
# Restarting system.þStart AT91Bootstrap...
bootstrap: reading nandflash
DDR2 configuration register is 0x39 01 00 00 
bootstrap: jumping to 0x73F00000


U-Boot 2010.09-00000-g32ac874 (Aug 07 2013 - 15:14:13)

DRAM:  64 MiB
## Unknown FLASH on Bank 1 - Size = 0x00000000 = 0 MB
Flash: 0 Bytes
NAND:  256 MiB
In:    serial
Out:   serial
Err:   serial
Hit any key to stop autoboot:  3  2  1  0 

NAND read: device 0 offset 0xa0000, size 0x200000
 2097152 bytes read: OK
## Booting kernel from Legacy Image at 70400000 ...
   Image Name:   Linux-3.8.13+
   Image Type:   ARM Linux Kernel Image (uncompressed)
   Data Size:    1736880 Bytes = 1.7 MiB
   Load Address: 70008000
   Entry Point:  70008000
   Verifying Checksum ... OK
   Loading Kernel Image ... OK
OK

Starting kernel ...

Uncompressing Linux... done, booting the kernel.
Booting Linux on physical CPU 0x0
Linux version 3.8.13+ (yury@nehalem) (gcc version 4.4.5 (indigo-ct-ng) ) #292 Mon Mar 17 20:06:36 MSK 2014
CPU: ARM926EJ-S [41069265] revision 5 (ARMv5TEJ), cr=00053177
CPU: VIVT data cache, VIVT instruction cache
Machine: Indigo Tracker 2.1
Memory policy: ECC disabled, Data cache writeback
AT91: Detected soc type: at91sam9g45
AT91: Detected soc subtype: Unknown
AT91: sram at 0x300000 of 0x10000 mapped at 0xfef68000
Clocks: CPU 400 MHz, master 133 MHz, main 12.000 MHz
Built 1 zonelists in Zone order, mobility grouping on.  Total pages: 16256
Kernel command line: console=ttyS0,115200 console=tty0 phram.phram=swap,0x20000000,30Mi root=/dev/mtdblock1 rootflags=inband-tags,tags-ecc-off
PID hash table entries: 256 (order: -2, 1024 bytes)
Dentry cache hash table entries: 8192 (order: 3, 32768 bytes)
Inode-cache hash table entries: 4096 (order: 2, 16384 bytes)
__ex_table already sorted, skipping sort
Memory: 64MB = 64MB total
Memory: 60188k/60188k available, 5348k reserved, 0K highmem
Virtual kernel memory layout:
    vector  : 0xffff0000 - 0xffff1000   (   4 kB)
    fixmap  : 0xfff00000 - 0xfffe0000   ( 896 kB)
    vmalloc : 0xc4800000 - 0xff000000   ( 936 MB)
    lowmem  : 0xc0000000 - 0xc4000000   (  64 MB)
    modules : 0xbf000000 - 0xc0000000   (  16 MB)
      .text : 0xc0008000 - 0xc04232bc   (4205 kB)
      .init : 0xc0424000 - 0xc0448e44   ( 148 kB)
      .data : 0xc044a000 - 0xc04885c0   ( 250 kB)
       .bss : 0xc04885c0 - 0xc04a0d48   (  98 kB)
SLUB: Genslabs=13, HWalign=32, Order=0-3, MinObjects=0, CPUs=1, Nodes=1
NR_IRQS:16 nr_irqs:16 16
AT91: 160 gpio irqs in 5 banks
sched_clock: 32 bits at 100 Hz, resolution 10000000ns, wraps every 4294967286ms
Console: colour dummy device 80x30
console [tty0] enabled
Calibrating delay loop... 199.06 BogoMIPS (lpj=995328)
pid_max: default: 32768 minimum: 301
Mount-cache hash table entries: 512
CPU: Testing write buffer coherency: ok
Setting up static identity map for 0x70304708 - 0x70304744
pinctrl core: initialized pinctrl subsystem
NET: Registered protocol family 16
DMA: preallocated 256 KiB pool for atomic coherent allocations
not enabling RS-485 transceiver, fix system_rev
gpio_keys: 7 many buttons
bio: create slab <bio-0> at 0
at_hdmac at91sam9g45_dma: Atmel AHB DMA Controller ( cpy slave ), 8 channels
SCSI subsystem initialized
usbcore: registered new interface driver usbfs
usbcore: registered new interface driver hub
usbcore: registered new device driver usb
Linux video capture interface: v2.00
Advanced Linux Sound Architecture Driver Initialized.
Switching to clocksource pit
NET: Registered protocol family 2
TCP established hash table entries: 512 (order: 0, 4096 bytes)
TCP bind hash table entries: 512 (order: -1, 2048 bytes)
TCP: Hash tables configured (established 512 bind 512)
TCP: reno registered
UDP hash table entries: 256 (order: 0, 4096 bytes)
UDP-Lite hash table entries: 256 (order: 0, 4096 bytes)
NET: Registered protocol family 1
msgmni has been set to 117
io scheduler noop registered (default)
io scheduler deadline registered
atmel_lcdfb atmel_lcdfb.0: 2048KiB frame buffer at 21e00000 (mapped at c4c00000)
Console: switching to colour frame buffer device 100x60
atmel_lcdfb atmel_lcdfb.0: fb0: Atmel LCDC at 0x00500000 (mapped at c4846000), irq 39
atmel_usart.0: ttyS0 at MMIO 0xffffee00 (irq = 17) is a ATMEL_SERIAL
console [ttyS0] enabled
atmel_usart.2: ttyS1 at MMIO 0xfff90000 (irq = 24) is a ATMEL_SERIAL
atmel_usart.3: ttyS2 at MMIO 0xfff94000 (irq = 25) is a ATMEL_SERIAL
atmel_usart.1: ttyS3 at MMIO 0xfff8c000 (irq = 23) is a ATMEL_SERIAL
atmel_usart.4: ttyS4 at MMIO 0xfff98000 (irq = 26) is a ATMEL_SERIAL
brd: module loaded
loop: module loaded
adding device NV08C-CSM GNSS
indigo gpioperiph: gps peripheral NV08C-CSM GNSS added
adding device BQ24032a
indigo gpioperiph: power peripheral BQ24032a added
adding device Sim900 GSM
gsm: creating command 1
indigo gpioperiph: gsm peripheral Sim900 GSM added
adding device io pins groupped together
indigo gpioperiph: io peripheral io pins groupped together added
atmel_nand atmel_nand: Using dma0chan0 for DMA transfers.
NAND device: Manufacturer ID: 0xec, Chip ID: 0xda (Samsung NAND 256MiB 3,3V 8-bit), 256MiB, page size: 2048, OOB size: 64
Scanning device for bad blocks
Bad eraseblock 371 at 0x000002e60000
Bad eraseblock 443 at 0x000003760000
Bad eraseblock 852 at 0x000006a80000
Bad eraseblock 891 at 0x000006f60000
Creating 2 MTD partitions on "atmel_nand":
0x000000000000-0x000002000000 : "System Images"
0x000002000000-0x000010000000 : "Root partitions"
phram: swap device: 0x1e00000 at 0x20000000
atmel_spi atmel_spi.1: Atmel SPI Controller at 0xfffa8000 (irq 31)
atmel_spi atmel_spi.1: master is unqueued, this is deprecated
lis3lv02d: 8 bits 3DC sensor found
input: ST LIS3LV02DL Accelerometer as /devices/platform/lis3lv02d/input/input0
tun: Universal TUN/TAP device driver, 1.6
tun: (C) 1999-2004 Max Krasnyansky <maxk@qualcomm.com>
CAN device driver interface
mcp251x spi1.0: probed
PPP generic driver version 2.4.2
PPP BSD Compression module registered
PPP Deflate Compression module registered
PPP MPPE Compression module registered
usbcore: registered new interface driver asix
ehci_hcd: USB 2.0 'Enhanced' Host Controller (EHCI) Driver
atmel-ehci atmel-ehci: Atmel EHCI UHP HS
atmel-ehci atmel-ehci: new USB bus registered, assigned bus number 1
atmel-ehci atmel-ehci: irq 38, io mem 0x00800000
atmel-ehci atmel-ehci: USB 2.0 started, EHCI 1.00
hub 1-0:1.0: USB hub found
hub 1-0:1.0: 2 ports detected
ohci_hcd: USB 1.1 'Open' Host Controller (OHCI) Driver
at91_ohci at91_ohci: AT91 OHCI
at91_ohci at91_ohci: new USB bus registered, assigned bus number 2
at91_ohci at91_ohci: irq 38, io mem 0x00700000
hub 2-0:1.0: USB hub found
hub 2-0:1.0: 2 ports detected
Initializing USB Mass Storage driver...
usbcore: registered new interface driver usb-storage
USB Mass Storage support registered.
mousedev: PS/2 mouse device common for all mice
rtc-at91sam9 rtc-at91sam9.0: rtc core: registered rtc-at91sam9 as rtc0
rtc-at91sam9 rtc-at91sam9.0: rtc0: SET TIME!
i2c /dev entries driver
usbcore: registered new interface driver uvcvideo
USB Video Class driver (1.1.1)
at91sam9_wdt: enabled (heartbeat=15 sec, nowayout=0)
atmel_aes atmel_aes: Atmel AES
atmel_tdes atmel_tdes: Atmel DES/TDES
atmel_sha atmel_sha: Atmel SHA1/SHA256
usb 1-1: new high-speed USB device number 2 using atmel-ehci
usbcore: registered new interface driver usbhid
usbhid: USB HID core driver
st_gyro: probe SUCCESS
usbcore: registered new interface driver snd-usb-audio
atmel_ac97c atmel_ac97c.0: Atmel AC97 controller at 0xc4898000, irq = 40
TCP: cubic registered
NET: Registered protocol family 17
can: controller area network core (rev 20120528 abi 9)
NET: Registered protocol family 29
can: raw protocol (rev 20120528)
can: broadcast manager protocol (rev 20120528 t)
can: netlink gateway (rev 20101209)
input: gpio-keys as /devices/platform/gpio-keys/input/input1
rtc-at91sam9 rtc-at91sam9.0: hctosys: unable to read the hardware clock
atmel_mci atmel_mci.0: version: 0x410
atmel_mci atmel_mci.0: using dma0chan3 for DMA transfers
atmel_mci atmel_mci.0: Atmel MCI controller at 0xfff80000 irq 27, 1 slots
ALSA device list:
  #0: Atmel AC97 controller
yaffs: dev is 32505857 name is "mtdblock1" rw
yaffs: passed flags "inband-tags,tags-ecc-off"
VFS: Mounted root (yaffs filesystem) on device 31:1.
Freeing init memory: 144K
asix 1-1:1.0 eth0: register 'asix' at usb-atmel-ehci-1, ASIX AX88772 USB 2.0 Ethernet, 00:00:00:00:12:b3
Adding 30716k swap on /dev/mtdblock2.  Priority:-1 extents:1 across:30716k SS
gps: creating command 4

Indigo Device_2_2 13
indigo-tracker login: rousb 1-1: USB disconnect, device number 2
asix 1-1:1.0 eth0: unregister 'asix' usb-atmel-ehci-1, ASIX AX88772 USB 2.0 Ethernet
otusb 1-1: new high-speed USB device number 3 using atmel-ehci

Password: asix 1-1:1.0 eth0: register 'asix' at usb-atmel-ehci-1, ASIX AX88772 USB 2.0 Ethernet, 00:00:00:00:12:b3

# 
# 
# dacat /etcTZ/tZTZ
MSK-3
# export killall efl-final
# export TZ=MSK-3
# 
# Techo $TZ
MSK-3
# cd /t/etc/oopt/lcd
# ls
buf.c                final2.edj           log.h
buf.h                gps-efl-wrapper.c    nohup.out
curl-efl-wrapper.c   gps-efl-wrapper.h    route-2.edj
curl-efl-wrapper.h   hello.edj            route-60.edj
efl-exhibition-demo  jsmn.c               route-74.edj
efl-final            jsmn.h               scroller.edj
exhibition.edj       json.c               timerclock-arm
final.c              json.h
final.h              log.c
# cd /etc/ldcdcd /etc
# cd init.
-sh: cd: can't cd to init.
# cd .init.
-sh: cd: can't cd to init.
# # cd init.d
# ls
S10init       S46vsftpd     at            mjpeg         shutdown
S20random     S90openvpn    battery       network       sound
S25pppd       S91sound      cbclogger     ntp           startup
S30battery    S95telnetd    dbus          openvpn       sysdaemon
S30dbus       S97gpsreader  gpsd          people        telnetd
S30piopins    S97people     gpsreader     piopins       video
S32sysdaemon  S97sender     gsmmux        pppd          vsftpd
S40network    S98recorder   init          random
S41gpsd       S99at         lcd           recorder
S43ntp        S99mjpeg      microhttpd    sender
# ./lcd
# nohup: appending output to nohup.out

# 
# 
# ls
S10init       S46vsftpd     at            mjpeg         shutdown
S20random     S90openvpn    battery       network       sound
S25pppd       S91sound      cbclogger     ntp           startup
S30battery    S95telnetd    dbus          openvpn       sysdaemon
S30dbus       S97gpsreader  gpsd          people        telnetd
S30piopins    S97people     gpsreader     piopins       video
S32sysdaemon  S97sender     gsmmux        pppd          vsftpd
S40network    S98recorder   init          random
S41gpsd       S99at         lcd           recorder
S43ntp        S99mjpeg      microhttpd    sender
# cp sttartup > statup.oirogigiigigirtup.origtup.orig
BusyBox v1.18.3 (2013-04-04 22:24:48 MSK) multi-call binary.

Usage: cp [OPTIONS] SOURCE DEST

Copy SOURCE to DEST, or multiple SOURCE(s) to DIRECTORY

Options:
	-a	Same as -dpR
	-R,-r	Recurse
	-d,-P	Preserve symlinks (default if -R)
	-L	Follow all symlinks
	-H	Follow symlinks on command line
	-p	Preserve file attributes if possible
	-f	Overwrite
	-i	Prompt before overwrite
	-l,-s	Create (sym)links

# # cp startup > startup.origstartup.origstartup.origstartup.orig
# vi statuprtup
#!/bin/sh

/etc/init.d/S10init start
/etc/init.d/S20random start
/etc/init.d/S41gpsd start &
#/etc/init.d/pppd start
/etc/init.d/gsmmux start
/etc/init.d/S30battery start &
/etc/init.d/S30piopins start &
/etc/init.d/S30dbus start
/etc/init.d/S32sysdaemon start
sleep 3
/etc/init.d/microhttpd start &
/etc/init.d/S40network start
/etc/init.d/telnetd start
/etc/init.d/S46vsftpd start &
/etc/init.d/S91sound &
/etc/init.d/S99at start &

/etc/init.d/lcd
~
~
~
~
~
~
~
~
~
~
~
~
~
~
~
~
~
~
~- startup 1/20 5%

                         10init start  20random start
/etc/init.d/S41gpsd start &
#/etc/init.d/pppd start gsmmux start      batterypiopins start &0dbus start     
/etc/init.d/S32sysdaemon start
sleep 3                       microhttpd start &S40network starttelnetd start    46vsftpd start &1sound &   
/etc/init.d/S99at start &
               
/etc/init.d/lcdI startup [Modified] 2/21 9%eeexexexpexpexpoexpoexportTZ=`ct at/et/ c/TZ`- startup [Modified] 2/21 9%:wq"startup" 21L, 476C# reboot
# Restarting system.þStart AT91Bootstrap...
bootstrap: reading nandflash
DDR2 configuration register is 0x39 01 00 00 
bootstrap: jumping to 0x73F00000


U-Boot 2010.09-00000-g32ac874 (Aug 07 2013 - 15:14:13)

DRAM:  64 MiB
## Unknown FLASH on Bank 1 - Size = 0x00000000 = 0 MB
Flash: 0 Bytes
NAND:  256 MiB
In:    serial
Out:   serial
Err:   serial
Hit any key to stop autoboot:  3  2  1  0 

NAND read: device 0 offset 0xa0000, size 0x200000
 2097152 bytes read: OK
## Booting kernel from Legacy Image at 70400000 ...
   Image Name:   Linux-3.8.13+
   Image Type:   ARM Linux Kernel Image (uncompressed)
   Data Size:    1736880 Bytes = 1.7 MiB
   Load Address: 70008000
   Entry Point:  70008000
   Verifying Checksum ... OK
   Loading Kernel Image ... OK
OK

Starting kernel ...

Uncompressing Linux... done, booting the kernel.
Booting Linux on physical CPU 0x0
Linux version 3.8.13+ (yury@nehalem) (gcc version 4.4.5 (indigo-ct-ng) ) #292 Mon Mar 17 20:06:36 MSK 2014
CPU: ARM926EJ-S [41069265] revision 5 (ARMv5TEJ), cr=00053177
CPU: VIVT data cache, VIVT instruction cache
Machine: Indigo Tracker 2.1
Memory policy: ECC disabled, Data cache writeback
AT91: Detected soc type: at91sam9g45
AT91: Detected soc subtype: Unknown
AT91: sram at 0x300000 of 0x10000 mapped at 0xfef68000
Clocks: CPU 400 MHz, master 133 MHz, main 12.000 MHz
Built 1 zonelists in Zone order, mobility grouping on.  Total pages: 16256
Kernel command line: console=ttyS0,115200 console=tty0 phram.phram=swap,0x20000000,30Mi root=/dev/mtdblock1 rootflags=inband-tags,tags-ecc-off
PID hash table entries: 256 (order: -2, 1024 bytes)
Dentry cache hash table entries: 8192 (order: 3, 32768 bytes)
Inode-cache hash table entries: 4096 (order: 2, 16384 bytes)
__ex_table already sorted, skipping sort
Memory: 64MB = 64MB total
Memory: 60188k/60188k available, 5348k reserved, 0K highmem
Virtual kernel memory layout:
    vector  : 0xffff0000 - 0xffff1000   (   4 kB)
    fixmap  : 0xfff00000 - 0xfffe0000   ( 896 kB)
    vmalloc : 0xc4800000 - 0xff000000   ( 936 MB)
    lowmem  : 0xc0000000 - 0xc4000000   (  64 MB)
    modules : 0xbf000000 - 0xc0000000   (  16 MB)
      .text : 0xc0008000 - 0xc04232bc   (4205 kB)
      .init : 0xc0424000 - 0xc0448e44   ( 148 kB)
      .data : 0xc044a000 - 0xc04885c0   ( 250 kB)
       .bss : 0xc04885c0 - 0xc04a0d48   (  98 kB)
SLUB: Genslabs=13, HWalign=32, Order=0-3, MinObjects=0, CPUs=1, Nodes=1
NR_IRQS:16 nr_irqs:16 16
AT91: 160 gpio irqs in 5 banks
sched_clock: 32 bits at 100 Hz, resolution 10000000ns, wraps every 4294967286ms
Console: colour dummy device 80x30
console [tty0] enabled
Calibrating delay loop... 199.06 BogoMIPS (lpj=995328)
pid_max: default: 32768 minimum: 301
Mount-cache hash table entries: 512
CPU: Testing write buffer coherency: ok
Setting up static identity map for 0x70304708 - 0x70304744
pinctrl core: initialized pinctrl subsystem
NET: Registered protocol family 16
DMA: preallocated 256 KiB pool for atomic coherent allocations
not enabling RS-485 transceiver, fix system_rev
gpio_keys: 7 many buttons
bio: create slab <bio-0> at 0
at_hdmac at91sam9g45_dma: Atmel AHB DMA Controller ( cpy slave ), 8 channels
SCSI subsystem initialized
usbcore: registered new interface driver usbfs
usbcore: registered new interface driver hub
usbcore: registered new device driver usb
Linux video capture interface: v2.00
Advanced Linux Sound Architecture Driver Initialized.
Switching to clocksource pit
NET: Registered protocol family 2
TCP established hash table entries: 512 (order: 0, 4096 bytes)
TCP bind hash table entries: 512 (order: -1, 2048 bytes)
TCP: Hash tables configured (established 512 bind 512)
TCP: reno registered
UDP hash table entries: 256 (order: 0, 4096 bytes)
UDP-Lite hash table entries: 256 (order: 0, 4096 bytes)
NET: Registered protocol family 1
msgmni has been set to 117
io scheduler noop registered (default)
io scheduler deadline registered
atmel_lcdfb atmel_lcdfb.0: 2048KiB frame buffer at 21e00000 (mapped at c4c00000)
Console: switching to colour frame buffer device 100x60
atmel_lcdfb atmel_lcdfb.0: fb0: Atmel LCDC at 0x00500000 (mapped at c4846000), irq 39
atmel_usart.0: ttyS0 at MMIO 0xffffee00 (irq = 17) is a ATMEL_SERIAL
console [ttyS0] enabled
atmel_usart.2: ttyS1 at MMIO 0xfff90000 (irq = 24) is a ATMEL_SERIAL
atmel_usart.3: ttyS2 at MMIO 0xfff94000 (irq = 25) is a ATMEL_SERIAL
atmel_usart.1: ttyS3 at MMIO 0xfff8c000 (irq = 23) is a ATMEL_SERIAL
atmel_usart.4: ttyS4 at MMIO 0xfff98000 (irq = 26) is a ATMEL_SERIAL
brd: module loaded
loop: module loaded
adding device NV08C-CSM GNSS
indigo gpioperiph: gps peripheral NV08C-CSM GNSS added
adding device BQ24032a
indigo gpioperiph: power peripheral BQ24032a added
adding device Sim900 GSM
gsm: creating command 1
indigo gpioperiph: gsm peripheral Sim900 GSM added
adding device io pins groupped together
indigo gpioperiph: io peripheral io pins groupped together added
atmel_nand atmel_nand: Using dma0chan0 for DMA transfers.
NAND device: Manufacturer ID: 0xec, Chip ID: 0xda (Samsung NAND 256MiB 3,3V 8-bit), 256MiB, page size: 2048, OOB size: 64
Scanning device for bad blocks
Bad eraseblock 371 at 0x000002e60000
Bad eraseblock 443 at 0x000003760000
Bad eraseblock 852 at 0x000006a80000
Bad eraseblock 891 at 0x000006f60000
Creating 2 MTD partitions on "atmel_nand":
0x000000000000-0x000002000000 : "System Images"
0x000002000000-0x000010000000 : "Root partitions"
phram: swap device: 0x1e00000 at 0x20000000
atmel_spi atmel_spi.1: Atmel SPI Controller at 0xfffa8000 (irq 31)
atmel_spi atmel_spi.1: master is unqueued, this is deprecated
lis3lv02d: 8 bits 3DC sensor found
input: ST LIS3LV02DL Accelerometer as /devices/platform/lis3lv02d/input/input0
tun: Universal TUN/TAP device driver, 1.6
tun: (C) 1999-2004 Max Krasnyansky <maxk@qualcomm.com>
CAN device driver interface
mcp251x spi1.0: probed
PPP generic driver version 2.4.2
PPP BSD Compression module registered
PPP Deflate Compression module registered
PPP MPPE Compression module registered
usbcore: registered new interface driver asix
ehci_hcd: USB 2.0 'Enhanced' Host Controller (EHCI) Driver
atmel-ehci atmel-ehci: Atmel EHCI UHP HS
atmel-ehci atmel-ehci: new USB bus registered, assigned bus number 1
atmel-ehci atmel-ehci: irq 38, io mem 0x00800000
atmel-ehci atmel-ehci: USB 2.0 started, EHCI 1.00
hub 1-0:1.0: USB hub found
hub 1-0:1.0: 2 ports detected
ohci_hcd: USB 1.1 'Open' Host Controller (OHCI) Driver
at91_ohci at91_ohci: AT91 OHCI
at91_ohci at91_ohci: new USB bus registered, assigned bus number 2
at91_ohci at91_ohci: irq 38, io mem 0x00700000
hub 2-0:1.0: USB hub found
hub 2-0:1.0: 2 ports detected
Initializing USB Mass Storage driver...
usbcore: registered new interface driver usb-storage
USB Mass Storage support registered.
mousedev: PS/2 mouse device common for all mice
rtc-at91sam9 rtc-at91sam9.0: rtc core: registered rtc-at91sam9 as rtc0
rtc-at91sam9 rtc-at91sam9.0: rtc0: SET TIME!
i2c /dev entries driver
usbcore: registered new interface driver uvcvideo
USB Video Class driver (1.1.1)
at91sam9_wdt: enabled (heartbeat=15 sec, nowayout=0)
atmel_aes atmel_aes: Atmel AES
atmel_tdes atmel_tdes: Atmel DES/TDES
atmel_sha atmel_sha: Atmel SHA1/SHA256
usbcore: registered new interface driver usbhid
usbhid: USB HID core driver
st_gyro: probe SUCCESS
usbcore: registered new interface driver snd-usb-audio
atmel_ac97c atmel_ac97c.0: Atmel AC97 controller at 0xc4898000, irq = 40
TCP: cubic registered
NET: Registered protocol family 17
can: controller area network core (rev 20120528 abi 9)
NET: Registered protocol family 29
can: raw protocol (rev 20120528)
can: broadcast manager protocol (rev 20120528 t)
can: netlink gateway (rev 20101209)
usb 2-1: new full-speed USB device number 2 using at91_ohci
input: gpio-keys as /devices/platform/gpio-keys/input/input1
rtc-at91sam9 rtc-at91sam9.0: hctosys: unable to read the hardware clock
atmel_mci atmel_mci.0: version: 0x410
atmel_mci atmel_mci.0: using dma0chan3 for DMA transfers
atmel_mci atmel_mci.0: Atmel MCI controller at 0xfff80000 irq 27, 1 slots
ALSA device list:
  #0: Atmel AC97 controller
yaffs: dev is 32505857 name is "mtdblock1" rw
yaffs: passed flags "inband-tags,tags-ecc-off"
usb 2-1: not running at top speed; connect to a high speed hub
VFS: Mounted root (yaffs filesystem) on device 31:1.
Freeing init memory: 144K
usb 2-1: config 1 has an invalid descriptor of length 0, skipping remainder of the config
usb 2-1: config 1 interface 0 altsetting 0 has an invalid endpoint with address 0x41, skipping
usb 2-1: config 1 interface 0 altsetting 0 has 3 endpoint descriptors, different from the interface descriptor's value: 5
Adding 30716k swap on /dev/mtdblock2.  Priority:-1 extents:1 across:30716k SS
gps: creating command 4

Indigo Device_2_2 13
indigo-tracker login: root
Password: 
# cat /etc/rev# cat /etc/revision 
root 279226c8e8bf7eb73e67ca57a2f33bffdba2b6ab
# 
# 
# pping 192.168.1.150
PING 192.168.1.150 (192.168.1.150): 56 data bytes

--- 192.168.1.150 ping statistics ---
1 packets transmitted, 0 packets received, 100% packet loss
# # ping 192.168.1.1507.150.150
PING 192.168.17.150 (192.168.17.150): 56 data bytes

--- 192.168.17.150 ping statistics ---
1 packets transmitted, 0 packets received, 100% packet loss
# # ping 192.168.17.1505
PING 192.168.17.155 (192.168.17.155): 56 data bytes

--- 192.168.17.155 ping statistics ---
1 packets transmitted, 0 packets received, 100% packet loss
# reboot
# Restarting system.þStart AT91Bootstrap...
bootstrap: reading nandflash
DDR2 configuration register is 0x39 01 00 00 
bootstrap: jumping to 0x73F00000


U-Boot 2010.09-00000-g32ac874 (Aug 07 2013 - 15:14:13)

DRAM:  64 MiB
## Unknown FLASH on Bank 1 - Size = 0x00000000 = 0 MB
Flash: 0 Bytes
NAND:  256 MiB
In:    serial
Out:   serial
Err:   serial
Hit any key to stop autoboot:  3  2  1  0 

NAND read: device 0 offset 0xa0000, size 0x200000
 2097152 bytes read: OK
## Booting kernel from Legacy Image at 70400000 ...
   Image Name:   Linux-3.8.13+
   Image Type:   ARM Linux Kernel Image (uncompressed)
   Data Size:    1736880 Bytes = 1.7 MiB
   Load Address: 70008000
   Entry Point:  70008000
   Verifying Checksum ... OK
   Loading Kernel Image ... OK
OK

Starting kernel ...

Uncompressing Linux... done, booting the kernel.
Booting Linux on physical CPU 0x0
Linux version 3.8.13+ (yury@nehalem) (gcc version 4.4.5 (indigo-ct-ng) ) #292 Mon Mar 17 20:06:36 MSK 2014
CPU: ARM926EJ-S [41069265] revision 5 (ARMv5TEJ), cr=00053177
CPU: VIVT data cache, VIVT instruction cache
Machine: Indigo Tracker 2.1
Memory policy: ECC disabled, Data cache writeback
AT91: Detected soc type: at91sam9g45
AT91: Detected soc subtype: Unknown
AT91: sram at 0x300000 of 0x10000 mapped at 0xfef68000
Clocks: CPU 400 MHz, master 133 MHz, main 12.000 MHz
Built 1 zonelists in Zone order, mobility grouping on.  Total pages: 16256
Kernel command line: console=ttyS0,115200 console=tty0 phram.phram=swap,0x20000000,30Mi root=/dev/mtdblock1 rootflags=inband-tags,tags-ecc-off
PID hash table entries: 256 (order: -2, 1024 bytes)
Dentry cache hash table entries: 8192 (order: 3, 32768 bytes)
Inode-cache hash table entries: 4096 (order: 2, 16384 bytes)
__ex_table already sorted, skipping sort
Memory: 64MB = 64MB total
Memory: 60188k/60188k available, 5348k reserved, 0K highmem
Virtual kernel memory layout:
    vector  : 0xffff0000 - 0xffff1000   (   4 kB)
    fixmap  : 0xfff00000 - 0xfffe0000   ( 896 kB)
    vmalloc : 0xc4800000 - 0xff000000   ( 936 MB)
    lowmem  : 0xc0000000 - 0xc4000000   (  64 MB)
    modules : 0xbf000000 - 0xc0000000   (  16 MB)
      .text : 0xc0008000 - 0xc04232bc   (4205 kB)
      .init : 0xc0424000 - 0xc0448e44   ( 148 kB)
      .data : 0xc044a000 - 0xc04885c0   ( 250 kB)
       .bss : 0xc04885c0 - 0xc04a0d48   (  98 kB)
SLUB: Genslabs=13, HWalign=32, Order=0-3, MinObjects=0, CPUs=1, Nodes=1
NR_IRQS:16 nr_irqs:16 16
AT91: 160 gpio irqs in 5 banks
sched_clock: 32 bits at 100 Hz, resolution 10000000ns, wraps every 4294967286ms
Console: colour dummy device 80x30
console [tty0] enabled
Calibrating delay loop... 199.06 BogoMIPS (lpj=995328)
pid_max: default: 32768 minimum: 301
Mount-cache hash table entries: 512
CPU: Testing write buffer coherency: ok
Setting up static identity map for 0x70304708 - 0x70304744
pinctrl core: initialized pinctrl subsystem
NET: Registered protocol family 16
DMA: preallocated 256 KiB pool for atomic coherent allocations
not enabling RS-485 transceiver, fix system_rev
gpio_keys: 7 many buttons
bio: create slab <bio-0> at 0
at_hdmac at91sam9g45_dma: Atmel AHB DMA Controller ( cpy slave ), 8 channels
SCSI subsystem initialized
usbcore: registered new interface driver usbfs
usbcore: registered new interface driver hub
usbcore: registered new device driver usb
Linux video capture interface: v2.00
Advanced Linux Sound Architecture Driver Initialized.
Switching to clocksource pit
NET: Registered protocol family 2
TCP established hash table entries: 512 (order: 0, 4096 bytes)
TCP bind hash table entries: 512 (order: -1, 2048 bytes)
TCP: Hash tables configured (established 512 bind 512)
TCP: reno registered
UDP hash table entries: 256 (order: 0, 4096 bytes)
UDP-Lite hash table entries: 256 (order: 0, 4096 bytes)
NET: Registered protocol family 1
msgmni has been set to 117
io scheduler noop registered (default)
io scheduler deadline registered
atmel_lcdfb atmel_lcdfb.0: 2048KiB frame buffer at 21e00000 (mapped at c4c00000)
Console: switching to colour frame buffer device 100x60
atmel_lcdfb atmel_lcdfb.0: fb0: Atmel LCDC at 0x00500000 (mapped at c4846000), irq 39
atmel_usart.0: ttyS0 at MMIO 0xffffee00 (irq = 17) is a ATMEL_SERIAL
console [ttyS0] enabled
atmel_usart.2: ttyS1 at MMIO 0xfff90000 (irq = 24) is a ATMEL_SERIAL
atmel_usart.3: ttyS2 at MMIO 0xfff94000 (irq = 25) is a ATMEL_SERIAL
atmel_usart.1: ttyS3 at MMIO 0xfff8c000 (irq = 23) is a ATMEL_SERIAL
atmel_usart.4: ttyS4 at MMIO 0xfff98000 (irq = 26) is a ATMEL_SERIAL
brd: module loaded
loop: module loaded
adding device NV08C-CSM GNSS
indigo gpioperiph: gps peripheral NV08C-CSM GNSS added
adding device BQ24032a
indigo gpioperiph: power peripheral BQ24032a added
adding device Sim900 GSM
gsm: creating command 1
indigo gpioperiph: gsm peripheral Sim900 GSM added
adding device io pins groupped together
indigo gpioperiph: io peripheral io pins groupped together added
atmel_nand atmel_nand: Using dma0chan0 for DMA transfers.
NAND device: Manufacturer ID: 0xec, Chip ID: 0xda (Samsung NAND 256MiB 3,3V 8-bit), 256MiB, page size: 2048, OOB size: 64
Scanning device for bad blocks
Bad eraseblock 371 at 0x000002e60000
Bad eraseblock 443 at 0x000003760000
Bad eraseblock 852 at 0x000006a80000
Bad eraseblock 891 at 0x000006f60000
Creating 2 MTD partitions on "atmel_nand":
0x000000000000-0x000002000000 : "System Images"
0x000002000000-0x000010000000 : "Root partitions"
phram: swap device: 0x1e00000 at 0x20000000
atmel_spi atmel_spi.1: Atmel SPI Controller at 0xfffa8000 (irq 31)
atmel_spi atmel_spi.1: master is unqueued, this is deprecated
lis3lv02d: 8 bits 3DC sensor found
input: ST LIS3LV02DL Accelerometer as /devices/platform/lis3lv02d/input/input0
tun: Universal TUN/TAP device driver, 1.6
tun: (C) 1999-2004 Max Krasnyansky <maxk@qualcomm.com>
CAN device driver interface
mcp251x spi1.0: probed
PPP generic driver version 2.4.2
PPP BSD Compression module registered
PPP Deflate Compression module registered
PPP MPPE Compression module registered
usbcore: registered new interface driver asix
ehci_hcd: USB 2.0 'Enhanced' Host Controller (EHCI) Driver
atmel-ehci atmel-ehci: Atmel EHCI UHP HS
atmel-ehci atmel-ehci: new USB bus registered, assigned bus number 1
atmel-ehci atmel-ehci: irq 38, io mem 0x00800000
atmel-ehci atmel-ehci: USB 2.0 started, EHCI 1.00
hub 1-0:1.0: USB hub found
hub 1-0:1.0: 2 ports detected
ohci_hcd: USB 1.1 'Open' Host Controller (OHCI) Driver
at91_ohci at91_ohci: AT91 OHCI
at91_ohci at91_ohci: new USB bus registered, assigned bus number 2
at91_ohci at91_ohci: irq 38, io mem 0x00700000
hub 2-0:1.0: USB hub found
hub 2-0:1.0: 2 ports detected
Initializing USB Mass Storage driver...
usbcore: registered new interface driver usb-storage
USB Mass Storage support registered.
mousedev: PS/2 mouse device common for all mice
rtc-at91sam9 rtc-at91sam9.0: rtc core: registered rtc-at91sam9 as rtc0
rtc-at91sam9 rtc-at91sam9.0: rtc0: SET TIME!
i2c /dev entries driver
usbcore: registered new interface driver uvcvideo
USB Video Class driver (1.1.1)
at91sam9_wdt: enabled (heartbeat=15 sec, nowayout=0)
atmel_aes atmel_aes: Atmel AES
atmel_tdes atmel_tdes: Atmel DES/TDES
atmel_sha atmel_sha: Atmel SHA1/SHA256
usb 1-1: new high-speed USB device number 2 using atmel-ehci
usbcore: registered new interface driver usbhid
usbhid: USB HID core driver
st_gyro: probe SUCCESS
usbcore: registered new interface driver snd-usb-audio
atmel_ac97c atmel_ac97c.0: Atmel AC97 controller at 0xc4898000, irq = 40
TCP: cubic registered
NET: Registered protocol family 17
can: controller area network core (rev 20120528 abi 9)
NET: Registered protocol family 29
can: raw protocol (rev 20120528)
can: broadcast manager protocol (rev 20120528 t)
can: netlink gateway (rev 20101209)
input: gpio-keys as /devices/platform/gpio-keys/input/input1
rtc-at91sam9 rtc-at91sam9.0: hctosys: unable to read the hardware clock
atmel_mci atmel_mci.0: version: 0x410
atmel_mci atmel_mci.0: using dma0chan3 for DMA transfers
atmel_mci atmel_mci.0: Atmel MCI controller at 0xfff80000 irq 27, 1 slots
ALSA device list:
  #0: Atmel AC97 controller
yaffs: dev is 32505857 name is "mtdblock1" rw
yaffs: passed flags "inband-tags,tags-ecc-off"
VFS: Mounted root (yaffs filesystem) on device 31:1.
Freeing init memory: 144K
asix 1-1:1.0 eth0: register 'asix' at usb-atmel-ehci-1, ASIX AX88772 USB 2.0 Ethernet, 00:00:00:00:12:b3
Adding 30716k swap on /dev/mtdblock2.  Priority:-1 extents:1 across:30716k SS
gps: creating command 4
asix 1-1:1.0 eth0: link down
asix 1-1:1.0 eth0: link up, 100Mbps, full-duplex, lpa 0xCDE1

Indigo Device_2_2 13
indigo-tracker login: root
Password: 
# ifconfig
eth0      Link encap:Ethernet  HWaddr 00:00:00:00:12:B3  
          inet addr:192.168.17.155  Bcast:192.168.17.255  Mask:255.255.255.0
          UP BROADCAST RUNNING MULTICAST  MTU:1500  Metric:1
          RX packets:6 errors:0 dropped:0 overruns:0 frame:0
          TX packets:0 errors:0 dropped:0 overruns:0 carrier:0
          collisions:0 txqueuelen:1000 
          RX bytes:844 (844.0 B)  TX bytes:0 (0.0 B)

lo        Link encap:Local Loopback  
          inet addr:127.0.0.1  Mask:255.0.0.0
          UP LOOPBACK RUNNING  MTU:65536  Metric:1
          RX packets:152 errors:0 dropped:0 overruns:0 frame:0
          TX packets:152 errors:0 dropped:0 overruns:0 carrier:0
          collisions:0 txqueuelen:0 
          RX bytes:13444 (13.1 KiB)  TX bytes:13444 (13.1 KiB)

ppp0      Link encap:Point-to-Point Protocol  
          inet addr:10.102.82.74  P-t-P:192.200.1.21  Mask:255.255.255.255
          UP POINTOPOINT RUNNING NOARP MULTICAST  MTU:1500  Metric:1
          RX packets:73 errors:0 dropped:0 overruns:0 frame:0
          TX packets:91 errors:0 dropped:0 overruns:0 carrier:0
          collisions:0 txqueuelen:3 
          RX bytes:11145 (10.8 KiB)  TX bytes:7616 (7.4 KiB)

# ping 192.168.17.150
PING 192.168.17.150 (192.168.17.150): 56 data bytes
64 bytes from 192.168.17.150: seq=0 ttl=64 time=1.682 ms

--- 192.168.17.150 ping statistics ---
1 packets transmitted, 1 packets received, 0% packet loss
round-trip min/avg/max = 1.682/1.682/1.682 ms
# warning: `vsftpd' uses 32-bit capabilities (legacy support in use)
cd /et
-sh: cd: can't cd to /et
# cd /etc
# mv TZ# mv TZ
TZ       TZ.orig
# mv TZ.orig TZ
# cd /etinit.d
# mv startup.orig startup
# cd /opt
# ls
279226c-af6feac.installed
5cb5ff7-d971cc0-ntp.installed
7a34a77-5cb5ff7-sender-hotfix.installed
Acpg
abeb69e-84a1892.loading.tar.gz
af6feac-7a34a77.installed
battery
battery-arm
can
cbclogger-arm
d971cc0-7a11103-sender-update.installed
debug-sample-0A.txt
events.db
feel-arm
gps.db
gpsreader-arm
gsmmux-arm
input_uvc.so
key.txt
lcd
logitech.xml
logs.db
microhttpd
mjpeg
mjpg_streamer
modbus-relay
modbus-tester
output_file.so
output_http.so
people-arm
recorder-arm
relay
ridership.db
rs485-tester
samplecollector-arm
samples
script_events.sql
script_gps.sql
script_logging.sql
script_people.sql
sender
sender-arm
sender.cpp
syncher.sh
sysdaemon-arm
# mv a# mv a
abeb69e-84a1892.loading.tar.gz  af6feac-7a34a77.installed
# mv a
abeb69e-84a1892.loading.tar.gz  af6feac-7a34a77.installed
# mv ab# mv abeb69e-84a1892.loading.tar.gz abeb.ready.tar.gz
# wtatch ls
Every 2s: ls                                                2014-11-07 18:02:20

279226c-af6feac.installed
5cb5ff7-d971cc0-ntp.installed
7a34a77-5cb5ff7-sender-hotfix.installed
Acpg
abeb.ready.tar.gz
af6feac-7a34a77.installed
battery
battery-arm
can
cbclogger-arm
d971cc0-7a11103-sender-update.installed
debug-sample-0A.txt
events.db
feel-arm
gps.db
gpsreader-arm
gsmmux-arm
input_uvc.so
key.txt
lcd
logitech.xml
logs.db
microhttpd
mjpeg
mjpg_streamer
modbus-relay
modbus-tester
output_file.so
output_http.so
people-arm
recorder-arm
relay
ridership.db
rs485-tester
samplecollector-arm
samples
script_events.sql
script_gps.sql
script_logging.sql
script_people.sql
sender
sender-arm
sender.cpp
syncher.sh
sysdaemon-arm

# ls
279226c-af6feac.installed
5cb5ff7-d971cc0-ntp.installed
7a34a77-5cb5ff7-sender-hotfix.installed
Acpg
abeb.ready.tar.gz
af6feac-7a34a77.installed
battery
battery-arm
can
cbclogger-arm
d971cc0-7a11103-sender-update.installed
debug-sample-0A.txt
events.db
feel-arm
gps.db
gpsreader-arm
gsmmux-arm
input_uvc.so
key.txt
lcd
logitech.xml
logs.db
microhttpd
mjpeg
mjpg_streamer
modbus-relay
modbus-tester
output_file.so
output_http.so
people-arm
recorder-arm
relay
ridership.db
rs485-tester
samplecollector-arm
samples
script_events.sql
script_gps.sql
script_logging.sql
script_people.sql
sender
sender-arm
sender.cpp
syncher.sh
sysdaemon-arm
# watch ls *.ls 
279226c-af6feac.installed
5cb5ff7-d971cc0-ntp.installed
7a34a77-5cb5ff7-sender-hotfix.installed
Acpg
abeb.ready.tar.gz
af6feac-7a34a77.installed
battery
battery-arm
can
cbclogger-arm
d971cc0-7a11103-sender-update.installed
debug-sample-0A.txt
events.db
feel-arm
gps.db
gpsreader-arm
gsmmux-arm
input_uvc.so
key.txt
lcd
logitech.xml
logs.db
microhttpd
mjpeg
mjpg_streamer
modbus-relay
modbus-tester
output_file.so
output_http.so
people-arm
recorder-arm
relay
ridership.db
rs485-tester
samplecollector-arm
samples
script_events.sql
script_gps.sql
script_logging.sql
script_people.sql
sender
sender-arm
sender.cpp
syncher.sh
sysdaemon-arm
# 
# 
# cat /etc/rev# cat /etc/revision 
root abeb69efb4b377960e4fc6007fb8ac74d4d9d5cc
# reboot
# Restarting system.þStart AT91Bootstrap...
bootstrap: reading nandflash
DDR2 configuration register is 0x39 01 00 00 
bootstrap: jumping to 0x73F00000


U-Boot 2010.09-00000-g32ac874 (Aug 07 2013 - 15:14:13)

DRAM:  64 MiB
## Unknown FLASH on Bank 1 - Size = 0x00000000 = 0 MB
Flash: 0 Bytes
NAND:  256 MiB
In:    serial
Out:   serial
Err:   serial
Hit any key to stop autoboot:  3  2  1  0 

NAND read: device 0 offset 0xa0000, size 0x200000
 2097152 bytes read: OK
## Booting kernel from Legacy Image at 70400000 ...
   Image Name:   Linux-3.8.13+
   Image Type:   ARM Linux Kernel Image (uncompressed)
   Data Size:    1736880 Bytes = 1.7 MiB
   Load Address: 70008000
   Entry Point:  70008000
   Verifying Checksum ... OK
   Loading Kernel Image ... OK
OK

Starting kernel ...

Uncompressing Linux... done, booting the kernel.
Booting Linux on physical CPU 0x0
Linux version 3.8.13+ (yury@nehalem) (gcc version 4.4.5 (indigo-ct-ng) ) #292 Mon Mar 17 20:06:36 MSK 2014
CPU: ARM926EJ-S [41069265] revision 5 (ARMv5TEJ), cr=00053177
CPU: VIVT data cache, VIVT instruction cache
Machine: Indigo Tracker 2.1
Memory policy: ECC disabled, Data cache writeback
AT91: Detected soc type: at91sam9g45
AT91: Detected soc subtype: Unknown
AT91: sram at 0x300000 of 0x10000 mapped at 0xfef68000
Clocks: CPU 400 MHz, master 133 MHz, main 12.000 MHz
Built 1 zonelists in Zone order, mobility grouping on.  Total pages: 16256
Kernel command line: console=ttyS0,115200 console=tty0 phram.phram=swap,0x20000000,30Mi root=/dev/mtdblock1 rootflags=inband-tags,tags-ecc-off
PID hash table entries: 256 (order: -2, 1024 bytes)
Dentry cache hash table entries: 8192 (order: 3, 32768 bytes)
Inode-cache hash table entries: 4096 (order: 2, 16384 bytes)
__ex_table already sorted, skipping sort
Memory: 64MB = 64MB total
Memory: 60188k/60188k available, 5348k reserved, 0K highmem
Virtual kernel memory layout:
    vector  : 0xffff0000 - 0xffff1000   (   4 kB)
    fixmap  : 0xfff00000 - 0xfffe0000   ( 896 kB)
    vmalloc : 0xc4800000 - 0xff000000   ( 936 MB)
    lowmem  : 0xc0000000 - 0xc4000000   (  64 MB)
    modules : 0xbf000000 - 0xc0000000   (  16 MB)
      .text : 0xc0008000 - 0xc04232bc   (4205 kB)
      .init : 0xc0424000 - 0xc0448e44   ( 148 kB)
      .data : 0xc044a000 - 0xc04885c0   ( 250 kB)
       .bss : 0xc04885c0 - 0xc04a0d48   (  98 kB)
SLUB: Genslabs=13, HWalign=32, Order=0-3, MinObjects=0, CPUs=1, Nodes=1
NR_IRQS:16 nr_irqs:16 16
AT91: 160 gpio irqs in 5 banks
sched_clock: 32 bits at 100 Hz, resolution 10000000ns, wraps every 4294967286ms
Console: colour dummy device 80x30
console [tty0] enabled
Calibrating delay loop... 199.06 BogoMIPS (lpj=995328)
pid_max: default: 32768 minimum: 301
Mount-cache hash table entries: 512
CPU: Testing write buffer coherency: ok
Setting up static identity map for 0x70304708 - 0x70304744
pinctrl core: initialized pinctrl subsystem
NET: Registered protocol family 16
DMA: preallocated 256 KiB pool for atomic coherent allocations
not enabling RS-485 transceiver, fix system_rev
gpio_keys: 7 many buttons
bio: create slab <bio-0> at 0
at_hdmac at91sam9g45_dma: Atmel AHB DMA Controller ( cpy slave ), 8 channels
SCSI subsystem initialized
usbcore: registered new interface driver usbfs
usbcore: registered new interface driver hub
usbcore: registered new device driver usb
Linux video capture interface: v2.00
Advanced Linux Sound Architecture Driver Initialized.
Switching to clocksource pit
NET: Registered protocol family 2
TCP established hash table entries: 512 (order: 0, 4096 bytes)
TCP bind hash table entries: 512 (order: -1, 2048 bytes)
TCP: Hash tables configured (established 512 bind 512)
TCP: reno registered
UDP hash table entries: 256 (order: 0, 4096 bytes)
UDP-Lite hash table entries: 256 (order: 0, 4096 bytes)
NET: Registered protocol family 1
msgmni has been set to 117
io scheduler noop registered (default)
io scheduler deadline registered
atmel_lcdfb atmel_lcdfb.0: 2048KiB frame buffer at 21e00000 (mapped at c4c00000)
Console: switching to colour frame buffer device 100x60
atmel_lcdfb atmel_lcdfb.0: fb0: Atmel LCDC at 0x00500000 (mapped at c4846000), irq 39
atmel_usart.0: ttyS0 at MMIO 0xffffee00 (irq = 17) is a ATMEL_SERIAL
console [ttyS0] enabled
atmel_usart.2: ttyS1 at MMIO 0xfff90000 (irq = 24) is a ATMEL_SERIAL
atmel_usart.3: ttyS2 at MMIO 0xfff94000 (irq = 25) is a ATMEL_SERIAL
atmel_usart.1: ttyS3 at MMIO 0xfff8c000 (irq = 23) is a ATMEL_SERIAL
atmel_usart.4: ttyS4 at MMIO 0xfff98000 (irq = 26) is a ATMEL_SERIAL
brd: module loaded
loop: module loaded
adding device NV08C-CSM GNSS
indigo gpioperiph: gps peripheral NV08C-CSM GNSS added
adding device BQ24032a
indigo gpioperiph: power peripheral BQ24032a added
adding device Sim900 GSM
gsm: creating command 1
indigo gpioperiph: gsm peripheral Sim900 GSM added
adding device io pins groupped together
indigo gpioperiph: io peripheral io pins groupped together added
atmel_nand atmel_nand: Using dma0chan0 for DMA transfers.
NAND device: Manufacturer ID: 0xec, Chip ID: 0xda (Samsung NAND 256MiB 3,3V 8-bit), 256MiB, page size: 2048, OOB size: 64
Scanning device for bad blocks
Bad eraseblock 371 at 0x000002e60000
Bad eraseblock 443 at 0x000003760000
Bad eraseblock 852 at 0x000006a80000
Bad eraseblock 891 at 0x000006f60000
Creating 2 MTD partitions on "atmel_nand":
0x000000000000-0x000002000000 : "System Images"
0x000002000000-0x000010000000 : "Root partitions"
phram: swap device: 0x1e00000 at 0x20000000
atmel_spi atmel_spi.1: Atmel SPI Controller at 0xfffa8000 (irq 31)
atmel_spi atmel_spi.1: master is unqueued, this is deprecated
lis3lv02d: 8 bits 3DC sensor found
input: ST LIS3LV02DL Accelerometer as /devices/platform/lis3lv02d/input/input0
tun: Universal TUN/TAP device driver, 1.6
tun: (C) 1999-2004 Max Krasnyansky <maxk@qualcomm.com>
CAN device driver interface
mcp251x spi1.0: probed
PPP generic driver version 2.4.2
PPP BSD Compression module registered
PPP Deflate Compression module registered
PPP MPPE Compression module registered
usbcore: registered new interface driver asix
ehci_hcd: USB 2.0 'Enhanced' Host Controller (EHCI) Driver
atmel-ehci atmel-ehci: Atmel EHCI UHP HS
atmel-ehci atmel-ehci: new USB bus registered, assigned bus number 1
atmel-ehci atmel-ehci: irq 38, io mem 0x00800000
atmel-ehci atmel-ehci: USB 2.0 started, EHCI 1.00
hub 1-0:1.0: USB hub found
hub 1-0:1.0: 2 ports detected
ohci_hcd: USB 1.1 'Open' Host Controller (OHCI) Driver
at91_ohci at91_ohci: AT91 OHCI
at91_ohci at91_ohci: new USB bus registered, assigned bus number 2
at91_ohci at91_ohci: irq 38, io mem 0x00700000
hub 2-0:1.0: USB hub found
hub 2-0:1.0: 2 ports detected
Initializing USB Mass Storage driver...
usbcore: registered new interface driver usb-storage
USB Mass Storage support registered.
mousedev: PS/2 mouse device common for all mice
rtc-at91sam9 rtc-at91sam9.0: rtc core: registered rtc-at91sam9 as rtc0
rtc-at91sam9 rtc-at91sam9.0: rtc0: SET TIME!
i2c /dev entries driver
usbcore: registered new interface driver uvcvideo
USB Video Class driver (1.1.1)
at91sam9_wdt: enabled (heartbeat=15 sec, nowayout=0)
atmel_aes atmel_aes: Atmel AES
atmel_tdes atmel_tdes: Atmel DES/TDES
atmel_sha atmel_sha: Atmel SHA1/SHA256
usb 1-1: new high-speed USB device number 2 using atmel-ehci
usbcore: registered new interface driver usbhid
usbhid: USB HID core driver
st_gyro: probe SUCCESS
usbcore: registered new interface driver snd-usb-audio
atmel_ac97c atmel_ac97c.0: Atmel AC97 controller at 0xc4898000, irq = 40
TCP: cubic registered
NET: Registered protocol family 17
can: controller area network core (rev 20120528 abi 9)
NET: Registered protocol family 29
can: raw protocol (rev 20120528)
can: broadcast manager protocol (rev 20120528 t)
can: netlink gateway (rev 20101209)
input: gpio-keys as /devices/platform/gpio-keys/input/input1
rtc-at91sam9 rtc-at91sam9.0: hctosys: unable to read the hardware clock
atmel_mci atmel_mci.0: version: 0x410
atmel_mci atmel_mci.0: using dma0chan3 for DMA transfers
atmel_mci atmel_mci.0: Atmel MCI controller at 0xfff80000 irq 27, 1 slots
ALSA device list:
  #0: Atmel AC97 controller
yaffs: dev is 32505857 name is "mtdblock1" rw
yaffs: passed flags "inband-tags,tags-ecc-off"
VFS: Mounted root (yaffs filesystem) on device 31:1.
Freeing init memory: 144K
asix 1-1:1.0 eth0: register 'asix' at usb-atmel-ehci-1, ASIX AX88772 USB 2.0 Ethernet, 00:00:00:00:12:b3
Adding 30716k swap on /dev/mtdblock2.  Priority:-1 extents:1 across:30716k SS
gps: creating command 4
asix 1-1:1.0 eth0: link down
asix 1-1:1.0 eth0: link up, 100Mbps, full-duplex, lpa 0xCDE1

Indigo Device_2_2 13
indigo-tracker login: root
Password: 
# warning: `vsftpd' uses 32-bit capabilities (legacy support in use)