Feb 29 13:44:01 indigo-tracker cron.info crond[421]: crond: USER root pid 3689 cmd /etc/cron/check_updates.sh
Feb 29 13:45:01 indigo-tracker cron.info crond[421]: crond: USER root pid 3703 cmd /etc/cron/check_ntp
Feb 29 13:45:01 indigo-tracker cron.info crond[421]: crond: USER root pid 3704 cmd /etc/cron/check_updates.sh
Feb 29 13:45:02 indigo-tracker user.notice root: Current time is valid
Feb 29 13:45:51 indigo-tracker daemon.info init: process '/sbin/getty -L ttyS0 115200' (pid 3600) exited. Scheduling for restart.
Feb 29 13:45:51 indigo-tracker daemon.info init: starting pid 3720, tty '/dev/ttyS0': '/sbin/getty -L ttyS0 115200'
Feb 29 13:45:52 indigo-tracker daemon.info init: process '/sbin/getty -L ttyS0 115200' (pid 3720) exited. Scheduling for restart.
Feb 29 13:45:52 indigo-tracker daemon.info init: starting pid 3721, tty '/dev/ttyS0': '/sbin/getty -L ttyS0 115200'
Feb 29 13:45:53 indigo-tracker daemon.info init: process '/sbin/getty -L ttyS0 115200' (pid 3721) exited. Scheduling for restart.
Feb 29 13:45:53 indigo-tracker daemon.info init: starting pid 3722, tty '/dev/ttyS0': '/sbin/getty -L ttyS0 115200'
Feb 29 13:46:01 indigo-tracker cron.info crond[421]: crond: USER root pid 3725 cmd /etc/cron/check_updates.sh
Feb 29 13:46:44 indigo-tracker user.debug sqlite: movement start
Feb 29 13:46:45 indigo-tracker user.debug sender: send success
Feb 29 13:46:47 indigo-tracker user.debug sender: nothing to send, continuing
Feb 29 13:46:54 indigo-tracker user.debug sqlite: movement stop
Feb 29 13:46:57 indigo-tracker user.debug sender: send success
Feb 29 13:46:58 indigo-tracker user.debug sender: nothing to send, continuing
Feb 29 13:47:01 indigo-tracker cron.info crond[421]: crond: USER root pid 3747 cmd /etc/cron/check_updates.sh
Feb 29 13:47:55 indigo-tracker user.debug sqlite: sending keepalive
Feb 29 13:47:56 indigo-tracker user.debug sender: send success
Feb 29 13:47:57 indigo-tracker user.debug sender: nothing to send, continuing
Feb 29 13:48:01 indigo-tracker cron.info crond[421]: crond: USER root pid 3766 cmd /etc/cron/check_updates.sh
Feb 29 13:48:05 indigo-tracker user.debug sqlite: movement start
Feb 29 13:48:06 indigo-tracker user.debug sender: send success
Feb 29 13:48:07 indigo-tracker user.debug sender: nothing to send, continuing
Feb 29 13:48:15 indigo-tracker user.debug sqlite: movement stop
Feb 29 13:48:16 indigo-tracker user.debug sender: send success
Feb 29 13:48:18 indigo-tracker user.debug sender: nothing to send, continuing
Feb 29 13:49:01 indigo-tracker cron.info crond[421]: crond: USER root pid 3788 cmd /etc/cron/check_updates.sh
Feb 29 13:49:06 indigo-tracker user.debug sqlite: movement start
Feb 29 13:49:08 indigo-tracker user.debug sender: send success
Feb 29 13:49:09 indigo-tracker user.debug sender: nothing to send, continuing
Feb 29 13:49:16 indigo-tracker user.debug sqlite: movement stop
Feb 29 13:49:18 indigo-tracker user.debug sender: send success
Feb 29 13:49:19 indigo-tracker user.debug sender: nothing to send, continuing
Feb 29 13:49:56 indigo-tracker user.debug sqlite: movement start
Feb 29 13:49:58 indigo-tracker user.debug sender: send success
Feb 29 13:49:59 indigo-tracker user.debug sender: nothing to send, continuing
Feb 29 13:50:01 indigo-tracker cron.info crond[421]: crond: USER root pid 3814 cmd /etc/cron/check_updates.sh
Feb 29 13:50:07 indigo-tracker user.debug sqlite: movement stop
Feb 29 13:50:08 indigo-tracker user.debug sender: send success
Feb 29 13:50:09 indigo-tracker user.debug sender: nothing to send, continuing
Feb 29 13:50:33 indigo-tracker daemon.info init: process '/sbin/getty -L ttyS0 115200' (pid 3722) exited. Scheduling for restart.
Feb 29 13:50:33 indigo-tracker daemon.info init: starting pid 3826, tty '/dev/ttyS0': '/sbin/getty -L ttyS0 115200'
Feb 29 13:51:02 indigo-tracker cron.info crond[421]: crond: USER root pid 3833 cmd /etc/cron/check_updates.sh
Feb 29 13:51:07 indigo-tracker user.debug sqlite: sending keepalive
Feb 29 13:51:08 indigo-tracker user.debug sender: send success
Feb 29 13:51:09 indigo-tracker user.debug sender: nothing to send, continuing
Feb 29 13:52:01 indigo-tracker cron.info crond[421]: crond: USER root pid 3849 cmd /etc/cron/check_updates.sh
Feb 29 13:53:01 indigo-tracker cron.info crond[421]: crond: USER root pid 3863 cmd /etc/cron/check_updates.sh
Feb 29 13:53:08 indigo-tracker user.debug sqlite: sending keepalive
Feb 29 13:53:09 indigo-tracker user.debug sender: send success
Feb 29 13:53:10 indigo-tracker user.debug sender: nothing to send, continuing
Feb 29 13:54:01 indigo-tracker cron.info crond[421]: crond: USER root pid 3881 cmd /etc/cron/check_updates.sh
Feb 29 13:55:01 indigo-tracker cron.info crond[421]: crond: USER root pid 3895 cmd /etc/cron/check_updates.sh
Feb 29 13:56:01 indigo-tracker cron.info crond[421]: crond: USER root pid 3909 cmd /etc/cron/check_updates.sh
Feb 29 13:57:01 indigo-tracker cron.info crond[421]: crond: USER root pid 3923 cmd /etc/cron/check_updates.sh
Feb 29 13:57:25 indigo-tracker daemon.info init: process '/sbin/getty -L ttyS0 115200' (pid 3826) exited. Scheduling for restart.
Feb 29 13:57:25 indigo-tracker daemon.info init: starting pid 3929, tty '/dev/ttyS0': '/sbin/getty -L ttyS0 115200'
Feb 29 13:57:30 indigo-tracker daemon.info init: process '/sbin/getty -L ttyS0 115200' (pid 3929) exited. Scheduling for restart.
Feb 29 13:57:30 indigo-tracker daemon.info init: starting pid 3933, tty '/dev/ttyS0': '/sbin/getty -L ttyS0 115200'
Feb 29 13:57:36 indigo-tracker daemon.info init: process '/sbin/getty -L ttyS0 115200' (pid 3933) exited. Scheduling for restart.
Feb 29 13:57:36 indigo-tracker daemon.info init: starting pid 3934, tty '/dev/ttyS0': '/sbin/getty -L ttyS0 115200'
Feb 29 13:57:37 indigo-tracker daemon.info init: process '/sbin/getty -L ttyS0 115200' (pid 3934) exited. Scheduling for restart.
Feb 29 13:57:37 indigo-tracker daemon.info init: starting pid 3937, tty '/dev/ttyS0': '/sbin/getty -L ttyS0 115200'
Feb 29 13:57:38 indigo-tracker daemon.info init: process '/sbin/getty -L ttyS0 115200' (pid 3937) exited. Scheduling for restart.
Feb 29 13:57:38 indigo-tracker daemon.info init: starting pid 3938, tty '/dev/ttyS0': '/sbin/getty -L ttyS0 115200'
Feb 29 13:57:39 indigo-tracker user.warn kernel: ttyS0: 2 input overrun(s)
Feb 29 13:57:40 indigo-tracker daemon.info init: process '/sbin/getty -L ttyS0 115200' (pid 3938) exited. Scheduling for restart.
Feb 29 13:57:40 indigo-tracker daemon.info init: starting pid 3939, tty '/dev/ttyS0': '/sbin/getty -L ttyS0 115200'
Feb 29 13:57:41 indigo-tracker daemon.info init: process '/sbin/getty -L ttyS0 115200' (pid 3939) exited. Scheduling for restart.
Feb 29 13:57:41 indigo-tracker daemon.info init: starting pid 3940, tty '/dev/ttyS0': '/sbin/getty -L ttyS0 115200'
Feb 29 13:57:44 indigo-tracker daemon.info init: process '/sbin/getty -L ttyS0 115200' (pid 3940) exited. Scheduling for restart.
Feb 29 13:57:44 indigo-tracker daemon.info init: starting pid 3941, tty '/dev/ttyS0': '/sbin/getty -L ttyS0 115200'
Feb 29 13:57:46 indigo-tracker daemon.info init: process '/sbin/getty -L ttyS0 115200' (pid 3941) exited. Scheduling for restart.
Feb 29 13:57:46 indigo-tracker daemon.info init: starting pid 3944, tty '/dev/ttyS0': '/sbin/getty -L ttyS0 115200'
Feb 29 13:57:51 indigo-tracker daemon.info init: process '/sbin/getty -L ttyS0 115200' (pid 3944) exited. Scheduling for restart.
Feb 29 13:57:51 indigo-tracker daemon.info init: starting pid 3945, tty '/dev/ttyS0': '/sbin/getty -L ttyS0 115200'
Feb 29 13:57:54 indigo-tracker daemon.info init: process '/sbin/getty -L ttyS0 115200' (pid 3945) exited. Scheduling for restart.
Feb 29 13:57:54 indigo-tracker daemon.info init: starting pid 3946, tty '/dev/ttyS0': '/sbin/getty -L ttyS0 115200'
Feb 29 13:57:58 indigo-tracker daemon.info init: process '/sbin/getty -L ttyS0 115200' (pid 3946) exited. Scheduling for restart.
Feb 29 13:57:58 indigo-tracker daemon.info init: starting pid 3949, tty '/dev/ttyS0': '/sbin/getty -L ttyS0 115200'
Feb 29 13:58:01 indigo-tracker cron.info crond[421]: crond: USER root pid 3950 cmd /etc/cron/check_updates.sh
Feb 29 13:58:03 indigo-tracker daemon.info init: process '/sbin/getty -L ttyS0 115200' (pid 3949) exited. Scheduling for restart.
Feb 29 13:58:03 indigo-tracker daemon.info init: starting pid 3952, tty '/dev/ttyS0': '/sbin/getty -L ttyS0 115200'
Feb 29 13:58:07 indigo-tracker daemon.info init: process '/sbin/getty -L ttyS0 115200' (pid 3952) exited. Scheduling for restart.
Feb 29 13:58:07 indigo-tracker daemon.info init: starting pid 3955, tty '/dev/ttyS0': '/sbin/getty -L ttyS0 115200'
Feb 29 13:58:09 indigo-tracker user.debug sqlite: sending keepalive
Feb 29 13:58:10 indigo-tracker user.debug sender: send success
Feb 29 13:58:11 indigo-tracker user.debug sender: nothing to send, continuing
Feb 29 13:58:11 indigo-tracker daemon.info init: process '/sbin/getty -L ttyS0 115200' (pid 3955) exited. Scheduling for restart.
Feb 29 13:58:11 indigo-tracker daemon.info init: starting pid 3960, tty '/dev/ttyS0': '/sbin/getty -L ttyS0 115200'
Feb 29 13:58:18 indigo-tracker daemon.info init: process '/sbin/getty -L ttyS0 115200' (pid 3960) exited. Scheduling for restart.
Feb 29 13:58:18 indigo-tracker daemon.info init: starting pid 3963, tty '/dev/ttyS0': '/sbin/getty -L ttyS0 115200'
Feb 29 13:58:19 indigo-tracker daemon.info init: process '/sbin/getty -L ttyS0 115200' (pid 3963) exited. Scheduling for restart.
Feb 29 13:58:19 indigo-tracker daemon.info init: starting pid 3964, tty '/dev/ttyS0': '/sbin/getty -L ttyS0 115200'
Feb 29 13:58:22 indigo-tracker daemon.info init: process '/sbin/getty -L ttyS0 115200' (pid 3964) exited. Scheduling for restart.
Feb 29 13:58:22 indigo-tracker daemon.info init: starting pid 3965, tty '/dev/ttyS0': '/sbin/getty -L ttyS0 115200'
Feb 29 13:58:27 indigo-tracker daemon.info init: process '/sbin/getty -L ttyS0 115200' (pid 3965) exited. Scheduling for restart.
Feb 29 13:58:27 indigo-tracker daemon.info init: starting pid 3968, tty '/dev/ttyS0': '/sbin/getty -L ttyS0 115200'
Feb 29 13:58:32 indigo-tracker daemon.info init: process '/sbin/getty -L ttyS0 115200' (pid 3968) exited. Scheduling for restart.
Feb 29 13:58:32 indigo-tracker daemon.info init: starting pid 3969, tty '/dev/ttyS0': '/sbin/getty -L ttyS0 115200'
Feb 29 13:58:33 indigo-tracker daemon.info init: process '/sbin/getty -L ttyS0 115200' (pid 3969) exited. Scheduling for restart.
Feb 29 13:58:33 indigo-tracker daemon.info init: starting pid 3970, tty '/dev/ttyS0': '/sbin/getty -L ttyS0 115200'
Feb 29 13:58:36 indigo-tracker daemon.info init: process '/sbin/getty -L ttyS0 115200' (pid 3970) exited. Scheduling for restart.
Feb 29 13:58:36 indigo-tracker daemon.info init: starting pid 3971, tty '/dev/ttyS0': '/sbin/getty -L ttyS0 115200'
Feb 29 13:58:41 indigo-tracker user.warn kernel: ttyS0: 2 input overrun(s)
Feb 29 13:58:42 indigo-tracker daemon.info init: process '/sbin/getty -L ttyS0 115200' (pid 3971) exited. Scheduling for restart.
Feb 29 13:58:42 indigo-tracker daemon.info init: starting pid 3974, tty '/dev/ttyS0': '/sbin/getty -L ttyS0 115200'
Feb 29 13:58:44 indigo-tracker daemon.info init: process '/sbin/getty -L ttyS0 115200' (pid 3974) exited. Scheduling for restart.
Feb 29 13:58:44 indigo-tracker daemon.info init: starting pid 3975, tty '/dev/ttyS0': '/sbin/getty -L ttyS0 115200'
Feb 29 13:58:48 indigo-tracker daemon.info init: process '/sbin/getty -L ttyS0 115200' (pid 3975) exited. Scheduling for restart.
Feb 29 13:58:48 indigo-tracker daemon.info init: starting pid 3978, tty '/dev/ttyS0': '/sbin/getty -L ttyS0 115200'
Feb 29 13:58:50 indigo-tracker daemon.info init: process '/sbin/getty -L ttyS0 115200' (pid 3978) exited. Scheduling for restart.
Feb 29 13:58:50 indigo-tracker daemon.info init: starting pid 3979, tty '/dev/ttyS0': '/sbin/getty -L ttyS0 115200'
Feb 29 13:58:59 indigo-tracker user.debug sqlite: movement start
Feb 29 13:59:00 indigo-tracker daemon.info init: process '/sbin/getty -L ttyS0 115200' (pid 3979) exited. Scheduling for restart.
Feb 29 13:59:00 indigo-tracker daemon.info init: starting pid 3986, tty '/dev/ttyS0': '/sbin/getty -L ttyS0 115200'
Feb 29 13:59:01 indigo-tracker cron.info crond[421]: crond: USER root pid 3987 cmd /etc/cron/check_updates.sh
Feb 29 13:59:01 indigo-tracker user.debug sender: send success
Feb 29 13:59:02 indigo-tracker user.debug sender: nothing to send, continuing
Feb 29 13:59:05 indigo-tracker daemon.info init: process '/sbin/getty -L ttyS0 115200' (pid 3986) exited. Scheduling for restart.
Feb 29 13:59:05 indigo-tracker daemon.info init: starting pid 3989, tty '/dev/ttyS0': '/sbin/getty -L ttyS0 115200'
Feb 29 13:59:09 indigo-tracker user.debug sqlite: movement stop
Feb 29 13:59:11 indigo-tracker daemon.info init: process '/sbin/getty -L ttyS0 115200' (pid 3989) exited. Scheduling for restart.
Feb 29 13:59:11 indigo-tracker daemon.info init: starting pid 3996, tty '/dev/ttyS0': '/sbin/getty -L ttyS0 115200'
Feb 29 13:59:11 indigo-tracker user.debug sender: send success
Feb 29 13:59:12 indigo-tracker user.debug sender: nothing to send, continuing
Feb 29 13:59:15 indigo-tracker daemon.info init: process '/sbin/getty -L ttyS0 115200' (pid 3996) exited. Scheduling for restart.
Feb 29 13:59:15 indigo-tracker daemon.info init: starting pid 3997, tty '/dev/ttyS0': '/sbin/getty -L ttyS0 115200'
Feb 29 13:59:19 indigo-tracker user.warn kernel: ttyS0: 3 input overrun(s)
Feb 29 13:59:22 indigo-tracker daemon.info init: process '/sbin/getty -L ttyS0 115200' (pid 3997) exited. Scheduling for restart.
Feb 29 13:59:22 indigo-tracker daemon.info init: starting pid 4000, tty '/dev/ttyS0': '/sbin/getty -L ttyS0 115200'
Feb 29 13:59:24 indigo-tracker daemon.info init: process '/sbin/getty -L ttyS0 115200' (pid 4000) exited. Scheduling for restart.
Feb 29 13:59:24 indigo-tracker daemon.info init: starting pid 4001, tty '/dev/ttyS0': '/sbin/getty -L ttyS0 115200'
Feb 29 13:59:28 indigo-tracker daemon.info init: process '/sbin/getty -L ttyS0 115200' (pid 4001) exited. Scheduling for restart.
Feb 29 13:59:28 indigo-tracker daemon.info init: starting pid 4004, tty '/dev/ttyS0': '/sbin/getty -L ttyS0 115200'
Feb 29 13:59:36 indigo-tracker daemon.info init: process '/sbin/getty -L ttyS0 115200' (pid 4004) exited. Scheduling for restart.
Feb 29 13:59:36 indigo-tracker daemon.info init: starting pid 4005, tty '/dev/ttyS0': '/sbin/getty -L ttyS0 115200'
Feb 29 13:59:41 indigo-tracker daemon.info init: process '/sbin/getty -L ttyS0 115200' (pid 4005) exited. Scheduling for restart.
Feb 29 13:59:41 indigo-tracker daemon.info init: starting pid 4008, tty '/dev/ttyS0': '/sbin/getty -L ttyS0 115200'
Feb 29 13:59:43 indigo-tracker daemon.info init: process '/sbin/getty -L ttyS0 115200' (pid 4008) exited. Scheduling for restart.
Feb 29 13:59:43 indigo-tracker daemon.info init: starting pid 4009, tty '/dev/ttyS0': '/sbin/getty -L ttyS0 115200'
Feb 29 13:59:44 indigo-tracker daemon.info init: process '/sbin/getty -L ttyS0 115200' (pid 4009) exited. Scheduling for restart.
Feb 29 13:59:44 indigo-tracker daemon.info init: starting pid 4010, tty '/dev/ttyS0': '/sbin/getty -L ttyS0 115200'
Feb 29 13:59:48 indigo-tracker daemon.info init: process '/sbin/getty -L ttyS0 115200' (pid 4010) exited. Scheduling for restart.
Feb 29 13:59:48 indigo-tracker daemon.info init: starting pid 4013, tty '/dev/ttyS0': '/sbin/getty -L ttyS0 115200'
Feb 29 13:59:50 indigo-tracker daemon.info init: process '/sbin/getty -L ttyS0 115200' (pid 4013) exited. Scheduling for restart.
Feb 29 13:59:50 indigo-tracker daemon.info init: starting pid 4014, tty '/dev/ttyS0': '/sbin/getty -L ttyS0 115200'
Feb 29 13:59:56 indigo-tracker daemon.info init: process '/sbin/getty -L ttyS0 115200' (pid 4014) exited. Scheduling for restart.
Feb 29 13:59:56 indigo-tracker daemon.info init: starting pid 4015, tty '/dev/ttyS0': '/sbin/getty -L ttyS0 115200'
Feb 29 13:59:59 indigo-tracker daemon.info init: process '/sbin/getty -L ttyS0 115200' (pid 4015) exited. Scheduling for restart.
Feb 29 13:59:59 indigo-tracker daemon.info init: starting pid 4018, tty '/dev/ttyS0': '/sbin/getty -L ttyS0 115200'
Feb 29 14:00:01 indigo-tracker cron.info crond[421]: crond: USER root pid 4019 cmd /etc/cron/check_pppd
Feb 29 14:00:01 indigo-tracker cron.info crond[421]: crond: USER root pid 4020 cmd /etc/cron/check_updates.sh
Feb 29 14:00:02 indigo-tracker user.notice root: pppd ok, 8.8.8.8 pingable
Feb 29 14:00:05 indigo-tracker daemon.info init: process '/sbin/getty -L ttyS0 115200' (pid 4018) exited. Scheduling for restart.
Feb 29 14:00:05 indigo-tracker daemon.info init: starting pid 4026, tty '/dev/ttyS0': '/sbin/getty -L ttyS0 115200'
Feb 29 14:00:09 indigo-tracker user.warn kernel: ttyS0: 2 input overrun(s)
Feb 29 14:00:10 indigo-tracker daemon.info init: process '/sbin/getty -L ttyS0 115200' (pid 4026) exited. Scheduling for restart.
Feb 29 14:00:10 indigo-tracker daemon.info init: starting pid 4033, tty '/dev/ttyS0': '/sbin/getty -L ttyS0 115200'
Feb 29 14:00:10 indigo-tracker user.debug sqlite: sending keepalive
Feb 29 14:00:13 indigo-tracker user.debug sender: send success
Feb 29 14:00:13 indigo-tracker daemon.info init: process '/sbin/getty -L ttyS0 115200' (pid 4033) exited. Scheduling for restart.
Feb 29 14:00:13 indigo-tracker daemon.info init: starting pid 4034, tty '/dev/ttyS0': '/sbin/getty -L ttyS0 115200'
Feb 29 14:00:14 indigo-tracker user.debug sender: nothing to send, continuing
Feb 29 14:00:17 indigo-tracker daemon.info init: process '/sbin/getty -L ttyS0 115200' (pid 4034) exited. Scheduling for restart.
Feb 29 14:00:17 indigo-tracker daemon.info init: starting pid 4035, tty '/dev/ttyS0': '/sbin/getty -L ttyS0 115200'
Feb 29 14:00:21 indigo-tracker daemon.info init: process '/sbin/getty -L ttyS0 115200' (pid 4035) exited. Scheduling for restart.
Feb 29 14:00:21 indigo-tracker daemon.info init: starting pid 4038, tty '/dev/ttyS0': '/sbin/getty -L ttyS0 115200'
Feb 29 14:00:28 indigo-tracker daemon.info init: process '/sbin/getty -L ttyS0 115200' (pid 4038) exited. Scheduling for restart.
Feb 29 14:00:28 indigo-tracker daemon.info init: starting pid 4039, tty '/dev/ttyS0': '/sbin/getty -L ttyS0 115200'
Feb 29 14:00:31 indigo-tracker daemon.info init: process '/sbin/getty -L ttyS0 115200' (pid 4039) exited. Scheduling for restart.
Feb 29 14:00:31 indigo-tracker daemon.info init: starting pid 4042, tty '/dev/ttyS0': '/sbin/getty -L ttyS0 115200'
Feb 29 14:00:33 indigo-tracker daemon.info init: process '/sbin/getty -L ttyS0 115200' (pid 4042) exited. Scheduling for restart.
Feb 29 14:00:33 indigo-tracker daemon.info init: starting pid 4043, tty '/dev/ttyS0': '/sbin/getty -L ttyS0 115200'
Feb 29 14:00:34 indigo-tracker daemon.info init: process '/sbin/getty -L ttyS0 115200' (pid 4043) exited. Scheduling for restart.
Feb 29 14:00:34 indigo-tracker daemon.info init: starting pid 4044, tty '/dev/ttyS0': '/sbin/getty -L ttyS0 115200'
Feb 29 14:00:47 indigo-tracker daemon.info init: process '/sbin/getty -L ttyS0 115200' (pid 4044) exited. Scheduling for restart.
Feb 29 14:00:47 indigo-tracker daemon.info init: starting pid 4047, tty '/dev/ttyS0': '/sbin/getty -L ttyS0 115200'
Feb 29 14:00:53 indigo-tracker daemon.info init: process '/sbin/getty -L ttyS0 115200' (pid 4047) exited. Scheduling for restart.
Feb 29 14:00:53 indigo-tracker daemon.info init: starting pid 4050, tty '/dev/ttyS0': '/sbin/getty -L ttyS0 115200'
Feb 29 14:00:56 indigo-tracker daemon.info init: process '/sbin/getty -L ttyS0 115200' (pid 4050) exited. Scheduling for restart.
Feb 29 14:00:56 indigo-tracker daemon.info init: starting pid 4051, tty '/dev/ttyS0': '/sbin/getty -L ttyS0 115200'
Feb 29 14:00:57 indigo-tracker daemon.info init: process '/sbin/getty -L ttyS0 115200' (pid 4051) exited. Scheduling for restart.
Feb 29 14:00:57 indigo-tracker daemon.info init: starting pid 4052, tty '/dev/ttyS0': '/sbin/getty -L ttyS0 115200'
Feb 29 14:01:01 indigo-tracker cron.info crond[421]: crond: USER root pid 4055 cmd /etc/cron/check_updates.sh
Feb 29 14:01:10 indigo-tracker user.info kernel: mmc0: card 1234 removed
Feb 29 14:01:10 indigo-tracker user.err kernel: mmcblk0: error -123 sending status command, retrying
Feb 29 14:01:10 indigo-tracker user.err kernel: mmcblk0: error -123 sending status command, retrying
Feb 29 14:01:10 indigo-tracker user.err kernel: mmcblk0: error -123 sending status command, aborting
Feb 29 14:01:10 indigo-tracker user.err kernel: end_request: I/O error, dev mmcblk0, sector 135
Feb 29 14:01:10 indigo-tracker user.err kernel: Buffer I/O error on device mmcblk0p1, logical block 0
Feb 29 14:01:10 indigo-tracker user.warn kernel: lost page write due to I/O error on mmcblk0p1
Feb 29 14:01:10 indigo-tracker user.err kernel: EXT2-fs (mmcblk0p1): previous I/O error to superblock detected
Feb 29 14:01:10 indigo-tracker user.err kernel: mmcblk0: error -123 sending status command, retrying
Feb 29 14:01:10 indigo-tracker user.err kernel: mmcblk0: error -123 sending status command, retrying
Feb 29 14:01:10 indigo-tracker user.err kernel: mmcblk0: error -123 sending status command, aborting
Feb 29 14:01:10 indigo-tracker user.err kernel: end_request: I/O error, dev mmcblk0, sector 135
Feb 29 14:01:10 indigo-tracker user.err kernel: Buffer I/O error on device mmcblk0p1, logical block 0
Feb 29 14:01:10 indigo-tracker user.warn kernel: lost page write due to I/O error on mmcblk0p1
Feb 29 14:01:10 indigo-tracker user.debug sysdaemon-dbus: flash remove
Feb 29 14:01:12 indigo-tracker user.debug sqlite: lost carrier
Feb 29 14:01:15 indigo-tracker user.err kernel: EXT2-fs (mmcblk0p1): previous I/O error to superblock detected
Feb 29 14:01:15 indigo-tracker user.err kernel: EXT2-fs (mmcblk0p1): previous I/O error to superblock detected
Feb 29 14:01:15 indigo-tracker user.err kernel: EXT2-fs (mmcblk0p1): previous I/O error to superblock detected
Feb 29 14:02:01 indigo-tracker cron.info crond[421]: crond: USER root pid 4091 cmd /etc/cron/check_updates.sh
Feb 29 14:02:10 indigo-tracker user.debug sqlite: sending keepalive
Feb 29 14:02:13 indigo-tracker daemon.info init: process '/sbin/getty -L ttyS0 115200' (pid 4052) exited. Scheduling for restart.
Feb 29 14:02:13 indigo-tracker daemon.info init: starting pid 4099, tty '/dev/ttyS0': '/sbin/getty -L ttyS0 115200'
Jan  1 03:00:12 indigo-tracker syslog.info syslogd started: BusyBox v1.18.3
Jan  1 03:00:12 indigo-tracker user.notice kernel: klogd started: BusyBox v1.18.3 (2011-03-29 18:29:13 MSD)
Jan  1 03:00:12 indigo-tracker user.notice kernel: Linux version 3.2.0+ (yury@debian-dev-vm) (gcc version 4.4.5 (indigo-ct-ng) ) #177 Fri Feb 17 14:07:48 MSK 2012
Jan  1 03:00:12 indigo-tracker user.warn kernel: CPU: ARM926EJ-S [41069265] revision 5 (ARMv5TEJ), cr=00053177
Jan  1 03:00:12 indigo-tracker user.warn kernel: CPU: VIVT data cache, VIVT instruction cache
Jan  1 03:00:12 indigo-tracker user.warn kernel: Machine: Indigo Tracker
Jan  1 03:00:12 indigo-tracker user.warn kernel: Memory policy: ECC disabled, Data cache writeback
Jan  1 03:00:12 indigo-tracker user.info kernel: AT91: Detected soc type: at91sam9260
Jan  1 03:00:12 indigo-tracker user.info kernel: AT91: Detected soc subtype: Unknown
Jan  1 03:00:12 indigo-tracker user.info kernel: AT91: sram at 0x200000 of 0x1000 mapped at 0xfef77000
Jan  1 03:00:12 indigo-tracker user.info kernel: AT91: sram at 0x300000 of 0x1000 mapped at 0xfef76000
Jan  1 03:00:12 indigo-tracker user.debug kernel: On node 0 totalpages: 16384
Jan  1 03:00:12 indigo-tracker user.debug kernel: free_area_init_node: node 0, pgdat c036d7d0, node_mem_map c037e000
Jan  1 03:00:12 indigo-tracker user.debug kernel:   Normal zone: 128 pages used for memmap
Jan  1 03:00:12 indigo-tracker user.debug kernel:   Normal zone: 0 pages reserved
Jan  1 03:00:12 indigo-tracker user.debug kernel:   Normal zone: 16256 pages, LIFO batch:3
Jan  1 03:00:12 indigo-tracker user.warn kernel: Clocks: CPU 150 MHz, master 75 MHz, main 12.000 MHz
Jan  1 03:00:12 indigo-tracker user.debug kernel: pcpu-alloc: s0 r0 d32768 u32768 alloc=1*32768
Jan  1 03:00:12 indigo-tracker user.debug kernel: pcpu-alloc: [0] 0 
Jan  1 03:00:12 indigo-tracker user.warn kernel: Built 1 zonelists in Zone order, mobility grouping on.  Total pages: 16256
Jan  1 03:00:12 indigo-tracker user.notice kernel: Kernel command line: console=ttyS0,115200 cachepolicy=writeback root=/dev/mtdblock1
Jan  1 03:00:12 indigo-tracker user.info kernel: PID hash table entries: 256 (order: -2, 1024 bytes)
Jan  1 03:00:12 indigo-tracker user.info kernel: Dentry cache hash table entries: 8192 (order: 3, 32768 bytes)
Jan  1 03:00:12 indigo-tracker user.info kernel: Inode-cache hash table entries: 4096 (order: 2, 16384 bytes)
Jan  1 03:00:12 indigo-tracker user.info kernel: Memory: 64MB = 64MB total
Jan  1 03:00:12 indigo-tracker user.notice kernel: Memory: 61356k/61356k available, 4180k reserved, 0K highmem
Jan  1 03:00:12 indigo-tracker user.notice kernel: Virtual kernel memory layout:
Jan  1 03:00:12 indigo-tracker user.notice kernel:     vector  : 0xffff0000 - 0xffff1000   (   4 kB)
Jan  1 03:00:12 indigo-tracker user.notice kernel:     fixmap  : 0xfff00000 - 0xfffe0000   ( 896 kB)
Jan  1 03:00:12 indigo-tracker user.notice kernel:     vmalloc : 0xc4800000 - 0xfee00000   ( 934 MB)
Jan  1 03:00:12 indigo-tracker user.notice kernel:     lowmem  : 0xc0000000 - 0xc4000000   (  64 MB)
Jan  1 03:00:12 indigo-tracker user.notice kernel:     modules : 0xbf000000 - 0xc0000000   (  16 MB)
Jan  1 03:00:12 indigo-tracker user.notice kernel:       .text : 0xc0008000 - 0xc0324000   (3184 kB)
Jan  1 03:00:12 indigo-tracker user.notice kernel:       .init : 0xc0324000 - 0xc0341000   ( 116 kB)
Jan  1 03:00:12 indigo-tracker user.notice kernel:       .data : 0xc0342000 - 0xc036dfa0   ( 176 kB)
Jan  1 03:00:12 indigo-tracker user.notice kernel:        .bss : 0xc036dfc4 - 0xc037d1c8   (  61 kB)
Jan  1 03:00:12 indigo-tracker user.info kernel: NR_IRQS:192
Jan  1 03:00:12 indigo-tracker user.info kernel: AT91: 96 gpio irqs in 3 banks
Jan  1 03:00:12 indigo-tracker user.info kernel: Console: colour dummy device 80x30
Jan  1 03:00:12 indigo-tracker user.info kernel: Calibrating delay loop... 74.54 BogoMIPS (lpj=372736)
Jan  1 03:00:12 indigo-tracker user.info kernel: pid_max: default: 32768 minimum: 301
Jan  1 03:00:12 indigo-tracker user.info kernel: Mount-cache hash table entries: 512
Jan  1 03:00:12 indigo-tracker user.info kernel: CPU: Testing write buffer coherency: ok
Jan  1 03:00:12 indigo-tracker user.info kernel: NET: Registered protocol family 16
Jan  1 03:00:12 indigo-tracker user.err kernel: adding device EB-500 GPS
Jan  1 03:00:12 indigo-tracker user.err kernel: indigo gpioperiph: gps peripheral EB-500 GPS added
Jan  1 03:00:12 indigo-tracker user.err kernel: adding device Sim900D GSM
Jan  1 03:00:12 indigo-tracker user.err kernel: creating command 4
Jan  1 03:00:12 indigo-tracker user.err kernel: indigo gpioperiph: gsm peripheral Sim900D GSM added
Jan  1 03:00:12 indigo-tracker user.err kernel: adding device LM-something
Jan  1 03:00:12 indigo-tracker user.err kernel: indigo gpioperiph: power peripheral LM-something added
Jan  1 03:00:12 indigo-tracker user.info kernel: bio: create slab <bio-0> at 0
Jan  1 03:00:12 indigo-tracker user.notice kernel: SCSI subsystem initialized
Jan  1 03:00:12 indigo-tracker user.info kernel: usbcore: registered new interface driver usbfs
Jan  1 03:00:12 indigo-tracker user.info kernel: usbcore: registered new interface driver hub
Jan  1 03:00:12 indigo-tracker user.info kernel: usbcore: registered new device driver usb
Jan  1 03:00:12 indigo-tracker user.info kernel: Advanced Linux Sound Architecture Driver Version 1.0.24.
Jan  1 03:00:12 indigo-tracker user.info kernel: Switching to clocksource pit
Jan  1 03:00:12 indigo-tracker user.info kernel: NET: Registered protocol family 2
Jan  1 03:00:12 indigo-tracker user.info kernel: IP route cache hash table entries: 1024 (order: 0, 4096 bytes)
Jan  1 03:00:12 indigo-tracker user.info kernel: TCP established hash table entries: 2048 (order: 2, 16384 bytes)
Jan  1 03:00:12 indigo-tracker user.info kernel: TCP bind hash table entries: 2048 (order: 1, 8192 bytes)
Jan  1 03:00:12 indigo-tracker user.info kernel: TCP: Hash tables configured (established 2048 bind 2048)
Jan  1 03:00:12 indigo-tracker user.info kernel: TCP reno registered
Jan  1 03:00:12 indigo-tracker user.info kernel: UDP hash table entries: 256 (order: 0, 4096 bytes)
Jan  1 03:00:12 indigo-tracker user.info kernel: UDP-Lite hash table entries: 256 (order: 0, 4096 bytes)
Jan  1 03:00:12 indigo-tracker user.info kernel: NET: Registered protocol family 1
Jan  1 03:00:12 indigo-tracker user.debug kernel: yaffs: yaffs built Jan 23 2012 18:16:47 Installing.
Jan  1 03:00:12 indigo-tracker user.info kernel: msgmni has been set to 119
Jan  1 03:00:12 indigo-tracker user.info kernel: io scheduler noop registered (default)
Jan  1 03:00:12 indigo-tracker user.info kernel: io scheduler deadline registered
Jan  1 03:00:12 indigo-tracker user.info kernel: atmel_usart.0: ttyS0 at MMIO 0xfffff200 (irq = 1) is a ATMEL_SERIAL
Jan  1 03:00:12 indigo-tracker user.info kernel: console [ttyS0] enabled
Jan  1 03:00:12 indigo-tracker user.info kernel: atmel_usart.1: ttyS1 at MMIO 0xfffb0000 (irq = 6) is a ATMEL_SERIAL
Jan  1 03:00:12 indigo-tracker user.info kernel: atmel_usart.2: ttyS2 at MMIO 0xfffb4000 (irq = 7) is a ATMEL_SERIAL
Jan  1 03:00:12 indigo-tracker user.info kernel: brd: module loaded
Jan  1 03:00:12 indigo-tracker user.info kernel: loop: module loaded
Jan  1 03:00:12 indigo-tracker user.info kernel: atmel_nand atmel_nand: No DMA support for NAND access.
Jan  1 03:00:12 indigo-tracker user.info kernel: NAND device: Manufacturer ID: 0xec, Chip ID: 0xda (Samsung NAND 256MiB 3,3V 8-bit)
Jan  1 03:00:12 indigo-tracker user.info kernel: Scanning device for bad blocks
Jan  1 03:00:12 indigo-tracker user.warn kernel: Bad eraseblock 348 at 0x000002b80000
Jan  1 03:00:12 indigo-tracker user.warn kernel: Bad eraseblock 374 at 0x000002ec0000
Jan  1 03:00:12 indigo-tracker user.warn kernel: Bad eraseblock 375 at 0x000002ee0000
Jan  1 03:00:12 indigo-tracker user.warn kernel: Bad eraseblock 578 at 0x000004840000
Jan  1 03:00:12 indigo-tracker user.warn kernel: Bad eraseblock 664 at 0x000005300000
Jan  1 03:00:12 indigo-tracker user.warn kernel: Bad eraseblock 1060 at 0x000008480000
Jan  1 03:00:12 indigo-tracker user.warn kernel: Bad eraseblock 1120 at 0x000008c00000
Jan  1 03:00:12 indigo-tracker user.warn kernel: Bad eraseblock 1399 at 0x00000aee0000
Jan  1 03:00:12 indigo-tracker user.warn kernel: Bad eraseblock 1602 at 0x00000c840000
Jan  1 03:00:12 indigo-tracker user.warn kernel: Bad eraseblock 1688 at 0x00000d300000
Jan  1 03:00:12 indigo-tracker user.warn kernel: Bad eraseblock 1696 at 0x00000d400000
Jan  1 03:00:12 indigo-tracker user.warn kernel: Bad eraseblock 1697 at 0x00000d420000
Jan  1 03:00:12 indigo-tracker user.notice kernel: Creating 2 MTD partitions on "atmel_nand":
Jan  1 03:00:12 indigo-tracker user.notice kernel: 0x000000000000-0x000000800000 : "Images"
Jan  1 03:00:12 indigo-tracker user.notice kernel: 0x000000800000-0x000010000000 : "Storage Partition"
Jan  1 03:00:12 indigo-tracker user.info kernel: tun: Universal TUN/TAP device driver, 1.6
Jan  1 03:00:12 indigo-tracker user.info kernel: tun: (C) 1999-2004 Max Krasnyansky <maxk@qualcomm.com>
Jan  1 03:00:12 indigo-tracker user.info kernel: PPP generic driver version 2.4.2
Jan  1 03:00:12 indigo-tracker user.info kernel: PPP BSD Compression module registered
Jan  1 03:00:12 indigo-tracker user.info kernel: PPP Deflate Compression module registered
Jan  1 03:00:12 indigo-tracker cron.notice atd[590]: Removing stale lockfile for pid 590
Jan  1 03:00:12 indigo-tracker user.info kernel: PPP MPPE Compression module registered
Jan  1 03:00:12 indigo-tracker user.info kernel: NET: Registered protocol family 24
Jan  1 03:00:12 indigo-tracker user.info kernel: ohci_hcd: USB 1.1 'Open' Host Controller (OHCI) Driver
Jan  1 03:00:12 indigo-tracker user.info kernel: at91_ohci at91_ohci: AT91 OHCI
Jan  1 03:00:12 indigo-tracker user.info kernel: at91_ohci at91_ohci: new USB bus registered, assigned bus number 1
Jan  1 03:00:12 indigo-tracker user.info kernel: at91_ohci at91_ohci: irq 20, io mem 0x00500000
Jan  1 03:00:12 indigo-tracker user.info kernel: usb usb1: New USB device found, idVendor=1d6b, idProduct=0001
Jan  1 03:00:12 indigo-tracker user.info kernel: usb usb1: New USB device strings: Mfr=3, Product=2, SerialNumber=1
Jan  1 03:00:12 indigo-tracker user.info kernel: usb usb1: Product: AT91 OHCI
Jan  1 03:00:12 indigo-tracker user.info kernel: usb usb1: Manufacturer: Linux 3.2.0+ ohci_hcd
Jan  1 03:00:12 indigo-tracker user.info kernel: usb usb1: SerialNumber: at91
Jan  1 03:00:12 indigo-tracker user.info kernel: hub 1-0:1.0: USB hub found
Jan  1 03:00:12 indigo-tracker user.info kernel: hub 1-0:1.0: 2 ports detected
Jan  1 03:00:12 indigo-tracker user.info kernel: Initializing USB Mass Storage driver...
Jan  1 03:00:12 indigo-tracker user.info kernel: usbcore: registered new interface driver usb-storage
Jan  1 03:00:12 indigo-tracker user.info kernel: USB Mass Storage support registered.
Jan  1 03:00:12 indigo-tracker user.info kernel: rtc-at91sam9 at91_rtt.0: rtc core: registered at91_rtt as rtc0
Jan  1 03:00:12 indigo-tracker user.warn kernel: rtc-at91sam9 at91_rtt.0: rtc0: SET TIME!
Jan  1 03:00:12 indigo-tracker user.info kernel: Linux video capture interface: v2.00
Jan  1 03:00:12 indigo-tracker user.info kernel: usbcore: registered new interface driver uvcvideo
Jan  1 03:00:12 indigo-tracker user.info kernel: USB Video Class driver (1.1.1)
Jan  1 03:00:12 indigo-tracker user.info kernel: AT91SAM9 Watchdog enabled (heartbeat=15 sec, nowayout=0)
Jan  1 03:00:12 indigo-tracker user.info kernel: usbcore: registered new interface driver snd-usb-audio
Jan  1 03:00:12 indigo-tracker user.info kernel: ALSA device list:
Jan  1 03:00:12 indigo-tracker user.info kernel:   No soundcards found.
Jan  1 03:00:12 indigo-tracker user.info kernel: TCP cubic registered
Jan  1 03:00:12 indigo-tracker user.info kernel: NET: Registered protocol family 17
Jan  1 03:00:12 indigo-tracker user.err kernel: rtc-at91sam9 at91_rtt.0: hctosys: unable to read the hardware clock
Jan  1 03:00:12 indigo-tracker user.info kernel: atmel_mci atmel_mci: version: 0x210
Jan  1 03:00:12 indigo-tracker user.info kernel: atmel_mci atmel_mci: using PDC
Jan  1 03:00:12 indigo-tracker user.info kernel: atmel_mci atmel_mci: Atmel MCI controller at 0xfffa8000 irq 9, 1 slots
Jan  1 03:00:12 indigo-tracker user.info kernel: yaffs: dev is 32505857 name is "mtdblock1" rw
Jan  1 03:00:12 indigo-tracker user.info kernel: yaffs: passed flags ""
Jan  1 03:00:12 indigo-tracker user.debug kernel: yaffs: yaffs: Attempting MTD mount of 31.1,"mtdblock1"
Jan  1 03:00:12 indigo-tracker user.debug kernel: yaffs: auto selecting yaffs2
Jan  1 03:00:12 indigo-tracker user.debug kernel: yaffs: yaffs_read_super: is_checkpointed 1
Jan  1 03:00:12 indigo-tracker user.info kernel: VFS: Mounted root (yaffs filesystem) on device 31:1.
Jan  1 03:00:12 indigo-tracker user.info kernel: Freeing init memory: 116K
Jan  1 03:00:12 indigo-tracker user.warn kernel: mmc0: host does not support reading read-only switch. assuming write-enable.
Jan  1 03:00:12 indigo-tracker user.info kernel: mmc0: new SD card at address 1234
Jan  1 03:00:12 indigo-tracker user.info kernel: mmcblk0: mmc0:1234 SA02G 1.83 GiB 
Jan  1 03:00:12 indigo-tracker user.info kernel:  mmcblk0: p1
Jan  1 03:00:12 indigo-tracker user.warn kernel: Disabling lock debugging due to kernel taint
Jan  1 03:00:12 indigo-tracker user.alert kernel: system revision is 2
Jan  1 03:00:12 indigo-tracker user.alert kernel: piopins: with filter
Jan  1 03:00:12 indigo-tracker user.warn kernel: piopins: system time doesn't seem to be true, will not flush anything
Jan  1 03:00:12 indigo-tracker user.err kernel: creating command 4
Jan  1 03:00:48 indigo-tracker user.debug sysdaemon-dbus: flash insert
Jan  1 03:00:52 indigo-tracker local2.info chat[451]: alarm
Jan  1 03:00:52 indigo-tracker local2.info chat[451]: Failed
Jan  1 03:00:52 indigo-tracker daemon.debug pppd[447]: Script chat -v -f /etc/ppp/chatscripts/megafon-connect finished (pid 450), status = 0x3
Jan  1 03:00:52 indigo-tracker daemon.err pppd[447]: Connect script failed
Jan  1 03:00:53 indigo-tracker local2.info chat[623]: abort on (BUSY)
Jan  1 03:00:53 indigo-tracker local2.info chat[623]: abort on (ERROR)
Jan  1 03:00:53 indigo-tracker local2.info chat[623]: abort on (UNDER-VOLTAGE WARNNING)
Jan  1 03:00:53 indigo-tracker local2.info chat[623]: send (ATZ^M)
Jan  1 03:00:53 indigo-tracker local2.info chat[623]: timeout set to 12 seconds
Jan  1 03:00:53 indigo-tracker local2.info chat[623]: expect (OK)
Jan  1 03:00:53 indigo-tracker local2.info chat[623]: ATZ^M^M
Jan  1 03:00:53 indigo-tracker local2.info chat[623]: OK
Jan  1 03:00:53 indigo-tracker local2.info chat[623]:  -- got it
Jan  1 03:00:53 indigo-tracker local2.info chat[623]: send (AT+CGDCONT=1,"IP","internet"^M)
Jan  1 03:00:54 indigo-tracker local2.info chat[623]: timeout set to 45 seconds
Jan  1 03:00:54 indigo-tracker local2.info chat[623]: expect (OK)
Jan  1 03:00:54 indigo-tracker local2.info chat[623]: ^M
Jan  1 03:00:54 indigo-tracker local2.info chat[623]: AT+CGDCONT=1,"IP","internet"^M^M
Jan  1 03:00:54 indigo-tracker local2.info chat[623]: OK
Jan  1 03:00:54 indigo-tracker local2.info chat[623]:  -- got it
Jan  1 03:00:54 indigo-tracker local2.info chat[623]: send (ATD*99#^M)
Jan  1 03:00:54 indigo-tracker local2.info chat[623]: expect (CONNECT)
Jan  1 03:00:54 indigo-tracker local2.info chat[623]: ^M
Jan  1 03:00:54 indigo-tracker local2.info chat[623]: ATD*99#^M^M
Jan  1 03:00:54 indigo-tracker local2.info chat[623]: CONNECT
Jan  1 03:00:54 indigo-tracker local2.info chat[623]:  -- got it
Jan  1 03:00:54 indigo-tracker local2.info chat[623]: send (^M)
Jan  1 03:00:54 indigo-tracker daemon.debug pppd[447]: Script chat -v -f /etc/ppp/chatscripts/megafon-connect finished (pid 622), status = 0x0
Jan  1 03:00:54 indigo-tracker daemon.info pppd[447]: Serial connection established.
Jan  1 03:00:54 indigo-tracker daemon.debug pppd[447]: using channel 1
Jan  1 03:00:54 indigo-tracker daemon.info pppd[447]: Using interface ppp0
Jan  1 03:00:54 indigo-tracker daemon.notice pppd[447]: Connect: ppp0 <--> /dev/ttyS1
Jan  1 03:00:55 indigo-tracker daemon.warn pppd[447]: Warning - secret file /etc/ppp/pap-secrets has world and/or group access
Jan  1 03:00:55 indigo-tracker daemon.debug pppd[447]: sent [LCP ConfReq id=0x1 <asyncmap 0x0> <magic 0x514c8dbc>]
Jan  1 03:00:55 indigo-tracker daemon.debug pppd[447]: rcvd [LCP ConfReq id=0x1 <asyncmap 0xa0000> <auth pap>]
Jan  1 03:00:55 indigo-tracker daemon.debug pppd[447]: No auth is possible
Jan  1 03:00:55 indigo-tracker daemon.debug pppd[447]: sent [LCP ConfRej id=0x1 <auth pap>]
Jan  1 03:00:55 indigo-tracker daemon.debug pppd[447]: rcvd [LCP ConfRej id=0x1 <magic 0x514c8dbc>]
Jan  1 03:00:55 indigo-tracker daemon.debug pppd[447]: sent [LCP ConfReq id=0x2 <asyncmap 0x0>]
Jan  1 03:00:55 indigo-tracker daemon.debug pppd[447]: rcvd [LCP ConfReq id=0x2 <asyncmap 0xa0000> <auth chap MD5>]
Jan  1 03:00:55 indigo-tracker daemon.debug pppd[447]: No auth is possible
Jan  1 03:00:55 indigo-tracker daemon.debug pppd[447]: sent [LCP ConfRej id=0x2 <auth chap MD5>]
Jan  1 03:00:55 indigo-tracker daemon.debug pppd[447]: rcvd [LCP ConfAck id=0x2 <asyncmap 0x0>]
Jan  1 03:00:55 indigo-tracker daemon.debug pppd[447]: rcvd [LCP ConfReq id=0x3 <asyncmap 0xa0000>]
Jan  1 03:00:55 indigo-tracker daemon.debug pppd[447]: sent [LCP ConfAck id=0x3 <asyncmap 0xa0000>]
Jan  1 03:00:55 indigo-tracker daemon.debug pppd[447]: sent [IPCP ConfReq id=0x1 <addr 0.0.0.0>]
Jan  1 03:00:58 indigo-tracker daemon.debug pppd[447]: sent [IPCP ConfReq id=0x1 <addr 0.0.0.0>]
Jan  1 03:01:01 indigo-tracker cron.info crond[428]: crond: USER root pid 625 cmd /etc/cron/check_updates.sh
Jan  1 03:01:01 indigo-tracker daemon.debug pppd[447]: sent [IPCP ConfReq id=0x1 <addr 0.0.0.0>]
Jan  1 03:01:01 indigo-tracker daemon.debug pppd[447]: rcvd [IPCP ConfReq id=0x1 <addr 192.200.1.21>]
Jan  1 03:01:01 indigo-tracker daemon.debug pppd[447]: sent [IPCP ConfAck id=0x1 <addr 192.200.1.21>]
Jan  1 03:01:01 indigo-tracker daemon.debug pppd[447]: rcvd [IPCP ConfNak id=0x1 <addr 10.193.188.46>]
Jan  1 03:01:01 indigo-tracker daemon.debug pppd[447]: sent [IPCP ConfReq id=0x2 <addr 10.193.188.46>]
Jan  1 03:01:01 indigo-tracker daemon.debug pppd[447]: rcvd [IPCP ConfAck id=0x2 <addr 10.193.188.46>]
Jan  1 03:01:01 indigo-tracker daemon.notice pppd[447]: local  IP address 10.193.188.46
Jan  1 03:01:01 indigo-tracker daemon.notice pppd[447]: remote IP address 192.200.1.21
Jan  1 03:01:01 indigo-tracker daemon.debug pppd[447]: Script /etc/ppp/ip-up started (pid 627)
Jan  1 03:01:02 indigo-tracker user.notice root: Trying to get system time over ntp
Jan  1 03:01:02 indigo-tracker daemon.notice ntpdate[631]: ntpdate 4.2.6p3@1.2290 Sun Feb 20 22:12:26 UTC 2011 (1)
Feb 29 15:35:22 indigo-tracker daemon.notice ntpdate[631]: step time server 85.21.78.23 offset 1330515249.241235 sec
Feb 29 15:35:23 indigo-tracker user.notice root: Playing ntp started
Feb 29 15:35:23 indigo-tracker user.notice root: sender started
Feb 29 15:35:23 indigo-tracker user.notice root: gpsreader started
Feb 29 15:35:23 indigo-tracker user.notice root: people started
Feb 29 15:35:23 indigo-tracker user.debug sender: using uuid 108e154c-6069-4489-aa77-61e929938088
Feb 29 15:35:24 indigo-tracker user.debug sqlite: gps connected ok
Feb 29 15:35:25 indigo-tracker daemon.notice openvpn[653]: OpenVPN 2.1.4 arm-linux [SSL] [LZO2] [EPOLL] built on Feb 21 2011
Feb 29 15:35:25 indigo-tracker daemon.warn openvpn[653]: NOTE: the current --script-security setting may allow this configuration to call user-defined scripts
Feb 29 15:35:25 indigo-tracker daemon.notice openvpn[653]: LZO compression initialized
Feb 29 15:35:25 indigo-tracker daemon.notice openvpn[653]: Control Channel MTU parms [ L:1544 D:140 EF:40 EB:0 ET:0 EL:0 ]
Feb 29 15:35:25 indigo-tracker daemon.notice openvpn[653]: Socket Buffers: R=[87380->131072] S=[16384->131072]
Feb 29 15:35:25 indigo-tracker user.debug sqlite: gpsdb started ok
Feb 29 15:35:25 indigo-tracker user.debug sqlite: gps created
Feb 29 15:35:26 indigo-tracker daemon.notice openvpn[653]: Data Channel MTU parms [ L:1544 D:1450 EF:44 EB:135 ET:0 EL:0 AF:3/1 ]
Feb 29 15:35:26 indigo-tracker daemon.notice openvpn[670]: Attempting to establish TCP connection with 72.249.145.165:1195 [nonblock]
Feb 29 15:35:27 indigo-tracker daemon.notice openvpn[670]: TCP connection established with 72.249.145.165:1195
Feb 29 15:35:27 indigo-tracker daemon.notice openvpn[670]: TCPv4_CLIENT link local: [undef]
Feb 29 15:35:27 indigo-tracker daemon.notice openvpn[670]: TCPv4_CLIENT link remote: 72.249.145.165:1195
Feb 29 15:35:29 indigo-tracker user.notice root: mjpeg-streamer started
Feb 29 15:35:29 indigo-tracker user.info MJPG-streamer [675]: starting application
Feb 29 15:35:29 indigo-tracker user.info MJPG-streamer [675]: MJPG Streamer Version: svn rev: exported
Feb 29 15:35:30 indigo-tracker user.info MJPG-streamer [675]: Using V4L2 device.: /dev/video0
Feb 29 15:35:30 indigo-tracker user.info MJPG-streamer [675]: Desired Resolution: 640 x 480
Feb 29 15:35:30 indigo-tracker user.info MJPG-streamer [675]: Frames Per Second.: 10
Feb 29 15:35:30 indigo-tracker user.info MJPG-streamer [675]: Format............: MJPEG
Feb 29 15:35:30 indigo-tracker user.info MJPG-streamer [675]: init_VideoIn failed
Feb 29 15:35:30 indigo-tracker user.notice root: Current time is valid
Feb 29 15:35:30 indigo-tracker daemon.debug pppd[447]: Script /etc/ppp/ip-up finished (pid 627), status = 0x0
Feb 29 15:35:34 indigo-tracker daemon.notice openvpn[670]: TLS: Initial packet from 72.249.145.165:1195, sid=f5bf4358 b586fa7f
Feb 29 15:35:34 indigo-tracker user.debug sender: send success
Feb 29 15:35:37 indigo-tracker user.debug sender: nothing to send, continuing
Feb 29 15:35:45 indigo-tracker daemon.notice openvpn[670]: VERIFY OK: depth=1, /C=RU/ST=Rostov/L=Taganrog/O=Indigo_Systems__Ltd/OU=Devices/CN=devices-vpn/name=devices-vpn/emailAddress=yury@indigosystem.ru
Feb 29 15:35:45 indigo-tracker daemon.notice openvpn[670]: VERIFY OK: nsCertType=SERVER
Feb 29 15:35:45 indigo-tracker daemon.notice openvpn[670]: VERIFY OK: depth=0, /C=RU/ST=Rostov/L=Taganrog/O=Indigo_Systems__Ltd/OU=Devices/CN=devices-vpn-server/name=devices-vpn-server/emailAddress=yury@indigosystem.ru
Feb 29 15:36:06 indigo-tracker daemon.info init: process '/sbin/getty -L ttyS0 115200' (pid 583) exited. Scheduling for restart.
Feb 29 15:36:06 indigo-tracker daemon.info init: starting pid 692, tty '/dev/ttyS0': '/sbin/getty -L ttyS0 115200'
Feb 29 15:36:08 indigo-tracker daemon.notice openvpn[670]: Data Channel Encrypt: Cipher 'BF-CBC' initialized with 128 bit key
Feb 29 15:36:08 indigo-tracker daemon.notice openvpn[670]: Data Channel Encrypt: Using 160 bit message hash 'SHA1' for HMAC authentication
Feb 29 15:36:08 indigo-tracker daemon.notice openvpn[670]: Data Channel Decrypt: Cipher 'BF-CBC' initialized with 128 bit key
Feb 29 15:36:08 indigo-tracker daemon.notice openvpn[670]: Data Channel Decrypt: Using 160 bit message hash 'SHA1' for HMAC authentication
Feb 29 15:36:08 indigo-tracker daemon.notice openvpn[670]: Control Channel: TLSv1, cipher TLSv1/SSLv3 DHE-RSA-AES256-SHA, 1024 bit RSA
Feb 29 15:36:08 indigo-tracker daemon.notice openvpn[670]: [devices-vpn-server] Peer Connection Initiated with 72.249.145.165:1195
Feb 29 15:36:10 indigo-tracker cron.err crond[428]: time disparity of 22175254 minutes detected
Feb 29 15:36:11 indigo-tracker daemon.notice openvpn[670]: SENT CONTROL [devices-vpn-server]: 'PUSH_REQUEST' (status=1)
Feb 29 15:36:12 indigo-tracker daemon.notice openvpn[670]: PUSH: Received control message: 'PUSH_REPLY,route-gateway 10.1.0.1,topology subnet,ping 120,ping-restart 1200,ifconfig 10.1.0.4 255.255.255.0'
Feb 29 15:36:12 indigo-tracker daemon.notice openvpn[670]: OPTIONS IMPORT: timers and/or timeouts modified
Feb 29 15:36:12 indigo-tracker daemon.notice openvpn[670]: OPTIONS IMPORT: --ifconfig/up options modified
Feb 29 15:36:12 indigo-tracker daemon.notice openvpn[670]: OPTIONS IMPORT: route-related options modified
Feb 29 15:36:12 indigo-tracker daemon.notice openvpn[670]: TUN/TAP device tun0 opened
Feb 29 15:36:12 indigo-tracker daemon.notice openvpn[670]: TUN/TAP TX queue length set to 100
Feb 29 15:36:12 indigo-tracker daemon.notice openvpn[670]: /sbin/ifconfig tun0 10.1.0.4 netmask 255.255.255.0 mtu 1500 broadcast 10.1.0.255
Feb 29 15:36:12 indigo-tracker daemon.notice openvpn[670]: /etc/openvpn/vpn-up tun0 1500 1544 10.1.0.4 255.255.255.0 init
Feb 29 15:36:12 indigo-tracker daemon.notice openvpn[670]: Initialization Sequence Completed
Feb 29 15:36:26 indigo-tracker user.debug sqlite: sending keepalive
Feb 29 15:36:27 indigo-tracker user.debug sender: send success
Feb 29 15:36:28 indigo-tracker user.debug sender: nothing to send, continuing
Feb 29 15:36:36 indigo-tracker auth.info login[692]: root login on 'ttyS0'
Feb 29 15:37:01 indigo-tracker cron.info crond[428]: crond: USER root pid 733 cmd /etc/cron/check_updates.sh
Feb 29 15:37:25 indigo-tracker daemon.info pppd[447]: Terminating on signal 15
Feb 29 15:37:25 indigo-tracker daemon.info pppd[447]: Connect time 22175256.4 minutes.
Feb 29 15:37:25 indigo-tracker daemon.info pppd[447]: Sent 11684 bytes, received 12625 bytes.
Feb 29 15:37:25 indigo-tracker daemon.debug pppd[447]: Script /etc/ppp/ip-down started (pid 744)
Feb 29 15:37:25 indigo-tracker daemon.debug pppd[447]: sent [LCP TermReq id=0x3 "User request"]
Feb 29 15:37:25 indigo-tracker daemon.debug pppd[447]: rcvd [LCP TermAck id=0x3]
Feb 29 15:37:25 indigo-tracker daemon.notice pppd[447]: Connection terminated.
Feb 29 15:37:26 indigo-tracker daemon.debug pppd[447]: Script /etc/ppp/peers/gprs-disconnect-chat finished (pid 748), status = 0x7f
Feb 29 15:37:26 indigo-tracker daemon.warn pppd[447]: disconnect script failed
Feb 29 15:37:26 indigo-tracker daemon.debug pppd[447]: Script /etc/ppp/ip-down finished (pid 744), status = 0x0
Feb 29 15:37:26 indigo-tracker daemon.info pppd[447]: Exit.
Feb 29 15:37:31 indigo-tracker user.notice root: PPPd is starting
Feb 29 15:37:31 indigo-tracker daemon.notice pppd[755]: pppd 2.4.5 started by root, uid 0
Feb 29 15:37:31 indigo-tracker daemon.notice pppd[755]: Device ttyS1 is locked by pid 750
Feb 29 15:37:31 indigo-tracker user.notice root: PPPd started
Feb 29 15:37:32 indigo-tracker daemon.notice pppd[755]: Device ttyS1 is locked by pid 750
Feb 29 15:37:33 indigo-tracker daemon.notice pppd[755]: Device ttyS1 is locked by pid 750
Feb 29 15:37:34 indigo-tracker daemon.notice pppd[755]: Device ttyS1 is locked by pid 750
Feb 29 15:37:35 indigo-tracker daemon.notice pppd[755]: Device ttyS1 is locked by pid 750
Feb 29 15:37:36 indigo-tracker daemon.notice pppd[755]: Device ttyS1 is locked by pid 750
Feb 29 15:37:37 indigo-tracker daemon.notice pppd[755]: Device ttyS1 is locked by pid 750
Feb 29 15:37:38 indigo-tracker local2.info chat[762]: abort on (BUSY)
Feb 29 15:37:38 indigo-tracker local2.info chat[762]: abort on (ERROR)
Feb 29 15:37:38 indigo-tracker local2.info chat[762]: abort on (UNDER-VOLTAGE WARNNING)
Feb 29 15:37:38 indigo-tracker local2.info chat[762]: send (ATZ^M)
Feb 29 15:37:38 indigo-tracker local2.info chat[762]: timeout set to 12 seconds
Feb 29 15:37:38 indigo-tracker local2.info chat[762]: expect (OK)
Feb 29 15:37:38 indigo-tracker local2.info chat[762]: ATZ^M^M
Feb 29 15:37:38 indigo-tracker local2.info chat[762]: OK
Feb 29 15:37:38 indigo-tracker local2.info chat[762]:  -- got it
Feb 29 15:37:38 indigo-tracker local2.info chat[762]: send (AT+CGDCONT=1,"IP","internet"^M)
Feb 29 15:37:39 indigo-tracker local2.info chat[762]: timeout set to 45 seconds
Feb 29 15:37:39 indigo-tracker local2.info chat[762]: expect (OK)
Feb 29 15:37:39 indigo-tracker local2.info chat[762]: ^M
Feb 29 15:37:39 indigo-tracker local2.info chat[762]: AT+CGDCONT=1,"IP","internet"^M^M
Feb 29 15:37:39 indigo-tracker local2.info chat[762]: OK
Feb 29 15:37:39 indigo-tracker local2.info chat[762]:  -- got it
Feb 29 15:37:39 indigo-tracker local2.info chat[762]: send (ATD*99#^M)
Feb 29 15:37:39 indigo-tracker local2.info chat[762]: expect (CONNECT)
Feb 29 15:37:39 indigo-tracker local2.info chat[762]: ^M
Feb 29 15:37:39 indigo-tracker local2.info chat[762]: ATD*99#^M^M
Feb 29 15:37:39 indigo-tracker local2.info chat[762]: CONNECT
Feb 29 15:37:39 indigo-tracker local2.info chat[762]:  -- got it
Feb 29 15:37:39 indigo-tracker local2.info chat[762]: send (^M)
Feb 29 15:37:39 indigo-tracker daemon.debug pppd[755]: Script chat -v -f /etc/ppp/chatscripts/megafon-connect finished (pid 761), status = 0x0
Feb 29 15:37:39 indigo-tracker daemon.info pppd[755]: Serial connection established.
Feb 29 15:37:39 indigo-tracker daemon.debug pppd[755]: using channel 2
Feb 29 15:37:39 indigo-tracker daemon.info pppd[755]: Using interface ppp0
Feb 29 15:37:39 indigo-tracker daemon.notice pppd[755]: Connect: ppp0 <--> /dev/ttyS1
Feb 29 15:37:40 indigo-tracker daemon.warn pppd[755]: Warning - secret file /etc/ppp/pap-secrets has world and/or group access
Feb 29 15:37:40 indigo-tracker daemon.debug pppd[755]: sent [LCP ConfReq id=0x1 <asyncmap 0x0> <magic 0x9418abf1>]
Feb 29 15:37:40 indigo-tracker daemon.debug pppd[755]: rcvd [LCP ConfReq id=0x1 <asyncmap 0xa0000> <auth pap>]
Feb 29 15:37:40 indigo-tracker daemon.debug pppd[755]: No auth is possible
Feb 29 15:37:40 indigo-tracker daemon.debug pppd[755]: sent [LCP ConfRej id=0x1 <auth pap>]
Feb 29 15:37:40 indigo-tracker daemon.debug pppd[755]: rcvd [LCP ConfRej id=0x1 <magic 0x9418abf1>]
Feb 29 15:37:40 indigo-tracker daemon.debug pppd[755]: sent [LCP ConfReq id=0x2 <asyncmap 0x0>]
Feb 29 15:37:40 indigo-tracker daemon.debug pppd[755]: rcvd [LCP ConfReq id=0x2 <asyncmap 0xa0000> <auth chap MD5>]
Feb 29 15:37:40 indigo-tracker daemon.debug pppd[755]: No auth is possible
Feb 29 15:37:40 indigo-tracker daemon.debug pppd[755]: sent [LCP ConfRej id=0x2 <auth chap MD5>]
Feb 29 15:37:40 indigo-tracker daemon.debug pppd[755]: rcvd [LCP ConfAck id=0x2 <asyncmap 0x0>]
Feb 29 15:37:40 indigo-tracker daemon.debug pppd[755]: rcvd [LCP ConfReq id=0x3 <asyncmap 0xa0000>]
Feb 29 15:37:40 indigo-tracker daemon.debug pppd[755]: sent [LCP ConfAck id=0x3 <asyncmap 0xa0000>]
Feb 29 15:37:40 indigo-tracker daemon.debug pppd[755]: sent [IPCP ConfReq id=0x1 <addr 0.0.0.0>]
Feb 29 15:37:41 indigo-tracker user.warn kernel: ttyS0: 1 input overrun(s)
Feb 29 15:37:43 indigo-tracker daemon.debug pppd[755]: sent [IPCP ConfReq id=0x1 <addr 0.0.0.0>]
Feb 29 15:37:46 indigo-tracker daemon.debug pppd[755]: sent [IPCP ConfReq id=0x1 <addr 0.0.0.0>]
Feb 29 15:37:46 indigo-tracker daemon.debug pppd[755]: rcvd [IPCP ConfReq id=0x1 <addr 192.200.1.21>]
Feb 29 15:37:46 indigo-tracker daemon.debug pppd[755]: sent [IPCP ConfAck id=0x1 <addr 192.200.1.21>]
Feb 29 15:37:46 indigo-tracker daemon.debug pppd[755]: rcvd [IPCP ConfNak id=0x1 <addr 10.218.47.86>]
Feb 29 15:37:46 indigo-tracker daemon.debug pppd[755]: sent [IPCP ConfReq id=0x2 <addr 10.218.47.86>]
Feb 29 15:37:46 indigo-tracker daemon.debug pppd[755]: rcvd [IPCP ConfAck id=0x2 <addr 10.218.47.86>]
Feb 29 15:37:46 indigo-tracker daemon.notice pppd[755]: local  IP address 10.218.47.86
Feb 29 15:37:46 indigo-tracker daemon.notice pppd[755]: remote IP address 192.200.1.21
Feb 29 15:37:46 indigo-tracker daemon.debug pppd[755]: Script /etc/ppp/ip-up started (pid 768)
Feb 29 15:37:47 indigo-tracker user.notice root: PPPd is starting
Feb 29 15:37:47 indigo-tracker daemon.notice pppd[775]: pppd 2.4.5 started by root, uid 0
Feb 29 15:37:47 indigo-tracker daemon.notice pppd[775]: Device ttyS1 is locked by pid 755
Feb 29 15:37:47 indigo-tracker user.notice root: Trying to get system time over ntp
Feb 29 15:37:47 indigo-tracker daemon.notice ntpdate[778]: ntpdate 4.2.6p3@1.2290 Sun Feb 20 22:12:26 UTC 2011 (1)
Feb 29 15:37:47 indigo-tracker user.notice root: PPPd doesn't seem like to start
Feb 29 15:37:48 indigo-tracker daemon.notice pppd[775]: Device ttyS1 is locked by pid 755
Feb 29 15:37:49 indigo-tracker daemon.notice pppd[775]: Device ttyS1 is locked by pid 755
Feb 29 15:37:50 indigo-tracker daemon.notice pppd[775]: Device ttyS1 is locked by pid 755
Feb 29 15:37:51 indigo-tracker daemon.notice pppd[775]: Device ttyS1 is locked by pid 755
Feb 29 15:37:52 indigo-tracker daemon.notice pppd[775]: Device ttyS1 is locked by pid 755
Feb 29 15:37:53 indigo-tracker daemon.notice pppd[775]: Device ttyS1 is locked by pid 755
Feb 29 15:37:54 indigo-tracker daemon.notice pppd[775]: Device ttyS1 is locked by pid 755
Feb 29 15:37:54 indigo-tracker daemon.info pppd[755]: Terminating on signal 15
Feb 29 15:37:54 indigo-tracker daemon.info pppd[755]: Connect time 0.2 minutes.
Feb 29 15:37:54 indigo-tracker daemon.info pppd[755]: Sent 745 bytes, received 565 bytes.
Feb 29 15:37:54 indigo-tracker daemon.info pppd[775]: Terminating on signal 15
Feb 29 15:37:54 indigo-tracker daemon.info pppd[775]: Exit.
Feb 29 15:37:54 indigo-tracker daemon.debug pppd[755]: sent [LCP TermReq id=0x3 "User request"]
Feb 29 15:37:54 indigo-tracker daemon.debug pppd[755]: rcvd [LCP TermAck id=0x3]
Feb 29 15:37:54 indigo-tracker daemon.notice pppd[755]: Connection terminated.
Feb 29 15:37:54 indigo-tracker daemon.debug pppd[755]: Script /etc/ppp/peers/gprs-disconnect-chat finished (pid 788), status = 0x7f
Feb 29 15:37:54 indigo-tracker daemon.warn pppd[755]: disconnect script failed
Feb 29 15:37:54 indigo-tracker daemon.debug pppd[755]: Waiting for 1 child processes...
Feb 29 15:37:54 indigo-tracker daemon.debug pppd[755]:   script /etc/ppp/ip-up, pid 768
Feb 29 15:37:55 indigo-tracker daemon.err ntpdate[778]: sendto(95.140.150.140): Success
Feb 29 15:37:55 indigo-tracker daemon.info pppd[755]: Terminating on signal 15
Feb 29 15:37:55 indigo-tracker daemon.debug pppd[755]: sending SIGTERM to process 768
Feb 29 15:37:55 indigo-tracker daemon.info pppd[755]: Exit.
Feb 29 15:37:55 indigo-tracker daemon.err ntpdate[778]: sendto(85.21.78.23): Success
Feb 29 15:37:55 indigo-tracker daemon.err ntpdate[778]: sendto(193.124.4.177): Success
Feb 29 15:37:57 indigo-tracker daemon.notice ntpdate[778]: step time server 95.140.150.140 offset -0.033213 sec
Feb 29 15:37:57 indigo-tracker user.notice root: Current time is valid
Feb 29 15:37:59 indigo-tracker user.notice root: PPPd is starting
Feb 29 15:37:59 indigo-tracker daemon.notice pppd[807]: pppd 2.4.5 started by root, uid 0
Feb 29 15:37:59 indigo-tracker local2.info chat[810]: abort on (BUSY)
Feb 29 15:37:59 indigo-tracker local2.info chat[810]: abort on (ERROR)
Feb 29 15:37:59 indigo-tracker local2.info chat[810]: abort on (UNDER-VOLTAGE WARNNING)
Feb 29 15:37:59 indigo-tracker local2.info chat[810]: send (ATZ^M)
Feb 29 15:37:59 indigo-tracker local2.info chat[810]: timeout set to 12 seconds
Feb 29 15:37:59 indigo-tracker local2.info chat[810]: expect (OK)
Feb 29 15:37:59 indigo-tracker local2.info chat[810]: ATZ^M^M
Feb 29 15:37:59 indigo-tracker local2.info chat[810]: OK
Feb 29 15:37:59 indigo-tracker local2.info chat[810]:  -- got it
Feb 29 15:37:59 indigo-tracker local2.info chat[810]: send (AT+CGDCONT=1,"IP","internet"^M)
Feb 29 15:37:59 indigo-tracker user.notice root: PPPd started
Feb 29 15:38:00 indigo-tracker local2.info chat[810]: timeout set to 45 seconds
Feb 29 15:38:00 indigo-tracker local2.info chat[810]: expect (OK)
Feb 29 15:38:00 indigo-tracker local2.info chat[810]: ^M
Feb 29 15:38:00 indigo-tracker local2.info chat[810]: AT+CGDCONT=1,"IP","internet"^M^M
Feb 29 15:38:00 indigo-tracker local2.info chat[810]: OK
Feb 29 15:38:00 indigo-tracker local2.info chat[810]:  -- got it
Feb 29 15:38:00 indigo-tracker local2.info chat[810]: send (ATD*99#^M)
Feb 29 15:38:00 indigo-tracker local2.info chat[810]: expect (CONNECT)
Feb 29 15:38:00 indigo-tracker local2.info chat[810]: ^M
Feb 29 15:38:00 indigo-tracker local2.info chat[810]: ATD*99#^M^M
Feb 29 15:38:00 indigo-tracker local2.info chat[810]: CONNECT
Feb 29 15:38:00 indigo-tracker local2.info chat[810]:  -- got it
Feb 29 15:38:00 indigo-tracker local2.info chat[810]: send (^M)
Feb 29 15:38:00 indigo-tracker daemon.debug pppd[807]: Script chat -v -f /etc/ppp/chatscripts/megafon-connect finished (pid 809), status = 0x0
Feb 29 15:38:00 indigo-tracker daemon.info pppd[807]: Serial connection established.
Feb 29 15:38:00 indigo-tracker daemon.debug pppd[807]: using channel 3
Feb 29 15:38:00 indigo-tracker daemon.info pppd[807]: Using interface ppp0
Feb 29 15:38:00 indigo-tracker daemon.notice pppd[807]: Connect: ppp0 <--> /dev/ttyS1
Feb 29 15:38:01 indigo-tracker cron.info crond[428]: crond: USER root pid 814 cmd /etc/cron/check_updates.sh
Feb 29 15:38:01 indigo-tracker daemon.warn pppd[807]: Warning - secret file /etc/ppp/pap-secrets has world and/or group access
Feb 29 15:38:01 indigo-tracker daemon.debug pppd[807]: sent [LCP ConfReq id=0x1 <asyncmap 0x0> <magic 0x26599ed5>]
Feb 29 15:38:01 indigo-tracker daemon.debug pppd[807]: rcvd [LCP ConfReq id=0x1 <asyncmap 0xa0000> <auth pap>]
Feb 29 15:38:01 indigo-tracker daemon.debug pppd[807]: No auth is possible
Feb 29 15:38:01 indigo-tracker daemon.debug pppd[807]: sent [LCP ConfRej id=0x1 <auth pap>]
Feb 29 15:38:01 indigo-tracker daemon.debug pppd[807]: rcvd [LCP ConfRej id=0x1 <magic 0x26599ed5>]
Feb 29 15:38:01 indigo-tracker daemon.debug pppd[807]: sent [LCP ConfReq id=0x2 <asyncmap 0x0>]
Feb 29 15:38:01 indigo-tracker daemon.debug pppd[807]: rcvd [LCP ConfReq id=0x2 <asyncmap 0xa0000> <auth chap MD5>]
Feb 29 15:38:01 indigo-tracker daemon.debug pppd[807]: No auth is possible
Feb 29 15:38:01 indigo-tracker daemon.debug pppd[807]: sent [LCP ConfRej id=0x2 <auth chap MD5>]
Feb 29 15:38:01 indigo-tracker daemon.debug pppd[807]: rcvd [LCP ConfAck id=0x2 <asyncmap 0x0>]
Feb 29 15:38:01 indigo-tracker daemon.debug pppd[807]: rcvd [LCP ConfReq id=0x3 <asyncmap 0xa0000>]
Feb 29 15:38:01 indigo-tracker daemon.debug pppd[807]: sent [LCP ConfAck id=0x3 <asyncmap 0xa0000>]
Feb 29 15:38:01 indigo-tracker daemon.debug pppd[807]: sent [IPCP ConfReq id=0x1 <addr 0.0.0.0>]
Feb 29 15:38:04 indigo-tracker daemon.debug pppd[807]: sent [IPCP ConfReq id=0x1 <addr 0.0.0.0>]
Feb 29 15:38:06 indigo-tracker daemon.info init: starting pid 819, tty '/dev/null': '/etc/init.d/shutdown'
Feb 29 15:38:06 indigo-tracker user.notice root: mjpeg-streamer stopped
Feb 29 15:38:07 indigo-tracker user.debug sqlite: exiting by signal 15
Feb 29 15:38:07 indigo-tracker user.debug sqlite: gps finished ok
Feb 29 15:38:07 indigo-tracker user.notice root: gpsreader stopped
Feb 29 15:38:07 indigo-tracker user.debug sqlite: gpsdb closed ok
Feb 29 15:38:07 indigo-tracker user.debug sqlite: exiting by signal 15
Feb 29 15:38:07 indigo-tracker user.notice root: people stopped
Feb 29 15:38:07 indigo-tracker user.notice root: sender stopped
Feb 29 15:38:07 indigo-tracker daemon.err openvpn[670]: event_wait : Interrupted system call (code=4)
Feb 29 15:38:07 indigo-tracker daemon.notice openvpn[670]: TCP/UDP: Closing socket
Feb 29 15:38:07 indigo-tracker daemon.notice openvpn[670]: Closing TUN/TAP interface
Feb 29 15:38:07 indigo-tracker daemon.notice openvpn[670]: /sbin/ifconfig tun0 0.0.0.0
Feb 29 15:38:07 indigo-tracker daemon.debug pppd[807]: sent [IPCP ConfReq id=0x1 <addr 0.0.0.0>]
Feb 29 15:38:07 indigo-tracker daemon.debug pppd[807]: rcvd [IPCP ConfReq id=0x1 <addr 192.200.1.21>]
Feb 29 15:38:07 indigo-tracker daemon.debug pppd[807]: sent [IPCP ConfAck id=0x1 <addr 192.200.1.21>]
Feb 29 15:38:07 indigo-tracker daemon.notice openvpn[670]: /etc/openvpn/vpn-down tun0 1500 1544 10.1.0.4 255.255.255.0 init
Feb 29 15:38:07 indigo-tracker daemon.debug pppd[807]: rcvd [IPCP ConfNak id=0x1 <addr 10.93.8.226>]
Feb 29 15:38:07 indigo-tracker daemon.debug pppd[807]: sent [IPCP ConfReq id=0x2 <addr 10.93.8.226>]
Feb 29 15:38:07 indigo-tracker daemon.debug pppd[807]: rcvd [IPCP ConfAck id=0x2 <addr 10.93.8.226>]
Feb 29 15:38:07 indigo-tracker daemon.notice pppd[807]: local  IP address 10.93.8.226
Feb 29 15:38:07 indigo-tracker daemon.notice pppd[807]: remote IP address 192.200.1.21
Feb 29 15:38:08 indigo-tracker daemon.debug pppd[807]: Script /etc/ppp/ip-up started (pid 848)
Feb 29 15:38:08 indigo-tracker daemon.notice openvpn[670]: SIGTERM[hard,] received, process exiting
Feb 29 15:38:08 indigo-tracker daemon.info pppd[807]: Terminating on signal 15
Feb 29 15:38:08 indigo-tracker daemon.info pppd[807]: Connect time 0.1 minutes.
Feb 29 15:38:08 indigo-tracker daemon.info pppd[807]: Sent 0 bytes, received 0 bytes.
Feb 29 15:38:08 indigo-tracker daemon.debug pppd[807]: sent [LCP TermReq id=0x3 "User request"]
Feb 29 15:38:08 indigo-tracker daemon.debug pppd[807]: rcvd [LCP TermAck id=0x3]
Feb 29 15:38:08 indigo-tracker daemon.notice pppd[807]: Connection terminated.
Feb 29 15:38:08 indigo-tracker daemon.debug pppd[807]: Script /etc/ppp/peers/gprs-disconnect-chat finished (pid 853), status = 0x7f
Feb 29 15:38:08 indigo-tracker daemon.warn pppd[807]: disconnect script failed
Feb 29 15:38:08 indigo-tracker daemon.debug pppd[807]: Waiting for 1 child processes...
Feb 29 15:38:08 indigo-tracker daemon.debug pppd[807]:   script /etc/ppp/ip-up, pid 848
Feb 29 15:38:08 indigo-tracker user.notice root: Trying to get system time over ntp
Feb 29 15:38:08 indigo-tracker daemon.notice ntpdate[858]: ntpdate 4.2.6p3@1.2290 Sun Feb 20 22:12:26 UTC 2011 (1)
Feb 29 15:38:08 indigo-tracker daemon.err ntpdate[858]: name server cannot be used: Temporary failure in name resolution (-3)
Feb 29 15:38:09 indigo-tracker user.debug sysdaemon-dbus: flash remove
Feb 29 15:38:09 indigo-tracker user.notice root: Current time is valid
Feb 29 15:38:09 indigo-tracker daemon.debug pppd[807]: Script /etc/ppp/ip-up finished (pid 848), status = 0x0
Feb 29 15:38:09 indigo-tracker daemon.debug pppd[807]: Script /etc/ppp/ip-down started (pid 876)
Feb 29 15:38:09 indigo-tracker daemon.debug pppd[807]: Script /etc/ppp/ip-down finished (pid 876), status = 0x0
Feb 29 15:38:09 indigo-tracker daemon.info pppd[807]: Exit.
Feb 29 15:38:14 indigo-tracker daemon.info init: starting pid 888, tty '/dev/null': '/usr/bin/killall klogd'
Feb 29 15:38:14 indigo-tracker daemon.info init: starting pid 889, tty '/dev/null': '/usr/bin/killall syslogd'
Feb 29 15:38:14 indigo-tracker syslog.info syslogd exiting
Jan  1 03:00:12 indigo-tracker syslog.info syslogd started: BusyBox v1.18.3
Jan  1 03:00:12 indigo-tracker user.notice kernel: klogd started: BusyBox v1.18.3 (2011-03-29 18:29:13 MSD)
Jan  1 03:00:12 indigo-tracker user.notice kernel: Linux version 3.2.0+ (yury@debian-dev-vm) (gcc version 4.4.5 (indigo-ct-ng) ) #177 Fri Feb 17 14:07:48 MSK 2012
Jan  1 03:00:12 indigo-tracker user.warn kernel: CPU: ARM926EJ-S [41069265] revision 5 (ARMv5TEJ), cr=00053177
Jan  1 03:00:12 indigo-tracker user.warn kernel: CPU: VIVT data cache, VIVT instruction cache
Jan  1 03:00:12 indigo-tracker user.warn kernel: Machine: Indigo Tracker
Jan  1 03:00:12 indigo-tracker user.warn kernel: Memory policy: ECC disabled, Data cache writeback
Jan  1 03:00:12 indigo-tracker user.info kernel: AT91: Detected soc type: at91sam9260
Jan  1 03:00:12 indigo-tracker user.info kernel: AT91: Detected soc subtype: Unknown
Jan  1 03:00:12 indigo-tracker user.info kernel: AT91: sram at 0x200000 of 0x1000 mapped at 0xfef77000
Jan  1 03:00:12 indigo-tracker user.info kernel: AT91: sram at 0x300000 of 0x1000 mapped at 0xfef76000
Jan  1 03:00:12 indigo-tracker user.debug kernel: On node 0 totalpages: 16384
Jan  1 03:00:12 indigo-tracker user.debug kernel: free_area_init_node: node 0, pgdat c036d7d0, node_mem_map c037e000
Jan  1 03:00:12 indigo-tracker user.debug kernel:   Normal zone: 128 pages used for memmap
Jan  1 03:00:12 indigo-tracker user.debug kernel:   Normal zone: 0 pages reserved
Jan  1 03:00:12 indigo-tracker user.debug kernel:   Normal zone: 16256 pages, LIFO batch:3
Jan  1 03:00:12 indigo-tracker user.warn kernel: Clocks: CPU 150 MHz, master 75 MHz, main 12.000 MHz
Jan  1 03:00:12 indigo-tracker user.debug kernel: pcpu-alloc: s0 r0 d32768 u32768 alloc=1*32768
Jan  1 03:00:12 indigo-tracker user.debug kernel: pcpu-alloc: [0] 0 
Jan  1 03:00:12 indigo-tracker user.warn kernel: Built 1 zonelists in Zone order, mobility grouping on.  Total pages: 16256
Jan  1 03:00:12 indigo-tracker user.notice kernel: Kernel command line: console=ttyS0,115200 cachepolicy=writeback root=/dev/mtdblock1
Jan  1 03:00:12 indigo-tracker user.info kernel: PID hash table entries: 256 (order: -2, 1024 bytes)
Jan  1 03:00:12 indigo-tracker user.info kernel: Dentry cache hash table entries: 8192 (order: 3, 32768 bytes)
Jan  1 03:00:12 indigo-tracker user.info kernel: Inode-cache hash table entries: 4096 (order: 2, 16384 bytes)
Jan  1 03:00:12 indigo-tracker user.info kernel: Memory: 64MB = 64MB total
Jan  1 03:00:12 indigo-tracker user.notice kernel: Memory: 61356k/61356k available, 4180k reserved, 0K highmem
Jan  1 03:00:12 indigo-tracker user.notice kernel: Virtual kernel memory layout:
Jan  1 03:00:12 indigo-tracker user.notice kernel:     vector  : 0xffff0000 - 0xffff1000   (   4 kB)
Jan  1 03:00:12 indigo-tracker user.notice kernel:     fixmap  : 0xfff00000 - 0xfffe0000   ( 896 kB)
Jan  1 03:00:12 indigo-tracker user.notice kernel:     vmalloc : 0xc4800000 - 0xfee00000   ( 934 MB)
Jan  1 03:00:12 indigo-tracker user.notice kernel:     lowmem  : 0xc0000000 - 0xc4000000   (  64 MB)
Jan  1 03:00:12 indigo-tracker user.notice kernel:     modules : 0xbf000000 - 0xc0000000   (  16 MB)
Jan  1 03:00:12 indigo-tracker user.notice kernel:       .text : 0xc0008000 - 0xc0324000   (3184 kB)
Jan  1 03:00:12 indigo-tracker user.notice kernel:       .init : 0xc0324000 - 0xc0341000   ( 116 kB)
Jan  1 03:00:12 indigo-tracker user.notice kernel:       .data : 0xc0342000 - 0xc036dfa0   ( 176 kB)
Jan  1 03:00:12 indigo-tracker user.notice kernel:        .bss : 0xc036dfc4 - 0xc037d1c8   (  61 kB)
Jan  1 03:00:12 indigo-tracker user.info kernel: NR_IRQS:192
Jan  1 03:00:12 indigo-tracker user.info kernel: AT91: 96 gpio irqs in 3 banks
Jan  1 03:00:12 indigo-tracker user.info kernel: Console: colour dummy device 80x30
Jan  1 03:00:12 indigo-tracker user.info kernel: Calibrating delay loop... 74.54 BogoMIPS (lpj=372736)
Jan  1 03:00:12 indigo-tracker user.info kernel: pid_max: default: 32768 minimum: 301
Jan  1 03:00:12 indigo-tracker user.info kernel: Mount-cache hash table entries: 512
Jan  1 03:00:12 indigo-tracker user.info kernel: CPU: Testing write buffer coherency: ok
Jan  1 03:00:12 indigo-tracker user.info kernel: NET: Registered protocol family 16
Jan  1 03:00:12 indigo-tracker user.err kernel: adding device EB-500 GPS
Jan  1 03:00:12 indigo-tracker user.err kernel: indigo gpioperiph: gps peripheral EB-500 GPS added
Jan  1 03:00:12 indigo-tracker user.err kernel: adding device Sim900D GSM
Jan  1 03:00:12 indigo-tracker user.err kernel: creating command 4
Jan  1 03:00:12 indigo-tracker user.err kernel: indigo gpioperiph: gsm peripheral Sim900D GSM added
Jan  1 03:00:12 indigo-tracker user.err kernel: adding device LM-something
Jan  1 03:00:12 indigo-tracker user.err kernel: indigo gpioperiph: power peripheral LM-something added
Jan  1 03:00:12 indigo-tracker user.info kernel: bio: create slab <bio-0> at 0
Jan  1 03:00:12 indigo-tracker user.notice kernel: SCSI subsystem initialized
Jan  1 03:00:12 indigo-tracker user.info kernel: usbcore: registered new interface driver usbfs
Jan  1 03:00:12 indigo-tracker user.info kernel: usbcore: registered new interface driver hub
Jan  1 03:00:12 indigo-tracker user.info kernel: usbcore: registered new device driver usb
Jan  1 03:00:12 indigo-tracker user.info kernel: Advanced Linux Sound Architecture Driver Version 1.0.24.
Jan  1 03:00:12 indigo-tracker user.info kernel: Switching to clocksource pit
Jan  1 03:00:12 indigo-tracker user.info kernel: NET: Registered protocol family 2
Jan  1 03:00:12 indigo-tracker user.info kernel: IP route cache hash table entries: 1024 (order: 0, 4096 bytes)
Jan  1 03:00:12 indigo-tracker user.info kernel: TCP established hash table entries: 2048 (order: 2, 16384 bytes)
Jan  1 03:00:12 indigo-tracker user.info kernel: TCP bind hash table entries: 2048 (order: 1, 8192 bytes)
Jan  1 03:00:12 indigo-tracker user.info kernel: TCP: Hash tables configured (established 2048 bind 2048)
Jan  1 03:00:12 indigo-tracker user.info kernel: TCP reno registered
Jan  1 03:00:12 indigo-tracker user.info kernel: UDP hash table entries: 256 (order: 0, 4096 bytes)
Jan  1 03:00:12 indigo-tracker user.info kernel: UDP-Lite hash table entries: 256 (order: 0, 4096 bytes)
Jan  1 03:00:12 indigo-tracker user.info kernel: NET: Registered protocol family 1
Jan  1 03:00:12 indigo-tracker user.debug kernel: yaffs: yaffs built Jan 23 2012 18:16:47 Installing.
Jan  1 03:00:12 indigo-tracker user.info kernel: msgmni has been set to 119
Jan  1 03:00:12 indigo-tracker user.info kernel: io scheduler noop registered (default)
Jan  1 03:00:12 indigo-tracker user.info kernel: io scheduler deadline registered
Jan  1 03:00:12 indigo-tracker user.info kernel: atmel_usart.0: ttyS0 at MMIO 0xfffff200 (irq = 1) is a ATMEL_SERIAL
Jan  1 03:00:12 indigo-tracker user.info kernel: console [ttyS0] enabled
Jan  1 03:00:12 indigo-tracker user.info kernel: atmel_usart.1: ttyS1 at MMIO 0xfffb0000 (irq = 6) is a ATMEL_SERIAL
Jan  1 03:00:12 indigo-tracker user.info kernel: atmel_usart.2: ttyS2 at MMIO 0xfffb4000 (irq = 7) is a ATMEL_SERIAL
Jan  1 03:00:12 indigo-tracker user.info kernel: brd: module loaded
Jan  1 03:00:12 indigo-tracker user.info kernel: loop: module loaded
Jan  1 03:00:12 indigo-tracker user.info kernel: atmel_nand atmel_nand: No DMA support for NAND access.
Jan  1 03:00:12 indigo-tracker user.info kernel: NAND device: Manufacturer ID: 0xec, Chip ID: 0xda (Samsung NAND 256MiB 3,3V 8-bit)
Jan  1 03:00:12 indigo-tracker user.info kernel: Scanning device for bad blocks
Jan  1 03:00:12 indigo-tracker user.warn kernel: Bad eraseblock 348 at 0x000002b80000
Jan  1 03:00:12 indigo-tracker user.warn kernel: Bad eraseblock 374 at 0x000002ec0000
Jan  1 03:00:12 indigo-tracker user.warn kernel: Bad eraseblock 375 at 0x000002ee0000
Jan  1 03:00:12 indigo-tracker user.warn kernel: Bad eraseblock 578 at 0x000004840000
Jan  1 03:00:12 indigo-tracker user.warn kernel: Bad eraseblock 664 at 0x000005300000
Jan  1 03:00:12 indigo-tracker user.warn kernel: Bad eraseblock 1060 at 0x000008480000
Jan  1 03:00:12 indigo-tracker user.warn kernel: Bad eraseblock 1120 at 0x000008c00000
Jan  1 03:00:12 indigo-tracker user.warn kernel: Bad eraseblock 1399 at 0x00000aee0000
Jan  1 03:00:12 indigo-tracker user.warn kernel: Bad eraseblock 1602 at 0x00000c840000
Jan  1 03:00:12 indigo-tracker user.warn kernel: Bad eraseblock 1688 at 0x00000d300000
Jan  1 03:00:12 indigo-tracker user.warn kernel: Bad eraseblock 1696 at 0x00000d400000
Jan  1 03:00:12 indigo-tracker user.warn kernel: Bad eraseblock 1697 at 0x00000d420000
Jan  1 03:00:12 indigo-tracker user.notice kernel: Creating 2 MTD partitions on "atmel_nand":
Jan  1 03:00:12 indigo-tracker user.notice kernel: 0x000000000000-0x000000800000 : "Images"
Jan  1 03:00:12 indigo-tracker user.notice kernel: 0x000000800000-0x000010000000 : "Storage Partition"
Jan  1 03:00:12 indigo-tracker user.info kernel: tun: Universal TUN/TAP device driver, 1.6
Jan  1 03:00:12 indigo-tracker user.info kernel: tun: (C) 1999-2004 Max Krasnyansky <maxk@qualcomm.com>
Jan  1 03:00:12 indigo-tracker user.info kernel: PPP generic driver version 2.4.2
Jan  1 03:00:12 indigo-tracker user.info kernel: PPP BSD Compression module registered
Jan  1 03:00:12 indigo-tracker user.info kernel: PPP Deflate Compression module registered
Jan  1 03:00:12 indigo-tracker user.info kernel: PPP MPPE Compression module registered
Jan  1 03:00:12 indigo-tracker user.info kernel: NET: Registered protocol family 24
Jan  1 03:00:12 indigo-tracker user.info kernel: ohci_hcd: USB 1.1 'Open' Host Controller (OHCI) Driver
Jan  1 03:00:12 indigo-tracker user.info kernel: at91_ohci at91_ohci: AT91 OHCI
Jan  1 03:00:12 indigo-tracker user.info kernel: at91_ohci at91_ohci: new USB bus registered, assigned bus number 1
Jan  1 03:00:12 indigo-tracker user.info kernel: at91_ohci at91_ohci: irq 20, io mem 0x00500000
Jan  1 03:00:12 indigo-tracker user.info kernel: usb usb1: New USB device found, idVendor=1d6b, idProduct=0001
Jan  1 03:00:12 indigo-tracker user.info kernel: usb usb1: New USB device strings: Mfr=3, Product=2, SerialNumber=1
Jan  1 03:00:12 indigo-tracker user.info kernel: usb usb1: Product: AT91 OHCI
Jan  1 03:00:12 indigo-tracker user.info kernel: usb usb1: Manufacturer: Linux 3.2.0+ ohci_hcd
Jan  1 03:00:12 indigo-tracker user.info kernel: usb usb1: SerialNumber: at91
Jan  1 03:00:12 indigo-tracker user.info kernel: hub 1-0:1.0: USB hub found
Jan  1 03:00:12 indigo-tracker user.info kernel: hub 1-0:1.0: 2 ports detected
Jan  1 03:00:12 indigo-tracker user.info kernel: Initializing USB Mass Storage driver...
Jan  1 03:00:12 indigo-tracker cron.notice atd[599]: Removing stale lockfile for pid 599
Jan  1 03:00:12 indigo-tracker user.info kernel: usbcore: registered new interface driver usb-storage
Jan  1 03:00:12 indigo-tracker user.info kernel: USB Mass Storage support registered.
Jan  1 03:00:12 indigo-tracker user.info kernel: rtc-at91sam9 at91_rtt.0: rtc core: registered at91_rtt as rtc0
Jan  1 03:00:12 indigo-tracker user.warn kernel: rtc-at91sam9 at91_rtt.0: rtc0: SET TIME!
Jan  1 03:00:12 indigo-tracker user.info kernel: Linux video capture interface: v2.00
Jan  1 03:00:12 indigo-tracker user.info kernel: usbcore: registered new interface driver uvcvideo
Jan  1 03:00:12 indigo-tracker user.info kernel: USB Video Class driver (1.1.1)
Jan  1 03:00:12 indigo-tracker user.info kernel: AT91SAM9 Watchdog enabled (heartbeat=15 sec, nowayout=0)
Jan  1 03:00:12 indigo-tracker user.info kernel: usbcore: registered new interface driver snd-usb-audio
Jan  1 03:00:12 indigo-tracker user.info kernel: ALSA device list:
Jan  1 03:00:12 indigo-tracker user.info kernel:   No soundcards found.
Jan  1 03:00:12 indigo-tracker user.info kernel: TCP cubic registered
Jan  1 03:00:12 indigo-tracker user.info kernel: NET: Registered protocol family 17
Jan  1 03:00:12 indigo-tracker user.err kernel: rtc-at91sam9 at91_rtt.0: hctosys: unable to read the hardware clock
Jan  1 03:00:12 indigo-tracker user.info kernel: atmel_mci atmel_mci: version: 0x210
Jan  1 03:00:12 indigo-tracker user.info kernel: atmel_mci atmel_mci: using PDC
Jan  1 03:00:12 indigo-tracker user.info kernel: atmel_mci atmel_mci: Atmel MCI controller at 0xfffa8000 irq 9, 1 slots
Jan  1 03:00:12 indigo-tracker user.info kernel: yaffs: dev is 32505857 name is "mtdblock1" rw
Jan  1 03:00:12 indigo-tracker user.info kernel: yaffs: passed flags ""
Jan  1 03:00:12 indigo-tracker user.debug kernel: yaffs: yaffs: Attempting MTD mount of 31.1,"mtdblock1"
Jan  1 03:00:12 indigo-tracker user.debug kernel: yaffs: auto selecting yaffs2
Jan  1 03:00:12 indigo-tracker user.debug kernel: yaffs: yaffs_read_super: is_checkpointed 1
Jan  1 03:00:12 indigo-tracker user.info kernel: VFS: Mounted root (yaffs filesystem) on device 31:1.
Jan  1 03:00:12 indigo-tracker user.info kernel: Freeing init memory: 116K
Jan  1 03:00:12 indigo-tracker user.warn kernel: mmc0: host does not support reading read-only switch. assuming write-enable.
Jan  1 03:00:12 indigo-tracker user.info kernel: mmc0: new SD card at address 1234
Jan  1 03:00:12 indigo-tracker user.info kernel: mmcblk0: mmc0:1234 SA02G 1.83 GiB 
Jan  1 03:00:12 indigo-tracker user.info kernel:  mmcblk0: p1
Jan  1 03:00:12 indigo-tracker user.warn kernel: Disabling lock debugging due to kernel taint
Jan  1 03:00:12 indigo-tracker user.alert kernel: system revision is 2
Jan  1 03:00:12 indigo-tracker user.alert kernel: piopins: with filter
Jan  1 03:00:12 indigo-tracker user.warn kernel: piopins: system time doesn't seem to be true, will not flush anything
Jan  1 03:00:12 indigo-tracker user.err kernel: creating command 4
Jan  1 03:00:13 indigo-tracker user.debug sysdaemon-dbus: flash insert
Jan  1 03:00:52 indigo-tracker local2.info chat[451]: alarm
Jan  1 03:00:52 indigo-tracker local2.info chat[451]: Failed
Jan  1 03:00:52 indigo-tracker daemon.debug pppd[447]: Script chat -v -f /etc/ppp/chatscripts/megafon-connect finished (pid 449), status = 0x3
Jan  1 03:00:52 indigo-tracker daemon.err pppd[447]: Connect script failed
Jan  1 03:00:53 indigo-tracker local2.info chat[623]: abort on (BUSY)
Jan  1 03:00:53 indigo-tracker local2.info chat[623]: abort on (ERROR)
Jan  1 03:00:53 indigo-tracker local2.info chat[623]: abort on (UNDER-VOLTAGE WARNNING)
Jan  1 03:00:53 indigo-tracker local2.info chat[623]: send (ATZ^M)
Jan  1 03:00:53 indigo-tracker local2.info chat[623]: timeout set to 12 seconds
Jan  1 03:00:53 indigo-tracker local2.info chat[623]: expect (OK)
Jan  1 03:00:53 indigo-tracker local2.info chat[623]: ATZ^M^M
Jan  1 03:00:53 indigo-tracker local2.info chat[623]: OK
Jan  1 03:00:53 indigo-tracker local2.info chat[623]:  -- got it
Jan  1 03:00:53 indigo-tracker local2.info chat[623]: send (AT+CGDCONT=1,"IP","internet"^M)
Jan  1 03:00:54 indigo-tracker local2.info chat[623]: timeout set to 45 seconds
Jan  1 03:00:54 indigo-tracker local2.info chat[623]: expect (OK)
Jan  1 03:00:54 indigo-tracker local2.info chat[623]: ^M
Jan  1 03:00:54 indigo-tracker local2.info chat[623]: AT+CGDCONT=1,"IP","internet"^M^M
Jan  1 03:00:54 indigo-tracker local2.info chat[623]: OK
Jan  1 03:00:54 indigo-tracker local2.info chat[623]:  -- got it
Jan  1 03:00:54 indigo-tracker local2.info chat[623]: send (ATD*99#^M)
Jan  1 03:00:54 indigo-tracker local2.info chat[623]: expect (CONNECT)
Jan  1 03:00:54 indigo-tracker local2.info chat[623]: ^M
Jan  1 03:00:54 indigo-tracker local2.info chat[623]: ATD*99#^M^M
Jan  1 03:00:54 indigo-tracker local2.info chat[623]: CONNECT
Jan  1 03:00:54 indigo-tracker local2.info chat[623]:  -- got it
Jan  1 03:00:54 indigo-tracker local2.info chat[623]: send (^M)
Jan  1 03:00:54 indigo-tracker daemon.debug pppd[447]: Script chat -v -f /etc/ppp/chatscripts/megafon-connect finished (pid 622), status = 0x0
Jan  1 03:00:54 indigo-tracker daemon.info pppd[447]: Serial connection established.
Jan  1 03:00:54 indigo-tracker daemon.debug pppd[447]: using channel 1
Jan  1 03:00:54 indigo-tracker daemon.info pppd[447]: Using interface ppp0
Jan  1 03:00:54 indigo-tracker daemon.notice pppd[447]: Connect: ppp0 <--> /dev/ttyS1
Jan  1 03:00:55 indigo-tracker daemon.warn pppd[447]: Warning - secret file /etc/ppp/pap-secrets has world and/or group access
Jan  1 03:00:55 indigo-tracker daemon.debug pppd[447]: sent [LCP ConfReq id=0x1 <asyncmap 0x0> <magic 0xde6b6668>]
Jan  1 03:00:55 indigo-tracker daemon.debug pppd[447]: rcvd [LCP ConfReq id=0x1 <asyncmap 0xa0000> <auth pap>]
Jan  1 03:00:55 indigo-tracker daemon.debug pppd[447]: No auth is possible
Jan  1 03:00:55 indigo-tracker daemon.debug pppd[447]: sent [LCP ConfRej id=0x1 <auth pap>]
Jan  1 03:00:55 indigo-tracker daemon.debug pppd[447]: rcvd [LCP ConfRej id=0x1 <magic 0xde6b6668>]
Jan  1 03:00:55 indigo-tracker daemon.debug pppd[447]: sent [LCP ConfReq id=0x2 <asyncmap 0x0>]
Jan  1 03:00:55 indigo-tracker daemon.debug pppd[447]: rcvd [LCP ConfReq id=0x2 <asyncmap 0xa0000> <auth chap MD5>]
Jan  1 03:00:55 indigo-tracker daemon.debug pppd[447]: No auth is possible
Jan  1 03:00:55 indigo-tracker daemon.debug pppd[447]: sent [LCP ConfRej id=0x2 <auth chap MD5>]
Jan  1 03:00:55 indigo-tracker daemon.debug pppd[447]: rcvd [LCP ConfAck id=0x2 <asyncmap 0x0>]
Jan  1 03:00:55 indigo-tracker daemon.debug pppd[447]: rcvd [LCP ConfReq id=0x3 <asyncmap 0xa0000>]
Jan  1 03:00:55 indigo-tracker daemon.debug pppd[447]: sent [LCP ConfAck id=0x3 <asyncmap 0xa0000>]
Jan  1 03:00:55 indigo-tracker daemon.debug pppd[447]: sent [IPCP ConfReq id=0x1 <addr 0.0.0.0>]
Jan  1 03:00:58 indigo-tracker daemon.debug pppd[447]: sent [IPCP ConfReq id=0x1 <addr 0.0.0.0>]
Jan  1 03:01:01 indigo-tracker cron.info crond[428]: crond: USER root pid 625 cmd /etc/cron/check_updates.sh
Jan  1 03:01:01 indigo-tracker daemon.debug pppd[447]: sent [IPCP ConfReq id=0x1 <addr 0.0.0.0>]
Jan  1 03:01:01 indigo-tracker daemon.debug pppd[447]: rcvd [IPCP ConfReq id=0x1 <addr 192.200.1.21>]
Jan  1 03:01:01 indigo-tracker daemon.debug pppd[447]: sent [IPCP ConfAck id=0x1 <addr 192.200.1.21>]
Jan  1 03:01:01 indigo-tracker daemon.debug pppd[447]: rcvd [IPCP ConfNak id=0x1 <addr 10.218.120.40>]
Jan  1 03:01:01 indigo-tracker daemon.debug pppd[447]: sent [IPCP ConfReq id=0x2 <addr 10.218.120.40>]
Jan  1 03:01:01 indigo-tracker daemon.debug pppd[447]: rcvd [IPCP ConfAck id=0x2 <addr 10.218.120.40>]
Jan  1 03:01:01 indigo-tracker daemon.notice pppd[447]: local  IP address 10.218.120.40
Jan  1 03:01:01 indigo-tracker daemon.notice pppd[447]: remote IP address 192.200.1.21
Jan  1 03:01:01 indigo-tracker daemon.debug pppd[447]: Script /etc/ppp/ip-up started (pid 627)
Jan  1 03:01:01 indigo-tracker user.notice root: Trying to get system time over ntp
Jan  1 03:01:01 indigo-tracker daemon.notice ntpdate[631]: ntpdate 4.2.6p3@1.2290 Sun Feb 20 22:12:26 UTC 2011 (1)
Feb 29 15:39:52 indigo-tracker daemon.notice ntpdate[631]: step time server 85.21.78.23 offset 1330515519.503520 sec
Feb 29 15:39:52 indigo-tracker user.notice root: Playing ntp started
Feb 29 15:39:52 indigo-tracker user.notice root: sender started
Feb 29 15:39:53 indigo-tracker user.notice root: gpsreader started
Feb 29 15:39:53 indigo-tracker user.debug sender: using uuid 108e154c-6069-4489-aa77-61e929938088
Feb 29 15:39:53 indigo-tracker user.notice root: people started
Feb 29 15:39:53 indigo-tracker user.debug sqlite: gps connected ok
Feb 29 15:39:55 indigo-tracker daemon.notice openvpn[653]: OpenVPN 2.1.4 arm-linux [SSL] [LZO2] [EPOLL] built on Feb 21 2011
Feb 29 15:39:55 indigo-tracker daemon.warn openvpn[653]: NOTE: the current --script-security setting may allow this configuration to call user-defined scripts
Feb 29 15:39:55 indigo-tracker user.debug sqlite: gpsdb started ok
Feb 29 15:39:55 indigo-tracker user.debug sqlite: gps created
Feb 29 15:39:55 indigo-tracker daemon.notice openvpn[653]: LZO compression initialized
Feb 29 15:39:55 indigo-tracker daemon.notice openvpn[653]: Control Channel MTU parms [ L:1544 D:140 EF:40 EB:0 ET:0 EL:0 ]
Feb 29 15:39:55 indigo-tracker daemon.notice openvpn[653]: Socket Buffers: R=[87380->131072] S=[16384->131072]
Feb 29 15:39:56 indigo-tracker daemon.notice openvpn[653]: Data Channel MTU parms [ L:1544 D:1450 EF:44 EB:135 ET:0 EL:0 AF:3/1 ]
Feb 29 15:39:56 indigo-tracker daemon.notice openvpn[670]: Attempting to establish TCP connection with 72.249.145.165:1195 [nonblock]
Feb 29 15:39:56 indigo-tracker user.debug sender: send success
Feb 29 15:39:57 indigo-tracker daemon.notice openvpn[670]: TCP connection established with 72.249.145.165:1195
Feb 29 15:39:57 indigo-tracker daemon.notice openvpn[670]: TCPv4_CLIENT link local: [undef]
Feb 29 15:39:57 indigo-tracker daemon.notice openvpn[670]: TCPv4_CLIENT link remote: 72.249.145.165:1195
Feb 29 15:39:57 indigo-tracker daemon.notice openvpn[670]: TLS: Initial packet from 72.249.145.165:1195, sid=0a9b13f9 1f6d714b
Feb 29 15:39:57 indigo-tracker user.debug sender: nothing to send, continuing
Feb 29 15:39:59 indigo-tracker user.notice root: mjpeg-streamer started
Feb 29 15:39:59 indigo-tracker user.info MJPG-streamer [675]: starting application
Feb 29 15:39:59 indigo-tracker user.info MJPG-streamer [675]: MJPG Streamer Version: svn rev: exported
Feb 29 15:40:00 indigo-tracker user.info MJPG-streamer [675]: Using V4L2 device.: /dev/video0
Feb 29 15:40:00 indigo-tracker user.info MJPG-streamer [675]: Desired Resolution: 640 x 480
Feb 29 15:40:00 indigo-tracker user.info MJPG-streamer [675]: Frames Per Second.: 10
Feb 29 15:40:00 indigo-tracker user.info MJPG-streamer [675]: Format............: MJPEG
Feb 29 15:40:00 indigo-tracker user.info MJPG-streamer [675]: init_VideoIn failed
Feb 29 15:40:00 indigo-tracker user.notice root: Current time is valid
Feb 29 15:40:00 indigo-tracker daemon.debug pppd[447]: Script /etc/ppp/ip-up finished (pid 627), status = 0x0
Feb 29 15:40:02 indigo-tracker user.debug sender: send success
Feb 29 15:40:03 indigo-tracker user.debug sender: nothing to send, continuing
Feb 29 15:40:10 indigo-tracker daemon.notice openvpn[670]: VERIFY OK: depth=1, /C=RU/ST=Rostov/L=Taganrog/O=Indigo_Systems__Ltd/OU=Devices/CN=devices-vpn/name=devices-vpn/emailAddress=yury@indigosystem.ru
Feb 29 15:40:10 indigo-tracker daemon.notice openvpn[670]: VERIFY OK: nsCertType=SERVER
Feb 29 15:40:10 indigo-tracker daemon.notice openvpn[670]: VERIFY OK: depth=0, /C=RU/ST=Rostov/L=Taganrog/O=Indigo_Systems__Ltd/OU=Devices/CN=devices-vpn-server/name=devices-vpn-server/emailAddress=yury@indigosystem.ru
Feb 29 15:40:30 indigo-tracker daemon.notice openvpn[670]: Data Channel Encrypt: Cipher 'BF-CBC' initialized with 128 bit key
Feb 29 15:40:30 indigo-tracker daemon.notice openvpn[670]: Data Channel Encrypt: Using 160 bit message hash 'SHA1' for HMAC authentication
Feb 29 15:40:30 indigo-tracker daemon.notice openvpn[670]: Data Channel Decrypt: Cipher 'BF-CBC' initialized with 128 bit key
Feb 29 15:40:30 indigo-tracker daemon.notice openvpn[670]: Data Channel Decrypt: Using 160 bit message hash 'SHA1' for HMAC authentication
Feb 29 15:40:30 indigo-tracker daemon.notice openvpn[670]: Control Channel: TLSv1, cipher TLSv1/SSLv3 DHE-RSA-AES256-SHA, 1024 bit RSA
Feb 29 15:40:30 indigo-tracker daemon.notice openvpn[670]: [devices-vpn-server] Peer Connection Initiated with 72.249.145.165:1195
Feb 29 15:40:32 indigo-tracker daemon.notice openvpn[670]: SENT CONTROL [devices-vpn-server]: 'PUSH_REQUEST' (status=1)
Feb 29 15:40:33 indigo-tracker daemon.notice openvpn[670]: PUSH: Received control message: 'PUSH_REPLY,route-gateway 10.1.0.1,topology subnet,ping 120,ping-restart 1200,ifconfig 10.1.0.4 255.255.255.0'
Feb 29 15:40:33 indigo-tracker daemon.notice openvpn[670]: OPTIONS IMPORT: timers and/or timeouts modified
Feb 29 15:40:33 indigo-tracker daemon.notice openvpn[670]: OPTIONS IMPORT: --ifconfig/up options modified
Feb 29 15:40:33 indigo-tracker daemon.notice openvpn[670]: OPTIONS IMPORT: route-related options modified
Feb 29 15:40:33 indigo-tracker daemon.notice openvpn[670]: TUN/TAP device tun0 opened
Feb 29 15:40:33 indigo-tracker daemon.notice openvpn[670]: TUN/TAP TX queue length set to 100
Feb 29 15:40:33 indigo-tracker daemon.notice openvpn[670]: /sbin/ifconfig tun0 10.1.0.4 netmask 255.255.255.0 mtu 1500 broadcast 10.1.0.255
Feb 29 15:40:33 indigo-tracker daemon.notice openvpn[670]: /etc/openvpn/vpn-up tun0 1500 1544 10.1.0.4 255.255.255.0 init
Feb 29 15:40:34 indigo-tracker daemon.notice openvpn[670]: Initialization Sequence Completed
Feb 29 15:40:40 indigo-tracker cron.err crond[428]: time disparity of 22175259 minutes detected
Feb 29 15:40:55 indigo-tracker user.debug sqlite: sending keepalive
Feb 29 15:40:59 indigo-tracker user.debug sender: send success
Feb 29 15:41:00 indigo-tracker user.debug sender: nothing to send, continuing
Feb 29 15:41:01 indigo-tracker cron.info crond[428]: crond: USER root pid 706 cmd /etc/cron/check_updates.sh
Feb 29 15:41:36 indigo-tracker auth.info login[588]: root login on 'ttyS0'
Feb 29 15:41:56 indigo-tracker user.debug sqlite: got carrier
Feb 29 15:41:58 indigo-tracker user.debug sender: send success
Feb 29 15:41:59 indigo-tracker user.debug sender: nothing to send, continuing
Feb 29 15:42:01 indigo-tracker cron.info crond[428]: crond: USER root pid 729 cmd /etc/cron/check_updates.sh
Feb 29 15:42:06 indigo-tracker user.debug sqlite: movement stop
Feb 29 15:42:06 indigo-tracker user.debug sqlite: saving initial point
Feb 29 15:42:07 indigo-tracker user.debug sender: send success
Feb 29 15:42:08 indigo-tracker user.debug sender: nothing to send, continuing
Feb 29 15:43:01 indigo-tracker cron.info crond[428]: crond: USER root pid 746 cmd /etc/cron/check_updates.sh
Feb 29 15:43:06 indigo-tracker user.debug sqlite: sending keepalive
Feb 29 15:43:08 indigo-tracker user.debug sender: send success
Feb 29 15:43:09 indigo-tracker user.debug sender: nothing to send, continuing
Feb 29 15:43:10 indigo-tracker user.debug sqlite: lost carrier
Feb 29 15:43:12 indigo-tracker user.debug sender: send success
Feb 29 15:43:13 indigo-tracker user.debug sender: nothing to send, continuing
Feb 29 15:44:01 indigo-tracker cron.info crond[428]: crond: USER root pid 768 cmd /etc/cron/check_updates.sh
Feb 29 15:44:11 indigo-tracker user.debug sqlite: got carrier
Feb 29 15:44:13 indigo-tracker user.debug sender: send success
Feb 29 15:44:14 indigo-tracker user.debug sender: nothing to send, continuing
Feb 29 15:45:01 indigo-tracker cron.info crond[428]: crond: USER root pid 787 cmd /etc/cron/check_ntp
Feb 29 15:45:01 indigo-tracker cron.info crond[428]: crond: USER root pid 788 cmd /etc/cron/check_updates.sh
Feb 29 15:45:02 indigo-tracker user.notice root: Current time is valid
Feb 29 15:45:07 indigo-tracker user.debug sqlite: sending keepalive
Feb 29 15:45:10 indigo-tracker user.debug sender: send success
Feb 29 15:45:11 indigo-tracker user.debug sender: nothing to send, continuing
Feb 29 15:46:01 indigo-tracker cron.info crond[428]: crond: USER root pid 810 cmd /etc/cron/check_updates.sh
Feb 29 15:47:02 indigo-tracker cron.info crond[428]: crond: USER root pid 824 cmd /etc/cron/check_updates.sh
Feb 29 15:48:01 indigo-tracker cron.info crond[428]: crond: USER root pid 838 cmd /etc/cron/check_updates.sh
Feb 29 15:49:01 indigo-tracker cron.info crond[428]: crond: USER root pid 852 cmd /etc/cron/check_updates.sh
Feb 29 15:50:01 indigo-tracker cron.info crond[428]: crond: USER root pid 866 cmd /etc/cron/check_updates.sh
Feb 29 15:50:08 indigo-tracker user.debug sqlite: sending keepalive
Feb 29 15:50:09 indigo-tracker user.debug sender: send success
Feb 29 15:50:10 indigo-tracker user.debug sender: nothing to send, continuing
Feb 29 15:51:01 indigo-tracker cron.info crond[428]: crond: USER root pid 884 cmd /etc/cron/check_updates.sh
Feb 29 15:51:08 indigo-tracker user.debug sqlite: movement start
Feb 29 15:51:10 indigo-tracker user.debug sender: send success
Feb 29 15:51:11 indigo-tracker user.debug sender: nothing to send, continuing
Feb 29 15:51:18 indigo-tracker user.debug sqlite: movement stop
Feb 29 15:51:20 indigo-tracker user.debug sender: send success
Feb 29 15:51:21 indigo-tracker user.debug sender: nothing to send, continuing
Feb 29 15:52:01 indigo-tracker cron.info crond[428]: crond: USER root pid 906 cmd /etc/cron/check_updates.sh
Feb 29 15:52:19 indigo-tracker user.debug sqlite: sending keepalive
Feb 29 15:52:20 indigo-tracker user.debug sender: send success
Feb 29 15:52:21 indigo-tracker user.debug sender: nothing to send, continuing
Feb 29 15:53:01 indigo-tracker cron.info crond[428]: crond: USER root pid 924 cmd /etc/cron/check_updates.sh
Feb 29 15:54:01 indigo-tracker cron.info crond[428]: crond: USER root pid 938 cmd /etc/cron/check_updates.sh
Feb 29 15:54:19 indigo-tracker user.debug sqlite: sending keepalive
Feb 29 15:54:26 indigo-tracker user.debug sender: send success
Feb 29 15:54:27 indigo-tracker user.debug sender: nothing to send, continuing
Feb 29 15:55:01 indigo-tracker cron.info crond[428]: crond: USER root pid 956 cmd /etc/cron/check_updates.sh
Feb 29 15:55:19 indigo-tracker user.debug sqlite: movement start
Feb 29 15:55:22 indigo-tracker user.debug sender: send success
Feb 29 15:55:23 indigo-tracker user.debug sender: nothing to send, continuing
Feb 29 15:55:30 indigo-tracker user.debug sqlite: movement stop
Feb 29 15:55:31 indigo-tracker user.debug sender: send success
Feb 29 15:55:32 indigo-tracker user.debug sender: nothing to send, continuing
Feb 29 15:56:01 indigo-tracker cron.info crond[428]: crond: USER root pid 978 cmd /etc/cron/check_updates.sh
Feb 29 15:56:30 indigo-tracker user.debug sqlite: sending keepalive
Feb 29 15:56:31 indigo-tracker user.debug sender: send success
Feb 29 15:56:33 indigo-tracker user.debug sender: nothing to send, continuing
Feb 29 15:57:01 indigo-tracker cron.info crond[428]: crond: USER root pid 994 cmd /etc/cron/check_updates.sh
Feb 29 15:57:11 indigo-tracker user.debug sqlite: movement start
Feb 29 15:57:16 indigo-tracker user.debug sender: send success
Feb 29 15:57:17 indigo-tracker user.debug sender: nothing to send, continuing
Feb 29 15:57:21 indigo-tracker user.debug sqlite: movement stop
Feb 29 15:57:22 indigo-tracker user.debug sender: send success
Feb 29 15:57:23 indigo-tracker user.debug sender: nothing to send, continuing
Feb 29 15:58:01 indigo-tracker cron.info crond[428]: crond: USER root pid 1016 cmd /etc/cron/check_updates.sh
Feb 29 15:58:21 indigo-tracker user.debug sqlite: sending keepalive
Feb 29 15:58:23 indigo-tracker user.debug sender: send success
Feb 29 15:58:24 indigo-tracker user.debug sender: nothing to send, continuing
Feb 29 15:59:01 indigo-tracker cron.info crond[428]: crond: USER root pid 1034 cmd /etc/cron/check_updates.sh
Feb 29 15:59:13 indigo-tracker user.warn kernel: ttyS0: 1 input overrun(s)
Feb 29 15:59:33 indigo-tracker user.info kernel: mmc0: card 1234 removed
Feb 29 15:59:33 indigo-tracker user.err kernel: mmcblk0: error -123 sending status command, retrying
Feb 29 15:59:33 indigo-tracker user.err kernel: mmcblk0: error -123 sending status command, retrying
Feb 29 15:59:33 indigo-tracker user.err kernel: mmcblk0: error -123 sending status command, aborting
Feb 29 15:59:33 indigo-tracker user.err kernel: end_request: I/O error, dev mmcblk0, sector 135
Feb 29 15:59:33 indigo-tracker user.err kernel: Buffer I/O error on device mmcblk0p1, logical block 0
Feb 29 15:59:33 indigo-tracker user.warn kernel: lost page write due to I/O error on mmcblk0p1
Feb 29 15:59:33 indigo-tracker user.err kernel: EXT2-fs (mmcblk0p1): previous I/O error to superblock detected
Feb 29 15:59:33 indigo-tracker user.err kernel: mmcblk0: error -123 sending status command, retrying
Feb 29 15:59:33 indigo-tracker user.err kernel: mmcblk0: error -123 sending status command, retrying
Feb 29 15:59:33 indigo-tracker user.err kernel: mmcblk0: error -123 sending status command, aborting
Feb 29 15:59:33 indigo-tracker user.err kernel: end_request: I/O error, dev mmcblk0, sector 135
Feb 29 15:59:33 indigo-tracker user.err kernel: Buffer I/O error on device mmcblk0p1, logical block 0
Feb 29 15:59:33 indigo-tracker user.warn kernel: lost page write due to I/O error on mmcblk0p1
Feb 29 15:59:33 indigo-tracker user.warn kernel: mmc0: host does not support reading read-only switch. assuming write-enable.
Feb 29 15:59:33 indigo-tracker user.info kernel: mmc0: new SD card at address 1234
Feb 29 15:59:33 indigo-tracker user.info kernel: mmcblk0: mmc0:1234 SA02G 1.83 GiB 
Feb 29 15:59:33 indigo-tracker user.err kernel: EXT2-fs (mmcblk0p1): previous I/O error to superblock detected
Feb 29 15:59:33 indigo-tracker user.info kernel:  mmcblk0: p1
Feb 29 15:59:33 indigo-tracker user.err kernel: EXT2-fs (mmcblk0p1): previous I/O error to superblock detected
Feb 29 15:59:34 indigo-tracker user.info kernel: mmc0: card 1234 removed
Feb 29 15:59:34 indigo-tracker user.debug sysdaemon-dbus: flash remove
Feb 29 15:59:34 indigo-tracker user.warn kernel: mmc0: host does not support reading read-only switch. assuming write-enable.
Feb 29 15:59:34 indigo-tracker user.info kernel: mmc0: new SD card at address 1234
Feb 29 15:59:34 indigo-tracker user.info kernel: mmcblk0: mmc0:1234 SA02G 1.83 GiB 
Feb 29 15:59:34 indigo-tracker user.info kernel:  mmcblk0: p1
Feb 29 15:59:35 indigo-tracker user.debug sysdaemon-dbus: flash remove
Feb 29 15:59:36 indigo-tracker user.debug sysdaemon-dbus: flash remove
Feb 29 15:59:37 indigo-tracker user.debug sysdaemon-dbus: flash remove
Feb 29 15:59:38 indigo-tracker user.debug sqlite: lost carrier
Feb 29 15:59:41 indigo-tracker user.err kernel: EXT2-fs (mmcblk0p1): previous I/O error to superblock detected
Feb 29 15:59:41 indigo-tracker user.err kernel: EXT2-fs (mmcblk0p1): previous I/O error to superblock detected
Feb 29 15:59:41 indigo-tracker user.err kernel: EXT2-fs (mmcblk0p1): previous I/O error to superblock detected
Feb 29 16:00:01 indigo-tracker cron.info crond[428]: crond: USER root pid 1136 cmd /etc/cron/check_pppd
Feb 29 16:00:01 indigo-tracker cron.info crond[428]: crond: USER root pid 1137 cmd /etc/cron/check_updates.sh
Feb 29 16:00:22 indigo-tracker user.debug sqlite: sending keepalive
Feb 29 16:01:01 indigo-tracker cron.info crond[428]: crond: USER root pid 1168 cmd /etc/cron/check_updates.sh
Feb 29 16:01:08 indigo-tracker user.notice root: PPPd restarted from check_pppd with reset of GPRS module
Feb 29 16:01:08 indigo-tracker daemon.info pppd[447]: Terminating on signal 15
Feb 29 16:01:08 indigo-tracker daemon.info pppd[447]: Connect time 22175280.2 minutes.
Feb 29 16:01:08 indigo-tracker daemon.info pppd[447]: Sent 34729 bytes, received 27086 bytes.
Feb 29 16:01:08 indigo-tracker daemon.debug pppd[447]: Script /etc/ppp/ip-down started (pid 1179)
Feb 29 16:01:08 indigo-tracker daemon.debug pppd[447]: sent [LCP TermReq id=0x3 "User request"]
Feb 29 16:01:08 indigo-tracker daemon.debug pppd[447]: rcvd [LCP TermAck id=0x3]
Feb 29 16:01:08 indigo-tracker daemon.notice pppd[447]: Connection terminated.
Feb 29 16:01:09 indigo-tracker daemon.debug pppd[447]: Script /etc/ppp/peers/gprs-disconnect-chat finished (pid 1181), status = 0x7f
Feb 29 16:01:09 indigo-tracker daemon.warn pppd[447]: disconnect script failed
Feb 29 16:01:09 indigo-tracker daemon.debug pppd[447]: Script /etc/ppp/ip-down finished (pid 1179), status = 0x0
Feb 29 16:01:09 indigo-tracker daemon.info pppd[447]: Exit.
Feb 29 16:01:13 indigo-tracker user.err kernel: creating command 2
Feb 29 16:01:14 indigo-tracker user.err kernel: creating command 4
Feb 29 16:01:14 indigo-tracker user.notice root: PPPd is starting
