Jan  1 03:00:13 indigo-tracker user.info kernel: IP route cache hash table entries: 1024 (order: 0, 4096 bytes)
Jan  1 03:00:13 indigo-tracker user.info kernel: TCP established hash table entries: 2048 (order: 2, 16384 bytes)
Jan  1 03:00:13 indigo-tracker user.info kernel: TCP bind hash table entries: 2048 (order: 1, 8192 bytes)
Jan  1 03:00:13 indigo-tracker user.info kernel: TCP: Hash tables configured (established 2048 bind 2048)
Jan  1 03:00:13 indigo-tracker user.info kernel: TCP reno registered
Jan  1 03:00:13 indigo-tracker user.info kernel: UDP hash table entries: 256 (order: 0, 4096 bytes)
Jan  1 03:00:13 indigo-tracker user.info kernel: UDP-Lite hash table entries: 256 (order: 0, 4096 bytes)
Jan  1 03:00:13 indigo-tracker cron.notice atd[592]: Removing stale lockfile for pid 592
Jan  1 03:00:14 indigo-tracker user.info kernel: NET: Registered protocol family 1
Jan  1 03:00:14 indigo-tracker user.debug kernel: yaffs: yaffs built Jan 23 2012 18:16:47 Installing.
Jan  1 03:00:14 indigo-tracker user.info kernel: msgmni has been set to 119
Jan  1 03:00:14 indigo-tracker user.info kernel: io scheduler noop registered (default)
Jan  1 03:00:14 indigo-tracker user.info kernel: io scheduler deadline registered
Jan  1 03:00:14 indigo-tracker user.info kernel: atmel_usart.0: ttyS0 at MMIO 0xfffff200 (irq = 1) is a ATMEL_SERIAL
Jan  1 03:00:14 indigo-tracker user.info kernel: console [ttyS0] enabled
Jan  1 03:00:14 indigo-tracker user.info kernel: atmel_usart.1: ttyS1 at MMIO 0xfffb0000 (irq = 6) is a ATMEL_SERIAL
Jan  1 03:00:14 indigo-tracker user.info kernel: atmel_usart.2: ttyS2 at MMIO 0xfffb4000 (irq = 7) is a ATMEL_SERIAL
Jan  1 03:00:14 indigo-tracker user.info kernel: brd: module loaded
Jan  1 03:00:14 indigo-tracker user.info kernel: loop: module loaded
Jan  1 03:00:14 indigo-tracker user.info kernel: atmel_nand atmel_nand: No DMA support for NAND access.
Jan  1 03:00:14 indigo-tracker user.info kernel: NAND device: Manufacturer ID: 0xec, Chip ID: 0xda (Samsung NAND 256MiB 3,3V 8-bit)
Jan  1 03:00:14 indigo-tracker user.info kernel: Scanning device for bad blocks
Jan  1 03:00:14 indigo-tracker user.warn kernel: Bad eraseblock 348 at 0x000002b80000
Jan  1 03:00:14 indigo-tracker user.warn kernel: Bad eraseblock 374 at 0x000002ec0000
Jan  1 03:00:14 indigo-tracker user.warn kernel: Bad eraseblock 375 at 0x000002ee0000
Jan  1 03:00:14 indigo-tracker user.warn kernel: Bad eraseblock 578 at 0x000004840000
Jan  1 03:00:14 indigo-tracker user.warn kernel: Bad eraseblock 664 at 0x000005300000
Jan  1 03:00:14 indigo-tracker user.warn kernel: Bad eraseblock 1060 at 0x000008480000
Jan  1 03:00:14 indigo-tracker user.warn kernel: Bad eraseblock 1120 at 0x000008c00000
Jan  1 03:00:14 indigo-tracker user.warn kernel: Bad eraseblock 1399 at 0x00000aee0000
Jan  1 03:00:14 indigo-tracker user.warn kernel: Bad eraseblock 1602 at 0x00000c840000
Jan  1 03:00:14 indigo-tracker user.warn kernel: Bad eraseblock 1688 at 0x00000d300000
Jan  1 03:00:14 indigo-tracker user.warn kernel: Bad eraseblock 1696 at 0x00000d400000
Jan  1 03:00:14 indigo-tracker user.warn kernel: Bad eraseblock 1697 at 0x00000d420000
Jan  1 03:00:14 indigo-tracker user.notice kernel: Creating 2 MTD partitions on "atmel_nand":
Jan  1 03:00:14 indigo-tracker user.notice kernel: 0x000000000000-0x000000800000 : "Images"
Jan  1 03:00:14 indigo-tracker user.notice kernel: 0x000000800000-0x000010000000 : "Storage Partition"
Jan  1 03:00:14 indigo-tracker user.info kernel: tun: Universal TUN/TAP device driver, 1.6
Jan  1 03:00:14 indigo-tracker user.info kernel: tun: (C) 1999-2004 Max Krasnyansky <maxk@qualcomm.com>
Jan  1 03:00:14 indigo-tracker user.info kernel: PPP generic driver version 2.4.2
Jan  1 03:00:14 indigo-tracker user.info kernel: PPP BSD Compression module registered
Jan  1 03:00:14 indigo-tracker user.info kernel: PPP Deflate Compression module registered
Jan  1 03:00:14 indigo-tracker user.info kernel: PPP MPPE Compression module registered
Jan  1 03:00:14 indigo-tracker user.info kernel: NET: Registered protocol family 24
Jan  1 03:00:14 indigo-tracker user.info kernel: ohci_hcd: USB 1.1 'Open' Host Controller (OHCI) Driver
Jan  1 03:00:14 indigo-tracker user.info kernel: at91_ohci at91_ohci: AT91 OHCI
Jan  1 03:00:14 indigo-tracker user.info kernel: at91_ohci at91_ohci: new USB bus registered, assigned bus number 1
Jan  1 03:00:14 indigo-tracker user.info kernel: at91_ohci at91_ohci: irq 20, io mem 0x00500000
Jan  1 03:00:14 indigo-tracker user.info kernel: usb usb1: New USB device found, idVendor=1d6b, idProduct=0001
Jan  1 03:00:14 indigo-tracker user.info kernel: usb usb1: New USB device strings: Mfr=3, Product=2, SerialNumber=1
Jan  1 03:00:14 indigo-tracker user.info kernel: usb usb1: Product: AT91 OHCI
Jan  1 03:00:14 indigo-tracker user.info kernel: usb usb1: Manufacturer: Linux 3.2.0+ ohci_hcd
Jan  1 03:00:14 indigo-tracker user.info kernel: usb usb1: SerialNumber: at91
Jan  1 03:00:14 indigo-tracker user.info kernel: hub 1-0:1.0: USB hub found
Jan  1 03:00:14 indigo-tracker user.info kernel: hub 1-0:1.0: 2 ports detected
Jan  1 03:00:14 indigo-tracker user.info kernel: Initializing USB Mass Storage driver...
Jan  1 03:00:14 indigo-tracker user.info kernel: usbcore: registered new interface driver usb-storage
Jan  1 03:00:14 indigo-tracker user.info kernel: USB Mass Storage support registered.
Jan  1 03:00:14 indigo-tracker user.info kernel: rtc-at91sam9 at91_rtt.0: rtc core: registered at91_rtt as rtc0
Jan  1 03:00:14 indigo-tracker user.warn kernel: rtc-at91sam9 at91_rtt.0: rtc0: SET TIME!
Jan  1 03:00:14 indigo-tracker user.info kernel: Linux video capture interface: v2.00
Jan  1 03:00:14 indigo-tracker user.info kernel: usbcore: registered new interface driver uvcvideo
Jan  1 03:00:14 indigo-tracker user.info kernel: USB Video Class driver (1.1.1)
Jan  1 03:00:14 indigo-tracker user.info kernel: AT91SAM9 Watchdog enabled (heartbeat=15 sec, nowayout=0)
Jan  1 03:00:14 indigo-tracker user.info kernel: usbcore: registered new interface driver snd-usb-audio
Jan  1 03:00:14 indigo-tracker user.info kernel: ALSA device list:
Jan  1 03:00:14 indigo-tracker user.info kernel:   No soundcards found.
Jan  1 03:00:14 indigo-tracker user.info kernel: TCP cubic registered
Jan  1 03:00:14 indigo-tracker user.info kernel: NET: Registered protocol family 17
Jan  1 03:00:14 indigo-tracker user.err kernel: rtc-at91sam9 at91_rtt.0: hctosys: unable to read the hardware clock
Jan  1 03:00:14 indigo-tracker user.info kernel: atmel_mci atmel_mci: version: 0x210
Jan  1 03:00:14 indigo-tracker user.info kernel: atmel_mci atmel_mci: using PDC
Jan  1 03:00:14 indigo-tracker user.info kernel: atmel_mci atmel_mci: Atmel MCI controller at 0xfffa8000 irq 9, 1 slots
Jan  1 03:00:14 indigo-tracker user.info kernel: yaffs: dev is 32505857 name is "mtdblock1" rw
Jan  1 03:00:14 indigo-tracker user.info kernel: yaffs: passed flags ""
Jan  1 03:00:14 indigo-tracker user.debug kernel: yaffs: yaffs: Attempting MTD mount of 31.1,"mtdblock1"
Jan  1 03:00:14 indigo-tracker user.debug kernel: yaffs: auto selecting yaffs2
Jan  1 03:00:14 indigo-tracker user.debug kernel: yaffs: block 285 is bad
Jan  1 03:00:14 indigo-tracker user.debug kernel: yaffs: block 311 is bad
Jan  1 03:00:14 indigo-tracker user.debug kernel: yaffs: block 312 is bad
Jan  1 03:00:14 indigo-tracker user.debug kernel: yaffs: block 515 is bad
Jan  1 03:00:14 indigo-tracker user.debug kernel: yaffs: block 601 is bad
Jan  1 03:00:14 indigo-tracker user.debug kernel: yaffs: block 997 is bad
Jan  1 03:00:14 indigo-tracker user.debug kernel: yaffs: block 1057 is bad
Jan  1 03:00:14 indigo-tracker user.debug kernel: yaffs: block 1336 is bad
Jan  1 03:00:14 indigo-tracker user.debug kernel: yaffs: block 1539 is bad
Jan  1 03:00:14 indigo-tracker user.debug kernel: yaffs: block 1625 is bad
Jan  1 03:00:14 indigo-tracker user.debug kernel: yaffs: block 1633 is bad
Jan  1 03:00:14 indigo-tracker user.debug kernel: yaffs: block 1634 is bad
Jan  1 03:00:14 indigo-tracker user.info kernel: usb 1-1: new full-speed USB device number 2 using at91_ohci
Jan  1 03:00:14 indigo-tracker user.warn kernel: mmc0: host does not support reading read-only switch. assuming write-enable.
Jan  1 03:00:14 indigo-tracker user.err kernel: usb 1-1: device descriptor read/64, error -62
Jan  1 03:00:14 indigo-tracker user.info kernel: mmc0: new SDHC card at address b368
Jan  1 03:00:14 indigo-tracker user.info kernel: mmcblk0: mmc0:b368 SDC   15.0 GiB 
Jan  1 03:00:14 indigo-tracker user.info kernel:  mmcblk0: p1
Jan  1 03:00:14 indigo-tracker user.err kernel: usb 1-1: device descriptor read/64, error -62
Jan  1 03:00:14 indigo-tracker user.info kernel: usb 1-1: new full-speed USB device number 3 using at91_ohci
Jan  1 03:00:14 indigo-tracker user.err kernel: usb 1-1: device descriptor read/64, error -62
Jan  1 03:00:14 indigo-tracker user.err kernel: usb 1-1: device descriptor read/64, error -71
Jan  1 03:00:14 indigo-tracker user.debug kernel: yaffs: yaffs_read_super: is_checkpointed 0
Jan  1 03:00:14 indigo-tracker user.info kernel: VFS: Mounted root (yaffs filesystem) on device 31:1.
Jan  1 03:00:14 indigo-tracker user.info kernel: Freeing init memory: 116K
Jan  1 03:00:14 indigo-tracker user.info kernel: usb 1-1: new full-speed USB device number 4 using at91_ohci
Jan  1 03:00:14 indigo-tracker user.err kernel: usb 1-1: device descriptor read/8, error -62
Jan  1 03:00:14 indigo-tracker user.err kernel: usb 1-1: device descriptor read/8, error -71
Jan  1 03:00:14 indigo-tracker user.info kernel: usb 1-1: new full-speed USB device number 5 using at91_ohci
Jan  1 03:00:14 indigo-tracker user.err kernel: usb 1-1: device descriptor read/8, error -62
Jan  1 03:00:14 indigo-tracker user.err kernel: usb 1-1: device descriptor read/8, error -62
Jan  1 03:00:14 indigo-tracker user.err kernel: hub 1-0:1.0: unable to enumerate USB device on port 1
Jan  1 03:00:14 indigo-tracker user.warn kernel: Disabling lock debugging due to kernel taint
Jan  1 03:00:14 indigo-tracker user.alert kernel: system revision is 2
Jan  1 03:00:14 indigo-tracker user.alert kernel: piopins: with filter
Jan  1 03:00:14 indigo-tracker user.warn kernel: piopins: system time doesn't seem to be true, will not flush anything
Jan  1 03:00:14 indigo-tracker user.err kernel: creating command 4
Jan  1 03:00:54 indigo-tracker local2.info chat[452]: alarm
Jan  1 03:00:54 indigo-tracker local2.info chat[452]: Failed
Jan  1 03:00:54 indigo-tracker daemon.debug pppd[448]: Script chat -v -f /etc/ppp/chatscripts/megafon-connect finished (pid 450), status = 0x3
Jan  1 03:00:54 indigo-tracker daemon.err pppd[448]: Connect script failed
Jan  1 03:00:55 indigo-tracker local2.info chat[606]: abort on (BUSY)
Jan  1 03:00:55 indigo-tracker local2.info chat[606]: abort on (ERROR)
Jan  1 03:00:55 indigo-tracker local2.info chat[606]: abort on (UNDER-VOLTAGE WARNNING)
Jan  1 03:00:55 indigo-tracker local2.info chat[606]: send (ATZ^M)
Jan  1 03:00:55 indigo-tracker local2.info chat[606]: timeout set to 12 seconds
Jan  1 03:00:55 indigo-tracker local2.info chat[606]: expect (OK)
Jan  1 03:00:55 indigo-tracker local2.info chat[606]: ATZ^M^M
Jan  1 03:00:55 indigo-tracker local2.info chat[606]: OK
Jan  1 03:00:55 indigo-tracker local2.info chat[606]:  -- got it
Jan  1 03:00:55 indigo-tracker local2.info chat[606]: send (AT+CGDCONT=1,"IP","internet"^M)
Jan  1 03:00:56 indigo-tracker local2.info chat[606]: timeout set to 45 seconds
Jan  1 03:00:56 indigo-tracker local2.info chat[606]: expect (OK)
Jan  1 03:00:56 indigo-tracker local2.info chat[606]: ^M
Jan  1 03:00:56 indigo-tracker local2.info chat[606]: AT+CGDCONT=1,"IP","internet"^M^M
Jan  1 03:00:56 indigo-tracker local2.info chat[606]: OK
Jan  1 03:00:56 indigo-tracker local2.info chat[606]:  -- got it
Jan  1 03:00:56 indigo-tracker local2.info chat[606]: send (ATD*99#^M)
Jan  1 03:00:56 indigo-tracker local2.info chat[606]: expect (CONNECT)
Jan  1 03:00:56 indigo-tracker local2.info chat[606]: ^M
Jan  1 03:00:56 indigo-tracker local2.info chat[606]: ATD*99#^M^M
Jan  1 03:00:56 indigo-tracker local2.info chat[606]: CONNECT
Jan  1 03:00:56 indigo-tracker local2.info chat[606]:  -- got it
Jan  1 03:00:56 indigo-tracker local2.info chat[606]: send (^M)
Jan  1 03:00:56 indigo-tracker daemon.debug pppd[448]: Script chat -v -f /etc/ppp/chatscripts/megafon-connect finished (pid 605), status = 0x0
Jan  1 03:00:56 indigo-tracker daemon.info pppd[448]: Serial connection established.
Jan  1 03:00:56 indigo-tracker daemon.debug pppd[448]: using channel 1
Jan  1 03:00:56 indigo-tracker daemon.info pppd[448]: Using interface ppp0
Jan  1 03:00:56 indigo-tracker daemon.notice pppd[448]: Connect: ppp0 <--> /dev/ttyS1
Jan  1 03:00:57 indigo-tracker daemon.warn pppd[448]: Warning - secret file /etc/ppp/pap-secrets has world and/or group access
Jan  1 03:00:57 indigo-tracker daemon.debug pppd[448]: sent [LCP ConfReq id=0x1 <asyncmap 0x0> <magic 0xd34075b7>]
Jan  1 03:00:57 indigo-tracker daemon.debug pppd[448]: rcvd [LCP ConfReq id=0x1 <asyncmap 0xa0000> <auth pap>]
Jan  1 03:00:57 indigo-tracker daemon.debug pppd[448]: No auth is possible
Jan  1 03:00:57 indigo-tracker daemon.debug pppd[448]: sent [LCP ConfRej id=0x1 <auth pap>]
Jan  1 03:00:57 indigo-tracker daemon.debug pppd[448]: rcvd [LCP ConfRej id=0x1 <magic 0xd34075b7>]
Jan  1 03:00:57 indigo-tracker daemon.debug pppd[448]: sent [LCP ConfReq id=0x2 <asyncmap 0x0>]
Jan  1 03:00:57 indigo-tracker daemon.debug pppd[448]: rcvd [LCP ConfReq id=0x2 <asyncmap 0xa0000> <auth chap MD5>]
Jan  1 03:00:57 indigo-tracker daemon.debug pppd[448]: No auth is possible
Jan  1 03:00:57 indigo-tracker daemon.debug pppd[448]: sent [LCP ConfRej id=0x2 <auth chap MD5>]
Jan  1 03:00:57 indigo-tracker daemon.debug pppd[448]: rcvd [LCP ConfAck id=0x2 <asyncmap 0x0>]
Jan  1 03:00:57 indigo-tracker daemon.debug pppd[448]: rcvd [LCP ConfReq id=0x3 <asyncmap 0xa0000>]
Jan  1 03:00:57 indigo-tracker daemon.debug pppd[448]: sent [LCP ConfAck id=0x3 <asyncmap 0xa0000>]
Jan  1 03:00:57 indigo-tracker daemon.debug pppd[448]: sent [IPCP ConfReq id=0x1 <addr 0.0.0.0>]
Jan  1 03:01:00 indigo-tracker daemon.debug pppd[448]: sent [IPCP ConfReq id=0x1 <addr 0.0.0.0>]
Jan  1 03:01:01 indigo-tracker cron.info crond[428]: crond: USER root pid 608 cmd /etc/cron/check_updates.sh
Jan  1 03:01:03 indigo-tracker daemon.debug pppd[448]: sent [IPCP ConfReq id=0x1 <addr 0.0.0.0>]
Jan  1 03:01:03 indigo-tracker daemon.debug pppd[448]: rcvd [IPCP ConfReq id=0x1 <addr 192.200.1.21>]
Jan  1 03:01:03 indigo-tracker daemon.debug pppd[448]: sent [IPCP ConfAck id=0x1 <addr 192.200.1.21>]
Jan  1 03:01:03 indigo-tracker daemon.debug pppd[448]: rcvd [IPCP ConfNak id=0x1 <addr 10.106.67.103>]
Jan  1 03:01:03 indigo-tracker daemon.debug pppd[448]: sent [IPCP ConfReq id=0x2 <addr 10.106.67.103>]
Jan  1 03:01:03 indigo-tracker daemon.debug pppd[448]: rcvd [IPCP ConfAck id=0x2 <addr 10.106.67.103>]
Jan  1 03:01:03 indigo-tracker daemon.notice pppd[448]: local  IP address 10.106.67.103
Jan  1 03:01:03 indigo-tracker daemon.notice pppd[448]: remote IP address 192.200.1.21
Jan  1 03:01:03 indigo-tracker daemon.debug pppd[448]: Script /etc/ppp/ip-up started (pid 610)
Jan  1 03:01:04 indigo-tracker user.notice root: Trying to get system time over ntp
Jan  1 03:01:04 indigo-tracker daemon.notice ntpdate[614]: ntpdate 4.2.6p3@1.2290 Sun Feb 20 22:12:26 UTC 2011 (1)
Mar 13 06:13:44 indigo-tracker daemon.notice ntpdate[614]: step time server 85.21.78.8 offset 1331604748.684878 sec
Mar 13 06:13:44 indigo-tracker user.notice root: Playing ntp started
Mar 13 06:13:44 indigo-tracker user.notice root: sender started
Mar 13 06:13:45 indigo-tracker user.notice root: gpsreader started
Mar 13 06:13:45 indigo-tracker user.notice root: people started
Mar 13 06:13:47 indigo-tracker user.debug sqlite: gps connected ok
Mar 13 06:13:47 indigo-tracker user.debug sender: using uuid 108e154c-6069-4489-aa77-61e929938088
Mar 13 06:13:48 indigo-tracker daemon.notice openvpn[633]: OpenVPN 2.1.4 arm-linux [SSL] [LZO2] [EPOLL] built on Feb 21 2011
Mar 13 06:13:48 indigo-tracker daemon.warn openvpn[633]: NOTE: the current --script-security setting may allow this configuration to call user-defined scripts
Mar 13 06:13:49 indigo-tracker user.debug sender: nothing to send, continuing
Mar 13 06:13:49 indigo-tracker daemon.notice openvpn[633]: LZO compression initialized
Mar 13 06:13:49 indigo-tracker daemon.notice openvpn[633]: Control Channel MTU parms [ L:1544 D:140 EF:40 EB:0 ET:0 EL:0 ]
Mar 13 06:13:49 indigo-tracker daemon.notice openvpn[633]: Socket Buffers: R=[87380->131072] S=[16384->131072]
Mar 13 06:13:49 indigo-tracker user.debug sqlite: gpsdb started ok
Mar 13 06:13:49 indigo-tracker user.debug sqlite: gps created
Mar 13 06:13:49 indigo-tracker daemon.notice openvpn[633]: Data Channel MTU parms [ L:1544 D:1450 EF:44 EB:135 ET:0 EL:0 AF:3/1 ]
Mar 13 06:13:49 indigo-tracker daemon.notice openvpn[645]: Attempting to establish TCP connection with 72.249.145.165:1195 [nonblock]
Mar 13 06:13:51 indigo-tracker daemon.notice openvpn[645]: TCP connection established with 72.249.145.165:1195
Mar 13 06:13:51 indigo-tracker daemon.notice openvpn[645]: TCPv4_CLIENT link local: [undef]
Mar 13 06:13:51 indigo-tracker daemon.notice openvpn[645]: TCPv4_CLIENT link remote: 72.249.145.165:1195
Mar 13 06:13:51 indigo-tracker daemon.notice openvpn[645]: TLS: Initial packet from 72.249.145.165:1195, sid=6cd1e91b f5681ed9
Mar 13 06:13:53 indigo-tracker user.notice root: mjpeg-streamer started
Mar 13 06:13:53 indigo-tracker user.debug sqlite: got carrier
Mar 13 06:13:54 indigo-tracker user.info MJPG-streamer [654]: starting application
Mar 13 06:13:54 indigo-tracker user.info MJPG-streamer [654]: MJPG Streamer Version: svn rev: exported
Mar 13 06:13:54 indigo-tracker user.info MJPG-streamer [654]: Using V4L2 device.: /dev/video0
Mar 13 06:13:54 indigo-tracker user.info MJPG-streamer [654]: Desired Resolution: 640 x 480
Mar 13 06:13:54 indigo-tracker user.info MJPG-streamer [654]: Frames Per Second.: 10
Mar 13 06:13:54 indigo-tracker user.info MJPG-streamer [654]: Format............: MJPEG
Mar 13 06:13:54 indigo-tracker user.notice root: Current time is valid
Mar 13 06:13:54 indigo-tracker user.info MJPG-streamer [654]: init_VideoIn failed
Mar 13 06:13:55 indigo-tracker daemon.debug pppd[448]: Script /etc/ppp/ip-up finished (pid 610), status = 0x0
Mar 13 06:13:56 indigo-tracker user.debug sender: send success
Mar 13 06:14:00 indigo-tracker user.debug sender: nothing to send, continuing
Mar 13 06:14:00 indigo-tracker user.debug sqlite: movement stop
Mar 13 06:14:00 indigo-tracker user.debug sqlite: saving initial point
Mar 13 06:14:02 indigo-tracker user.debug sender: send success
Mar 13 06:14:02 indigo-tracker daemon.notice openvpn[645]: VERIFY OK: depth=1, /C=RU/ST=Rostov/L=Taganrog/O=Indigo_Systems__Ltd/OU=Devices/CN=devices-vpn/name=devices-vpn/emailAddress=yury@indigosystem.ru
Mar 13 06:14:02 indigo-tracker daemon.notice openvpn[645]: VERIFY OK: nsCertType=SERVER
Mar 13 06:14:02 indigo-tracker daemon.notice openvpn[645]: VERIFY OK: depth=0, /C=RU/ST=Rostov/L=Taganrog/O=Indigo_Systems__Ltd/OU=Devices/CN=devices-vpn-server/name=devices-vpn-server/emailAddress=yury@indigosystem.ru
Mar 13 06:14:03 indigo-tracker user.debug sender: nothing to send, continuing
Mar 13 06:14:21 indigo-tracker daemon.notice openvpn[645]: Data Channel Encrypt: Cipher 'BF-CBC' initialized with 128 bit key
Mar 13 06:14:21 indigo-tracker daemon.notice openvpn[645]: Data Channel Encrypt: Using 160 bit message hash 'SHA1' for HMAC authentication
Mar 13 06:14:21 indigo-tracker daemon.notice openvpn[645]: Data Channel Decrypt: Cipher 'BF-CBC' initialized with 128 bit key
Mar 13 06:14:21 indigo-tracker daemon.notice openvpn[645]: Data Channel Decrypt: Using 160 bit message hash 'SHA1' for HMAC authentication
Mar 13 06:14:21 indigo-tracker daemon.notice openvpn[645]: Control Channel: TLSv1, cipher TLSv1/SSLv3 DHE-RSA-AES256-SHA, 1024 bit RSA
Mar 13 06:14:21 indigo-tracker daemon.notice openvpn[645]: [devices-vpn-server] Peer Connection Initiated with 72.249.145.165:1195
Mar 13 06:14:23 indigo-tracker daemon.notice openvpn[645]: SENT CONTROL [devices-vpn-server]: 'PUSH_REQUEST' (status=1)
Mar 13 06:14:24 indigo-tracker daemon.notice openvpn[645]: PUSH: Received control message: 'PUSH_REPLY,route-gateway 10.1.0.1,topology subnet,ping 120,ping-restart 1200,ifconfig 10.1.0.4 255.255.255.0'
Mar 13 06:14:24 indigo-tracker daemon.notice openvpn[645]: OPTIONS IMPORT: timers and/or timeouts modified
Mar 13 06:14:24 indigo-tracker daemon.notice openvpn[645]: OPTIONS IMPORT: --ifconfig/up options modified
Mar 13 06:14:24 indigo-tracker daemon.notice openvpn[645]: OPTIONS IMPORT: route-related options modified
Mar 13 06:14:24 indigo-tracker daemon.notice openvpn[645]: TUN/TAP device tun0 opened
Mar 13 06:14:24 indigo-tracker daemon.notice openvpn[645]: TUN/TAP TX queue length set to 100
Mar 13 06:14:24 indigo-tracker daemon.notice openvpn[645]: /sbin/ifconfig tun0 10.1.0.4 netmask 255.255.255.0 mtu 1500 broadcast 10.1.0.255
Mar 13 06:14:25 indigo-tracker daemon.notice openvpn[645]: /etc/openvpn/vpn-up tun0 1500 1544 10.1.0.4 255.255.255.0 init
Mar 13 06:14:25 indigo-tracker daemon.notice openvpn[645]: Initialization Sequence Completed
Mar 13 06:14:30 indigo-tracker cron.err crond[428]: time disparity of 22193413 minutes detected
Mar 13 06:15:01 indigo-tracker user.debug sqlite: sending keepalive
Mar 13 06:15:01 indigo-tracker cron.info crond[428]: crond: USER root pid 689 cmd /etc/cron/check_ntp
Mar 13 06:15:01 indigo-tracker cron.info crond[428]: crond: USER root pid 690 cmd /etc/cron/check_updates.sh
Mar 13 06:15:02 indigo-tracker user.notice root: Current time is valid
Mar 13 06:15:03 indigo-tracker user.debug sender: send success
Mar 13 06:15:04 indigo-tracker user.debug sender: nothing to send, continuing
Mar 13 06:15:20 indigo-tracker user.debug sysdaemon-dbus: flash insert
Mar 13 06:15:22 indigo-tracker user.debug sender: send success
Mar 13 06:15:23 indigo-tracker user.debug sender: nothing to send, continuing
Mar 13 06:16:01 indigo-tracker cron.info crond[428]: crond: USER root pid 725 cmd /etc/cron/check_updates.sh
Mar 13 06:17:01 indigo-tracker cron.info crond[428]: crond: USER root pid 740 cmd /etc/cron/check_updates.sh
Mar 13 06:17:01 indigo-tracker user.debug sqlite: sending keepalive
Mar 13 06:17:03 indigo-tracker user.debug sender: send success
Mar 13 06:17:05 indigo-tracker user.debug sender: nothing to send, continuing
Mar 13 06:18:01 indigo-tracker cron.info crond[428]: crond: USER root pid 757 cmd /etc/cron/check_updates.sh
Mar 13 06:19:01 indigo-tracker cron.info crond[428]: crond: USER root pid 771 cmd /etc/cron/check_updates.sh
Mar 13 06:20:01 indigo-tracker cron.info crond[428]: crond: USER root pid 785 cmd /etc/cron/check_updates.sh
Mar 13 06:21:01 indigo-tracker cron.info crond[428]: crond: USER root pid 801 cmd /etc/cron/check_updates.sh
Mar 13 06:22:01 indigo-tracker cron.info crond[428]: crond: USER root pid 815 cmd /etc/cron/check_updates.sh
Mar 13 06:22:02 indigo-tracker user.debug sqlite: sending keepalive
Mar 13 06:22:04 indigo-tracker user.debug sender: send success
Mar 13 06:22:05 indigo-tracker user.debug sender: nothing to send, continuing
Jan  1 03:00:13 indigo-tracker syslog.info syslogd started: BusyBox v1.18.3
Jan  1 03:00:13 indigo-tracker user.notice kernel: klogd started: BusyBox v1.18.3 (2011-03-29 18:29:13 MSD)
Jan  1 03:00:13 indigo-tracker user.notice kernel: Linux version 3.2.0+ (yury@debian-dev-vm) (gcc version 4.4.5 (indigo-ct-ng) ) #177 Fri Feb 17 14:07:48 MSK 2012
Jan  1 03:00:13 indigo-tracker user.warn kernel: CPU: ARM926EJ-S [41069265] revision 5 (ARMv5TEJ), cr=00053177
Jan  1 03:00:13 indigo-tracker user.warn kernel: CPU: VIVT data cache, VIVT instruction cache
Jan  1 03:00:13 indigo-tracker user.warn kernel: Machine: Indigo Tracker
Jan  1 03:00:13 indigo-tracker user.warn kernel: Memory policy: ECC disabled, Data cache writeback
Jan  1 03:00:13 indigo-tracker user.info kernel: AT91: Detected soc type: at91sam9260
Jan  1 03:00:13 indigo-tracker user.info kernel: AT91: Detected soc subtype: Unknown
Jan  1 03:00:13 indigo-tracker user.info kernel: AT91: sram at 0x200000 of 0x1000 mapped at 0xfef77000
Jan  1 03:00:13 indigo-tracker user.info kernel: AT91: sram at 0x300000 of 0x1000 mapped at 0xfef76000
Jan  1 03:00:13 indigo-tracker user.debug kernel: On node 0 totalpages: 16384
Jan  1 03:00:13 indigo-tracker user.debug kernel: free_area_init_node: node 0, pgdat c036d7d0, node_mem_map c037e000
Jan  1 03:00:13 indigo-tracker user.debug kernel:   Normal zone: 128 pages used for memmap
Jan  1 03:00:13 indigo-tracker user.debug kernel:   Normal zone: 0 pages reserved
Jan  1 03:00:13 indigo-tracker user.debug kernel:   Normal zone: 16256 pages, LIFO batch:3
Jan  1 03:00:13 indigo-tracker user.warn kernel: Clocks: CPU 150 MHz, master 75 MHz, main 12.000 MHz
Jan  1 03:00:13 indigo-tracker user.debug kernel: pcpu-alloc: s0 r0 d32768 u32768 alloc=1*32768
Jan  1 03:00:13 indigo-tracker user.debug kernel: pcpu-alloc: [0] 0 
Jan  1 03:00:13 indigo-tracker user.warn kernel: Built 1 zonelists in Zone order, mobility grouping on.  Total pages: 16256
Jan  1 03:00:13 indigo-tracker user.notice kernel: Kernel command line: console=ttyS0,115200 cachepolicy=writeback root=/dev/mtdblock1
Jan  1 03:00:13 indigo-tracker user.info kernel: PID hash table entries: 256 (order: -2, 1024 bytes)
Jan  1 03:00:13 indigo-tracker user.info kernel: Dentry cache hash table entries: 8192 (order: 3, 32768 bytes)
Jan  1 03:00:13 indigo-tracker user.info kernel: Inode-cache hash table entries: 4096 (order: 2, 16384 bytes)
Jan  1 03:00:13 indigo-tracker user.info kernel: Memory: 64MB = 64MB total
Jan  1 03:00:13 indigo-tracker user.notice kernel: Memory: 61356k/61356k available, 4180k reserved, 0K highmem
Jan  1 03:00:13 indigo-tracker user.notice kernel: Virtual kernel memory layout:
Jan  1 03:00:13 indigo-tracker user.notice kernel:     vector  : 0xffff0000 - 0xffff1000   (   4 kB)
Jan  1 03:00:13 indigo-tracker user.notice kernel:     fixmap  : 0xfff00000 - 0xfffe0000   ( 896 kB)
Jan  1 03:00:13 indigo-tracker user.notice kernel:     vmalloc : 0xc4800000 - 0xfee00000   ( 934 MB)
Jan  1 03:00:13 indigo-tracker user.notice kernel:     lowmem  : 0xc0000000 - 0xc4000000   (  64 MB)
Jan  1 03:00:13 indigo-tracker user.notice kernel:     modules : 0xbf000000 - 0xc0000000   (  16 MB)
Jan  1 03:00:13 indigo-tracker user.notice kernel:       .text : 0xc0008000 - 0xc0324000   (3184 kB)
Jan  1 03:00:13 indigo-tracker user.notice kernel:       .init : 0xc0324000 - 0xc0341000   ( 116 kB)
Jan  1 03:00:13 indigo-tracker user.notice kernel:       .data : 0xc0342000 - 0xc036dfa0   ( 176 kB)
Jan  1 03:00:13 indigo-tracker user.notice kernel:        .bss : 0xc036dfc4 - 0xc037d1c8   (  61 kB)
Jan  1 03:00:13 indigo-tracker user.info kernel: NR_IRQS:192
Jan  1 03:00:13 indigo-tracker user.info kernel: AT91: 96 gpio irqs in 3 banks
Jan  1 03:00:13 indigo-tracker user.info kernel: Console: colour dummy device 80x30
Jan  1 03:00:13 indigo-tracker user.info kernel: Calibrating delay loop... 74.54 BogoMIPS (lpj=372736)
Jan  1 03:00:13 indigo-tracker user.info kernel: pid_max: default: 32768 minimum: 301
Jan  1 03:00:13 indigo-tracker user.info kernel: Mount-cache hash table entries: 512
Jan  1 03:00:13 indigo-tracker user.info kernel: CPU: Testing write buffer coherency: ok
Jan  1 03:00:13 indigo-tracker user.info kernel: NET: Registered protocol family 16
Jan  1 03:00:13 indigo-tracker user.err kernel: adding device EB-500 GPS
Jan  1 03:00:13 indigo-tracker user.err kernel: indigo gpioperiph: gps peripheral EB-500 GPS added
Jan  1 03:00:13 indigo-tracker user.err kernel: adding device Sim900D GSM
Jan  1 03:00:13 indigo-tracker user.err kernel: creating command 4
Jan  1 03:00:13 indigo-tracker user.err kernel: indigo gpioperiph: gsm peripheral Sim900D GSM added
Jan  1 03:00:13 indigo-tracker user.err kernel: adding device LM-something
Jan  1 03:00:13 indigo-tracker user.err kernel: indigo gpioperiph: power peripheral LM-something added
Jan  1 03:00:13 indigo-tracker user.info kernel: bio: create slab <bio-0> at 0
Jan  1 03:00:13 indigo-tracker user.notice kernel: SCSI subsystem initialized
Jan  1 03:00:13 indigo-tracker user.info kernel: usbcore: registered new interface driver usbfs
Jan  1 03:00:13 indigo-tracker user.info kernel: usbcore: registered new interface driver hub
Jan  1 03:00:13 indigo-tracker user.info kernel: usbcore: registered new device driver usb
Jan  1 03:00:13 indigo-tracker user.info kernel: Advanced Linux Sound Architecture Driver Version 1.0.24.
Jan  1 03:00:13 indigo-tracker cron.notice atd[590]: Removing stale lockfile for pid 590
Jan  1 03:00:13 indigo-tracker user.info kernel: Switching to clocksource pit
Jan  1 03:00:13 indigo-tracker user.info kernel: NET: Registered protocol family 2
Jan  1 03:00:13 indigo-tracker user.info kernel: IP route cache hash table entries: 1024 (order: 0, 4096 bytes)
Jan  1 03:00:13 indigo-tracker user.info kernel: TCP established hash table entries: 2048 (order: 2, 16384 bytes)
Jan  1 03:00:13 indigo-tracker user.info kernel: TCP bind hash table entries: 2048 (order: 1, 8192 bytes)
Jan  1 03:00:13 indigo-tracker user.info kernel: TCP: Hash tables configured (established 2048 bind 2048)
Jan  1 03:00:13 indigo-tracker user.info kernel: TCP reno registered
Jan  1 03:00:13 indigo-tracker user.info kernel: UDP hash table entries: 256 (order: 0, 4096 bytes)
Jan  1 03:00:13 indigo-tracker user.info kernel: UDP-Lite hash table entries: 256 (order: 0, 4096 bytes)
Jan  1 03:00:13 indigo-tracker user.info kernel: NET: Registered protocol family 1
Jan  1 03:00:13 indigo-tracker user.debug kernel: yaffs: yaffs built Jan 23 2012 18:16:47 Installing.
Jan  1 03:00:13 indigo-tracker user.info kernel: msgmni has been set to 119
Jan  1 03:00:13 indigo-tracker user.info kernel: io scheduler noop registered (default)
Jan  1 03:00:13 indigo-tracker user.info kernel: io scheduler deadline registered
Jan  1 03:00:13 indigo-tracker user.info kernel: atmel_usart.0: ttyS0 at MMIO 0xfffff200 (irq = 1) is a ATMEL_SERIAL
Jan  1 03:00:13 indigo-tracker user.info kernel: console [ttyS0] enabled
Jan  1 03:00:13 indigo-tracker user.info kernel: atmel_usart.1: ttyS1 at MMIO 0xfffb0000 (irq = 6) is a ATMEL_SERIAL
Jan  1 03:00:13 indigo-tracker user.info kernel: atmel_usart.2: ttyS2 at MMIO 0xfffb4000 (irq = 7) is a ATMEL_SERIAL
Jan  1 03:00:13 indigo-tracker user.info kernel: brd: module loaded
Jan  1 03:00:13 indigo-tracker user.info kernel: loop: module loaded
Jan  1 03:00:13 indigo-tracker user.info kernel: atmel_nand atmel_nand: No DMA support for NAND access.
Jan  1 03:00:13 indigo-tracker user.info kernel: NAND device: Manufacturer ID: 0xec, Chip ID: 0xda (Samsung NAND 256MiB 3,3V 8-bit)
Jan  1 03:00:13 indigo-tracker user.info kernel: Scanning device for bad blocks
Jan  1 03:00:13 indigo-tracker user.warn kernel: Bad eraseblock 348 at 0x000002b80000
Jan  1 03:00:13 indigo-tracker user.warn kernel: Bad eraseblock 374 at 0x000002ec0000
Jan  1 03:00:13 indigo-tracker user.warn kernel: Bad eraseblock 375 at 0x000002ee0000
Jan  1 03:00:13 indigo-tracker user.warn kernel: Bad eraseblock 578 at 0x000004840000
Jan  1 03:00:13 indigo-tracker user.warn kernel: Bad eraseblock 664 at 0x000005300000
Jan  1 03:00:13 indigo-tracker user.warn kernel: Bad eraseblock 1060 at 0x000008480000
Jan  1 03:00:13 indigo-tracker user.warn kernel: Bad eraseblock 1120 at 0x000008c00000
Jan  1 03:00:13 indigo-tracker user.warn kernel: Bad eraseblock 1399 at 0x00000aee0000
Jan  1 03:00:13 indigo-tracker user.warn kernel: Bad eraseblock 1602 at 0x00000c840000
Jan  1 03:00:13 indigo-tracker user.warn kernel: Bad eraseblock 1688 at 0x00000d300000
Jan  1 03:00:14 indigo-tracker user.warn kernel: Bad eraseblock 1696 at 0x00000d400000
Jan  1 03:00:14 indigo-tracker user.warn kernel: Bad eraseblock 1697 at 0x00000d420000
Jan  1 03:00:14 indigo-tracker user.notice kernel: Creating 2 MTD partitions on "atmel_nand":
Jan  1 03:00:14 indigo-tracker user.notice kernel: 0x000000000000-0x000000800000 : "Images"
Jan  1 03:00:14 indigo-tracker user.notice kernel: 0x000000800000-0x000010000000 : "Storage Partition"
Jan  1 03:00:14 indigo-tracker user.info kernel: tun: Universal TUN/TAP device driver, 1.6
Jan  1 03:00:14 indigo-tracker user.info kernel: tun: (C) 1999-2004 Max Krasnyansky <maxk@qualcomm.com>
Jan  1 03:00:14 indigo-tracker user.info kernel: PPP generic driver version 2.4.2
Jan  1 03:00:14 indigo-tracker user.info kernel: PPP BSD Compression module registered
Jan  1 03:00:14 indigo-tracker user.info kernel: PPP Deflate Compression module registered
Jan  1 03:00:14 indigo-tracker user.info kernel: PPP MPPE Compression module registered
Jan  1 03:00:14 indigo-tracker user.info kernel: NET: Registered protocol family 24
Jan  1 03:00:14 indigo-tracker user.info kernel: ohci_hcd: USB 1.1 'Open' Host Controller (OHCI) Driver
Jan  1 03:00:14 indigo-tracker user.info kernel: at91_ohci at91_ohci: AT91 OHCI
Jan  1 03:00:14 indigo-tracker user.info kernel: at91_ohci at91_ohci: new USB bus registered, assigned bus number 1
Jan  1 03:00:14 indigo-tracker user.info kernel: at91_ohci at91_ohci: irq 20, io mem 0x00500000
Jan  1 03:00:14 indigo-tracker user.info kernel: usb usb1: New USB device found, idVendor=1d6b, idProduct=0001
Jan  1 03:00:14 indigo-tracker user.info kernel: usb usb1: New USB device strings: Mfr=3, Product=2, SerialNumber=1
Jan  1 03:00:14 indigo-tracker user.info kernel: usb usb1: Product: AT91 OHCI
Jan  1 03:00:14 indigo-tracker user.info kernel: usb usb1: Manufacturer: Linux 3.2.0+ ohci_hcd
Jan  1 03:00:14 indigo-tracker user.info kernel: usb usb1: SerialNumber: at91
Jan  1 03:00:14 indigo-tracker user.info kernel: hub 1-0:1.0: USB hub found
Jan  1 03:00:14 indigo-tracker user.info kernel: hub 1-0:1.0: 2 ports detected
Jan  1 03:00:14 indigo-tracker user.info kernel: Initializing USB Mass Storage driver...
Jan  1 03:00:14 indigo-tracker user.info kernel: usbcore: registered new interface driver usb-storage
Jan  1 03:00:14 indigo-tracker user.info kernel: USB Mass Storage support registered.
Jan  1 03:00:14 indigo-tracker user.info kernel: rtc-at91sam9 at91_rtt.0: rtc core: registered at91_rtt as rtc0
Jan  1 03:00:14 indigo-tracker user.warn kernel: rtc-at91sam9 at91_rtt.0: rtc0: SET TIME!
Jan  1 03:00:14 indigo-tracker user.info kernel: Linux video capture interface: v2.00
Jan  1 03:00:14 indigo-tracker user.info kernel: usbcore: registered new interface driver uvcvideo
Jan  1 03:00:14 indigo-tracker user.info kernel: USB Video Class driver (1.1.1)
Jan  1 03:00:14 indigo-tracker user.info kernel: AT91SAM9 Watchdog enabled (heartbeat=15 sec, nowayout=0)
Jan  1 03:00:14 indigo-tracker user.info kernel: usbcore: registered new interface driver snd-usb-audio
Jan  1 03:00:14 indigo-tracker user.info kernel: ALSA device list:
Jan  1 03:00:14 indigo-tracker user.info kernel:   No soundcards found.
Jan  1 03:00:14 indigo-tracker user.info kernel: TCP cubic registered
Jan  1 03:00:14 indigo-tracker user.info kernel: NET: Registered protocol family 17
Jan  1 03:00:14 indigo-tracker user.err kernel: rtc-at91sam9 at91_rtt.0: hctosys: unable to read the hardware clock
Jan  1 03:00:14 indigo-tracker user.info kernel: atmel_mci atmel_mci: version: 0x210
Jan  1 03:00:14 indigo-tracker user.info kernel: atmel_mci atmel_mci: using PDC
Jan  1 03:00:14 indigo-tracker user.info kernel: atmel_mci atmel_mci: Atmel MCI controller at 0xfffa8000 irq 9, 1 slots
Jan  1 03:00:14 indigo-tracker user.info kernel: yaffs: dev is 32505857 name is "mtdblock1" rw
Jan  1 03:00:14 indigo-tracker user.info kernel: yaffs: passed flags ""
Jan  1 03:00:14 indigo-tracker user.debug kernel: yaffs: yaffs: Attempting MTD mount of 31.1,"mtdblock1"
Jan  1 03:00:14 indigo-tracker user.debug kernel: yaffs: auto selecting yaffs2
Jan  1 03:00:14 indigo-tracker user.debug kernel: yaffs: block 285 is bad
Jan  1 03:00:14 indigo-tracker user.debug kernel: yaffs: block 311 is bad
Jan  1 03:00:14 indigo-tracker user.debug kernel: yaffs: block 312 is bad
Jan  1 03:00:14 indigo-tracker user.debug kernel: yaffs: block 515 is bad
Jan  1 03:00:14 indigo-tracker user.debug kernel: yaffs: block 601 is bad
Jan  1 03:00:14 indigo-tracker user.debug kernel: yaffs: block 997 is bad
Jan  1 03:00:14 indigo-tracker user.debug kernel: yaffs: block 1057 is bad
Jan  1 03:00:14 indigo-tracker user.debug kernel: yaffs: block 1336 is bad
Jan  1 03:00:14 indigo-tracker user.debug kernel: yaffs: block 1539 is bad
Jan  1 03:00:14 indigo-tracker user.debug kernel: yaffs: block 1625 is bad
Jan  1 03:00:14 indigo-tracker user.debug kernel: yaffs: block 1633 is bad
Jan  1 03:00:14 indigo-tracker user.debug kernel: yaffs: block 1634 is bad
Jan  1 03:00:14 indigo-tracker user.info kernel: usb 1-1: new full-speed USB device number 2 using at91_ohci
Jan  1 03:00:14 indigo-tracker user.warn kernel: mmc0: host does not support reading read-only switch. assuming write-enable.
Jan  1 03:00:14 indigo-tracker user.info kernel: mmc0: new SDHC card at address b368
Jan  1 03:00:14 indigo-tracker user.info kernel: mmcblk0: mmc0:b368 SDC   15.0 GiB 
Jan  1 03:00:14 indigo-tracker user.info kernel:  mmcblk0: p1
Jan  1 03:00:14 indigo-tracker user.err kernel: usb 1-1: device descriptor read/64, error -62
Jan  1 03:00:14 indigo-tracker user.err kernel: usb 1-1: device descriptor read/64, error -62
Jan  1 03:00:14 indigo-tracker user.info kernel: usb 1-1: new full-speed USB device number 3 using at91_ohci
Jan  1 03:00:14 indigo-tracker user.err kernel: usb 1-1: device descriptor read/64, error -62
Jan  1 03:00:14 indigo-tracker user.err kernel: usb 1-1: device descriptor read/64, error -62
Jan  1 03:00:14 indigo-tracker user.debug kernel: yaffs: yaffs_read_super: is_checkpointed 0
Jan  1 03:00:14 indigo-tracker user.info kernel: VFS: Mounted root (yaffs filesystem) on device 31:1.
Jan  1 03:00:14 indigo-tracker user.info kernel: Freeing init memory: 116K
Jan  1 03:00:14 indigo-tracker user.info kernel: usb 1-1: new full-speed USB device number 4 using at91_ohci
Jan  1 03:00:14 indigo-tracker user.err kernel: usb 1-1: device descriptor read/8, error -62
Jan  1 03:00:14 indigo-tracker user.err kernel: usb 1-1: device descriptor read/8, error -62
Jan  1 03:00:14 indigo-tracker user.info kernel: usb 1-1: new full-speed USB device number 5 using at91_ohci
Jan  1 03:00:14 indigo-tracker user.err kernel: usb 1-1: device descriptor read/8, error -71
Jan  1 03:00:14 indigo-tracker user.err kernel: usb 1-1: device descriptor read/8, error -62
Jan  1 03:00:14 indigo-tracker user.err kernel: hub 1-0:1.0: unable to enumerate USB device on port 1
Jan  1 03:00:14 indigo-tracker user.warn kernel: Disabling lock debugging due to kernel taint
Jan  1 03:00:14 indigo-tracker user.alert kernel: system revision is 2
Jan  1 03:00:14 indigo-tracker user.alert kernel: piopins: with filter
Jan  1 03:00:14 indigo-tracker user.warn kernel: piopins: system time doesn't seem to be true, will not flush anything
Jan  1 03:00:14 indigo-tracker user.err kernel: creating command 4
Jan  1 03:00:54 indigo-tracker local2.info chat[451]: alarm
Jan  1 03:00:54 indigo-tracker local2.info chat[451]: Failed
Jan  1 03:00:54 indigo-tracker daemon.debug pppd[447]: Script chat -v -f /etc/ppp/chatscripts/megafon-connect finished (pid 449), status = 0x3
Jan  1 03:00:54 indigo-tracker daemon.err pppd[447]: Connect script failed
Jan  1 03:00:55 indigo-tracker local2.info chat[606]: abort on (BUSY)
Jan  1 03:00:55 indigo-tracker local2.info chat[606]: abort on (ERROR)
Jan  1 03:00:55 indigo-tracker local2.info chat[606]: abort on (UNDER-VOLTAGE WARNNING)
Jan  1 03:00:55 indigo-tracker local2.info chat[606]: send (ATZ^M)
Jan  1 03:00:55 indigo-tracker local2.info chat[606]: timeout set to 12 seconds
Jan  1 03:00:55 indigo-tracker local2.info chat[606]: expect (OK)
Jan  1 03:00:55 indigo-tracker local2.info chat[606]: ATZ^M^M
Jan  1 03:00:55 indigo-tracker local2.info chat[606]: OK
Jan  1 03:00:55 indigo-tracker local2.info chat[606]:  -- got it
Jan  1 03:00:55 indigo-tracker local2.info chat[606]: send (AT+CGDCONT=1,"IP","internet"^M)
Jan  1 03:00:56 indigo-tracker local2.info chat[606]: timeout set to 45 seconds
Jan  1 03:00:56 indigo-tracker local2.info chat[606]: expect (OK)
Jan  1 03:00:56 indigo-tracker local2.info chat[606]: ^M
Jan  1 03:00:56 indigo-tracker local2.info chat[606]: AT+CGDCONT=1,"IP","internet"^M^M
Jan  1 03:00:56 indigo-tracker local2.info chat[606]: OK
Jan  1 03:00:56 indigo-tracker local2.info chat[606]:  -- got it
Jan  1 03:00:56 indigo-tracker local2.info chat[606]: send (ATD*99#^M)
Jan  1 03:00:56 indigo-tracker local2.info chat[606]: expect (CONNECT)
Jan  1 03:00:56 indigo-tracker local2.info chat[606]: ^M
Jan  1 03:00:56 indigo-tracker local2.info chat[606]: ATD*99#^M^M
Jan  1 03:00:56 indigo-tracker local2.info chat[606]: CONNECT
Jan  1 03:00:56 indigo-tracker local2.info chat[606]:  -- got it
Jan  1 03:00:56 indigo-tracker local2.info chat[606]: send (^M)
Jan  1 03:00:56 indigo-tracker daemon.debug pppd[447]: Script chat -v -f /etc/ppp/chatscripts/megafon-connect finished (pid 605), status = 0x0
Jan  1 03:00:56 indigo-tracker daemon.info pppd[447]: Serial connection established.
Jan  1 03:00:56 indigo-tracker daemon.debug pppd[447]: using channel 1
Jan  1 03:00:56 indigo-tracker daemon.info pppd[447]: Using interface ppp0
Jan  1 03:00:56 indigo-tracker daemon.notice pppd[447]: Connect: ppp0 <--> /dev/ttyS1
Jan  1 03:00:57 indigo-tracker daemon.warn pppd[447]: Warning - secret file /etc/ppp/pap-secrets has world and/or group access
Jan  1 03:00:57 indigo-tracker daemon.debug pppd[447]: sent [LCP ConfReq id=0x1 <asyncmap 0x0> <magic 0x40185100>]
Jan  1 03:00:57 indigo-tracker daemon.debug pppd[447]: rcvd [LCP ConfReq id=0x1 <asyncmap 0xa0000> <auth pap>]
Jan  1 03:00:57 indigo-tracker daemon.debug pppd[447]: No auth is possible
Jan  1 03:00:57 indigo-tracker daemon.debug pppd[447]: sent [LCP ConfRej id=0x1 <auth pap>]
Jan  1 03:00:57 indigo-tracker daemon.debug pppd[447]: rcvd [LCP ConfRej id=0x1 <magic 0x40185100>]
Jan  1 03:00:57 indigo-tracker daemon.debug pppd[447]: sent [LCP ConfReq id=0x2 <asyncmap 0x0>]
Jan  1 03:00:57 indigo-tracker daemon.debug pppd[447]: rcvd [LCP ConfReq id=0x2 <asyncmap 0xa0000> <auth chap MD5>]
Jan  1 03:00:57 indigo-tracker daemon.debug pppd[447]: No auth is possible
Jan  1 03:00:57 indigo-tracker daemon.debug pppd[447]: sent [LCP ConfRej id=0x2 <auth chap MD5>]
Jan  1 03:00:57 indigo-tracker daemon.debug pppd[447]: rcvd [LCP ConfAck id=0x2 <asyncmap 0x0>]
Jan  1 03:00:57 indigo-tracker daemon.debug pppd[447]: rcvd [LCP ConfReq id=0x3 <asyncmap 0xa0000>]
Jan  1 03:00:57 indigo-tracker daemon.debug pppd[447]: sent [LCP ConfAck id=0x3 <asyncmap 0xa0000>]
Jan  1 03:00:57 indigo-tracker daemon.debug pppd[447]: sent [IPCP ConfReq id=0x1 <addr 0.0.0.0>]
Jan  1 03:01:00 indigo-tracker daemon.debug pppd[447]: sent [IPCP ConfReq id=0x1 <addr 0.0.0.0>]
Jan  1 03:01:00 indigo-tracker daemon.debug pppd[447]: rcvd [IPCP ConfReq id=0x1 <addr 192.200.1.21>]
Jan  1 03:01:00 indigo-tracker daemon.debug pppd[447]: sent [IPCP ConfAck id=0x1 <addr 192.200.1.21>]
Jan  1 03:01:00 indigo-tracker daemon.debug pppd[447]: rcvd [IPCP ConfNak id=0x1 <addr 10.242.34.9>]
Jan  1 03:01:00 indigo-tracker daemon.debug pppd[447]: sent [IPCP ConfReq id=0x2 <addr 10.242.34.9>]
Jan  1 03:01:00 indigo-tracker daemon.debug pppd[447]: rcvd [IPCP ConfAck id=0x2 <addr 10.242.34.9>]
Jan  1 03:01:00 indigo-tracker daemon.notice pppd[447]: local  IP address 10.242.34.9
Jan  1 03:01:00 indigo-tracker daemon.notice pppd[447]: remote IP address 192.200.1.21
Jan  1 03:01:00 indigo-tracker daemon.debug pppd[447]: Script /etc/ppp/ip-up started (pid 608)
Jan  1 03:01:01 indigo-tracker user.notice root: Trying to get system time over ntp
Jan  1 03:01:01 indigo-tracker cron.info crond[428]: crond: USER root pid 615 cmd /etc/cron/check_updates.sh
Jan  1 03:01:01 indigo-tracker daemon.notice ntpdate[612]: ntpdate 4.2.6p3@1.2290 Sun Feb 20 22:12:26 UTC 2011 (1)
Mar 13 06:23:46 indigo-tracker daemon.notice ntpdate[612]: step time server 193.125.143.173 offset 1331605353.714761 sec
Mar 13 06:23:46 indigo-tracker user.notice root: Playing ntp started
Mar 13 06:23:47 indigo-tracker user.notice root: sender started
Mar 13 06:23:47 indigo-tracker user.notice root: gpsreader started
Mar 13 06:23:48 indigo-tracker user.notice root: people started
Mar 13 06:23:49 indigo-tracker user.debug sqlite: gps connected ok
Mar 13 06:23:50 indigo-tracker user.debug sender: using uuid 108e154c-6069-4489-aa77-61e929938088
Mar 13 06:23:51 indigo-tracker daemon.notice openvpn[633]: OpenVPN 2.1.4 arm-linux [SSL] [LZO2] [EPOLL] built on Feb 21 2011
Mar 13 06:23:51 indigo-tracker daemon.warn openvpn[633]: NOTE: the current --script-security setting may allow this configuration to call user-defined scripts
Mar 13 06:23:51 indigo-tracker daemon.notice openvpn[633]: LZO compression initialized
Mar 13 06:23:51 indigo-tracker daemon.notice openvpn[633]: Control Channel MTU parms [ L:1544 D:140 EF:40 EB:0 ET:0 EL:0 ]
Mar 13 06:23:51 indigo-tracker daemon.notice openvpn[633]: Socket Buffers: R=[87380->131072] S=[16384->131072]
Mar 13 06:23:51 indigo-tracker user.debug sender: nothing to send, continuing
Mar 13 06:23:51 indigo-tracker user.debug sqlite: gpsdb started ok
Mar 13 06:23:51 indigo-tracker user.debug sqlite: gps created
Mar 13 06:23:52 indigo-tracker daemon.notice openvpn[633]: Data Channel MTU parms [ L:1544 D:1450 EF:44 EB:135 ET:0 EL:0 AF:3/1 ]
Mar 13 06:23:52 indigo-tracker daemon.notice openvpn[645]: Attempting to establish TCP connection with 72.249.145.165:1195 [nonblock]
Mar 13 06:23:53 indigo-tracker daemon.notice openvpn[645]: TCP connection established with 72.249.145.165:1195
Mar 13 06:23:53 indigo-tracker daemon.notice openvpn[645]: TCPv4_CLIENT link local: [undef]
Mar 13 06:23:53 indigo-tracker daemon.notice openvpn[645]: TCPv4_CLIENT link remote: 72.249.145.165:1195
Mar 13 06:23:53 indigo-tracker daemon.notice openvpn[645]: TLS: Initial packet from 72.249.145.165:1195, sid=8395f764 b6784046
Mar 13 06:23:56 indigo-tracker user.notice root: mjpeg-streamer started
Mar 13 06:23:56 indigo-tracker user.info MJPG-streamer [650]: starting application
Mar 13 06:23:57 indigo-tracker user.info MJPG-streamer [650]: MJPG Streamer Version: svn rev: exported
Mar 13 06:23:57 indigo-tracker user.notice root: Current time is valid
Mar 13 06:23:57 indigo-tracker user.info MJPG-streamer [650]: Using V4L2 device.: /dev/video0
Mar 13 06:23:57 indigo-tracker user.info MJPG-streamer [650]: Desired Resolution: 640 x 480
Mar 13 06:23:57 indigo-tracker user.info MJPG-streamer [650]: Frames Per Second.: 10
Mar 13 06:23:57 indigo-tracker user.info MJPG-streamer [650]: Format............: MJPEG
Mar 13 06:23:57 indigo-tracker user.debug sqlite: got carrier
Mar 13 06:23:57 indigo-tracker user.info MJPG-streamer [650]: init_VideoIn failed
Mar 13 06:23:58 indigo-tracker daemon.debug pppd[447]: Script /etc/ppp/ip-up finished (pid 608), status = 0x0
Mar 13 06:23:59 indigo-tracker user.debug sender: send success
Mar 13 06:24:02 indigo-tracker user.debug sqlite: movement stop
Mar 13 06:24:02 indigo-tracker user.debug sqlite: saving initial point
Mar 13 06:24:05 indigo-tracker daemon.notice openvpn[645]: VERIFY OK: depth=1, /C=RU/ST=Rostov/L=Taganrog/O=Indigo_Systems__Ltd/OU=Devices/CN=devices-vpn/name=devices-vpn/emailAddress=yury@indigosystem.ru
Mar 13 06:24:05 indigo-tracker daemon.notice openvpn[645]: VERIFY OK: nsCertType=SERVER
Mar 13 06:24:05 indigo-tracker daemon.notice openvpn[645]: VERIFY OK: depth=0, /C=RU/ST=Rostov/L=Taganrog/O=Indigo_Systems__Ltd/OU=Devices/CN=devices-vpn-server/name=devices-vpn-server/emailAddress=yury@indigosystem.ru
Mar 13 06:24:06 indigo-tracker user.debug sender: nothing to send, continuing
Mar 13 06:24:25 indigo-tracker daemon.notice openvpn[645]: Data Channel Encrypt: Cipher 'BF-CBC' initialized with 128 bit key
Mar 13 06:24:25 indigo-tracker daemon.notice openvpn[645]: Data Channel Encrypt: Using 160 bit message hash 'SHA1' for HMAC authentication
Mar 13 06:24:25 indigo-tracker daemon.notice openvpn[645]: Data Channel Decrypt: Cipher 'BF-CBC' initialized with 128 bit key
Mar 13 06:24:25 indigo-tracker daemon.notice openvpn[645]: Data Channel Decrypt: Using 160 bit message hash 'SHA1' for HMAC authentication
Mar 13 06:24:25 indigo-tracker daemon.notice openvpn[645]: Control Channel: TLSv1, cipher TLSv1/SSLv3 DHE-RSA-AES256-SHA, 1024 bit RSA
Mar 13 06:24:25 indigo-tracker daemon.notice openvpn[645]: [devices-vpn-server] Peer Connection Initiated with 72.249.145.165:1195
Mar 13 06:24:28 indigo-tracker daemon.notice openvpn[645]: SENT CONTROL [devices-vpn-server]: 'PUSH_REQUEST' (status=1)
Mar 13 06:24:29 indigo-tracker daemon.notice openvpn[645]: PUSH: Received control message: 'PUSH_REPLY,route-gateway 10.1.0.1,topology subnet,ping 120,ping-restart 1200,ifconfig 10.1.0.4 255.255.255.0'
Mar 13 06:24:29 indigo-tracker daemon.notice openvpn[645]: OPTIONS IMPORT: timers and/or timeouts modified
Mar 13 06:24:29 indigo-tracker daemon.notice openvpn[645]: OPTIONS IMPORT: --ifconfig/up options modified
Mar 13 06:24:29 indigo-tracker daemon.notice openvpn[645]: OPTIONS IMPORT: route-related options modified
Mar 13 06:24:29 indigo-tracker daemon.notice openvpn[645]: TUN/TAP device tun0 opened
Mar 13 06:24:29 indigo-tracker daemon.notice openvpn[645]: TUN/TAP TX queue length set to 100
Mar 13 06:24:29 indigo-tracker daemon.notice openvpn[645]: /sbin/ifconfig tun0 10.1.0.4 netmask 255.255.255.0 mtu 1500 broadcast 10.1.0.255
Mar 13 06:24:29 indigo-tracker daemon.notice openvpn[645]: /etc/openvpn/vpn-up tun0 1500 1544 10.1.0.4 255.255.255.0 init
Mar 13 06:24:29 indigo-tracker daemon.notice openvpn[645]: Initialization Sequence Completed
Mar 13 06:24:35 indigo-tracker cron.err crond[428]: time disparity of 22193423 minutes detected
Mar 13 06:25:01 indigo-tracker cron.info crond[428]: crond: USER root pid 685 cmd /etc/cron/check_updates.sh
Mar 13 06:25:03 indigo-tracker user.debug sqlite: sending keepalive
Mar 13 06:25:06 indigo-tracker user.debug sender: send success
Mar 13 06:25:07 indigo-tracker user.debug sender: nothing to send, continuing
Mar 13 06:25:22 indigo-tracker user.debug sysdaemon-dbus: flash insert
Mar 13 06:25:24 indigo-tracker user.debug sender: send success
Mar 13 06:25:25 indigo-tracker user.debug sender: nothing to send, continuing
Mar 13 06:26:01 indigo-tracker cron.info crond[428]: crond: USER root pid 720 cmd /etc/cron/check_updates.sh
Mar 13 06:26:31 indigo-tracker user.debug sqlite: got leave
Mar 13 06:26:34 indigo-tracker user.debug sender: send success
Mar 13 06:26:35 indigo-tracker user.debug sender: nothing to send, continuing
Mar 13 06:27:01 indigo-tracker cron.info crond[428]: crond: USER root pid 734 cmd /etc/cron/check_updates.sh
Mar 13 06:27:03 indigo-tracker user.debug sqlite: sending keepalive
Mar 13 06:27:06 indigo-tracker user.debug sender: send success
Mar 13 06:27:07 indigo-tracker user.debug sender: nothing to send, continuing
Mar 13 06:28:01 indigo-tracker cron.info crond[428]: crond: USER root pid 752 cmd /etc/cron/check_updates.sh
Mar 13 06:29:01 indigo-tracker cron.info crond[428]: crond: USER root pid 766 cmd /etc/cron/check_updates.sh
Mar 13 06:30:01 indigo-tracker cron.info crond[428]: crond: USER root pid 778 cmd /etc/cron/check_pppd
Mar 13 06:30:01 indigo-tracker cron.info crond[428]: crond: USER root pid 779 cmd /etc/cron/check_updates.sh
Mar 13 06:30:02 indigo-tracker user.notice root: pppd ok, 8.8.8.8 pingable
Mar 13 06:31:01 indigo-tracker cron.info crond[428]: crond: USER root pid 798 cmd /etc/cron/check_updates.sh
Mar 13 06:32:01 indigo-tracker cron.info crond[428]: crond: USER root pid 812 cmd /etc/cron/check_updates.sh
Mar 13 06:32:04 indigo-tracker user.debug sqlite: sending keepalive
Mar 13 06:32:07 indigo-tracker user.debug sender: send success
Mar 13 06:32:08 indigo-tracker user.debug sender: nothing to send, continuing
Mar 13 06:33:01 indigo-tracker cron.info crond[428]: crond: USER root pid 830 cmd /etc/cron/check_updates.sh
Jan  1 03:00:13 indigo-tracker syslog.info syslogd started: BusyBox v1.18.3
Jan  1 03:00:13 indigo-tracker user.notice kernel: klogd started: BusyBox v1.18.3 (2011-03-29 18:29:13 MSD)
Jan  1 03:00:13 indigo-tracker user.notice kernel: Linux version 3.2.0+ (yury@debian-dev-vm) (gcc version 4.4.5 (indigo-ct-ng) ) #177 Fri Feb 17 14:07:48 MSK 2012
Jan  1 03:00:13 indigo-tracker user.warn kernel: CPU: ARM926EJ-S [41069265] revision 5 (ARMv5TEJ), cr=00053177
Jan  1 03:00:13 indigo-tracker user.warn kernel: CPU: VIVT data cache, VIVT instruction cache
Jan  1 03:00:13 indigo-tracker user.warn kernel: Machine: Indigo Tracker
Jan  1 03:00:13 indigo-tracker user.warn kernel: Memory policy: ECC disabled, Data cache writeback
Jan  1 03:00:13 indigo-tracker user.info kernel: AT91: Detected soc type: at91sam9260
Jan  1 03:00:13 indigo-tracker user.info kernel: AT91: Detected soc subtype: Unknown
Jan  1 03:00:13 indigo-tracker user.info kernel: AT91: sram at 0x200000 of 0x1000 mapped at 0xfef77000
Jan  1 03:00:13 indigo-tracker user.info kernel: AT91: sram at 0x300000 of 0x1000 mapped at 0xfef76000
Jan  1 03:00:13 indigo-tracker user.debug kernel: On node 0 totalpages: 16384
Jan  1 03:00:13 indigo-tracker user.debug kernel: free_area_init_node: node 0, pgdat c036d7d0, node_mem_map c037e000
Jan  1 03:00:13 indigo-tracker user.debug kernel:   Normal zone: 128 pages used for memmap
Jan  1 03:00:13 indigo-tracker user.debug kernel:   Normal zone: 0 pages reserved
Jan  1 03:00:13 indigo-tracker user.debug kernel:   Normal zone: 16256 pages, LIFO batch:3
Jan  1 03:00:13 indigo-tracker user.warn kernel: Clocks: CPU 150 MHz, master 75 MHz, main 12.000 MHz
Jan  1 03:00:13 indigo-tracker user.debug kernel: pcpu-alloc: s0 r0 d32768 u32768 alloc=1*32768
Jan  1 03:00:13 indigo-tracker user.debug kernel: pcpu-alloc: [0] 0 
Jan  1 03:00:13 indigo-tracker user.warn kernel: Built 1 zonelists in Zone order, mobility grouping on.  Total pages: 16256
Jan  1 03:00:13 indigo-tracker user.notice kernel: Kernel command line: console=ttyS0,115200 cachepolicy=writeback root=/dev/mtdblock1
Jan  1 03:00:13 indigo-tracker user.info kernel: PID hash table entries: 256 (order: -2, 1024 bytes)
Jan  1 03:00:13 indigo-tracker user.info kernel: Dentry cache hash table entries: 8192 (order: 3, 32768 bytes)
Jan  1 03:00:13 indigo-tracker user.info kernel: Inode-cache hash table entries: 4096 (order: 2, 16384 bytes)
Jan  1 03:00:13 indigo-tracker user.info kernel: Memory: 64MB = 64MB total
Jan  1 03:00:13 indigo-tracker user.notice kernel: Memory: 61356k/61356k available, 4180k reserved, 0K highmem
Jan  1 03:00:13 indigo-tracker user.notice kernel: Virtual kernel memory layout:
Jan  1 03:00:13 indigo-tracker user.notice kernel:     vector  : 0xffff0000 - 0xffff1000   (   4 kB)
Jan  1 03:00:13 indigo-tracker user.notice kernel:     fixmap  : 0xfff00000 - 0xfffe0000   ( 896 kB)
Jan  1 03:00:13 indigo-tracker user.notice kernel:     vmalloc : 0xc4800000 - 0xfee00000   ( 934 MB)
Jan  1 03:00:13 indigo-tracker user.notice kernel:     lowmem  : 0xc0000000 - 0xc4000000   (  64 MB)
Jan  1 03:00:13 indigo-tracker user.notice kernel:     modules : 0xbf000000 - 0xc0000000   (  16 MB)
Jan  1 03:00:13 indigo-tracker user.notice kernel:       .text : 0xc0008000 - 0xc0324000   (3184 kB)
Jan  1 03:00:13 indigo-tracker user.notice kernel:       .init : 0xc0324000 - 0xc0341000   ( 116 kB)
Jan  1 03:00:13 indigo-tracker user.notice kernel:       .data : 0xc0342000 - 0xc036dfa0   ( 176 kB)
Jan  1 03:00:13 indigo-tracker user.notice kernel:        .bss : 0xc036dfc4 - 0xc037d1c8   (  61 kB)
Jan  1 03:00:13 indigo-tracker user.info kernel: NR_IRQS:192
Jan  1 03:00:13 indigo-tracker user.info kernel: AT91: 96 gpio irqs in 3 banks
Jan  1 03:00:13 indigo-tracker user.info kernel: Console: colour dummy device 80x30
Jan  1 03:00:13 indigo-tracker user.info kernel: Calibrating delay loop... 74.54 BogoMIPS (lpj=372736)
Jan  1 03:00:13 indigo-tracker user.info kernel: pid_max: default: 32768 minimum: 301
Jan  1 03:00:13 indigo-tracker user.info kernel: Mount-cache hash table entries: 512
Jan  1 03:00:13 indigo-tracker user.info kernel: CPU: Testing write buffer coherency: ok
Jan  1 03:00:13 indigo-tracker user.info kernel: NET: Registered protocol family 16
Jan  1 03:00:13 indigo-tracker user.err kernel: adding device EB-500 GPS
Jan  1 03:00:13 indigo-tracker user.err kernel: indigo gpioperiph: gps peripheral EB-500 GPS added
Jan  1 03:00:13 indigo-tracker user.err kernel: adding device Sim900D GSM
Jan  1 03:00:13 indigo-tracker user.err kernel: creating command 4
Jan  1 03:00:13 indigo-tracker user.err kernel: indigo gpioperiph: gsm peripheral Sim900D GSM added
Jan  1 03:00:13 indigo-tracker user.err kernel: adding device LM-something
Jan  1 03:00:13 indigo-tracker user.err kernel: indigo gpioperiph: power peripheral LM-something added
Jan  1 03:00:13 indigo-tracker user.info kernel: bio: create slab <bio-0> at 0
Jan  1 03:00:13 indigo-tracker user.notice kernel: SCSI subsystem initialized
Jan  1 03:00:13 indigo-tracker user.info kernel: usbcore: registered new interface driver usbfs
Jan  1 03:00:13 indigo-tracker user.info kernel: usbcore: registered new interface driver hub
Jan  1 03:00:13 indigo-tracker user.info kernel: usbcore: registered new device driver usb
Jan  1 03:00:13 indigo-tracker user.info kernel: Advanced Linux Sound Architecture Driver Version 1.0.24.
Jan  1 03:00:13 indigo-tracker user.info kernel: Switching to clocksource pit
Jan  1 03:00:13 indigo-tracker user.info kernel: NET: Registered protocol family 2
Jan  1 03:00:13 indigo-tracker user.info kernel: IP route cache hash table entries: 1024 (order: 0, 4096 bytes)
Jan  1 03:00:13 indigo-tracker user.info kernel: TCP established hash table entries: 2048 (order: 2, 16384 bytes)
Jan  1 03:00:13 indigo-tracker user.info kernel: TCP bind hash table entries: 2048 (order: 1, 8192 bytes)
Jan  1 03:00:13 indigo-tracker user.info kernel: TCP: Hash tables configured (established 2048 bind 2048)
Jan  1 03:00:13 indigo-tracker user.info kernel: TCP reno registered
Jan  1 03:00:13 indigo-tracker user.info kernel: UDP hash table entries: 256 (order: 0, 4096 bytes)
Jan  1 03:00:13 indigo-tracker user.info kernel: UDP-Lite hash table entries: 256 (order: 0, 4096 bytes)
Jan  1 03:00:13 indigo-tracker user.info kernel: NET: Registered protocol family 1
Jan  1 03:00:13 indigo-tracker user.debug kernel: yaffs: yaffs built Jan 23 2012 18:16:47 Installing.
Jan  1 03:00:13 indigo-tracker user.info kernel: msgmni has been set to 119
Jan  1 03:00:13 indigo-tracker user.info kernel: io scheduler noop registered (default)
Jan  1 03:00:13 indigo-tracker user.info kernel: io scheduler deadline registered
Jan  1 03:00:13 indigo-tracker user.info kernel: atmel_usart.0: ttyS0 at MMIO 0xfffff200 (irq = 1) is a ATMEL_SERIAL
Jan  1 03:00:13 indigo-tracker user.info kernel: console [ttyS0] enabled
Jan  1 03:00:13 indigo-tracker user.info kernel: atmel_usart.1: ttyS1 at MMIO 0xfffb0000 (irq = 6) is a ATMEL_SERIAL
Jan  1 03:00:13 indigo-tracker user.info kernel: atmel_usart.2: ttyS2 at MMIO 0xfffb4000 (irq = 7) is a ATMEL_SERIAL
Jan  1 03:00:13 indigo-tracker user.info kernel: brd: module loaded
Jan  1 03:00:13 indigo-tracker user.info kernel: loop: module loaded
Jan  1 03:00:13 indigo-tracker user.info kernel: atmel_nand atmel_nand: No DMA support for NAND access.
Jan  1 03:00:13 indigo-tracker user.info kernel: NAND device: Manufacturer ID: 0xec, Chip ID: 0xda (Samsung NAND 256MiB 3,3V 8-bit)
Jan  1 03:00:13 indigo-tracker user.info kernel: Scanning device for bad blocks
Jan  1 03:00:13 indigo-tracker user.warn kernel: Bad eraseblock 348 at 0x000002b80000
Jan  1 03:00:13 indigo-tracker user.warn kernel: Bad eraseblock 374 at 0x000002ec0000
Jan  1 03:00:13 indigo-tracker user.warn kernel: Bad eraseblock 375 at 0x000002ee0000
Jan  1 03:00:13 indigo-tracker user.warn kernel: Bad eraseblock 578 at 0x000004840000
Jan  1 03:00:13 indigo-tracker user.warn kernel: Bad eraseblock 664 at 0x000005300000
Jan  1 03:00:13 indigo-tracker user.warn kernel: Bad eraseblock 1060 at 0x000008480000
Jan  1 03:00:13 indigo-tracker user.warn kernel: Bad eraseblock 1120 at 0x000008c00000
Jan  1 03:00:13 indigo-tracker user.warn kernel: Bad eraseblock 1399 at 0x00000aee0000
Jan  1 03:00:13 indigo-tracker user.warn kernel: Bad eraseblock 1602 at 0x00000c840000
Jan  1 03:00:13 indigo-tracker user.warn kernel: Bad eraseblock 1688 at 0x00000d300000
Jan  1 03:00:13 indigo-tracker user.warn kernel: Bad eraseblock 1696 at 0x00000d400000
Jan  1 03:00:13 indigo-tracker user.warn kernel: Bad eraseblock 1697 at 0x00000d420000
Jan  1 03:00:13 indigo-tracker user.notice kernel: Creating 2 MTD partitions on "atmel_nand":
Jan  1 03:00:13 indigo-tracker user.notice kernel: 0x000000000000-0x000000800000 : "Images"
Jan  1 03:00:13 indigo-tracker user.notice kernel: 0x000000800000-0x000010000000 : "Storage Partition"
Jan  1 03:00:13 indigo-tracker user.info kernel: tun: Universal TUN/TAP device driver, 1.6
Jan  1 03:00:13 indigo-tracker user.info kernel: tun: (C) 1999-2004 Max Krasnyansky <maxk@qualcomm.com>
Jan  1 03:00:13 indigo-tracker user.info kernel: PPP generic driver version 2.4.2
Jan  1 03:00:13 indigo-tracker user.info kernel: PPP BSD Compression module registered
Jan  1 03:00:13 indigo-tracker user.info kernel: PPP Deflate Compression module registered
Jan  1 03:00:13 indigo-tracker user.info kernel: PPP MPPE Compression module registered
Jan  1 03:00:13 indigo-tracker user.info kernel: NET: Registered protocol family 24
Jan  1 03:00:13 indigo-tracker user.info kernel: ohci_hcd: USB 1.1 'Open' Host Controller (OHCI) Driver
Jan  1 03:00:13 indigo-tracker user.info kernel: at91_ohci at91_ohci: AT91 OHCI
Jan  1 03:00:13 indigo-tracker user.info kernel: at91_ohci at91_ohci: new USB bus registered, assigned bus number 1
Jan  1 03:00:13 indigo-tracker user.info kernel: at91_ohci at91_ohci: irq 20, io mem 0x00500000
Jan  1 03:00:13 indigo-tracker user.info kernel: usb usb1: New USB device found, idVendor=1d6b, idProduct=0001
Jan  1 03:00:13 indigo-tracker user.info kernel: usb usb1: New USB device strings: Mfr=3, Product=2, SerialNumber=1
Jan  1 03:00:13 indigo-tracker user.info kernel: usb usb1: Product: AT91 OHCI
Jan  1 03:00:13 indigo-tracker cron.notice atd[590]: Removing stale lockfile for pid 590
Jan  1 03:00:13 indigo-tracker user.info kernel: usb usb1: Manufacturer: Linux 3.2.0+ ohci_hcd
Jan  1 03:00:13 indigo-tracker user.info kernel: usb usb1: SerialNumber: at91
Jan  1 03:00:13 indigo-tracker user.info kernel: hub 1-0:1.0: USB hub found
Jan  1 03:00:13 indigo-tracker user.info kernel: hub 1-0:1.0: 2 ports detected
Jan  1 03:00:13 indigo-tracker user.info kernel: Initializing USB Mass Storage driver...
Jan  1 03:00:13 indigo-tracker user.info kernel: usbcore: registered new interface driver usb-storage
Jan  1 03:00:13 indigo-tracker user.info kernel: USB Mass Storage support registered.
Jan  1 03:00:13 indigo-tracker user.info kernel: rtc-at91sam9 at91_rtt.0: rtc core: registered at91_rtt as rtc0
Jan  1 03:00:13 indigo-tracker user.warn kernel: rtc-at91sam9 at91_rtt.0: rtc0: SET TIME!
Jan  1 03:00:13 indigo-tracker user.info kernel: Linux video capture interface: v2.00
Jan  1 03:00:13 indigo-tracker user.info kernel: usbcore: registered new interface driver uvcvideo
Jan  1 03:00:13 indigo-tracker user.info kernel: USB Video Class driver (1.1.1)
Jan  1 03:00:13 indigo-tracker user.info kernel: AT91SAM9 Watchdog enabled (heartbeat=15 sec, nowayout=0)
Jan  1 03:00:13 indigo-tracker user.info kernel: usbcore: registered new interface driver snd-usb-audio
Jan  1 03:00:13 indigo-tracker user.info kernel: ALSA device list:
Jan  1 03:00:13 indigo-tracker user.info kernel:   No soundcards found.
Jan  1 03:00:13 indigo-tracker user.info kernel: TCP cubic registered
Jan  1 03:00:13 indigo-tracker user.info kernel: NET: Registered protocol family 17
Jan  1 03:00:13 indigo-tracker user.err kernel: rtc-at91sam9 at91_rtt.0: hctosys: unable to read the hardware clock
Jan  1 03:00:13 indigo-tracker user.info kernel: atmel_mci atmel_mci: version: 0x210
Jan  1 03:00:13 indigo-tracker user.info kernel: atmel_mci atmel_mci: using PDC
Jan  1 03:00:13 indigo-tracker user.info kernel: atmel_mci atmel_mci: Atmel MCI controller at 0xfffa8000 irq 9, 1 slots
Jan  1 03:00:13 indigo-tracker user.info kernel: yaffs: dev is 32505857 name is "mtdblock1" rw
Jan  1 03:00:13 indigo-tracker user.info kernel: yaffs: passed flags ""
Jan  1 03:00:13 indigo-tracker user.debug kernel: yaffs: yaffs: Attempting MTD mount of 31.1,"mtdblock1"
Jan  1 03:00:13 indigo-tracker user.debug kernel: yaffs: auto selecting yaffs2
Jan  1 03:00:13 indigo-tracker user.debug kernel: yaffs: block 285 is bad
Jan  1 03:00:13 indigo-tracker user.debug kernel: yaffs: block 311 is bad
Jan  1 03:00:13 indigo-tracker user.debug kernel: yaffs: block 312 is bad
Jan  1 03:00:13 indigo-tracker user.debug kernel: yaffs: block 515 is bad
Jan  1 03:00:13 indigo-tracker user.debug kernel: yaffs: block 601 is bad
Jan  1 03:00:13 indigo-tracker user.debug kernel: yaffs: block 997 is bad
Jan  1 03:00:13 indigo-tracker user.debug kernel: yaffs: block 1057 is bad
Jan  1 03:00:13 indigo-tracker user.debug kernel: yaffs: block 1336 is bad
Jan  1 03:00:13 indigo-tracker user.debug kernel: yaffs: block 1539 is bad
Jan  1 03:00:13 indigo-tracker user.debug kernel: yaffs: block 1625 is bad
Jan  1 03:00:13 indigo-tracker user.debug kernel: yaffs: block 1633 is bad
Jan  1 03:00:13 indigo-tracker user.debug kernel: yaffs: block 1634 is bad
Jan  1 03:00:13 indigo-tracker user.info kernel: usb 1-1: new full-speed USB device number 2 using at91_ohci
Jan  1 03:00:13 indigo-tracker user.warn kernel: mmc0: host does not support reading read-only switch. assuming write-enable.
Jan  1 03:00:13 indigo-tracker user.info kernel: mmc0: new SDHC card at address b368
Jan  1 03:00:13 indigo-tracker user.info kernel: mmcblk0: mmc0:b368 SDC   15.0 GiB 
Jan  1 03:00:13 indigo-tracker user.info kernel:  mmcblk0: p1
Jan  1 03:00:13 indigo-tracker user.err kernel: usb 1-1: device descriptor read/64, error -84
Jan  1 03:00:13 indigo-tracker user.err kernel: usb 1-1: device descriptor read/64, error -62
Jan  1 03:00:13 indigo-tracker user.info kernel: usb 1-1: new full-speed USB device number 3 using at91_ohci
Jan  1 03:00:13 indigo-tracker user.err kernel: usb 1-1: device descriptor read/64, error -62
Jan  1 03:00:13 indigo-tracker user.err kernel: usb 1-1: device descriptor read/64, error -62
Jan  1 03:00:13 indigo-tracker user.debug kernel: yaffs: yaffs_read_super: is_checkpointed 0
Jan  1 03:00:13 indigo-tracker user.info kernel: VFS: Mounted root (yaffs filesystem) on device 31:1.
Jan  1 03:00:13 indigo-tracker user.info kernel: Freeing init memory: 116K
Jan  1 03:00:13 indigo-tracker user.info kernel: usb 1-1: new full-speed USB device number 4 using at91_ohci
Jan  1 03:00:13 indigo-tracker user.err kernel: usb 1-1: device descriptor read/8, error -71
Jan  1 03:00:13 indigo-tracker user.err kernel: usb 1-1: device descriptor read/8, error -71
Jan  1 03:00:13 indigo-tracker user.info kernel: usb 1-1: new full-speed USB device number 5 using at91_ohci
Jan  1 03:00:13 indigo-tracker user.err kernel: usb 1-1: device descriptor read/8, error -62
Jan  1 03:00:13 indigo-tracker user.err kernel: usb 1-1: device descriptor read/8, error -62
Jan  1 03:00:13 indigo-tracker user.err kernel: hub 1-0:1.0: unable to enumerate USB device on port 1
Jan  1 03:00:13 indigo-tracker user.warn kernel: Disabling lock debugging due to kernel taint
Jan  1 03:00:13 indigo-tracker user.alert kernel: system revision is 2
Jan  1 03:00:13 indigo-tracker user.alert kernel: piopins: with filter
Jan  1 03:00:13 indigo-tracker user.warn kernel: piopins: system time doesn't seem to be true, will not flush anything
Jan  1 03:00:13 indigo-tracker user.err kernel: creating command 4
Jan  1 03:00:54 indigo-tracker local2.info chat[451]: alarm
Jan  1 03:00:54 indigo-tracker local2.info chat[451]: Failed
Jan  1 03:00:54 indigo-tracker daemon.debug pppd[447]: Script chat -v -f /etc/ppp/chatscripts/megafon-connect finished (pid 449), status = 0x3
Jan  1 03:00:54 indigo-tracker daemon.err pppd[447]: Connect script failed
Jan  1 03:00:55 indigo-tracker local2.info chat[606]: abort on (BUSY)
Jan  1 03:00:55 indigo-tracker local2.info chat[606]: abort on (ERROR)
Jan  1 03:00:55 indigo-tracker local2.info chat[606]: abort on (UNDER-VOLTAGE WARNNING)
Jan  1 03:00:55 indigo-tracker local2.info chat[606]: send (ATZ^M)
Jan  1 03:00:55 indigo-tracker local2.info chat[606]: timeout set to 12 seconds
Jan  1 03:00:55 indigo-tracker local2.info chat[606]: expect (OK)
Jan  1 03:00:55 indigo-tracker local2.info chat[606]: ATZ^M^M
Jan  1 03:00:55 indigo-tracker local2.info chat[606]: OK
Jan  1 03:00:55 indigo-tracker local2.info chat[606]:  -- got it
Jan  1 03:00:55 indigo-tracker local2.info chat[606]: send (AT+CGDCONT=1,"IP","internet"^M)
Jan  1 03:00:56 indigo-tracker local2.info chat[606]: timeout set to 45 seconds
Jan  1 03:00:56 indigo-tracker local2.info chat[606]: expect (OK)
Jan  1 03:00:56 indigo-tracker local2.info chat[606]: ^M
Jan  1 03:00:56 indigo-tracker local2.info chat[606]: AT+CGDCONT=1,"IP","internet"^M^M
Jan  1 03:00:56 indigo-tracker local2.info chat[606]: OK
Jan  1 03:00:56 indigo-tracker local2.info chat[606]:  -- got it
Jan  1 03:00:56 indigo-tracker local2.info chat[606]: send (ATD*99#^M)
Jan  1 03:00:56 indigo-tracker local2.info chat[606]: expect (CONNECT)
Jan  1 03:00:56 indigo-tracker local2.info chat[606]: ^M
Jan  1 03:00:56 indigo-tracker local2.info chat[606]: ATD*99#^M^M
Jan  1 03:00:56 indigo-tracker local2.info chat[606]: CONNECT
Jan  1 03:00:56 indigo-tracker local2.info chat[606]:  -- got it
Jan  1 03:00:56 indigo-tracker local2.info chat[606]: send (^M)
Jan  1 03:00:56 indigo-tracker daemon.debug pppd[447]: Script chat -v -f /etc/ppp/chatscripts/megafon-connect finished (pid 605), status = 0x0
Jan  1 03:00:56 indigo-tracker daemon.info pppd[447]: Serial connection established.
Jan  1 03:00:56 indigo-tracker daemon.debug pppd[447]: using channel 1
Jan  1 03:00:56 indigo-tracker daemon.info pppd[447]: Using interface ppp0
Jan  1 03:00:56 indigo-tracker daemon.notice pppd[447]: Connect: ppp0 <--> /dev/ttyS1
Jan  1 03:00:57 indigo-tracker daemon.warn pppd[447]: Warning - secret file /etc/ppp/pap-secrets has world and/or group access
Jan  1 03:00:57 indigo-tracker daemon.debug pppd[447]: sent [LCP ConfReq id=0x1 <asyncmap 0x0> <magic 0xec58be3a>]
Jan  1 03:00:57 indigo-tracker daemon.debug pppd[447]: rcvd [LCP ConfReq id=0x1 <asyncmap 0xa0000> <auth pap>]
Jan  1 03:00:57 indigo-tracker daemon.debug pppd[447]: No auth is possible
Jan  1 03:00:57 indigo-tracker daemon.debug pppd[447]: sent [LCP ConfRej id=0x1 <auth pap>]
Jan  1 03:00:57 indigo-tracker daemon.debug pppd[447]: rcvd [LCP ConfRej id=0x1 <magic 0xec58be3a>]
Jan  1 03:00:57 indigo-tracker daemon.debug pppd[447]: sent [LCP ConfReq id=0x2 <asyncmap 0x0>]
Jan  1 03:00:57 indigo-tracker daemon.debug pppd[447]: rcvd [LCP ConfReq id=0x2 <asyncmap 0xa0000> <auth chap MD5>]
Jan  1 03:00:57 indigo-tracker daemon.debug pppd[447]: No auth is possible
Jan  1 03:00:57 indigo-tracker daemon.debug pppd[447]: sent [LCP ConfRej id=0x2 <auth chap MD5>]
Jan  1 03:00:57 indigo-tracker daemon.debug pppd[447]: rcvd [LCP ConfAck id=0x2 <asyncmap 0x0>]
Jan  1 03:00:57 indigo-tracker daemon.debug pppd[447]: rcvd [LCP ConfReq id=0x3 <asyncmap 0xa0000>]
Jan  1 03:00:57 indigo-tracker daemon.debug pppd[447]: sent [LCP ConfAck id=0x3 <asyncmap 0xa0000>]
Jan  1 03:00:57 indigo-tracker daemon.debug pppd[447]: sent [IPCP ConfReq id=0x1 <addr 0.0.0.0>]
Jan  1 03:01:00 indigo-tracker daemon.debug pppd[447]: sent [IPCP ConfReq id=0x1 <addr 0.0.0.0>]
Jan  1 03:01:01 indigo-tracker cron.info crond[428]: crond: USER root pid 608 cmd /etc/cron/check_updates.sh
Jan  1 03:01:03 indigo-tracker daemon.debug pppd[447]: sent [IPCP ConfReq id=0x1 <addr 0.0.0.0>]
Jan  1 03:01:03 indigo-tracker daemon.debug pppd[447]: rcvd [IPCP ConfReq id=0x1 <addr 192.200.1.21>]
Jan  1 03:01:03 indigo-tracker daemon.debug pppd[447]: sent [IPCP ConfAck id=0x1 <addr 192.200.1.21>]
Jan  1 03:01:03 indigo-tracker daemon.debug pppd[447]: rcvd [IPCP ConfNak id=0x1 <addr 10.242.176.8>]
Jan  1 03:01:03 indigo-tracker daemon.debug pppd[447]: sent [IPCP ConfReq id=0x2 <addr 10.242.176.8>]
Jan  1 03:01:03 indigo-tracker daemon.debug pppd[447]: rcvd [IPCP ConfAck id=0x2 <addr 10.242.176.8>]
Jan  1 03:01:03 indigo-tracker daemon.notice pppd[447]: local  IP address 10.242.176.8
Jan  1 03:01:03 indigo-tracker daemon.notice pppd[447]: remote IP address 192.200.1.21
Jan  1 03:01:03 indigo-tracker daemon.debug pppd[447]: Script /etc/ppp/ip-up started (pid 610)
Jan  1 03:01:04 indigo-tracker user.notice root: Trying to get system time over ntp
Jan  1 03:01:04 indigo-tracker daemon.notice ntpdate[614]: ntpdate 4.2.6p3@1.2290 Sun Feb 20 22:12:26 UTC 2011 (1)
Mar 13 06:34:41 indigo-tracker daemon.notice ntpdate[614]: step time server 85.21.78.23 offset 1331606007.053247 sec
Mar 13 06:34:42 indigo-tracker user.notice root: Playing ntp started
Mar 13 06:34:42 indigo-tracker user.notice root: sender started
Mar 13 06:34:42 indigo-tracker user.notice root: gpsreader started
Mar 13 06:34:43 indigo-tracker user.notice root: people started
Mar 13 06:34:45 indigo-tracker user.debug sqlite: gps connected ok
Mar 13 06:34:45 indigo-tracker user.debug sender: using uuid 108e154c-6069-4489-aa77-61e929938088
Mar 13 06:34:46 indigo-tracker user.debug sender: nothing to send, continuing
Mar 13 06:34:46 indigo-tracker daemon.notice openvpn[633]: OpenVPN 2.1.4 arm-linux [SSL] [LZO2] [EPOLL] built on Feb 21 2011
Mar 13 06:34:46 indigo-tracker daemon.warn openvpn[633]: NOTE: the current --script-security setting may allow this configuration to call user-defined scripts
Mar 13 06:34:47 indigo-tracker daemon.notice openvpn[633]: LZO compression initialized
Mar 13 06:34:47 indigo-tracker daemon.notice openvpn[633]: Control Channel MTU parms [ L:1544 D:140 EF:40 EB:0 ET:0 EL:0 ]
Mar 13 06:34:47 indigo-tracker daemon.notice openvpn[633]: Socket Buffers: R=[87380->131072] S=[16384->131072]
Mar 13 06:34:47 indigo-tracker user.debug sqlite: gpsdb started ok
Mar 13 06:34:47 indigo-tracker user.debug sqlite: gps created
Mar 13 06:34:48 indigo-tracker daemon.notice openvpn[633]: Data Channel MTU parms [ L:1544 D:1450 EF:44 EB:135 ET:0 EL:0 AF:3/1 ]
Mar 13 06:34:48 indigo-tracker daemon.notice openvpn[645]: Attempting to establish TCP connection with 72.249.145.165:1195 [nonblock]
Mar 13 06:34:49 indigo-tracker daemon.notice openvpn[645]: TCP connection established with 72.249.145.165:1195
Mar 13 06:34:49 indigo-tracker daemon.notice openvpn[645]: TCPv4_CLIENT link local: [undef]
Mar 13 06:34:49 indigo-tracker daemon.notice openvpn[645]: TCPv4_CLIENT link remote: 72.249.145.165:1195
Mar 13 06:34:49 indigo-tracker daemon.notice openvpn[645]: TLS: Initial packet from 72.249.145.165:1195, sid=229437ff 19ae85ec
Mar 13 06:34:50 indigo-tracker user.debug sqlite: got carrier
Mar 13 06:34:51 indigo-tracker user.notice root: mjpeg-streamer started
Mar 13 06:34:52 indigo-tracker user.info MJPG-streamer [654]: starting application
Mar 13 06:34:52 indigo-tracker user.info MJPG-streamer [654]: MJPG Streamer Version: svn rev: exported
Mar 13 06:34:52 indigo-tracker user.notice root: Current time is valid
Mar 13 06:34:52 indigo-tracker user.info MJPG-streamer [654]: Using V4L2 device.: /dev/video0
Mar 13 06:34:52 indigo-tracker user.info MJPG-streamer [654]: Desired Resolution: 640 x 480
Mar 13 06:34:52 indigo-tracker user.info MJPG-streamer [654]: Frames Per Second.: 10
Mar 13 06:34:52 indigo-tracker user.info MJPG-streamer [654]: Format............: MJPEG
Mar 13 06:34:52 indigo-tracker user.info MJPG-streamer [654]: init_VideoIn failed
Mar 13 06:34:53 indigo-tracker user.debug sender: send success
Mar 13 06:34:53 indigo-tracker daemon.debug pppd[447]: Script /etc/ppp/ip-up finished (pid 610), status = 0x0
Mar 13 06:34:56 indigo-tracker user.debug sender: nothing to send, continuing
Mar 13 06:34:58 indigo-tracker user.debug sqlite: movement stop
Mar 13 06:34:58 indigo-tracker user.debug sqlite: saving initial point
Mar 13 06:35:00 indigo-tracker user.debug sender: send success
Mar 13 06:35:01 indigo-tracker daemon.notice openvpn[645]: VERIFY OK: depth=1, /C=RU/ST=Rostov/L=Taganrog/O=Indigo_Systems__Ltd/OU=Devices/CN=devices-vpn/name=devices-vpn/emailAddress=yury@indigosystem.ru
Mar 13 06:35:01 indigo-tracker daemon.notice openvpn[645]: VERIFY OK: nsCertType=SERVER
Mar 13 06:35:01 indigo-tracker daemon.notice openvpn[645]: VERIFY OK: depth=0, /C=RU/ST=Rostov/L=Taganrog/O=Indigo_Systems__Ltd/OU=Devices/CN=devices-vpn-server/name=devices-vpn-server/emailAddress=yury@indigosystem.ru
Mar 13 06:35:01 indigo-tracker user.debug sender: nothing to send, continuing
Mar 13 06:35:21 indigo-tracker daemon.notice openvpn[645]: Data Channel Encrypt: Cipher 'BF-CBC' initialized with 128 bit key
Mar 13 06:35:21 indigo-tracker daemon.notice openvpn[645]: Data Channel Encrypt: Using 160 bit message hash 'SHA1' for HMAC authentication
Mar 13 06:35:21 indigo-tracker daemon.notice openvpn[645]: Data Channel Decrypt: Cipher 'BF-CBC' initialized with 128 bit key
Mar 13 06:35:21 indigo-tracker daemon.notice openvpn[645]: Data Channel Decrypt: Using 160 bit message hash 'SHA1' for HMAC authentication
Mar 13 06:35:21 indigo-tracker daemon.notice openvpn[645]: Control Channel: TLSv1, cipher TLSv1/SSLv3 DHE-RSA-AES256-SHA, 1024 bit RSA
Mar 13 06:35:21 indigo-tracker daemon.notice openvpn[645]: [devices-vpn-server] Peer Connection Initiated with 72.249.145.165:1195
Mar 13 06:35:23 indigo-tracker daemon.notice openvpn[645]: SENT CONTROL [devices-vpn-server]: 'PUSH_REQUEST' (status=1)
Mar 13 06:35:24 indigo-tracker daemon.notice openvpn[645]: PUSH: Received control message: 'PUSH_REPLY,route-gateway 10.1.0.1,topology subnet,ping 120,ping-restart 1200,ifconfig 10.1.0.4 255.255.255.0'
Mar 13 06:35:24 indigo-tracker daemon.notice openvpn[645]: OPTIONS IMPORT: timers and/or timeouts modified
Mar 13 06:35:24 indigo-tracker daemon.notice openvpn[645]: OPTIONS IMPORT: --ifconfig/up options modified
Mar 13 06:35:24 indigo-tracker daemon.notice openvpn[645]: OPTIONS IMPORT: route-related options modified
Mar 13 06:35:25 indigo-tracker daemon.notice openvpn[645]: TUN/TAP device tun0 opened
Mar 13 06:35:25 indigo-tracker daemon.notice openvpn[645]: TUN/TAP TX queue length set to 100
Mar 13 06:35:25 indigo-tracker daemon.notice openvpn[645]: /sbin/ifconfig tun0 10.1.0.4 netmask 255.255.255.0 mtu 1500 broadcast 10.1.0.255
Mar 13 06:35:25 indigo-tracker daemon.notice openvpn[645]: /etc/openvpn/vpn-up tun0 1500 1544 10.1.0.4 255.255.255.0 init
Mar 13 06:35:25 indigo-tracker daemon.notice openvpn[645]: Initialization Sequence Completed
Mar 13 06:35:28 indigo-tracker cron.err crond[428]: time disparity of 22193434 minutes detected
Mar 13 06:35:58 indigo-tracker user.debug sqlite: sending keepalive
Mar 13 06:36:01 indigo-tracker cron.info crond[428]: crond: USER root pid 689 cmd /etc/cron/check_updates.sh
Mar 13 06:36:01 indigo-tracker user.debug sender: send success
Mar 13 06:36:02 indigo-tracker user.debug sender: nothing to send, continuing
Mar 13 06:36:14 indigo-tracker user.debug sysdaemon-dbus: flash insert
Mar 13 06:36:17 indigo-tracker user.debug sender: send success
Mar 13 06:36:18 indigo-tracker user.debug sender: nothing to send, continuing
Mar 13 06:37:01 indigo-tracker cron.info crond[428]: crond: USER root pid 720 cmd /etc/cron/check_updates.sh
Mar 13 06:37:59 indigo-tracker user.debug sqlite: sending keepalive
Mar 13 06:38:01 indigo-tracker cron.info crond[428]: crond: USER root pid 738 cmd /etc/cron/check_updates.sh
Mar 13 06:38:01 indigo-tracker user.debug sender: send success
Mar 13 06:38:02 indigo-tracker user.debug sender: nothing to send, continuing
Mar 13 06:39:01 indigo-tracker cron.info crond[428]: crond: USER root pid 752 cmd /etc/cron/check_updates.sh
Jan  1 03:00:13 indigo-tracker syslog.info syslogd started: BusyBox v1.18.3
Jan  1 03:00:13 indigo-tracker user.notice kernel: klogd started: BusyBox v1.18.3 (2011-03-29 18:29:13 MSD)
Jan  1 03:00:13 indigo-tracker user.notice kernel: Linux version 3.2.0+ (yury@debian-dev-vm) (gcc version 4.4.5 (indigo-ct-ng) ) #177 Fri Feb 17 14:07:48 MSK 2012
Jan  1 03:00:13 indigo-tracker user.warn kernel: CPU: ARM926EJ-S [41069265] revision 5 (ARMv5TEJ), cr=00053177
Jan  1 03:00:13 indigo-tracker user.warn kernel: CPU: VIVT data cache, VIVT instruction cache
Jan  1 03:00:13 indigo-tracker user.warn kernel: Machine: Indigo Tracker
Jan  1 03:00:13 indigo-tracker user.warn kernel: Memory policy: ECC disabled, Data cache writeback
Jan  1 03:00:13 indigo-tracker user.info kernel: AT91: Detected soc type: at91sam9260
Jan  1 03:00:13 indigo-tracker user.info kernel: AT91: Detected soc subtype: Unknown
Jan  1 03:00:13 indigo-tracker user.info kernel: AT91: sram at 0x200000 of 0x1000 mapped at 0xfef77000
Jan  1 03:00:13 indigo-tracker user.info kernel: AT91: sram at 0x300000 of 0x1000 mapped at 0xfef76000
Jan  1 03:00:13 indigo-tracker user.debug kernel: On node 0 totalpages: 16384
Jan  1 03:00:13 indigo-tracker user.debug kernel: free_area_init_node: node 0, pgdat c036d7d0, node_mem_map c037e000
Jan  1 03:00:13 indigo-tracker user.debug kernel:   Normal zone: 128 pages used for memmap
Jan  1 03:00:13 indigo-tracker user.debug kernel:   Normal zone: 0 pages reserved
Jan  1 03:00:13 indigo-tracker user.debug kernel:   Normal zone: 16256 pages, LIFO batch:3
Jan  1 03:00:13 indigo-tracker user.warn kernel: Clocks: CPU 150 MHz, master 75 MHz, main 12.000 MHz
Jan  1 03:00:13 indigo-tracker user.debug kernel: pcpu-alloc: s0 r0 d32768 u32768 alloc=1*32768
Jan  1 03:00:13 indigo-tracker user.debug kernel: pcpu-alloc: [0] 0 
Jan  1 03:00:13 indigo-tracker user.warn kernel: Built 1 zonelists in Zone order, mobility grouping on.  Total pages: 16256
Jan  1 03:00:13 indigo-tracker user.notice kernel: Kernel command line: console=ttyS0,115200 cachepolicy=writeback root=/dev/mtdblock1
Jan  1 03:00:13 indigo-tracker user.info kernel: PID hash table entries: 256 (order: -2, 1024 bytes)
Jan  1 03:00:13 indigo-tracker user.info kernel: Dentry cache hash table entries: 8192 (order: 3, 32768 bytes)
Jan  1 03:00:13 indigo-tracker user.info kernel: Inode-cache hash table entries: 4096 (order: 2, 16384 bytes)
Jan  1 03:00:13 indigo-tracker user.info kernel: Memory: 64MB = 64MB total
Jan  1 03:00:13 indigo-tracker user.notice kernel: Memory: 61356k/61356k available, 4180k reserved, 0K highmem
Jan  1 03:00:13 indigo-tracker user.notice kernel: Virtual kernel memory layout:
Jan  1 03:00:13 indigo-tracker user.notice kernel:     vector  : 0xffff0000 - 0xffff1000   (   4 kB)
Jan  1 03:00:13 indigo-tracker user.notice kernel:     fixmap  : 0xfff00000 - 0xfffe0000   ( 896 kB)
Jan  1 03:00:13 indigo-tracker user.notice kernel:     vmalloc : 0xc4800000 - 0xfee00000   ( 934 MB)
Jan  1 03:00:13 indigo-tracker user.notice kernel:     lowmem  : 0xc0000000 - 0xc4000000   (  64 MB)
Jan  1 03:00:13 indigo-tracker user.notice kernel:     modules : 0xbf000000 - 0xc0000000   (  16 MB)
Jan  1 03:00:13 indigo-tracker user.notice kernel:       .text : 0xc0008000 - 0xc0324000   (3184 kB)
Jan  1 03:00:13 indigo-tracker user.notice kernel:       .init : 0xc0324000 - 0xc0341000   ( 116 kB)
Jan  1 03:00:13 indigo-tracker user.notice kernel:       .data : 0xc0342000 - 0xc036dfa0   ( 176 kB)
Jan  1 03:00:13 indigo-tracker user.notice kernel:        .bss : 0xc036dfc4 - 0xc037d1c8   (  61 kB)
Jan  1 03:00:13 indigo-tracker user.info kernel: NR_IRQS:192
Jan  1 03:00:13 indigo-tracker user.info kernel: AT91: 96 gpio irqs in 3 banks
Jan  1 03:00:13 indigo-tracker user.info kernel: Console: colour dummy device 80x30
Jan  1 03:00:13 indigo-tracker user.info kernel: Calibrating delay loop... 74.54 BogoMIPS (lpj=372736)
Jan  1 03:00:13 indigo-tracker user.info kernel: pid_max: default: 32768 minimum: 301
Jan  1 03:00:13 indigo-tracker user.info kernel: Mount-cache hash table entries: 512
Jan  1 03:00:13 indigo-tracker user.info kernel: CPU: Testing write buffer coherency: ok
Jan  1 03:00:13 indigo-tracker user.info kernel: NET: Registered protocol family 16
Jan  1 03:00:13 indigo-tracker user.err kernel: adding device EB-500 GPS
Jan  1 03:00:13 indigo-tracker user.err kernel: indigo gpioperiph: gps peripheral EB-500 GPS added
Jan  1 03:00:13 indigo-tracker user.err kernel: adding device Sim900D GSM
Jan  1 03:00:13 indigo-tracker user.err kernel: creating command 4
Jan  1 03:00:13 indigo-tracker user.err kernel: indigo gpioperiph: gsm peripheral Sim900D GSM added
Jan  1 03:00:13 indigo-tracker user.err kernel: adding device LM-something
Jan  1 03:00:13 indigo-tracker user.err kernel: indigo gpioperiph: power peripheral LM-something added
Jan  1 03:00:13 indigo-tracker user.info kernel: bio: create slab <bio-0> at 0
Jan  1 03:00:13 indigo-tracker user.notice kernel: SCSI subsystem initialized
Jan  1 03:00:13 indigo-tracker user.info kernel: usbcore: registered new interface driver usbfs
Jan  1 03:00:13 indigo-tracker user.info kernel: usbcore: registered new interface driver hub
Jan  1 03:00:13 indigo-tracker user.info kernel: usbcore: registered new device driver usb
Jan  1 03:00:13 indigo-tracker user.info kernel: Advanced Linux Sound Architecture Driver Version 1.0.24.
Jan  1 03:00:13 indigo-tracker user.info kernel: Switching to clocksource pit
Jan  1 03:00:13 indigo-tracker user.info kernel: NET: Registered protocol family 2
Jan  1 03:00:13 indigo-tracker user.info kernel: IP route cache hash table entries: 1024 (order: 0, 4096 bytes)
Jan  1 03:00:13 indigo-tracker user.info kernel: TCP established hash table entries: 2048 (order: 2, 16384 bytes)
Jan  1 03:00:13 indigo-tracker user.info kernel: TCP bind hash table entries: 2048 (order: 1, 8192 bytes)
Jan  1 03:00:13 indigo-tracker user.info kernel: TCP: Hash tables configured (established 2048 bind 2048)
Jan  1 03:00:13 indigo-tracker user.info kernel: TCP reno registered
Jan  1 03:00:13 indigo-tracker user.info kernel: UDP hash table entries: 256 (order: 0, 4096 bytes)
Jan  1 03:00:13 indigo-tracker user.info kernel: UDP-Lite hash table entries: 256 (order: 0, 4096 bytes)
Jan  1 03:00:13 indigo-tracker user.info kernel: NET: Registered protocol family 1
Jan  1 03:00:13 indigo-tracker user.debug kernel: yaffs: yaffs built Jan 23 2012 18:16:47 Installing.
Jan  1 03:00:13 indigo-tracker user.info kernel: msgmni has been set to 119
Jan  1 03:00:13 indigo-tracker user.info kernel: io scheduler noop registered (default)
Jan  1 03:00:13 indigo-tracker user.info kernel: io scheduler deadline registered
Jan  1 03:00:13 indigo-tracker user.info kernel: atmel_usart.0: ttyS0 at MMIO 0xfffff200 (irq = 1) is a ATMEL_SERIAL
Jan  1 03:00:13 indigo-tracker user.info kernel: console [ttyS0] enabled
Jan  1 03:00:13 indigo-tracker user.info kernel: atmel_usart.1: ttyS1 at MMIO 0xfffb0000 (irq = 6) is a ATMEL_SERIAL
Jan  1 03:00:13 indigo-tracker user.info kernel: atmel_usart.2: ttyS2 at MMIO 0xfffb4000 (irq = 7) is a ATMEL_SERIAL
Jan  1 03:00:13 indigo-tracker user.info kernel: brd: module loaded
Jan  1 03:00:13 indigo-tracker user.info kernel: loop: module loaded
Jan  1 03:00:13 indigo-tracker user.info kernel: atmel_nand atmel_nand: No DMA support for NAND access.
Jan  1 03:00:13 indigo-tracker user.info kernel: NAND device: Manufacturer ID: 0xec, Chip ID: 0xda (Samsung NAND 256MiB 3,3V 8-bit)
Jan  1 03:00:13 indigo-tracker user.info kernel: Scanning device for bad blocks
Jan  1 03:00:13 indigo-tracker user.warn kernel: Bad eraseblock 348 at 0x000002b80000
Jan  1 03:00:13 indigo-tracker user.warn kernel: Bad eraseblock 374 at 0x000002ec0000
Jan  1 03:00:13 indigo-tracker user.warn kernel: Bad eraseblock 375 at 0x000002ee0000
Jan  1 03:00:13 indigo-tracker user.warn kernel: Bad eraseblock 578 at 0x000004840000
Jan  1 03:00:13 indigo-tracker user.warn kernel: Bad eraseblock 664 at 0x000005300000
Jan  1 03:00:13 indigo-tracker user.warn kernel: Bad eraseblock 1060 at 0x000008480000
Jan  1 03:00:13 indigo-tracker user.warn kernel: Bad eraseblock 1120 at 0x000008c00000
Jan  1 03:00:13 indigo-tracker user.warn kernel: Bad eraseblock 1399 at 0x00000aee0000
Jan  1 03:00:13 indigo-tracker user.warn kernel: Bad eraseblock 1602 at 0x00000c840000
Jan  1 03:00:13 indigo-tracker user.warn kernel: Bad eraseblock 1688 at 0x00000d300000
Jan  1 03:00:13 indigo-tracker user.warn kernel: Bad eraseblock 1696 at 0x00000d400000
Jan  1 03:00:13 indigo-tracker user.warn kernel: Bad eraseblock 1697 at 0x00000d420000
Jan  1 03:00:13 indigo-tracker user.notice kernel: Creating 2 MTD partitions on "atmel_nand":
Jan  1 03:00:13 indigo-tracker user.notice kernel: 0x000000000000-0x000000800000 : "Images"
Jan  1 03:00:13 indigo-tracker cron.notice atd[592]: Removing stale lockfile for pid 592
Jan  1 03:00:13 indigo-tracker user.notice kernel: 0x000000800000-0x000010000000 : "Storage Partition"
Jan  1 03:00:13 indigo-tracker user.info kernel: tun: Universal TUN/TAP device driver, 1.6
Jan  1 03:00:13 indigo-tracker user.info kernel: tun: (C) 1999-2004 Max Krasnyansky <maxk@qualcomm.com>
Jan  1 03:00:13 indigo-tracker user.info kernel: PPP generic driver version 2.4.2
Jan  1 03:00:13 indigo-tracker user.info kernel: PPP BSD Compression module registered
Jan  1 03:00:13 indigo-tracker user.info kernel: PPP Deflate Compression module registered
Jan  1 03:00:13 indigo-tracker user.info kernel: PPP MPPE Compression module registered
Jan  1 03:00:13 indigo-tracker user.info kernel: NET: Registered protocol family 24
Jan  1 03:00:13 indigo-tracker user.info kernel: ohci_hcd: USB 1.1 'Open' Host Controller (OHCI) Driver
Jan  1 03:00:13 indigo-tracker user.info kernel: at91_ohci at91_ohci: AT91 OHCI
Jan  1 03:00:13 indigo-tracker user.info kernel: at91_ohci at91_ohci: new USB bus registered, assigned bus number 1
Jan  1 03:00:13 indigo-tracker user.info kernel: at91_ohci at91_ohci: irq 20, io mem 0x00500000
Jan  1 03:00:13 indigo-tracker user.info kernel: usb usb1: New USB device found, idVendor=1d6b, idProduct=0001
Jan  1 03:00:13 indigo-tracker user.info kernel: usb usb1: New USB device strings: Mfr=3, Product=2, SerialNumber=1
Jan  1 03:00:13 indigo-tracker user.info kernel: usb usb1: Product: AT91 OHCI
Jan  1 03:00:13 indigo-tracker user.info kernel: usb usb1: Manufacturer: Linux 3.2.0+ ohci_hcd
Jan  1 03:00:13 indigo-tracker user.info kernel: usb usb1: SerialNumber: at91
Jan  1 03:00:13 indigo-tracker user.info kernel: hub 1-0:1.0: USB hub found
Jan  1 03:00:13 indigo-tracker user.info kernel: hub 1-0:1.0: 2 ports detected
Jan  1 03:00:13 indigo-tracker user.info kernel: Initializing USB Mass Storage driver...
Jan  1 03:00:13 indigo-tracker user.info kernel: usbcore: registered new interface driver usb-storage
Jan  1 03:00:13 indigo-tracker user.info kernel: USB Mass Storage support registered.
Jan  1 03:00:13 indigo-tracker user.info kernel: rtc-at91sam9 at91_rtt.0: rtc core: registered at91_rtt as rtc0
Jan  1 03:00:13 indigo-tracker user.warn kernel: rtc-at91sam9 at91_rtt.0: rtc0: SET TIME!
Jan  1 03:00:13 indigo-tracker user.info kernel: Linux video capture interface: v2.00
Jan  1 03:00:13 indigo-tracker user.info kernel: usbcore: registered new interface driver uvcvideo
Jan  1 03:00:13 indigo-tracker user.info kernel: USB Video Class driver (1.1.1)
Jan  1 03:00:13 indigo-tracker user.info kernel: AT91SAM9 Watchdog enabled (heartbeat=15 sec, nowayout=0)
Jan  1 03:00:13 indigo-tracker user.info kernel: usbcore: registered new interface driver snd-usb-audio
Jan  1 03:00:13 indigo-tracker user.info kernel: ALSA device list:
Jan  1 03:00:13 indigo-tracker user.info kernel:   No soundcards found.
Jan  1 03:00:13 indigo-tracker user.info kernel: TCP cubic registered
Jan  1 03:00:13 indigo-tracker user.info kernel: NET: Registered protocol family 17
Jan  1 03:00:13 indigo-tracker user.err kernel: rtc-at91sam9 at91_rtt.0: hctosys: unable to read the hardware clock
Jan  1 03:00:13 indigo-tracker user.info kernel: atmel_mci atmel_mci: version: 0x210
Jan  1 03:00:13 indigo-tracker user.info kernel: atmel_mci atmel_mci: using PDC
Jan  1 03:00:13 indigo-tracker user.info kernel: atmel_mci atmel_mci: Atmel MCI controller at 0xfffa8000 irq 9, 1 slots
Jan  1 03:00:13 indigo-tracker user.info kernel: yaffs: dev is 32505857 name is "mtdblock1" rw
Jan  1 03:00:13 indigo-tracker user.info kernel: yaffs: passed flags ""
Jan  1 03:00:13 indigo-tracker user.debug kernel: yaffs: yaffs: Attempting MTD mount of 31.1,"mtdblock1"
Jan  1 03:00:13 indigo-tracker user.debug kernel: yaffs: auto selecting yaffs2
Jan  1 03:00:13 indigo-tracker user.debug kernel: yaffs: block 285 is bad
Jan  1 03:00:13 indigo-tracker user.debug kernel: yaffs: block 311 is bad
Jan  1 03:00:13 indigo-tracker user.debug kernel: yaffs: block 312 is bad
Jan  1 03:00:13 indigo-tracker user.debug kernel: yaffs: block 515 is bad
Jan  1 03:00:13 indigo-tracker user.debug kernel: yaffs: block 601 is bad
Jan  1 03:00:13 indigo-tracker user.debug kernel: yaffs: block 997 is bad
Jan  1 03:00:13 indigo-tracker user.debug kernel: yaffs: block 1057 is bad
Jan  1 03:00:13 indigo-tracker user.debug kernel: yaffs: block 1336 is bad
Jan  1 03:00:13 indigo-tracker user.debug kernel: yaffs: block 1539 is bad
Jan  1 03:00:13 indigo-tracker user.debug kernel: yaffs: block 1625 is bad
Jan  1 03:00:13 indigo-tracker user.debug kernel: yaffs: block 1633 is bad
Jan  1 03:00:13 indigo-tracker user.debug kernel: yaffs: block 1634 is bad
Jan  1 03:00:13 indigo-tracker user.info kernel: usb 1-1: new full-speed USB device number 2 using at91_ohci
Jan  1 03:00:13 indigo-tracker user.warn kernel: mmc0: host does not support reading read-only switch. assuming write-enable.
Jan  1 03:00:13 indigo-tracker user.info kernel: mmc0: new SDHC card at address b368
Jan  1 03:00:13 indigo-tracker user.info kernel: mmcblk0: mmc0:b368 SDC   15.0 GiB 
Jan  1 03:00:13 indigo-tracker user.info kernel:  mmcblk0: p1
Jan  1 03:00:13 indigo-tracker user.err kernel: usb 1-1: device descriptor read/64, error -62
Jan  1 03:00:13 indigo-tracker user.err kernel: usb 1-1: device descriptor read/64, error -62
Jan  1 03:00:13 indigo-tracker user.info kernel: usb 1-1: new full-speed USB device number 3 using at91_ohci
Jan  1 03:00:14 indigo-tracker user.err kernel: usb 1-1: device descriptor read/64, error -62
Jan  1 03:00:14 indigo-tracker user.err kernel: usb 1-1: device descriptor read/64, error -71
Jan  1 03:00:14 indigo-tracker user.debug kernel: yaffs: yaffs_read_super: is_checkpointed 0
Jan  1 03:00:14 indigo-tracker user.info kernel: VFS: Mounted root (yaffs filesystem) on device 31:1.
Jan  1 03:00:14 indigo-tracker user.info kernel: Freeing init memory: 116K
Jan  1 03:00:14 indigo-tracker user.info kernel: usb 1-1: new full-speed USB device number 4 using at91_ohci
Jan  1 03:00:14 indigo-tracker user.err kernel: usb 1-1: device descriptor read/8, error -62
Jan  1 03:00:14 indigo-tracker user.err kernel: usb 1-1: device descriptor read/8, error -62
Jan  1 03:00:14 indigo-tracker user.info kernel: usb 1-1: new full-speed USB device number 5 using at91_ohci
Jan  1 03:00:14 indigo-tracker user.err kernel: usb 1-1: device descriptor read/8, error -71
Jan  1 03:00:14 indigo-tracker user.err kernel: usb 1-1: device descriptor read/8, error -62
Jan  1 03:00:14 indigo-tracker user.err kernel: hub 1-0:1.0: unable to enumerate USB device on port 1
Jan  1 03:00:14 indigo-tracker user.warn kernel: Disabling lock debugging due to kernel taint
Jan  1 03:00:14 indigo-tracker user.alert kernel: system revision is 2
Jan  1 03:00:14 indigo-tracker user.alert kernel: piopins: with filter
Jan  1 03:00:14 indigo-tracker user.warn kernel: piopins: system time doesn't seem to be true, will not flush anything
Jan  1 03:00:14 indigo-tracker user.err kernel: creating command 4
Jan  1 03:00:54 indigo-tracker local2.info chat[451]: alarm
Jan  1 03:00:54 indigo-tracker local2.info chat[451]: Failed
Jan  1 03:00:54 indigo-tracker daemon.debug pppd[447]: Script chat -v -f /etc/ppp/chatscripts/megafon-connect finished (pid 450), status = 0x3
Jan  1 03:00:54 indigo-tracker daemon.err pppd[447]: Connect script failed
Jan  1 03:00:55 indigo-tracker local2.info chat[606]: abort on (BUSY)
Jan  1 03:00:55 indigo-tracker local2.info chat[606]: abort on (ERROR)
Jan  1 03:00:55 indigo-tracker local2.info chat[606]: abort on (UNDER-VOLTAGE WARNNING)
Jan  1 03:00:55 indigo-tracker local2.info chat[606]: send (ATZ^M)
Jan  1 03:00:55 indigo-tracker local2.info chat[606]: timeout set to 12 seconds
Jan  1 03:00:55 indigo-tracker local2.info chat[606]: expect (OK)
Jan  1 03:00:55 indigo-tracker local2.info chat[606]: ATZ^M^M
Jan  1 03:00:55 indigo-tracker local2.info chat[606]: OK
Jan  1 03:00:55 indigo-tracker local2.info chat[606]:  -- got it
Jan  1 03:00:55 indigo-tracker local2.info chat[606]: send (AT+CGDCONT=1,"IP","internet"^M)
Jan  1 03:00:56 indigo-tracker local2.info chat[606]: timeout set to 45 seconds
Jan  1 03:00:56 indigo-tracker local2.info chat[606]: expect (OK)
Jan  1 03:00:56 indigo-tracker local2.info chat[606]: ^M
Jan  1 03:00:56 indigo-tracker local2.info chat[606]: AT+CGDCONT=1,"IP","internet"^M^M
Jan  1 03:00:56 indigo-tracker local2.info chat[606]: OK
Jan  1 03:00:56 indigo-tracker local2.info chat[606]:  -- got it
Jan  1 03:00:56 indigo-tracker local2.info chat[606]: send (ATD*99#^M)
Jan  1 03:00:56 indigo-tracker local2.info chat[606]: expect (CONNECT)
Jan  1 03:00:56 indigo-tracker local2.info chat[606]: ^M
Jan  1 03:00:56 indigo-tracker local2.info chat[606]: ATD*99#^M^M
Jan  1 03:00:56 indigo-tracker local2.info chat[606]: CONNECT
Jan  1 03:00:56 indigo-tracker local2.info chat[606]:  -- got it
Jan  1 03:00:56 indigo-tracker local2.info chat[606]: send (^M)
Jan  1 03:00:56 indigo-tracker daemon.debug pppd[447]: Script chat -v -f /etc/ppp/chatscripts/megafon-connect finished (pid 605), status = 0x0
Jan  1 03:00:56 indigo-tracker daemon.info pppd[447]: Serial connection established.
Jan  1 03:00:56 indigo-tracker daemon.debug pppd[447]: using channel 1
Jan  1 03:00:56 indigo-tracker daemon.info pppd[447]: Using interface ppp0
Jan  1 03:00:56 indigo-tracker daemon.notice pppd[447]: Connect: ppp0 <--> /dev/ttyS1
Jan  1 03:00:57 indigo-tracker daemon.warn pppd[447]: Warning - secret file /etc/ppp/pap-secrets has world and/or group access
Jan  1 03:00:57 indigo-tracker daemon.debug pppd[447]: sent [LCP ConfReq id=0x1 <asyncmap 0x0> <magic 0x6c2a3efc>]
Jan  1 03:00:57 indigo-tracker daemon.debug pppd[447]: rcvd [LCP ConfReq id=0x1 <asyncmap 0xa0000> <auth pap>]
Jan  1 03:00:57 indigo-tracker daemon.debug pppd[447]: No auth is possible
Jan  1 03:00:57 indigo-tracker daemon.debug pppd[447]: sent [LCP ConfRej id=0x1 <auth pap>]
Jan  1 03:00:57 indigo-tracker daemon.debug pppd[447]: rcvd [LCP ConfRej id=0x1 <magic 0x6c2a3efc>]
Jan  1 03:00:57 indigo-tracker daemon.debug pppd[447]: sent [LCP ConfReq id=0x2 <asyncmap 0x0>]
Jan  1 03:00:57 indigo-tracker daemon.debug pppd[447]: rcvd [LCP ConfReq id=0x2 <asyncmap 0xa0000> <auth chap MD5>]
Jan  1 03:00:57 indigo-tracker daemon.debug pppd[447]: No auth is possible
Jan  1 03:00:57 indigo-tracker daemon.debug pppd[447]: sent [LCP ConfRej id=0x2 <auth chap MD5>]
Jan  1 03:00:57 indigo-tracker daemon.debug pppd[447]: rcvd [LCP ConfAck id=0x2 <asyncmap 0x0>]
Jan  1 03:00:57 indigo-tracker daemon.debug pppd[447]: rcvd [LCP ConfReq id=0x3 <asyncmap 0xa0000>]
Jan  1 03:00:57 indigo-tracker daemon.debug pppd[447]: sent [LCP ConfAck id=0x3 <asyncmap 0xa0000>]
Jan  1 03:00:57 indigo-tracker daemon.debug pppd[447]: sent [IPCP ConfReq id=0x1 <addr 0.0.0.0>]
Jan  1 03:01:00 indigo-tracker daemon.debug pppd[447]: sent [IPCP ConfReq id=0x1 <addr 0.0.0.0>]
