Jan  1 03:00:11 indigo-tracker syslog.info syslogd started: BusyBox v1.18.3
Jan  1 03:00:11 indigo-tracker user.info kernel: AT91: Detected soc type: at91sam9260
Jan  1 03:00:11 indigo-tracker user.info kernel: AT91: Detected soc subtype: Unknown
Jan  1 03:00:11 indigo-tracker user.info kernel: AT91: sram at 0x200000 of 0x1000 mapped at 0xfef77000
Jan  1 03:00:11 indigo-tracker user.info kernel: AT91: sram at 0x300000 of 0x1000 mapped at 0xfef76000
Jan  1 03:00:11 indigo-tracker user.debug kernel: On node 0 totalpages: 16384
Jan  1 03:00:11 indigo-tracker user.debug kernel: free_area_init_node: node 0, pgdat c036d7d0, node_mem_map c037e000
Jan  1 03:00:11 indigo-tracker user.debug kernel:   Normal zone: 128 pages used for memmap
Jan  1 03:00:11 indigo-tracker user.debug kernel:   Normal zone: 0 pages reserved
Jan  1 03:00:11 indigo-tracker user.debug kernel:   Normal zone: 16256 pages, LIFO batch:3
Jan  1 03:00:11 indigo-tracker user.warn kernel: Clocks: CPU 150 MHz, master 75 MHz, main 12.000 MHz
Jan  1 03:00:11 indigo-tracker user.debug kernel: pcpu-alloc: s0 r0 d32768 u32768 alloc=1*32768
Jan  1 03:00:11 indigo-tracker user.debug kernel: pcpu-alloc: [0] 0 
Jan  1 03:00:11 indigo-tracker user.warn kernel: Built 1 zonelists in Zone order, mobility grouping on.  Total pages: 16256
Jan  1 03:00:11 indigo-tracker user.notice kernel: Kernel command line: console=ttyS0,115200 cachepolicy=writeback root=/dev/mtdblock1
Jan  1 03:00:11 indigo-tracker user.info kernel: PID hash table entries: 256 (order: -2, 1024 bytes)
Jan  1 03:00:11 indigo-tracker user.info kernel: Dentry cache hash table entries: 8192 (order: 3, 32768 bytes)
Jan  1 03:00:11 indigo-tracker user.info kernel: Inode-cache hash table entries: 4096 (order: 2, 16384 bytes)
Jan  1 03:00:11 indigo-tracker user.info kernel: Memory: 64MB = 64MB total
Jan  1 03:00:11 indigo-tracker user.notice kernel: Memory: 61356k/61356k available, 4180k reserved, 0K highmem
Jan  1 03:00:11 indigo-tracker user.notice kernel: Virtual kernel memory layout:
Jan  1 03:00:11 indigo-tracker user.notice kernel:     vector  : 0xffff0000 - 0xffff1000   (   4 kB)
Jan  1 03:00:11 indigo-tracker user.notice kernel:     fixmap  : 0xfff00000 - 0xfffe0000   ( 896 kB)
Jan  1 03:00:11 indigo-tracker user.notice kernel:     vmalloc : 0xc4800000 - 0xfee00000   ( 934 MB)
Jan  1 03:00:11 indigo-tracker user.notice kernel:     lowmem  : 0xc0000000 - 0xc4000000   (  64 MB)
Jan  1 03:00:11 indigo-tracker user.notice kernel:     modules : 0xbf000000 - 0xc0000000   (  16 MB)
Jan  1 03:00:11 indigo-tracker user.notice kernel:       .text : 0xc0008000 - 0xc0324000   (3184 kB)
Jan  1 03:00:11 indigo-tracker user.notice kernel:       .init : 0xc0324000 - 0xc0341000   ( 116 kB)
Jan  1 03:00:11 indigo-tracker user.notice kernel:       .data : 0xc0342000 - 0xc036dfa0   ( 176 kB)
Jan  1 03:00:11 indigo-tracker user.notice kernel:        .bss : 0xc036dfc4 - 0xc037d1c8   (  61 kB)
Jan  1 03:00:11 indigo-tracker user.info kernel: NR_IRQS:192
Jan  1 03:00:11 indigo-tracker cron.notice atd[579]: Removing stale lockfile for pid 579
Jan  1 03:00:11 indigo-tracker user.info kernel: AT91: 96 gpio irqs in 3 banks
Jan  1 03:00:11 indigo-tracker user.info kernel: Console: colour dummy device 80x30
Jan  1 03:00:11 indigo-tracker user.info kernel: Calibrating delay loop... 74.54 BogoMIPS (lpj=372736)
Jan  1 03:00:11 indigo-tracker user.info kernel: pid_max: default: 32768 minimum: 301
Jan  1 03:00:11 indigo-tracker user.info kernel: Mount-cache hash table entries: 512
Jan  1 03:00:11 indigo-tracker user.info kernel: CPU: Testing write buffer coherency: ok
Jan  1 03:00:11 indigo-tracker user.info kernel: NET: Registered protocol family 16
Jan  1 03:00:11 indigo-tracker user.err kernel: adding device EB-500 GPS
Jan  1 03:00:11 indigo-tracker user.err kernel: indigo gpioperiph: gps peripheral EB-500 GPS added
Jan  1 03:00:11 indigo-tracker user.err kernel: adding device Sim900D GSM
Jan  1 03:00:11 indigo-tracker user.err kernel: creating command 4
Jan  1 03:00:11 indigo-tracker user.err kernel: indigo gpioperiph: gsm peripheral Sim900D GSM added
Jan  1 03:00:11 indigo-tracker user.err kernel: adding device LM-something
Jan  1 03:00:11 indigo-tracker user.err kernel: indigo gpioperiph: power peripheral LM-something added
Jan  1 03:00:11 indigo-tracker user.info kernel: bio: create slab <bio-0> at 0
Jan  1 03:00:11 indigo-tracker user.notice kernel: SCSI subsystem initialized
Jan  1 03:00:11 indigo-tracker user.info kernel: usbcore: registered new interface driver usbfs
Jan  1 03:00:11 indigo-tracker user.info kernel: usbcore: registered new interface driver hub
Jan  1 03:00:11 indigo-tracker user.info kernel: usbcore: registered new device driver usb
Jan  1 03:00:11 indigo-tracker user.info kernel: Advanced Linux Sound Architecture Driver Version 1.0.24.
Jan  1 03:00:11 indigo-tracker user.info kernel: Switching to clocksource pit
Jan  1 03:00:11 indigo-tracker user.info kernel: NET: Registered protocol family 2
Jan  1 03:00:11 indigo-tracker user.info kernel: IP route cache hash table entries: 1024 (order: 0, 4096 bytes)
Jan  1 03:00:11 indigo-tracker user.info kernel: TCP established hash table entries: 2048 (order: 2, 16384 bytes)
Jan  1 03:00:11 indigo-tracker user.info kernel: TCP bind hash table entries: 2048 (order: 1, 8192 bytes)
Jan  1 03:00:11 indigo-tracker user.info kernel: TCP: Hash tables configured (established 2048 bind 2048)
Jan  1 03:00:11 indigo-tracker user.info kernel: TCP reno registered
Jan  1 03:00:11 indigo-tracker user.info kernel: UDP hash table entries: 256 (order: 0, 4096 bytes)
Jan  1 03:00:11 indigo-tracker user.info kernel: UDP-Lite hash table entries: 256 (order: 0, 4096 bytes)
Jan  1 03:00:11 indigo-tracker user.info kernel: NET: Registered protocol family 1
Jan  1 03:00:11 indigo-tracker user.debug kernel: yaffs: yaffs built Jan 23 2012 18:16:47 Installing.
Jan  1 03:00:11 indigo-tracker user.info kernel: msgmni has been set to 119
Jan  1 03:00:11 indigo-tracker user.info kernel: io scheduler noop registered (default)
Jan  1 03:00:11 indigo-tracker user.info kernel: io scheduler deadline registered
Jan  1 03:00:11 indigo-tracker user.info kernel: atmel_usart.0: ttyS0 at MMIO 0xfffff200 (irq = 1) is a ATMEL_SERIAL
Jan  1 03:00:11 indigo-tracker user.info kernel: console [ttyS0] enabled
Jan  1 03:00:11 indigo-tracker user.info kernel: atmel_usart.1: ttyS1 at MMIO 0xfffb0000 (irq = 6) is a ATMEL_SERIAL
Jan  1 03:00:11 indigo-tracker user.info kernel: atmel_usart.2: ttyS2 at MMIO 0xfffb4000 (irq = 7) is a ATMEL_SERIAL
Jan  1 03:00:11 indigo-tracker user.info kernel: brd: module loaded
Jan  1 03:00:11 indigo-tracker user.info kernel: loop: module loaded
Jan  1 03:00:11 indigo-tracker user.info kernel: atmel_nand atmel_nand: No DMA support for NAND access.
Jan  1 03:00:11 indigo-tracker user.info kernel: NAND device: Manufacturer ID: 0xec, Chip ID: 0xda (Samsung NAND 256MiB 3,3V 8-bit)
Jan  1 03:00:11 indigo-tracker user.info kernel: Scanning device for bad blocks
Jan  1 03:00:11 indigo-tracker user.warn kernel: Bad eraseblock 348 at 0x000002b80000
Jan  1 03:00:11 indigo-tracker user.warn kernel: Bad eraseblock 374 at 0x000002ec0000
Jan  1 03:00:11 indigo-tracker user.warn kernel: Bad eraseblock 375 at 0x000002ee0000
Jan  1 03:00:11 indigo-tracker user.warn kernel: Bad eraseblock 578 at 0x000004840000
Jan  1 03:00:11 indigo-tracker user.warn kernel: Bad eraseblock 664 at 0x000005300000
Jan  1 03:00:11 indigo-tracker user.warn kernel: Bad eraseblock 1060 at 0x000008480000
Jan  1 03:00:11 indigo-tracker user.warn kernel: Bad eraseblock 1120 at 0x000008c00000
Jan  1 03:00:11 indigo-tracker user.warn kernel: Bad eraseblock 1399 at 0x00000aee0000
Jan  1 03:00:11 indigo-tracker user.warn kernel: Bad eraseblock 1602 at 0x00000c840000
Jan  1 03:00:11 indigo-tracker user.warn kernel: Bad eraseblock 1688 at 0x00000d300000
Jan  1 03:00:11 indigo-tracker user.warn kernel: Bad eraseblock 1696 at 0x00000d400000
Jan  1 03:00:11 indigo-tracker user.warn kernel: Bad eraseblock 1697 at 0x00000d420000
Jan  1 03:00:11 indigo-tracker user.notice kernel: Creating 2 MTD partitions on "atmel_nand":
Jan  1 03:00:11 indigo-tracker user.notice kernel: 0x000000000000-0x000000800000 : "Images"
Jan  1 03:00:11 indigo-tracker user.notice kernel: 0x000000800000-0x000010000000 : "Storage Partition"
Jan  1 03:00:11 indigo-tracker user.info kernel: tun: Universal TUN/TAP device driver, 1.6
Jan  1 03:00:11 indigo-tracker user.info kernel: tun: (C) 1999-2004 Max Krasnyansky <maxk@qualcomm.com>
Jan  1 03:00:11 indigo-tracker user.info kernel: PPP generic driver version 2.4.2
Jan  1 03:00:11 indigo-tracker user.info kernel: PPP BSD Compression module registered
Jan  1 03:00:11 indigo-tracker user.info kernel: PPP Deflate Compression module registered
Jan  1 03:00:12 indigo-tracker user.info kernel: PPP MPPE Compression module registered
Jan  1 03:00:12 indigo-tracker user.info kernel: NET: Registered protocol family 24
Jan  1 03:00:12 indigo-tracker user.info kernel: ohci_hcd: USB 1.1 'Open' Host Controller (OHCI) Driver
Jan  1 03:00:12 indigo-tracker user.info kernel: at91_ohci at91_ohci: AT91 OHCI
Jan  1 03:00:12 indigo-tracker user.info kernel: at91_ohci at91_ohci: new USB bus registered, assigned bus number 1
Jan  1 03:00:12 indigo-tracker user.info kernel: at91_ohci at91_ohci: irq 20, io mem 0x00500000
Jan  1 03:00:12 indigo-tracker user.info kernel: usb usb1: New USB device found, idVendor=1d6b, idProduct=0001
Jan  1 03:00:12 indigo-tracker user.info kernel: usb usb1: New USB device strings: Mfr=3, Product=2, SerialNumber=1
Jan  1 03:00:12 indigo-tracker user.info kernel: usb usb1: Product: AT91 OHCI
Jan  1 03:00:12 indigo-tracker user.info kernel: usb usb1: Manufacturer: Linux 3.2.0+ ohci_hcd
Jan  1 03:00:12 indigo-tracker user.info kernel: usb usb1: SerialNumber: at91
Jan  1 03:00:12 indigo-tracker user.info kernel: hub 1-0:1.0: USB hub found
Jan  1 03:00:12 indigo-tracker user.info kernel: hub 1-0:1.0: 2 ports detected
Jan  1 03:00:12 indigo-tracker user.info kernel: Initializing USB Mass Storage driver...
Jan  1 03:00:12 indigo-tracker user.info kernel: usbcore: registered new interface driver usb-storage
Jan  1 03:00:12 indigo-tracker user.info kernel: USB Mass Storage support registered.
Jan  1 03:00:12 indigo-tracker user.info kernel: rtc-at91sam9 at91_rtt.0: rtc core: registered at91_rtt as rtc0
Jan  1 03:00:12 indigo-tracker user.warn kernel: rtc-at91sam9 at91_rtt.0: rtc0: SET TIME!
Jan  1 03:00:12 indigo-tracker user.info kernel: Linux video capture interface: v2.00
Jan  1 03:00:12 indigo-tracker user.info kernel: usbcore: registered new interface driver uvcvideo
Jan  1 03:00:12 indigo-tracker user.info kernel: USB Video Class driver (1.1.1)
Jan  1 03:00:12 indigo-tracker user.info kernel: AT91SAM9 Watchdog enabled (heartbeat=15 sec, nowayout=0)
Jan  1 03:00:12 indigo-tracker user.info kernel: usbcore: registered new interface driver snd-usb-audio
Jan  1 03:00:12 indigo-tracker user.info kernel: ALSA device list:
Jan  1 03:00:12 indigo-tracker user.info kernel:   No soundcards found.
Jan  1 03:00:12 indigo-tracker user.info kernel: TCP cubic registered
Jan  1 03:00:12 indigo-tracker user.info kernel: NET: Registered protocol family 17
Jan  1 03:00:12 indigo-tracker user.err kernel: rtc-at91sam9 at91_rtt.0: hctosys: unable to read the hardware clock
Jan  1 03:00:12 indigo-tracker user.info kernel: atmel_mci atmel_mci: version: 0x210
Jan  1 03:00:12 indigo-tracker user.info kernel: atmel_mci atmel_mci: using PDC
Jan  1 03:00:12 indigo-tracker user.info kernel: atmel_mci atmel_mci: Atmel MCI controller at 0xfffa8000 irq 9, 1 slots
Jan  1 03:00:12 indigo-tracker user.info kernel: yaffs: dev is 32505857 name is "mtdblock1" rw
Jan  1 03:00:12 indigo-tracker user.info kernel: yaffs: passed flags ""
Jan  1 03:00:12 indigo-tracker user.debug kernel: yaffs: yaffs: Attempting MTD mount of 31.1,"mtdblock1"
Jan  1 03:00:12 indigo-tracker user.debug kernel: yaffs: auto selecting yaffs2
Jan  1 03:00:12 indigo-tracker user.debug kernel: yaffs: yaffs_read_super: is_checkpointed 1
Jan  1 03:00:12 indigo-tracker user.info kernel: VFS: Mounted root (yaffs filesystem) on device 31:1.
Jan  1 03:00:12 indigo-tracker user.info kernel: Freeing init memory: 116K
Jan  1 03:00:12 indigo-tracker user.warn kernel: Disabling lock debugging due to kernel taint
Jan  1 03:00:12 indigo-tracker user.alert kernel: system revision is 2
Jan  1 03:00:12 indigo-tracker user.alert kernel: piopins: with filter
Jan  1 03:00:12 indigo-tracker user.warn kernel: piopins: system time doesn't seem to be true, will not flush anything
Jan  1 03:00:12 indigo-tracker user.err kernel: creating command 4
Jan  1 03:00:40 indigo-tracker auth.info login[573]: root login on 'ttyS0'
Jan  1 03:00:52 indigo-tracker local2.info chat[444]: alarm
Jan  1 03:00:52 indigo-tracker local2.info chat[444]: Failed
Jan  1 03:00:52 indigo-tracker daemon.debug pppd[439]: Script chat -v -f /etc/ppp/chatscripts/megafon-connect finished (pid 443), status = 0x3
Jan  1 03:00:52 indigo-tracker daemon.err pppd[439]: Connect script failed
Jan  1 03:00:53 indigo-tracker local2.info chat[601]: abort on (BUSY)
Jan  1 03:00:53 indigo-tracker local2.info chat[601]: abort on (ERROR)
Jan  1 03:00:53 indigo-tracker local2.info chat[601]: abort on (UNDER-VOLTAGE WARNNING)
Jan  1 03:00:53 indigo-tracker local2.info chat[601]: send (ATZ^M)
Jan  1 03:00:53 indigo-tracker local2.info chat[601]: timeout set to 12 seconds
Jan  1 03:00:53 indigo-tracker local2.info chat[601]: expect (OK)
Jan  1 03:00:53 indigo-tracker local2.info chat[601]: ATZ^M^M
Jan  1 03:00:53 indigo-tracker local2.info chat[601]: OK
Jan  1 03:00:53 indigo-tracker local2.info chat[601]:  -- got it
Jan  1 03:00:53 indigo-tracker local2.info chat[601]: send (AT+CGDCONT=1,"IP","internet"^M)
Jan  1 03:00:54 indigo-tracker local2.info chat[601]: timeout set to 45 seconds
Jan  1 03:00:54 indigo-tracker local2.info chat[601]: expect (OK)
Jan  1 03:00:54 indigo-tracker local2.info chat[601]: ^M
Jan  1 03:00:54 indigo-tracker local2.info chat[601]: AT+CGDCONT=1,"IP","internet"^M^M
Jan  1 03:00:54 indigo-tracker local2.info chat[601]: OK
Jan  1 03:00:54 indigo-tracker local2.info chat[601]:  -- got it
Jan  1 03:00:54 indigo-tracker local2.info chat[601]: send (ATD*99#^M)
Jan  1 03:00:54 indigo-tracker local2.info chat[601]: expect (CONNECT)
Jan  1 03:00:54 indigo-tracker local2.info chat[601]: ^M
Jan  1 03:00:54 indigo-tracker local2.info chat[601]: ATD*99#^M^M
Jan  1 03:00:54 indigo-tracker local2.info chat[601]: NO CARRIER^M
Jan  1 03:01:01 indigo-tracker cron.info crond[421]: crond: USER root pid 602 cmd /etc/cron/check_updates.sh
Jan  1 03:01:39 indigo-tracker local2.info chat[601]: alarm
Jan  1 03:01:39 indigo-tracker local2.info chat[601]: Failed
Jan  1 03:01:39 indigo-tracker daemon.debug pppd[439]: Script chat -v -f /etc/ppp/chatscripts/megafon-connect finished (pid 600), status = 0x3
Jan  1 03:01:39 indigo-tracker daemon.err pppd[439]: Connect script failed
Jan  1 03:01:40 indigo-tracker local2.info chat[605]: abort on (BUSY)
Jan  1 03:01:40 indigo-tracker local2.info chat[605]: abort on (ERROR)
Jan  1 03:01:40 indigo-tracker local2.info chat[605]: abort on (UNDER-VOLTAGE WARNNING)
Jan  1 03:01:40 indigo-tracker local2.info chat[605]: send (ATZ^M)
Jan  1 03:01:40 indigo-tracker local2.info chat[605]: timeout set to 12 seconds
Jan  1 03:01:40 indigo-tracker local2.info chat[605]: expect (OK)
Jan  1 03:01:40 indigo-tracker local2.info chat[605]: ATZ^M^M
Jan  1 03:01:40 indigo-tracker local2.info chat[605]: OK
Jan  1 03:01:40 indigo-tracker local2.info chat[605]:  -- got it
Jan  1 03:01:40 indigo-tracker local2.info chat[605]: send (AT+CGDCONT=1,"IP","internet"^M)
Jan  1 03:01:41 indigo-tracker local2.info chat[605]: timeout set to 45 seconds
Jan  1 03:01:41 indigo-tracker local2.info chat[605]: expect (OK)
Jan  1 03:01:41 indigo-tracker local2.info chat[605]: ^M
Jan  1 03:01:41 indigo-tracker local2.info chat[605]: AT+CGDCONT=1,"IP","internet"^M^M
Jan  1 03:01:41 indigo-tracker local2.info chat[605]: OK
Jan  1 03:01:41 indigo-tracker local2.info chat[605]:  -- got it
Jan  1 03:01:41 indigo-tracker local2.info chat[605]: send (ATD*99#^M)
Jan  1 03:01:41 indigo-tracker local2.info chat[605]: expect (CONNECT)
Jan  1 03:01:41 indigo-tracker local2.info chat[605]: ^M
Jan  1 03:01:41 indigo-tracker local2.info chat[605]: ATD*99#^M^M
Jan  1 03:01:41 indigo-tracker local2.info chat[605]: NO CARRIER^M
Jan  1 03:02:01 indigo-tracker cron.info crond[421]: crond: USER root pid 606 cmd /etc/cron/check_updates.sh
Jan  1 03:02:26 indigo-tracker local2.info chat[605]: alarm
Jan  1 03:02:26 indigo-tracker local2.info chat[605]: Failed
Jan  1 03:02:26 indigo-tracker daemon.debug pppd[439]: Script chat -v -f /etc/ppp/chatscripts/megafon-connect finished (pid 604), status = 0x3
Jan  1 03:02:26 indigo-tracker daemon.err pppd[439]: Connect script failed
Jan  1 03:02:27 indigo-tracker local2.info chat[609]: abort on (BUSY)
Jan  1 03:02:27 indigo-tracker local2.info chat[609]: abort on (ERROR)
Jan  1 03:02:27 indigo-tracker local2.info chat[609]: abort on (UNDER-VOLTAGE WARNNING)
Jan  1 03:02:27 indigo-tracker local2.info chat[609]: send (ATZ^M)
Jan  1 03:02:27 indigo-tracker local2.info chat[609]: timeout set to 12 seconds
Jan  1 03:02:27 indigo-tracker local2.info chat[609]: expect (OK)
Jan  1 03:02:27 indigo-tracker local2.info chat[609]: ATZ^M^M
Jan  1 03:02:27 indigo-tracker local2.info chat[609]: OK
Jan  1 03:02:27 indigo-tracker local2.info chat[609]:  -- got it
Jan  1 03:02:27 indigo-tracker local2.info chat[609]: send (AT+CGDCONT=1,"IP","internet"^M)
Jan  1 03:02:28 indigo-tracker local2.info chat[609]: timeout set to 45 seconds
Jan  1 03:02:28 indigo-tracker local2.info chat[609]: expect (OK)
Jan  1 03:02:28 indigo-tracker local2.info chat[609]: ^M
Jan  1 03:02:28 indigo-tracker local2.info chat[609]: AT+CGDCONT=1,"IP","internet"^M^M
Jan  1 03:02:28 indigo-tracker local2.info chat[609]: OK
Jan  1 03:02:28 indigo-tracker local2.info chat[609]:  -- got it
Jan  1 03:02:28 indigo-tracker local2.info chat[609]: send (ATD*99#^M)
Jan  1 03:02:28 indigo-tracker local2.info chat[609]: expect (CONNECT)
Jan  1 03:02:28 indigo-tracker local2.info chat[609]: ^M
Jan  1 03:02:28 indigo-tracker local2.info chat[609]: ATD*99#^M^M
Jan  1 03:02:28 indigo-tracker local2.info chat[609]: NO CARRIER^M
Jan  1 03:03:01 indigo-tracker cron.info crond[421]: crond: USER root pid 610 cmd /etc/cron/check_updates.sh
Jan  1 03:03:13 indigo-tracker local2.info chat[609]: alarm
Jan  1 03:03:13 indigo-tracker local2.info chat[609]: Failed
Jan  1 03:03:13 indigo-tracker daemon.debug pppd[439]: Script chat -v -f /etc/ppp/chatscripts/megafon-connect finished (pid 608), status = 0x3
Jan  1 03:03:13 indigo-tracker daemon.err pppd[439]: Connect script failed
Jan  1 03:03:14 indigo-tracker local2.info chat[613]: abort on (BUSY)
Jan  1 03:03:14 indigo-tracker local2.info chat[613]: abort on (ERROR)
Jan  1 03:03:14 indigo-tracker local2.info chat[613]: abort on (UNDER-VOLTAGE WARNNING)
Jan  1 03:03:14 indigo-tracker local2.info chat[613]: send (ATZ^M)
Jan  1 03:03:14 indigo-tracker local2.info chat[613]: timeout set to 12 seconds
Jan  1 03:03:14 indigo-tracker local2.info chat[613]: expect (OK)
Jan  1 03:03:14 indigo-tracker local2.info chat[613]: ATZ^M^M
Jan  1 03:03:14 indigo-tracker local2.info chat[613]: OK
Jan  1 03:03:14 indigo-tracker local2.info chat[613]:  -- got it
Jan  1 03:03:14 indigo-tracker local2.info chat[613]: send (AT+CGDCONT=1,"IP","internet"^M)
Jan  1 03:03:15 indigo-tracker local2.info chat[613]: timeout set to 45 seconds
Jan  1 03:03:15 indigo-tracker local2.info chat[613]: expect (OK)
Jan  1 03:03:15 indigo-tracker local2.info chat[613]: ^M
Jan  1 03:03:15 indigo-tracker local2.info chat[613]: AT+CGDCONT=1,"IP","internet"^M^M
Jan  1 03:03:15 indigo-tracker local2.info chat[613]: OK
Jan  1 03:03:15 indigo-tracker local2.info chat[613]:  -- got it
Jan  1 03:03:15 indigo-tracker local2.info chat[613]: send (ATD*99#^M)
Jan  1 03:03:15 indigo-tracker local2.info chat[613]: expect (CONNECT)
Jan  1 03:03:15 indigo-tracker local2.info chat[613]: ^M
Jan  1 03:03:15 indigo-tracker local2.info chat[613]: ATD*99#^M^M
Jan  1 03:03:15 indigo-tracker local2.info chat[613]: NO CARRIER^M
Jan  1 03:04:00 indigo-tracker local2.info chat[613]: alarm
Jan  1 03:04:00 indigo-tracker local2.info chat[613]: Failed
Jan  1 03:04:00 indigo-tracker daemon.debug pppd[439]: Script chat -v -f /etc/ppp/chatscripts/megafon-connect finished (pid 612), status = 0x3
Jan  1 03:04:00 indigo-tracker daemon.err pppd[439]: Connect script failed
Jan  1 03:04:01 indigo-tracker local2.info chat[615]: abort on (BUSY)
Jan  1 03:04:01 indigo-tracker local2.info chat[615]: abort on (ERROR)
Jan  1 03:04:01 indigo-tracker local2.info chat[615]: abort on (UNDER-VOLTAGE WARNNING)
Jan  1 03:04:01 indigo-tracker local2.info chat[615]: send (ATZ^M)
Jan  1 03:04:01 indigo-tracker local2.info chat[615]: timeout set to 12 seconds
Jan  1 03:04:01 indigo-tracker local2.info chat[615]: expect (OK)
Jan  1 03:04:01 indigo-tracker local2.info chat[615]: ATZ^M^M
Jan  1 03:04:01 indigo-tracker local2.info chat[615]: OK
Jan  1 03:04:01 indigo-tracker local2.info chat[615]:  -- got it
Jan  1 03:04:01 indigo-tracker local2.info chat[615]: send (AT+CGDCONT=1,"IP","internet"^M)
Jan  1 03:04:02 indigo-tracker cron.info crond[421]: crond: USER root pid 616 cmd /etc/cron/check_updates.sh
Jan  1 03:04:02 indigo-tracker local2.info chat[615]: timeout set to 45 seconds
Jan  1 03:04:02 indigo-tracker local2.info chat[615]: expect (OK)
Jan  1 03:04:02 indigo-tracker local2.info chat[615]: ^M
Jan  1 03:04:02 indigo-tracker local2.info chat[615]: AT+CGDCONT=1,"IP","internet"^M^M
Jan  1 03:04:02 indigo-tracker local2.info chat[615]: OK
Jan  1 03:04:02 indigo-tracker local2.info chat[615]:  -- got it
Jan  1 03:04:02 indigo-tracker local2.info chat[615]: send (ATD*99#^M)
Jan  1 03:04:02 indigo-tracker local2.info chat[615]: expect (CONNECT)
Jan  1 03:04:02 indigo-tracker local2.info chat[615]: ^M
Jan  1 03:04:02 indigo-tracker local2.info chat[615]: ATD*99#^M^M
Jan  1 03:04:02 indigo-tracker local2.info chat[615]: NO CARRIER^M
Jan  1 03:04:47 indigo-tracker local2.info chat[615]: alarm
Jan  1 03:04:47 indigo-tracker local2.info chat[615]: Failed
Jan  1 03:04:47 indigo-tracker daemon.debug pppd[439]: Script chat -v -f /etc/ppp/chatscripts/megafon-connect finished (pid 614), status = 0x3
Jan  1 03:04:47 indigo-tracker daemon.err pppd[439]: Connect script failed
Jan  1 03:04:48 indigo-tracker local2.info chat[619]: abort on (BUSY)
Jan  1 03:04:48 indigo-tracker local2.info chat[619]: abort on (ERROR)
Jan  1 03:04:48 indigo-tracker local2.info chat[619]: abort on (UNDER-VOLTAGE WARNNING)
Jan  1 03:04:48 indigo-tracker local2.info chat[619]: send (ATZ^M)
Jan  1 03:04:48 indigo-tracker local2.info chat[619]: timeout set to 12 seconds
Jan  1 03:04:48 indigo-tracker local2.info chat[619]: expect (OK)
Jan  1 03:04:48 indigo-tracker local2.info chat[619]: ATZ^M^M
Jan  1 03:04:48 indigo-tracker local2.info chat[619]: OK
Jan  1 03:04:48 indigo-tracker local2.info chat[619]:  -- got it
Jan  1 03:04:48 indigo-tracker local2.info chat[619]: send (AT+CGDCONT=1,"IP","internet"^M)
Jan  1 03:04:49 indigo-tracker local2.info chat[619]: timeout set to 45 seconds
Jan  1 03:04:49 indigo-tracker local2.info chat[619]: expect (OK)
Jan  1 03:04:49 indigo-tracker local2.info chat[619]: ^M
Jan  1 03:04:49 indigo-tracker local2.info chat[619]: AT+CGDCONT=1,"IP","internet"^M^M
Jan  1 03:04:49 indigo-tracker local2.info chat[619]: OK
Jan  1 03:04:49 indigo-tracker local2.info chat[619]:  -- got it
Jan  1 03:04:49 indigo-tracker local2.info chat[619]: send (ATD*99#^M)
Jan  1 03:04:49 indigo-tracker local2.info chat[619]: expect (CONNECT)
Jan  1 03:04:49 indigo-tracker local2.info chat[619]: ^M
Jan  1 03:04:49 indigo-tracker local2.info chat[619]: ATD*99#^M^M
Jan  1 03:04:49 indigo-tracker local2.info chat[619]: NO CARRIER^M
Jan  1 03:05:01 indigo-tracker cron.info crond[421]: crond: USER root pid 620 cmd /etc/cron/check_updates.sh
Jan  1 03:05:01 indigo-tracker cron.info crond[421]: crond: USER root pid 621 cmd /etc/cron/rotate_video.sh
Jan  1 03:05:01 indigo-tracker user.notice root: no flash drive to rotate video on
Jan  1 03:05:34 indigo-tracker local2.info chat[619]: alarm
Jan  1 03:05:34 indigo-tracker local2.info chat[619]: Failed
Jan  1 03:05:34 indigo-tracker daemon.debug pppd[439]: Script chat -v -f /etc/ppp/chatscripts/megafon-connect finished (pid 618), status = 0x3
Jan  1 03:05:34 indigo-tracker daemon.err pppd[439]: Connect script failed
Jan  1 03:05:35 indigo-tracker local2.info chat[636]: abort on (BUSY)
Jan  1 03:05:35 indigo-tracker local2.info chat[636]: abort on (ERROR)
Jan  1 03:05:35 indigo-tracker local2.info chat[636]: abort on (UNDER-VOLTAGE WARNNING)
Jan  1 03:05:35 indigo-tracker local2.info chat[636]: send (ATZ^M)
Jan  1 03:05:35 indigo-tracker local2.info chat[636]: timeout set to 12 seconds
Jan  1 03:05:35 indigo-tracker local2.info chat[636]: expect (OK)
Jan  1 03:05:35 indigo-tracker local2.info chat[636]: ATZ^M^M
Jan  1 03:05:35 indigo-tracker local2.info chat[636]: OK
Jan  1 03:05:35 indigo-tracker local2.info chat[636]:  -- got it
Jan  1 03:05:35 indigo-tracker local2.info chat[636]: send (AT+CGDCONT=1,"IP","internet"^M)
Jan  1 03:05:36 indigo-tracker local2.info chat[636]: timeout set to 45 seconds
Jan  1 03:05:36 indigo-tracker local2.info chat[636]: expect (OK)
Jan  1 03:05:36 indigo-tracker local2.info chat[636]: ^M
Jan  1 03:05:36 indigo-tracker local2.info chat[636]: AT+CGDCONT=1,"IP","internet"^M^M
Jan  1 03:05:36 indigo-tracker local2.info chat[636]: OK
Jan  1 03:05:36 indigo-tracker local2.info chat[636]:  -- got it
Jan  1 03:05:36 indigo-tracker local2.info chat[636]: send (ATD*99#^M)
Jan  1 03:05:36 indigo-tracker local2.info chat[636]: expect (CONNECT)
Jan  1 03:05:36 indigo-tracker local2.info chat[636]: ^M
Jan  1 03:05:36 indigo-tracker local2.info chat[636]: ATD*99#^M^M
Jan  1 03:05:36 indigo-tracker local2.info chat[636]: NO CARRIER^M
Jan  1 03:06:01 indigo-tracker cron.info crond[421]: crond: USER root pid 637 cmd /etc/cron/check_updates.sh
Jan  1 03:06:21 indigo-tracker local2.info chat[636]: alarm
Jan  1 03:06:21 indigo-tracker local2.info chat[636]: Failed
Jan  1 03:06:21 indigo-tracker daemon.debug pppd[439]: Script chat -v -f /etc/ppp/chatscripts/megafon-connect finished (pid 635), status = 0x3
Jan  1 03:06:21 indigo-tracker daemon.err pppd[439]: Connect script failed
Jan  1 03:06:22 indigo-tracker local2.info chat[640]: abort on (BUSY)
Jan  1 03:06:22 indigo-tracker local2.info chat[640]: abort on (ERROR)
Jan  1 03:06:22 indigo-tracker local2.info chat[640]: abort on (UNDER-VOLTAGE WARNNING)
Jan  1 03:06:22 indigo-tracker local2.info chat[640]: send (ATZ^M)
Jan  1 03:06:22 indigo-tracker local2.info chat[640]: timeout set to 12 seconds
Jan  1 03:06:22 indigo-tracker local2.info chat[640]: expect (OK)
Jan  1 03:06:22 indigo-tracker local2.info chat[640]: ATZ^M^M
Jan  1 03:06:22 indigo-tracker local2.info chat[640]: OK
Jan  1 03:06:22 indigo-tracker local2.info chat[640]:  -- got it
Jan  1 03:06:22 indigo-tracker local2.info chat[640]: send (AT+CGDCONT=1,"IP","internet"^M)
Jan  1 03:06:23 indigo-tracker local2.info chat[640]: timeout set to 45 seconds
Jan  1 03:06:23 indigo-tracker local2.info chat[640]: expect (OK)
Jan  1 03:06:23 indigo-tracker local2.info chat[640]: ^M
Jan  1 03:06:23 indigo-tracker local2.info chat[640]: AT+CGDCONT=1,"IP","internet"^M^M
Jan  1 03:06:23 indigo-tracker local2.info chat[640]: OK
Jan  1 03:06:23 indigo-tracker local2.info chat[640]:  -- got it
Jan  1 03:06:23 indigo-tracker local2.info chat[640]: send (ATD*99#^M)
Jan  1 03:06:23 indigo-tracker local2.info chat[640]: expect (CONNECT)
Jan  1 03:06:23 indigo-tracker local2.info chat[640]: ^M
Jan  1 03:06:23 indigo-tracker local2.info chat[640]: ATD*99#^M^M
Jan  1 03:06:23 indigo-tracker local2.info chat[640]: NO CARRIER^M
Jan  1 03:07:01 indigo-tracker cron.info crond[421]: crond: USER root pid 641 cmd /etc/cron/check_updates.sh
Jan  1 03:07:08 indigo-tracker local2.info chat[640]: alarm
Jan  1 03:07:08 indigo-tracker local2.info chat[640]: Failed
Jan  1 03:07:08 indigo-tracker daemon.debug pppd[439]: Script chat -v -f /etc/ppp/chatscripts/megafon-connect finished (pid 639), status = 0x3
Jan  1 03:07:08 indigo-tracker daemon.err pppd[439]: Connect script failed
Jan  1 03:07:09 indigo-tracker local2.info chat[644]: abort on (BUSY)
Jan  1 03:07:09 indigo-tracker local2.info chat[644]: abort on (ERROR)
Jan  1 03:07:09 indigo-tracker local2.info chat[644]: abort on (UNDER-VOLTAGE WARNNING)
Jan  1 03:07:09 indigo-tracker local2.info chat[644]: send (ATZ^M)
Jan  1 03:07:09 indigo-tracker local2.info chat[644]: timeout set to 12 seconds
Jan  1 03:07:09 indigo-tracker local2.info chat[644]: expect (OK)
Jan  1 03:07:09 indigo-tracker local2.info chat[644]: ATZ^M^M
Jan  1 03:07:09 indigo-tracker local2.info chat[644]: OK
Jan  1 03:07:09 indigo-tracker local2.info chat[644]:  -- got it
Jan  1 03:07:09 indigo-tracker local2.info chat[644]: send (AT+CGDCONT=1,"IP","internet"^M)
Jan  1 03:07:09 indigo-tracker local2.info chat[644]: timeout set to 45 seconds
Jan  1 03:07:09 indigo-tracker local2.info chat[644]: expect (OK)
Jan  1 03:07:09 indigo-tracker local2.info chat[644]: ^M
Jan  1 03:07:09 indigo-tracker local2.info chat[644]: AT+CGDCONT=1,"IP","internet"^M^M
Jan  1 03:07:09 indigo-tracker local2.info chat[644]: OK
Jan  1 03:07:09 indigo-tracker local2.info chat[644]:  -- got it
Jan  1 03:07:09 indigo-tracker local2.info chat[644]: send (ATD*99#^M)
Jan  1 03:07:10 indigo-tracker local2.info chat[644]: expect (CONNECT)
Jan  1 03:07:10 indigo-tracker local2.info chat[644]: ^M
Jan  1 03:07:10 indigo-tracker local2.info chat[644]: ATD*99#^M^M
Jan  1 03:07:10 indigo-tracker local2.info chat[644]: NO CARRIER^M
Jan  1 03:07:55 indigo-tracker local2.info chat[644]: alarm
Jan  1 03:07:55 indigo-tracker local2.info chat[644]: Failed
Jan  1 03:07:55 indigo-tracker daemon.debug pppd[439]: Script chat -v -f /etc/ppp/chatscripts/megafon-connect finished (pid 643), status = 0x3
Jan  1 03:07:55 indigo-tracker daemon.err pppd[439]: Connect script failed
Jan  1 03:07:56 indigo-tracker local2.info chat[646]: abort on (BUSY)
Jan  1 03:07:56 indigo-tracker local2.info chat[646]: abort on (ERROR)
Jan  1 03:07:56 indigo-tracker local2.info chat[646]: abort on (UNDER-VOLTAGE WARNNING)
Jan  1 03:07:56 indigo-tracker local2.info chat[646]: send (ATZ^M)
Jan  1 03:07:56 indigo-tracker local2.info chat[646]: timeout set to 12 seconds
Jan  1 03:07:56 indigo-tracker local2.info chat[646]: expect (OK)
Jan  1 03:07:56 indigo-tracker local2.info chat[646]: ATZ^M^M
Jan  1 03:07:56 indigo-tracker local2.info chat[646]: OK
Jan  1 03:07:56 indigo-tracker local2.info chat[646]:  -- got it
Jan  1 03:07:56 indigo-tracker local2.info chat[646]: send (AT+CGDCONT=1,"IP","internet"^M)
Jan  1 03:07:56 indigo-tracker local2.info chat[646]: timeout set to 45 seconds
Jan  1 03:07:56 indigo-tracker local2.info chat[646]: expect (OK)
Jan  1 03:07:56 indigo-tracker local2.info chat[646]: ^M
Jan  1 03:07:56 indigo-tracker local2.info chat[646]: AT+CGDCONT=1,"IP","internet"^M^M
Jan  1 03:07:56 indigo-tracker local2.info chat[646]: OK
Jan  1 03:07:56 indigo-tracker local2.info chat[646]:  -- got it
Jan  1 03:07:56 indigo-tracker local2.info chat[646]: send (ATD*99#^M)
Jan  1 03:07:57 indigo-tracker local2.info chat[646]: expect (CONNECT)
Jan  1 03:07:57 indigo-tracker local2.info chat[646]: ^M
Jan  1 03:07:57 indigo-tracker local2.info chat[646]: ATD*99#^M^M
Jan  1 03:07:57 indigo-tracker local2.info chat[646]: NO CARRIER^M
Jan  1 03:08:01 indigo-tracker cron.info crond[421]: crond: USER root pid 647 cmd /etc/cron/check_updates.sh
Jan  1 03:08:42 indigo-tracker local2.info chat[646]: alarm
Jan  1 03:08:42 indigo-tracker local2.info chat[646]: Failed
Jan  1 03:08:42 indigo-tracker daemon.debug pppd[439]: Script chat -v -f /etc/ppp/chatscripts/megafon-connect finished (pid 645), status = 0x3
Jan  1 03:08:42 indigo-tracker daemon.err pppd[439]: Connect script failed
Jan  1 03:08:43 indigo-tracker local2.info chat[650]: abort on (BUSY)
Jan  1 03:08:43 indigo-tracker local2.info chat[650]: abort on (ERROR)
Jan  1 03:08:43 indigo-tracker local2.info chat[650]: abort on (UNDER-VOLTAGE WARNNING)
Jan  1 03:08:43 indigo-tracker local2.info chat[650]: send (ATZ^M)
Jan  1 03:08:43 indigo-tracker local2.info chat[650]: timeout set to 12 seconds
Jan  1 03:08:43 indigo-tracker local2.info chat[650]: expect (OK)
Jan  1 03:08:43 indigo-tracker local2.info chat[650]: ATZ^M^M
Jan  1 03:08:43 indigo-tracker local2.info chat[650]: OK
Jan  1 03:08:43 indigo-tracker local2.info chat[650]:  -- got it
Jan  1 03:08:43 indigo-tracker local2.info chat[650]: send (AT+CGDCONT=1,"IP","internet"^M)
Jan  1 03:08:43 indigo-tracker local2.info chat[650]: timeout set to 45 seconds
Jan  1 03:08:43 indigo-tracker local2.info chat[650]: expect (OK)
Jan  1 03:08:43 indigo-tracker local2.info chat[650]: ^M
Jan  1 03:08:43 indigo-tracker local2.info chat[650]: AT+CGDCONT=1,"IP","internet"^M^M
Jan  1 03:08:43 indigo-tracker local2.info chat[650]: OK
Jan  1 03:08:43 indigo-tracker local2.info chat[650]:  -- got it
Jan  1 03:08:43 indigo-tracker local2.info chat[650]: send (ATD*99#^M)
Jan  1 03:08:44 indigo-tracker local2.info chat[650]: expect (CONNECT)
Jan  1 03:08:44 indigo-tracker local2.info chat[650]: ^M
Jan  1 03:08:44 indigo-tracker local2.info chat[650]: ATD*99#^M^M
Jan  1 03:08:44 indigo-tracker local2.info chat[650]: NO CARRIER^M
Jan  1 03:09:01 indigo-tracker cron.info crond[421]: crond: USER root pid 651 cmd /etc/cron/check_updates.sh
Jan  1 03:09:29 indigo-tracker local2.info chat[650]: alarm
Jan  1 03:09:29 indigo-tracker local2.info chat[650]: Failed
Jan  1 03:09:29 indigo-tracker daemon.debug pppd[439]: Script chat -v -f /etc/ppp/chatscripts/megafon-connect finished (pid 649), status = 0x3
Jan  1 03:09:29 indigo-tracker daemon.err pppd[439]: Connect script failed
Jan  1 03:09:30 indigo-tracker local2.info chat[654]: abort on (BUSY)
Jan  1 03:09:30 indigo-tracker local2.info chat[654]: abort on (ERROR)
Jan  1 03:09:30 indigo-tracker local2.info chat[654]: abort on (UNDER-VOLTAGE WARNNING)
Jan  1 03:09:30 indigo-tracker local2.info chat[654]: send (ATZ^M)
Jan  1 03:09:30 indigo-tracker local2.info chat[654]: timeout set to 12 seconds
Jan  1 03:09:30 indigo-tracker local2.info chat[654]: expect (OK)
Jan  1 03:09:30 indigo-tracker local2.info chat[654]: ATZ^M^M
Jan  1 03:09:30 indigo-tracker local2.info chat[654]: OK
Jan  1 03:09:30 indigo-tracker local2.info chat[654]:  -- got it
Jan  1 03:09:30 indigo-tracker local2.info chat[654]: send (AT+CGDCONT=1,"IP","internet"^M)
Jan  1 03:09:30 indigo-tracker local2.info chat[654]: timeout set to 45 seconds
Jan  1 03:09:30 indigo-tracker local2.info chat[654]: expect (OK)
Jan  1 03:09:30 indigo-tracker local2.info chat[654]: ^M
Jan  1 03:09:30 indigo-tracker local2.info chat[654]: AT+CGDCONT=1,"IP","internet"^M^M
Jan  1 03:09:30 indigo-tracker local2.info chat[654]: OK
Jan  1 03:09:30 indigo-tracker local2.info chat[654]:  -- got it
Jan  1 03:09:30 indigo-tracker local2.info chat[654]: send (ATD*99#^M)
Jan  1 03:09:30 indigo-tracker local2.info chat[654]: expect (CONNECT)
Jan  1 03:09:30 indigo-tracker local2.info chat[654]: ^M
Jan  1 03:09:30 indigo-tracker local2.info chat[654]: ATD*99#^M^M
Jan  1 03:09:30 indigo-tracker local2.info chat[654]: NO CARRIER^M
Jan  1 03:10:01 indigo-tracker cron.info crond[421]: crond: USER root pid 655 cmd /etc/cron/check_updates.sh
Jan  1 03:10:15 indigo-tracker local2.info chat[654]: alarm
Jan  1 03:10:15 indigo-tracker local2.info chat[654]: Failed
Jan  1 03:10:15 indigo-tracker daemon.debug pppd[439]: Script chat -v -f /etc/ppp/chatscripts/megafon-connect finished (pid 653), status = 0x3
Jan  1 03:10:15 indigo-tracker daemon.err pppd[439]: Connect script failed
Jan  1 03:10:17 indigo-tracker local2.info chat[658]: abort on (BUSY)
Jan  1 03:10:17 indigo-tracker local2.info chat[658]: abort on (ERROR)
Jan  1 03:10:17 indigo-tracker local2.info chat[658]: abort on (UNDER-VOLTAGE WARNNING)
Jan  1 03:10:17 indigo-tracker local2.info chat[658]: send (ATZ^M)
Jan  1 03:10:17 indigo-tracker local2.info chat[658]: timeout set to 12 seconds
Jan  1 03:10:17 indigo-tracker local2.info chat[658]: expect (OK)
Jan  1 03:10:17 indigo-tracker local2.info chat[658]: ATZ^M^M
Jan  1 03:10:17 indigo-tracker local2.info chat[658]: OK
Jan  1 03:10:17 indigo-tracker local2.info chat[658]:  -- got it
Jan  1 03:10:17 indigo-tracker local2.info chat[658]: send (AT+CGDCONT=1,"IP","internet"^M)
Jan  1 03:10:17 indigo-tracker local2.info chat[658]: timeout set to 45 seconds
Jan  1 03:10:17 indigo-tracker local2.info chat[658]: expect (OK)
Jan  1 03:10:17 indigo-tracker local2.info chat[658]: ^M
Jan  1 03:10:17 indigo-tracker local2.info chat[658]: AT+CGDCONT=1,"IP","internet"^M^M
Jan  1 03:10:17 indigo-tracker local2.info chat[658]: OK
Jan  1 03:10:17 indigo-tracker local2.info chat[658]:  -- got it
Jan  1 03:10:17 indigo-tracker local2.info chat[658]: send (ATD*99#^M)
Jan  1 03:10:17 indigo-tracker local2.info chat[658]: expect (CONNECT)
Jan  1 03:10:17 indigo-tracker local2.info chat[658]: ^M
Jan  1 03:10:17 indigo-tracker local2.info chat[658]: ATD*99#^M^M
Jan  1 03:10:17 indigo-tracker local2.info chat[658]: NO CARRIER^M
Jan  1 03:11:01 indigo-tracker cron.info crond[421]: crond: USER root pid 659 cmd /etc/cron/check_updates.sh
Jan  1 03:11:02 indigo-tracker local2.info chat[658]: alarm
Jan  1 03:11:02 indigo-tracker local2.info chat[658]: Failed
Jan  1 03:11:02 indigo-tracker daemon.debug pppd[439]: Script chat -v -f /etc/ppp/chatscripts/megafon-connect finished (pid 657), status = 0x3
Jan  1 03:11:02 indigo-tracker daemon.err pppd[439]: Connect script failed
Jan  1 03:11:04 indigo-tracker local2.info chat[662]: abort on (BUSY)
Jan  1 03:11:04 indigo-tracker local2.info chat[662]: abort on (ERROR)
Jan  1 03:11:04 indigo-tracker local2.info chat[662]: abort on (UNDER-VOLTAGE WARNNING)
Jan  1 03:11:04 indigo-tracker local2.info chat[662]: send (ATZ^M)
Jan  1 03:11:04 indigo-tracker local2.info chat[662]: timeout set to 12 seconds
Jan  1 03:11:04 indigo-tracker local2.info chat[662]: expect (OK)
Jan  1 03:11:04 indigo-tracker local2.info chat[662]: ATZ^M^M
Jan  1 03:11:04 indigo-tracker local2.info chat[662]: OK
Jan  1 03:11:04 indigo-tracker local2.info chat[662]:  -- got it
Jan  1 03:11:04 indigo-tracker local2.info chat[662]: send (AT+CGDCONT=1,"IP","internet"^M)
Jan  1 03:11:04 indigo-tracker local2.info chat[662]: timeout set to 45 seconds
Jan  1 03:11:04 indigo-tracker local2.info chat[662]: expect (OK)
Jan  1 03:11:04 indigo-tracker local2.info chat[662]: ^M
Jan  1 03:11:04 indigo-tracker local2.info chat[662]: AT+CGDCONT=1,"IP","internet"^M^M
Jan  1 03:11:04 indigo-tracker local2.info chat[662]: OK
Jan  1 03:11:04 indigo-tracker local2.info chat[662]:  -- got it
Jan  1 03:11:04 indigo-tracker local2.info chat[662]: send (ATD*99#^M)
Jan  1 03:11:04 indigo-tracker local2.info chat[662]: expect (CONNECT)
Jan  1 03:11:04 indigo-tracker local2.info chat[662]: ^M
Jan  1 03:11:04 indigo-tracker local2.info chat[662]: ATD*99#^M^M
Jan  1 03:11:04 indigo-tracker local2.info chat[662]: NO CARRIER^M
Jan  1 03:00:12 indigo-tracker syslog.info syslogd started: BusyBox v1.18.3
Jan  1 03:00:12 indigo-tracker user.notice kernel: klogd started: BusyBox v1.18.3 (2011-03-29 18:29:13 MSD)
Jan  1 03:00:12 indigo-tracker user.notice kernel: Linux version 3.2.0+ (yury@debian-dev-vm) (gcc version 4.4.5 (indigo-ct-ng) ) #177 Fri Feb 17 14:07:48 MSK 2012
Jan  1 03:00:12 indigo-tracker user.warn kernel: CPU: ARM926EJ-S [41069265] revision 5 (ARMv5TEJ), cr=00053177
Jan  1 03:00:12 indigo-tracker user.warn kernel: CPU: VIVT data cache, VIVT instruction cache
Jan  1 03:00:12 indigo-tracker user.warn kernel: Machine: Indigo Tracker
Jan  1 03:00:12 indigo-tracker user.warn kernel: Memory policy: ECC disabled, Data cache writeback
Jan  1 03:00:12 indigo-tracker user.info kernel: AT91: Detected soc type: at91sam9260
Jan  1 03:00:12 indigo-tracker user.info kernel: AT91: Detected soc subtype: Unknown
Jan  1 03:00:12 indigo-tracker user.info kernel: AT91: sram at 0x200000 of 0x1000 mapped at 0xfef77000
Jan  1 03:00:12 indigo-tracker user.info kernel: AT91: sram at 0x300000 of 0x1000 mapped at 0xfef76000
Jan  1 03:00:12 indigo-tracker user.debug kernel: On node 0 totalpages: 16384
Jan  1 03:00:12 indigo-tracker user.debug kernel: free_area_init_node: node 0, pgdat c036d7d0, node_mem_map c037e000
Jan  1 03:00:12 indigo-tracker user.debug kernel:   Normal zone: 128 pages used for memmap
Jan  1 03:00:12 indigo-tracker user.debug kernel:   Normal zone: 0 pages reserved
Jan  1 03:00:12 indigo-tracker user.debug kernel:   Normal zone: 16256 pages, LIFO batch:3
Jan  1 03:00:12 indigo-tracker user.warn kernel: Clocks: CPU 150 MHz, master 75 MHz, main 12.000 MHz
Jan  1 03:00:12 indigo-tracker user.debug kernel: pcpu-alloc: s0 r0 d32768 u32768 alloc=1*32768
Jan  1 03:00:12 indigo-tracker user.debug kernel: pcpu-alloc: [0] 0 
Jan  1 03:00:12 indigo-tracker user.warn kernel: Built 1 zonelists in Zone order, mobility grouping on.  Total pages: 16256
Jan  1 03:00:12 indigo-tracker user.notice kernel: Kernel command line: console=ttyS0,115200 cachepolicy=writeback root=/dev/mtdblock1
Jan  1 03:00:12 indigo-tracker user.info kernel: PID hash table entries: 256 (order: -2, 1024 bytes)
Jan  1 03:00:12 indigo-tracker user.info kernel: Dentry cache hash table entries: 8192 (order: 3, 32768 bytes)
Jan  1 03:00:12 indigo-tracker user.info kernel: Inode-cache hash table entries: 4096 (order: 2, 16384 bytes)
Jan  1 03:00:12 indigo-tracker user.info kernel: Memory: 64MB = 64MB total
Jan  1 03:00:12 indigo-tracker user.notice kernel: Memory: 61356k/61356k available, 4180k reserved, 0K highmem
Jan  1 03:00:12 indigo-tracker user.notice kernel: Virtual kernel memory layout:
Jan  1 03:00:12 indigo-tracker user.notice kernel:     vector  : 0xffff0000 - 0xffff1000   (   4 kB)
Jan  1 03:00:12 indigo-tracker user.notice kernel:     fixmap  : 0xfff00000 - 0xfffe0000   ( 896 kB)
Jan  1 03:00:12 indigo-tracker user.notice kernel:     vmalloc : 0xc4800000 - 0xfee00000   ( 934 MB)
Jan  1 03:00:12 indigo-tracker user.notice kernel:     lowmem  : 0xc0000000 - 0xc4000000   (  64 MB)
Jan  1 03:00:12 indigo-tracker user.notice kernel:     modules : 0xbf000000 - 0xc0000000   (  16 MB)
Jan  1 03:00:12 indigo-tracker user.notice kernel:       .text : 0xc0008000 - 0xc0324000   (3184 kB)
Jan  1 03:00:12 indigo-tracker user.notice kernel:       .init : 0xc0324000 - 0xc0341000   ( 116 kB)
Jan  1 03:00:12 indigo-tracker user.notice kernel:       .data : 0xc0342000 - 0xc036dfa0   ( 176 kB)
Jan  1 03:00:12 indigo-tracker user.notice kernel:        .bss : 0xc036dfc4 - 0xc037d1c8   (  61 kB)
Jan  1 03:00:12 indigo-tracker user.info kernel: NR_IRQS:192
Jan  1 03:00:12 indigo-tracker user.info kernel: AT91: 96 gpio irqs in 3 banks
Jan  1 03:00:12 indigo-tracker user.info kernel: Console: colour dummy device 80x30
Jan  1 03:00:12 indigo-tracker user.info kernel: Calibrating delay loop... 74.54 BogoMIPS (lpj=372736)
Jan  1 03:00:12 indigo-tracker user.info kernel: pid_max: default: 32768 minimum: 301
Jan  1 03:00:12 indigo-tracker user.info kernel: Mount-cache hash table entries: 512
Jan  1 03:00:12 indigo-tracker user.info kernel: CPU: Testing write buffer coherency: ok
Jan  1 03:00:12 indigo-tracker user.info kernel: NET: Registered protocol family 16
Jan  1 03:00:12 indigo-tracker user.err kernel: adding device EB-500 GPS
Jan  1 03:00:12 indigo-tracker user.err kernel: indigo gpioperiph: gps peripheral EB-500 GPS added
Jan  1 03:00:12 indigo-tracker user.err kernel: adding device Sim900D GSM
Jan  1 03:00:12 indigo-tracker user.err kernel: creating command 4
Jan  1 03:00:12 indigo-tracker user.err kernel: indigo gpioperiph: gsm peripheral Sim900D GSM added
Jan  1 03:00:12 indigo-tracker user.err kernel: adding device LM-something
Jan  1 03:00:12 indigo-tracker user.err kernel: indigo gpioperiph: power peripheral LM-something added
Jan  1 03:00:12 indigo-tracker user.info kernel: bio: create slab <bio-0> at 0
Jan  1 03:00:12 indigo-tracker user.notice kernel: SCSI subsystem initialized
Jan  1 03:00:12 indigo-tracker user.info kernel: usbcore: registered new interface driver usbfs
Jan  1 03:00:12 indigo-tracker user.info kernel: usbcore: registered new interface driver hub
Jan  1 03:00:12 indigo-tracker user.info kernel: usbcore: registered new device driver usb
Jan  1 03:00:12 indigo-tracker user.info kernel: Advanced Linux Sound Architecture Driver Version 1.0.24.
Jan  1 03:00:12 indigo-tracker user.info kernel: Switching to clocksource pit
Jan  1 03:00:12 indigo-tracker user.info kernel: NET: Registered protocol family 2
Jan  1 03:00:12 indigo-tracker user.info kernel: IP route cache hash table entries: 1024 (order: 0, 4096 bytes)
Jan  1 03:00:12 indigo-tracker user.info kernel: TCP established hash table entries: 2048 (order: 2, 16384 bytes)
Jan  1 03:00:12 indigo-tracker user.info kernel: TCP bind hash table entries: 2048 (order: 1, 8192 bytes)
Jan  1 03:00:12 indigo-tracker user.info kernel: TCP: Hash tables configured (established 2048 bind 2048)
Jan  1 03:00:12 indigo-tracker user.info kernel: TCP reno registered
Jan  1 03:00:12 indigo-tracker user.info kernel: UDP hash table entries: 256 (order: 0, 4096 bytes)
Jan  1 03:00:12 indigo-tracker user.info kernel: UDP-Lite hash table entries: 256 (order: 0, 4096 bytes)
Jan  1 03:00:12 indigo-tracker user.info kernel: NET: Registered protocol family 1
Jan  1 03:00:12 indigo-tracker user.debug kernel: yaffs: yaffs built Jan 23 2012 18:16:47 Installing.
Jan  1 03:00:12 indigo-tracker user.info kernel: msgmni has been set to 119
Jan  1 03:00:12 indigo-tracker user.info kernel: io scheduler noop registered (default)
Jan  1 03:00:12 indigo-tracker user.info kernel: io scheduler deadline registered
Jan  1 03:00:12 indigo-tracker user.info kernel: atmel_usart.0: ttyS0 at MMIO 0xfffff200 (irq = 1) is a ATMEL_SERIAL
Jan  1 03:00:12 indigo-tracker user.info kernel: console [ttyS0] enabled
Jan  1 03:00:12 indigo-tracker user.info kernel: atmel_usart.1: ttyS1 at MMIO 0xfffb0000 (irq = 6) is a ATMEL_SERIAL
Jan  1 03:00:12 indigo-tracker user.info kernel: atmel_usart.2: ttyS2 at MMIO 0xfffb4000 (irq = 7) is a ATMEL_SERIAL
Jan  1 03:00:12 indigo-tracker user.info kernel: brd: module loaded
Jan  1 03:00:12 indigo-tracker user.info kernel: loop: module loaded
Jan  1 03:00:12 indigo-tracker user.info kernel: atmel_nand atmel_nand: No DMA support for NAND access.
Jan  1 03:00:12 indigo-tracker user.info kernel: NAND device: Manufacturer ID: 0xec, Chip ID: 0xda (Samsung NAND 256MiB 3,3V 8-bit)
Jan  1 03:00:12 indigo-tracker user.info kernel: Scanning device for bad blocks
Jan  1 03:00:12 indigo-tracker user.warn kernel: Bad eraseblock 348 at 0x000002b80000
Jan  1 03:00:12 indigo-tracker user.warn kernel: Bad eraseblock 374 at 0x000002ec0000
Jan  1 03:00:12 indigo-tracker user.warn kernel: Bad eraseblock 375 at 0x000002ee0000
Jan  1 03:00:12 indigo-tracker user.warn kernel: Bad eraseblock 578 at 0x000004840000
Jan  1 03:00:12 indigo-tracker user.warn kernel: Bad eraseblock 664 at 0x000005300000
Jan  1 03:00:12 indigo-tracker user.warn kernel: Bad eraseblock 1060 at 0x000008480000
Jan  1 03:00:12 indigo-tracker user.warn kernel: Bad eraseblock 1120 at 0x000008c00000
Jan  1 03:00:12 indigo-tracker user.warn kernel: Bad eraseblock 1399 at 0x00000aee0000
Jan  1 03:00:12 indigo-tracker user.warn kernel: Bad eraseblock 1602 at 0x00000c840000
Jan  1 03:00:12 indigo-tracker user.warn kernel: Bad eraseblock 1688 at 0x00000d300000
Jan  1 03:00:12 indigo-tracker user.warn kernel: Bad eraseblock 1696 at 0x00000d400000
Jan  1 03:00:12 indigo-tracker user.warn kernel: Bad eraseblock 1697 at 0x00000d420000
Jan  1 03:00:12 indigo-tracker user.notice kernel: Creating 2 MTD partitions on "atmel_nand":
Jan  1 03:00:12 indigo-tracker user.notice kernel: 0x000000000000-0x000000800000 : "Images"
Jan  1 03:00:12 indigo-tracker user.notice kernel: 0x000000800000-0x000010000000 : "Storage Partition"
Jan  1 03:00:12 indigo-tracker user.info kernel: tun: Universal TUN/TAP device driver, 1.6
Jan  1 03:00:12 indigo-tracker user.info kernel: tun: (C) 1999-2004 Max Krasnyansky <maxk@qualcomm.com>
Jan  1 03:00:12 indigo-tracker user.info kernel: PPP generic driver version 2.4.2
Jan  1 03:00:12 indigo-tracker user.info kernel: PPP BSD Compression module registered
Jan  1 03:00:12 indigo-tracker user.info kernel: PPP Deflate Compression module registered
Jan  1 03:00:12 indigo-tracker user.info kernel: PPP MPPE Compression module registered
Jan  1 03:00:12 indigo-tracker user.info kernel: NET: Registered protocol family 24
Jan  1 03:00:12 indigo-tracker user.info kernel: ohci_hcd: USB 1.1 'Open' Host Controller (OHCI) Driver
Jan  1 03:00:12 indigo-tracker user.info kernel: at91_ohci at91_ohci: AT91 OHCI
Jan  1 03:00:12 indigo-tracker user.info kernel: at91_ohci at91_ohci: new USB bus registered, assigned bus number 1
Jan  1 03:00:12 indigo-tracker user.info kernel: at91_ohci at91_ohci: irq 20, io mem 0x00500000
Jan  1 03:00:12 indigo-tracker user.info kernel: usb usb1: New USB device found, idVendor=1d6b, idProduct=0001
Jan  1 03:00:12 indigo-tracker user.info kernel: usb usb1: New USB device strings: Mfr=3, Product=2, SerialNumber=1
Jan  1 03:00:12 indigo-tracker user.info kernel: usb usb1: Product: AT91 OHCI
Jan  1 03:00:12 indigo-tracker user.info kernel: usb usb1: Manufacturer: Linux 3.2.0+ ohci_hcd
Jan  1 03:00:12 indigo-tracker user.info kernel: usb usb1: SerialNumber: at91
Jan  1 03:00:12 indigo-tracker user.info kernel: hub 1-0:1.0: USB hub found
Jan  1 03:00:12 indigo-tracker user.info kernel: hub 1-0:1.0: 2 ports detected
Jan  1 03:00:12 indigo-tracker user.info kernel: Initializing USB Mass Storage driver...
Jan  1 03:00:12 indigo-tracker user.info kernel: usbcore: registered new interface driver usb-storage
Jan  1 03:00:12 indigo-tracker user.info kernel: USB Mass Storage support registered.
Jan  1 03:00:12 indigo-tracker user.info kernel: rtc-at91sam9 at91_rtt.0: rtc core: registered at91_rtt as rtc0
Jan  1 03:00:12 indigo-tracker user.warn kernel: rtc-at91sam9 at91_rtt.0: rtc0: SET TIME!
Jan  1 03:00:12 indigo-tracker user.info kernel: Linux video capture interface: v2.00
Jan  1 03:00:12 indigo-tracker user.info kernel: usbcore: registered new interface driver uvcvideo
Jan  1 03:00:12 indigo-tracker user.info kernel: USB Video Class driver (1.1.1)
Jan  1 03:00:12 indigo-tracker user.info kernel: AT91SAM9 Watchdog enabled (heartbeat=15 sec, nowayout=0)
Jan  1 03:00:12 indigo-tracker user.info kernel: usbcore: registered new interface driver snd-usb-audio
Jan  1 03:00:12 indigo-tracker cron.notice atd[584]: Removing stale lockfile for pid 584
Jan  1 03:00:12 indigo-tracker user.info kernel: ALSA device list:
Jan  1 03:00:12 indigo-tracker user.info kernel:   No soundcards found.
Jan  1 03:00:12 indigo-tracker user.info kernel: TCP cubic registered
Jan  1 03:00:12 indigo-tracker user.info kernel: NET: Registered protocol family 17
Jan  1 03:00:12 indigo-tracker user.err kernel: rtc-at91sam9 at91_rtt.0: hctosys: unable to read the hardware clock
Jan  1 03:00:12 indigo-tracker user.info kernel: atmel_mci atmel_mci: version: 0x210
Jan  1 03:00:12 indigo-tracker user.info kernel: atmel_mci atmel_mci: using PDC
Jan  1 03:00:12 indigo-tracker user.info kernel: atmel_mci atmel_mci: Atmel MCI controller at 0xfffa8000 irq 9, 1 slots
Jan  1 03:00:12 indigo-tracker user.info kernel: yaffs: dev is 32505857 name is "mtdblock1" rw
Jan  1 03:00:12 indigo-tracker user.info kernel: yaffs: passed flags ""
Jan  1 03:00:12 indigo-tracker user.debug kernel: yaffs: yaffs: Attempting MTD mount of 31.1,"mtdblock1"
Jan  1 03:00:12 indigo-tracker user.debug kernel: yaffs: auto selecting yaffs2
Jan  1 03:00:12 indigo-tracker user.debug kernel: yaffs: block 285 is bad
Jan  1 03:00:12 indigo-tracker user.debug kernel: yaffs: block 311 is bad
Jan  1 03:00:12 indigo-tracker user.debug kernel: yaffs: block 312 is bad
Jan  1 03:00:12 indigo-tracker user.debug kernel: yaffs: block 515 is bad
Jan  1 03:00:12 indigo-tracker user.debug kernel: yaffs: block 601 is bad
Jan  1 03:00:12 indigo-tracker user.debug kernel: yaffs: block 997 is bad
Jan  1 03:00:12 indigo-tracker user.debug kernel: yaffs: block 1057 is bad
Jan  1 03:00:12 indigo-tracker user.debug kernel: yaffs: block 1336 is bad
Jan  1 03:00:12 indigo-tracker user.debug kernel: yaffs: block 1539 is bad
Jan  1 03:00:12 indigo-tracker user.debug kernel: yaffs: block 1625 is bad
Jan  1 03:00:12 indigo-tracker user.debug kernel: yaffs: block 1633 is bad
Jan  1 03:00:12 indigo-tracker user.debug kernel: yaffs: block 1634 is bad
Jan  1 03:00:12 indigo-tracker user.debug kernel: yaffs: yaffs_read_super: is_checkpointed 0
Jan  1 03:00:12 indigo-tracker user.info kernel: VFS: Mounted root (yaffs filesystem) on device 31:1.
Jan  1 03:00:12 indigo-tracker user.info kernel: Freeing init memory: 116K
Jan  1 03:00:12 indigo-tracker user.warn kernel: Disabling lock debugging due to kernel taint
Jan  1 03:00:12 indigo-tracker user.alert kernel: system revision is 2
Jan  1 03:00:12 indigo-tracker user.alert kernel: piopins: with filter
Jan  1 03:00:12 indigo-tracker user.warn kernel: piopins: system time doesn't seem to be true, will not flush anything
Jan  1 03:00:12 indigo-tracker user.err kernel: creating command 4
Jan  1 03:00:15 indigo-tracker auth.info login[576]: root login on 'ttyS0'
Jan  1 03:00:53 indigo-tracker local2.info chat[444]: alarm
Jan  1 03:00:53 indigo-tracker local2.info chat[444]: Failed
Jan  1 03:00:53 indigo-tracker daemon.debug pppd[439]: Script chat -v -f /etc/ppp/chatscripts/megafon-connect finished (pid 443), status = 0x3
Jan  1 03:00:53 indigo-tracker daemon.err pppd[439]: Connect script failed
Jan  1 03:00:54 indigo-tracker local2.info chat[601]: abort on (BUSY)
Jan  1 03:00:54 indigo-tracker local2.info chat[601]: abort on (ERROR)
Jan  1 03:00:54 indigo-tracker local2.info chat[601]: abort on (UNDER-VOLTAGE WARNNING)
Jan  1 03:00:54 indigo-tracker local2.info chat[601]: send (ATZ^M)
Jan  1 03:00:54 indigo-tracker local2.info chat[601]: timeout set to 12 seconds
Jan  1 03:00:54 indigo-tracker local2.info chat[601]: expect (OK)
Jan  1 03:00:54 indigo-tracker local2.info chat[601]: ATZ^M^M
Jan  1 03:00:54 indigo-tracker local2.info chat[601]: OK
Jan  1 03:00:54 indigo-tracker local2.info chat[601]:  -- got it
Jan  1 03:00:54 indigo-tracker local2.info chat[601]: send (AT+CGDCONT=1,"IP","internet"^M)
Jan  1 03:00:54 indigo-tracker local2.info chat[601]: timeout set to 45 seconds
Jan  1 03:00:54 indigo-tracker local2.info chat[601]: expect (OK)
Jan  1 03:00:54 indigo-tracker local2.info chat[601]: ^M
Jan  1 03:00:54 indigo-tracker local2.info chat[601]: AT+CGDCONT=1,"IP","internet"^M^M
Jan  1 03:00:54 indigo-tracker local2.info chat[601]: OK
Jan  1 03:00:54 indigo-tracker local2.info chat[601]:  -- got it
Jan  1 03:00:54 indigo-tracker local2.info chat[601]: send (ATD*99#^M)
Jan  1 03:00:55 indigo-tracker local2.info chat[601]: expect (CONNECT)
Jan  1 03:00:55 indigo-tracker local2.info chat[601]: ^M
Jan  1 03:00:55 indigo-tracker local2.info chat[601]: ATD*99#^M^M
Jan  1 03:00:55 indigo-tracker local2.info chat[601]: CONNECT
Jan  1 03:00:55 indigo-tracker local2.info chat[601]:  -- got it
Jan  1 03:00:55 indigo-tracker local2.info chat[601]: send (^M)
Jan  1 03:00:55 indigo-tracker daemon.debug pppd[439]: Script chat -v -f /etc/ppp/chatscripts/megafon-connect finished (pid 600), status = 0x0
Jan  1 03:00:55 indigo-tracker daemon.info pppd[439]: Serial connection established.
Jan  1 03:00:55 indigo-tracker daemon.debug pppd[439]: using channel 1
Jan  1 03:00:55 indigo-tracker daemon.info pppd[439]: Using interface ppp0
Jan  1 03:00:55 indigo-tracker daemon.notice pppd[439]: Connect: ppp0 <--> /dev/ttyS1
Jan  1 03:00:56 indigo-tracker daemon.warn pppd[439]: Warning - secret file /etc/ppp/pap-secrets has world and/or group access
Jan  1 03:00:56 indigo-tracker daemon.debug pppd[439]: sent [LCP ConfReq id=0x1 <asyncmap 0x0> <magic 0xa0a7c0e0>]
Jan  1 03:00:56 indigo-tracker daemon.debug pppd[439]: rcvd [LCP ConfReq id=0x1 <asyncmap 0xa0000> <auth pap>]
Jan  1 03:00:56 indigo-tracker daemon.debug pppd[439]: No auth is possible
Jan  1 03:00:56 indigo-tracker daemon.debug pppd[439]: sent [LCP ConfRej id=0x1 <auth pap>]
Jan  1 03:00:56 indigo-tracker daemon.debug pppd[439]: rcvd [LCP ConfRej id=0x1 <magic 0xa0a7c0e0>]
Jan  1 03:00:56 indigo-tracker daemon.debug pppd[439]: sent [LCP ConfReq id=0x2 <asyncmap 0x0>]
Jan  1 03:00:56 indigo-tracker daemon.debug pppd[439]: rcvd [LCP ConfReq id=0x2 <asyncmap 0xa0000> <auth chap MD5>]
Jan  1 03:00:56 indigo-tracker daemon.debug pppd[439]: No auth is possible
Jan  1 03:00:56 indigo-tracker daemon.debug pppd[439]: sent [LCP ConfRej id=0x2 <auth chap MD5>]
Jan  1 03:00:56 indigo-tracker daemon.debug pppd[439]: rcvd [LCP ConfAck id=0x2 <asyncmap 0x0>]
Jan  1 03:00:56 indigo-tracker daemon.debug pppd[439]: rcvd [LCP ConfReq id=0x3 <asyncmap 0xa0000>]
Jan  1 03:00:56 indigo-tracker daemon.debug pppd[439]: sent [LCP ConfAck id=0x3 <asyncmap 0xa0000>]
Jan  1 03:00:56 indigo-tracker daemon.debug pppd[439]: sent [IPCP ConfReq id=0x1 <addr 0.0.0.0>]
Jan  1 03:00:59 indigo-tracker daemon.debug pppd[439]: sent [IPCP ConfReq id=0x1 <addr 0.0.0.0>]
Jan  1 03:01:01 indigo-tracker cron.info crond[421]: crond: USER root pid 603 cmd /etc/cron/check_updates.sh
Jan  1 03:01:02 indigo-tracker daemon.debug pppd[439]: sent [IPCP ConfReq id=0x1 <addr 0.0.0.0>]
Jan  1 03:01:02 indigo-tracker daemon.debug pppd[439]: rcvd [IPCP ConfReq id=0x1 <addr 192.200.1.21>]
Jan  1 03:01:02 indigo-tracker daemon.debug pppd[439]: sent [IPCP ConfAck id=0x1 <addr 192.200.1.21>]
Jan  1 03:01:02 indigo-tracker daemon.debug pppd[439]: rcvd [IPCP ConfNak id=0x1 <addr 10.93.111.100>]
Jan  1 03:01:02 indigo-tracker daemon.debug pppd[439]: sent [IPCP ConfReq id=0x2 <addr 10.93.111.100>]
Jan  1 03:01:02 indigo-tracker daemon.debug pppd[439]: rcvd [IPCP ConfAck id=0x2 <addr 10.93.111.100>]
Jan  1 03:01:02 indigo-tracker daemon.notice pppd[439]: local  IP address 10.93.111.100
Jan  1 03:01:02 indigo-tracker daemon.notice pppd[439]: remote IP address 192.200.1.21
Jan  1 03:01:02 indigo-tracker daemon.debug pppd[439]: Script /etc/ppp/ip-up started (pid 605)
Jan  1 03:01:02 indigo-tracker user.notice root: Trying to get system time over ntp
Jan  1 03:01:02 indigo-tracker daemon.notice ntpdate[609]: ntpdate 4.2.6p3@1.2290 Sun Feb 20 22:12:26 UTC 2011 (1)
Feb 29 10:46:14 indigo-tracker daemon.notice ntpdate[609]: step time server 195.16.42.125 offset 1330497900.099407 sec
Feb 29 10:46:14 indigo-tracker user.notice root: Playing ntp started
Feb 29 10:46:14 indigo-tracker user.notice root: sender started
Feb 29 10:46:15 indigo-tracker user.notice root: gpsreader started
Feb 29 10:46:15 indigo-tracker user.notice root: people started
Feb 29 10:46:16 indigo-tracker user.debug sqlite: gps connected ok
Feb 29 10:46:16 indigo-tracker user.debug sender: using uuid 108e154c-6069-4489-aa77-61e929938088
Feb 29 10:46:17 indigo-tracker user.debug sender: nothing to send, continuing
Feb 29 10:46:17 indigo-tracker user.debug sqlite: gpsdb started ok
Feb 29 10:46:17 indigo-tracker user.debug sqlite: gps created
Feb 29 10:46:17 indigo-tracker daemon.notice openvpn[631]: OpenVPN 2.1.4 arm-linux [SSL] [LZO2] [EPOLL] built on Feb 21 2011
Feb 29 10:46:17 indigo-tracker daemon.warn openvpn[631]: NOTE: the current --script-security setting may allow this configuration to call user-defined scripts
Feb 29 10:46:17 indigo-tracker daemon.notice openvpn[631]: LZO compression initialized
Feb 29 10:46:17 indigo-tracker daemon.notice openvpn[631]: Control Channel MTU parms [ L:1544 D:140 EF:40 EB:0 ET:0 EL:0 ]
Feb 29 10:46:17 indigo-tracker daemon.notice openvpn[631]: Socket Buffers: R=[87380->131072] S=[16384->131072]
Feb 29 10:46:18 indigo-tracker daemon.notice openvpn[631]: Data Channel MTU parms [ L:1544 D:1450 EF:44 EB:135 ET:0 EL:0 AF:3/1 ]
Feb 29 10:46:18 indigo-tracker daemon.notice openvpn[640]: Attempting to establish TCP connection with 72.249.145.165:1195 [nonblock]
Feb 29 10:46:19 indigo-tracker daemon.notice openvpn[640]: TCP connection established with 72.249.145.165:1195
Feb 29 10:46:19 indigo-tracker daemon.notice openvpn[640]: TCPv4_CLIENT link local: [undef]
Feb 29 10:46:19 indigo-tracker daemon.notice openvpn[640]: TCPv4_CLIENT link remote: 72.249.145.165:1195
Feb 29 10:46:19 indigo-tracker daemon.notice openvpn[640]: TLS: Initial packet from 72.249.145.165:1195, sid=b8ab7b88 4ccbcde7
Feb 29 10:46:21 indigo-tracker user.notice root: mjpeg-streamer started
Feb 29 10:46:22 indigo-tracker user.info MJPG-streamer [645]: starting application
Feb 29 10:46:22 indigo-tracker user.info MJPG-streamer [645]: MJPG Streamer Version: svn rev: exported
Feb 29 10:46:22 indigo-tracker user.notice root: Current time is valid
Feb 29 10:46:22 indigo-tracker user.info MJPG-streamer [645]: Using V4L2 device.: /dev/video0
Feb 29 10:46:22 indigo-tracker user.info MJPG-streamer [645]: Desired Resolution: 640 x 480
Feb 29 10:46:22 indigo-tracker user.info MJPG-streamer [645]: Frames Per Second.: 10
Feb 29 10:46:22 indigo-tracker user.info MJPG-streamer [645]: Format............: MJPEG
Feb 29 10:46:22 indigo-tracker user.info MJPG-streamer [645]: init_VideoIn failed
Feb 29 10:46:22 indigo-tracker daemon.debug pppd[439]: Script /etc/ppp/ip-up finished (pid 605), status = 0x0
Feb 29 10:46:25 indigo-tracker user.debug sender: send success
Feb 29 10:46:27 indigo-tracker user.debug sender: nothing to send, continuing
Feb 29 10:46:33 indigo-tracker daemon.notice openvpn[640]: VERIFY OK: depth=1, /C=RU/ST=Rostov/L=Taganrog/O=Indigo_Systems__Ltd/OU=Devices/CN=devices-vpn/name=devices-vpn/emailAddress=yury@indigosystem.ru
Feb 29 10:46:33 indigo-tracker daemon.notice openvpn[640]: VERIFY OK: nsCertType=SERVER
Feb 29 10:46:33 indigo-tracker daemon.notice openvpn[640]: VERIFY OK: depth=0, /C=RU/ST=Rostov/L=Taganrog/O=Indigo_Systems__Ltd/OU=Devices/CN=devices-vpn-server/name=devices-vpn-server/emailAddress=yury@indigosystem.ru
Feb 29 10:46:51 indigo-tracker daemon.notice openvpn[640]: Data Channel Encrypt: Cipher 'BF-CBC' initialized with 128 bit key
Feb 29 10:46:51 indigo-tracker daemon.notice openvpn[640]: Data Channel Encrypt: Using 160 bit message hash 'SHA1' for HMAC authentication
Feb 29 10:46:51 indigo-tracker daemon.notice openvpn[640]: Data Channel Decrypt: Cipher 'BF-CBC' initialized with 128 bit key
Feb 29 10:46:51 indigo-tracker daemon.notice openvpn[640]: Data Channel Decrypt: Using 160 bit message hash 'SHA1' for HMAC authentication
Feb 29 10:46:51 indigo-tracker daemon.notice openvpn[640]: Control Channel: TLSv1, cipher TLSv1/SSLv3 DHE-RSA-AES256-SHA, 1024 bit RSA
Feb 29 10:46:51 indigo-tracker daemon.notice openvpn[640]: [devices-vpn-server] Peer Connection Initiated with 72.249.145.165:1195
Feb 29 10:46:53 indigo-tracker daemon.notice openvpn[640]: SENT CONTROL [devices-vpn-server]: 'PUSH_REQUEST' (status=1)
Feb 29 10:46:55 indigo-tracker daemon.notice openvpn[640]: PUSH: Received control message: 'PUSH_REPLY,route-gateway 10.1.0.1,topology subnet,ping 120,ping-restart 1200,ifconfig 10.1.0.4 255.255.255.0'
Feb 29 10:46:55 indigo-tracker daemon.notice openvpn[640]: OPTIONS IMPORT: timers and/or timeouts modified
Feb 29 10:46:55 indigo-tracker daemon.notice openvpn[640]: OPTIONS IMPORT: --ifconfig/up options modified
Feb 29 10:46:55 indigo-tracker daemon.notice openvpn[640]: OPTIONS IMPORT: route-related options modified
Feb 29 10:46:55 indigo-tracker daemon.notice openvpn[640]: TUN/TAP device tun0 opened
Feb 29 10:46:55 indigo-tracker daemon.notice openvpn[640]: TUN/TAP TX queue length set to 100
Feb 29 10:46:55 indigo-tracker daemon.notice openvpn[640]: /sbin/ifconfig tun0 10.1.0.4 netmask 255.255.255.0 mtu 1500 broadcast 10.1.0.255
Feb 29 10:46:55 indigo-tracker daemon.notice openvpn[640]: /etc/openvpn/vpn-up tun0 1500 1544 10.1.0.4 255.255.255.0 init
Feb 29 10:46:55 indigo-tracker daemon.notice openvpn[640]: Initialization Sequence Completed
Feb 29 10:47:01 indigo-tracker cron.err crond[421]: time disparity of 22174965 minutes detected
Feb 29 10:47:17 indigo-tracker user.debug sqlite: sending keepalive
Feb 29 10:47:19 indigo-tracker user.debug sender: send success
Feb 29 10:47:20 indigo-tracker user.debug sender: nothing to send, continuing
Feb 29 10:48:01 indigo-tracker cron.info crond[421]: crond: USER root pid 687 cmd /etc/cron/check_updates.sh
Feb 29 10:49:01 indigo-tracker cron.info crond[421]: crond: USER root pid 701 cmd /etc/cron/check_updates.sh
Feb 29 10:49:18 indigo-tracker user.debug sqlite: sending keepalive
Feb 29 10:49:21 indigo-tracker user.debug sender: send success
Feb 29 10:49:22 indigo-tracker user.debug sender: nothing to send, continuing
Feb 29 10:50:01 indigo-tracker cron.info crond[421]: crond: USER root pid 719 cmd /etc/cron/check_updates.sh
Feb 29 10:51:01 indigo-tracker cron.info crond[421]: crond: USER root pid 733 cmd /etc/cron/check_updates.sh
Feb 29 10:51:34 indigo-tracker user.debug sqlite: got carrier
Feb 29 10:51:36 indigo-tracker user.debug sender: send success
Feb 29 10:51:37 indigo-tracker user.debug sender: nothing to send, continuing
Feb 29 10:51:38 indigo-tracker user.debug sqlite: movement stop
Feb 29 10:51:38 indigo-tracker user.debug sqlite: saving initial point
Feb 29 10:51:39 indigo-tracker user.debug sender: send success
Feb 29 10:51:40 indigo-tracker user.debug sender: nothing to send, continuing
Feb 29 10:52:01 indigo-tracker cron.info crond[421]: crond: USER root pid 755 cmd /etc/cron/check_updates.sh
Feb 29 10:52:38 indigo-tracker user.debug sqlite: sending keepalive
Feb 29 10:52:40 indigo-tracker user.debug sender: send success
Feb 29 10:52:41 indigo-tracker user.debug sender: nothing to send, continuing
Feb 29 10:53:01 indigo-tracker cron.info crond[421]: crond: USER root pid 773 cmd /etc/cron/check_updates.sh
Feb 29 10:54:01 indigo-tracker cron.info crond[421]: crond: USER root pid 787 cmd /etc/cron/check_updates.sh
Feb 29 10:54:39 indigo-tracker user.debug sqlite: sending keepalive
Feb 29 10:54:41 indigo-tracker user.debug sender: send success
Feb 29 10:54:42 indigo-tracker user.debug sender: nothing to send, continuing
Feb 29 10:55:01 indigo-tracker cron.info crond[421]: crond: USER root pid 805 cmd /etc/cron/check_updates.sh
Feb 29 10:56:01 indigo-tracker cron.info crond[421]: crond: USER root pid 820 cmd /etc/cron/check_updates.sh
Feb 29 10:57:01 indigo-tracker cron.info crond[421]: crond: USER root pid 834 cmd /etc/cron/check_updates.sh
Feb 29 10:57:50 indigo-tracker user.debug sqlite: movement start
Feb 29 10:57:51 indigo-tracker user.debug sender: send success
Feb 29 10:57:52 indigo-tracker user.debug sender: nothing to send, continuing
Feb 29 10:58:00 indigo-tracker user.debug sqlite: movement stop
Feb 29 10:58:01 indigo-tracker cron.info crond[421]: crond: USER root pid 856 cmd /etc/cron/check_updates.sh
Feb 29 10:58:02 indigo-tracker user.debug sender: send success
Feb 29 10:58:03 indigo-tracker user.debug sender: nothing to send, continuing
Feb 29 10:59:00 indigo-tracker user.debug sqlite: sending keepalive
Feb 29 10:59:01 indigo-tracker cron.info crond[421]: crond: USER root pid 874 cmd /etc/cron/check_updates.sh
Feb 29 10:59:02 indigo-tracker user.debug sender: send success
Feb 29 10:59:03 indigo-tracker user.debug sender: nothing to send, continuing
Feb 29 11:00:01 indigo-tracker cron.info crond[421]: crond: USER root pid 888 cmd /etc/cron/check_pppd
Feb 29 11:00:02 indigo-tracker cron.info crond[421]: crond: USER root pid 889 cmd /etc/cron/check_updates.sh
Feb 29 11:00:03 indigo-tracker user.notice root: pppd ok, 8.8.8.8 pingable
Feb 29 11:00:44 indigo-tracker daemon.info init: starting pid 904, tty '/dev/null': '/etc/init.d/shutdown'
Feb 29 11:00:44 indigo-tracker user.notice root: mjpeg-streamer stopped
Feb 29 11:00:44 indigo-tracker user.debug sqlite: exiting by signal 15
Feb 29 11:00:44 indigo-tracker user.debug sqlite: gps finished ok
Feb 29 11:00:44 indigo-tracker user.debug sqlite: gpsdb closed ok
Feb 29 11:00:44 indigo-tracker user.notice root: gpsreader stopped
Feb 29 11:00:44 indigo-tracker user.debug sqlite: exiting by signal 15
Feb 29 11:00:44 indigo-tracker user.notice root: people stopped
Feb 29 11:00:45 indigo-tracker user.notice root: sender stopped
Feb 29 11:00:45 indigo-tracker daemon.err openvpn[640]: event_wait : Interrupted system call (code=4)
Feb 29 11:00:45 indigo-tracker daemon.notice openvpn[640]: TCP/UDP: Closing socket
Feb 29 11:00:45 indigo-tracker daemon.notice openvpn[640]: Closing TUN/TAP interface
Feb 29 11:00:45 indigo-tracker daemon.notice openvpn[640]: /sbin/ifconfig tun0 0.0.0.0
Feb 29 11:00:45 indigo-tracker daemon.notice openvpn[640]: /etc/openvpn/vpn-down tun0 1500 1544 10.1.0.4 255.255.255.0 init
Feb 29 11:00:45 indigo-tracker daemon.notice openvpn[640]: SIGTERM[hard,] received, process exiting
Feb 29 11:00:45 indigo-tracker daemon.info pppd[439]: Terminating on signal 15
Feb 29 11:00:45 indigo-tracker daemon.info pppd[439]: Connect time 22174979.8 minutes.
Feb 29 11:00:45 indigo-tracker daemon.info pppd[439]: Sent 24705 bytes, received 25302 bytes.
Feb 29 11:00:45 indigo-tracker daemon.debug pppd[439]: Script /etc/ppp/ip-down started (pid 933)
Feb 29 11:00:45 indigo-tracker daemon.debug pppd[439]: sent [LCP TermReq id=0x3 "User request"]
Feb 29 11:00:45 indigo-tracker daemon.debug pppd[439]: rcvd [LCP TermAck id=0x3]
Feb 29 11:00:45 indigo-tracker daemon.notice pppd[439]: Connection terminated.
Feb 29 11:00:45 indigo-tracker daemon.debug pppd[439]: Script /etc/ppp/peers/gprs-disconnect-chat finished (pid 936), status = 0x7f
Feb 29 11:00:45 indigo-tracker daemon.warn pppd[439]: disconnect script failed
Feb 29 11:00:45 indigo-tracker daemon.debug pppd[439]: Script /etc/ppp/ip-down finished (pid 933), status = 0x0
Feb 29 11:00:45 indigo-tracker daemon.info pppd[439]: Exit.
Feb 29 11:00:46 indigo-tracker user.debug sysdaemon-dbus: flash remove
Feb 29 11:00:51 indigo-tracker daemon.info init: starting pid 960, tty '/dev/null': '/usr/bin/killall klogd'
Feb 29 11:00:51 indigo-tracker user.notice root: PPPd is starting
Feb 29 11:00:51 indigo-tracker daemon.info init: starting pid 962, tty '/dev/null': '/usr/bin/killall syslogd'
Feb 29 11:00:51 indigo-tracker daemon.notice pppd[965]: pppd 2.4.5 started by root, uid 0
Feb 29 11:00:51 indigo-tracker syslog.info syslogd exiting
Jan  1 03:00:11 indigo-tracker syslog.info syslogd started: BusyBox v1.18.3
Jan  1 03:00:11 indigo-tracker user.notice kernel: klogd started: BusyBox v1.18.3 (2011-03-29 18:29:13 MSD)
Jan  1 03:00:11 indigo-tracker user.notice kernel: Linux version 3.2.0+ (yury@debian-dev-vm) (gcc version 4.4.5 (indigo-ct-ng) ) #177 Fri Feb 17 14:07:48 MSK 2012
Jan  1 03:00:11 indigo-tracker user.warn kernel: CPU: ARM926EJ-S [41069265] revision 5 (ARMv5TEJ), cr=00053177
Jan  1 03:00:11 indigo-tracker user.warn kernel: CPU: VIVT data cache, VIVT instruction cache
Jan  1 03:00:11 indigo-tracker user.warn kernel: Machine: Indigo Tracker
Jan  1 03:00:11 indigo-tracker user.warn kernel: Memory policy: ECC disabled, Data cache writeback
Jan  1 03:00:11 indigo-tracker user.info kernel: AT91: Detected soc type: at91sam9260
Jan  1 03:00:11 indigo-tracker user.info kernel: AT91: Detected soc subtype: Unknown
Jan  1 03:00:11 indigo-tracker user.info kernel: AT91: sram at 0x200000 of 0x1000 mapped at 0xfef77000
Jan  1 03:00:11 indigo-tracker user.info kernel: AT91: sram at 0x300000 of 0x1000 mapped at 0xfef76000
Jan  1 03:00:11 indigo-tracker user.debug kernel: On node 0 totalpages: 16384
Jan  1 03:00:11 indigo-tracker user.debug kernel: free_area_init_node: node 0, pgdat c036d7d0, node_mem_map c037e000
Jan  1 03:00:11 indigo-tracker user.debug kernel:   Normal zone: 128 pages used for memmap
Jan  1 03:00:11 indigo-tracker user.debug kernel:   Normal zone: 0 pages reserved
Jan  1 03:00:11 indigo-tracker user.debug kernel:   Normal zone: 16256 pages, LIFO batch:3
Jan  1 03:00:11 indigo-tracker user.warn kernel: Clocks: CPU 150 MHz, master 75 MHz, main 12.000 MHz
Jan  1 03:00:11 indigo-tracker user.debug kernel: pcpu-alloc: s0 r0 d32768 u32768 alloc=1*32768
Jan  1 03:00:11 indigo-tracker user.debug kernel: pcpu-alloc: [0] 0 
Jan  1 03:00:11 indigo-tracker user.warn kernel: Built 1 zonelists in Zone order, mobility grouping on.  Total pages: 16256
Jan  1 03:00:11 indigo-tracker user.notice kernel: Kernel command line: console=ttyS0,115200 cachepolicy=writeback root=/dev/mtdblock1
Jan  1 03:00:11 indigo-tracker user.info kernel: PID hash table entries: 256 (order: -2, 1024 bytes)
Jan  1 03:00:11 indigo-tracker user.info kernel: Dentry cache hash table entries: 8192 (order: 3, 32768 bytes)
Jan  1 03:00:11 indigo-tracker user.info kernel: Inode-cache hash table entries: 4096 (order: 2, 16384 bytes)
Jan  1 03:00:11 indigo-tracker user.info kernel: Memory: 64MB = 64MB total
Jan  1 03:00:11 indigo-tracker user.notice kernel: Memory: 61356k/61356k available, 4180k reserved, 0K highmem
Jan  1 03:00:11 indigo-tracker user.notice kernel: Virtual kernel memory layout:
Jan  1 03:00:11 indigo-tracker user.notice kernel:     vector  : 0xffff0000 - 0xffff1000   (   4 kB)
Jan  1 03:00:11 indigo-tracker user.notice kernel:     fixmap  : 0xfff00000 - 0xfffe0000   ( 896 kB)
Jan  1 03:00:11 indigo-tracker user.notice kernel:     vmalloc : 0xc4800000 - 0xfee00000   ( 934 MB)
Jan  1 03:00:11 indigo-tracker user.notice kernel:     lowmem  : 0xc0000000 - 0xc4000000   (  64 MB)
Jan  1 03:00:11 indigo-tracker user.notice kernel:     modules : 0xbf000000 - 0xc0000000   (  16 MB)
Jan  1 03:00:11 indigo-tracker user.notice kernel:       .text : 0xc0008000 - 0xc0324000   (3184 kB)
Jan  1 03:00:11 indigo-tracker user.notice kernel:       .init : 0xc0324000 - 0xc0341000   ( 116 kB)
Jan  1 03:00:11 indigo-tracker user.notice kernel:       .data : 0xc0342000 - 0xc036dfa0   ( 176 kB)
Jan  1 03:00:11 indigo-tracker user.notice kernel:        .bss : 0xc036dfc4 - 0xc037d1c8   (  61 kB)
Jan  1 03:00:11 indigo-tracker user.info kernel: NR_IRQS:192
Jan  1 03:00:11 indigo-tracker user.info kernel: AT91: 96 gpio irqs in 3 banks
Jan  1 03:00:11 indigo-tracker user.info kernel: Console: colour dummy device 80x30
Jan  1 03:00:11 indigo-tracker user.info kernel: Calibrating delay loop... 74.54 BogoMIPS (lpj=372736)
Jan  1 03:00:11 indigo-tracker user.info kernel: pid_max: default: 32768 minimum: 301
Jan  1 03:00:11 indigo-tracker user.info kernel: Mount-cache hash table entries: 512
Jan  1 03:00:11 indigo-tracker user.info kernel: CPU: Testing write buffer coherency: ok
Jan  1 03:00:11 indigo-tracker user.info kernel: NET: Registered protocol family 16
Jan  1 03:00:11 indigo-tracker user.err kernel: adding device EB-500 GPS
Jan  1 03:00:11 indigo-tracker user.err kernel: indigo gpioperiph: gps peripheral EB-500 GPS added
Jan  1 03:00:11 indigo-tracker user.err kernel: adding device Sim900D GSM
Jan  1 03:00:11 indigo-tracker user.err kernel: creating command 4
Jan  1 03:00:11 indigo-tracker user.err kernel: indigo gpioperiph: gsm peripheral Sim900D GSM added
Jan  1 03:00:11 indigo-tracker user.err kernel: adding device LM-something
Jan  1 03:00:11 indigo-tracker user.err kernel: indigo gpioperiph: power peripheral LM-something added
Jan  1 03:00:11 indigo-tracker user.info kernel: bio: create slab <bio-0> at 0
Jan  1 03:00:11 indigo-tracker user.notice kernel: SCSI subsystem initialized
Jan  1 03:00:11 indigo-tracker user.info kernel: usbcore: registered new interface driver usbfs
Jan  1 03:00:11 indigo-tracker user.info kernel: usbcore: registered new interface driver hub
Jan  1 03:00:11 indigo-tracker user.info kernel: usbcore: registered new device driver usb
Jan  1 03:00:11 indigo-tracker user.info kernel: Advanced Linux Sound Architecture Driver Version 1.0.24.
Jan  1 03:00:11 indigo-tracker user.info kernel: Switching to clocksource pit
Jan  1 03:00:11 indigo-tracker user.info kernel: NET: Registered protocol family 2
Jan  1 03:00:11 indigo-tracker user.info kernel: IP route cache hash table entries: 1024 (order: 0, 4096 bytes)
Jan  1 03:00:11 indigo-tracker user.info kernel: TCP established hash table entries: 2048 (order: 2, 16384 bytes)
Jan  1 03:00:11 indigo-tracker user.info kernel: TCP bind hash table entries: 2048 (order: 1, 8192 bytes)
Jan  1 03:00:11 indigo-tracker user.info kernel: TCP: Hash tables configured (established 2048 bind 2048)
Jan  1 03:00:11 indigo-tracker user.info kernel: TCP reno registered
Jan  1 03:00:11 indigo-tracker user.info kernel: UDP hash table entries: 256 (order: 0, 4096 bytes)
Jan  1 03:00:11 indigo-tracker user.info kernel: UDP-Lite hash table entries: 256 (order: 0, 4096 bytes)
Jan  1 03:00:11 indigo-tracker user.info kernel: NET: Registered protocol family 1
Jan  1 03:00:11 indigo-tracker user.debug kernel: yaffs: yaffs built Jan 23 2012 18:16:47 Installing.
Jan  1 03:00:11 indigo-tracker user.info kernel: msgmni has been set to 119
Jan  1 03:00:11 indigo-tracker user.info kernel: io scheduler noop registered (default)
Jan  1 03:00:11 indigo-tracker user.info kernel: io scheduler deadline registered
Jan  1 03:00:11 indigo-tracker user.info kernel: atmel_usart.0: ttyS0 at MMIO 0xfffff200 (irq = 1) is a ATMEL_SERIAL
Jan  1 03:00:11 indigo-tracker user.info kernel: console [ttyS0] enabled
Jan  1 03:00:11 indigo-tracker user.info kernel: atmel_usart.1: ttyS1 at MMIO 0xfffb0000 (irq = 6) is a ATMEL_SERIAL
Jan  1 03:00:11 indigo-tracker user.info kernel: atmel_usart.2: ttyS2 at MMIO 0xfffb4000 (irq = 7) is a ATMEL_SERIAL
Jan  1 03:00:11 indigo-tracker user.info kernel: brd: module loaded
Jan  1 03:00:11 indigo-tracker user.info kernel: loop: module loaded
Jan  1 03:00:11 indigo-tracker user.info kernel: atmel_nand atmel_nand: No DMA support for NAND access.
Jan  1 03:00:11 indigo-tracker user.info kernel: NAND device: Manufacturer ID: 0xec, Chip ID: 0xda (Samsung NAND 256MiB 3,3V 8-bit)
Jan  1 03:00:11 indigo-tracker user.info kernel: Scanning device for bad blocks
Jan  1 03:00:11 indigo-tracker user.warn kernel: Bad eraseblock 348 at 0x000002b80000
Jan  1 03:00:11 indigo-tracker user.warn kernel: Bad eraseblock 374 at 0x000002ec0000
Jan  1 03:00:11 indigo-tracker user.warn kernel: Bad eraseblock 375 at 0x000002ee0000
Jan  1 03:00:11 indigo-tracker user.warn kernel: Bad eraseblock 578 at 0x000004840000
Jan  1 03:00:11 indigo-tracker user.warn kernel: Bad eraseblock 664 at 0x000005300000
Jan  1 03:00:11 indigo-tracker user.warn kernel: Bad eraseblock 1060 at 0x000008480000
Jan  1 03:00:11 indigo-tracker user.warn kernel: Bad eraseblock 1120 at 0x000008c00000
Jan  1 03:00:11 indigo-tracker user.warn kernel: Bad eraseblock 1399 at 0x00000aee0000
Jan  1 03:00:11 indigo-tracker user.warn kernel: Bad eraseblock 1602 at 0x00000c840000
Jan  1 03:00:11 indigo-tracker user.warn kernel: Bad eraseblock 1688 at 0x00000d300000
Jan  1 03:00:11 indigo-tracker user.warn kernel: Bad eraseblock 1696 at 0x00000d400000
Jan  1 03:00:11 indigo-tracker user.warn kernel: Bad eraseblock 1697 at 0x00000d420000
Jan  1 03:00:11 indigo-tracker user.notice kernel: Creating 2 MTD partitions on "atmel_nand":
Jan  1 03:00:11 indigo-tracker user.notice kernel: 0x000000000000-0x000000800000 : "Images"
Jan  1 03:00:11 indigo-tracker user.notice kernel: 0x000000800000-0x000010000000 : "Storage Partition"
Jan  1 03:00:11 indigo-tracker user.info kernel: tun: Universal TUN/TAP device driver, 1.6
Jan  1 03:00:11 indigo-tracker user.info kernel: tun: (C) 1999-2004 Max Krasnyansky <maxk@qualcomm.com>
Jan  1 03:00:11 indigo-tracker user.info kernel: PPP generic driver version 2.4.2
Jan  1 03:00:11 indigo-tracker user.info kernel: PPP BSD Compression module registered
Jan  1 03:00:11 indigo-tracker cron.notice atd[583]: Removing stale lockfile for pid 583
Jan  1 03:00:11 indigo-tracker user.info kernel: PPP Deflate Compression module registered
Jan  1 03:00:11 indigo-tracker user.info kernel: PPP MPPE Compression module registered
Jan  1 03:00:11 indigo-tracker user.info kernel: NET: Registered protocol family 24
Jan  1 03:00:11 indigo-tracker user.info kernel: ohci_hcd: USB 1.1 'Open' Host Controller (OHCI) Driver
Jan  1 03:00:12 indigo-tracker user.info kernel: at91_ohci at91_ohci: AT91 OHCI
Jan  1 03:00:12 indigo-tracker user.info kernel: at91_ohci at91_ohci: new USB bus registered, assigned bus number 1
Jan  1 03:00:12 indigo-tracker user.info kernel: at91_ohci at91_ohci: irq 20, io mem 0x00500000
Jan  1 03:00:12 indigo-tracker user.info kernel: usb usb1: New USB device found, idVendor=1d6b, idProduct=0001
Jan  1 03:00:12 indigo-tracker user.info kernel: usb usb1: New USB device strings: Mfr=3, Product=2, SerialNumber=1
Jan  1 03:00:12 indigo-tracker user.info kernel: usb usb1: Product: AT91 OHCI
Jan  1 03:00:12 indigo-tracker user.info kernel: usb usb1: Manufacturer: Linux 3.2.0+ ohci_hcd
Jan  1 03:00:12 indigo-tracker user.info kernel: usb usb1: SerialNumber: at91
Jan  1 03:00:12 indigo-tracker user.info kernel: hub 1-0:1.0: USB hub found
Jan  1 03:00:12 indigo-tracker user.info kernel: hub 1-0:1.0: 2 ports detected
Jan  1 03:00:12 indigo-tracker user.info kernel: Initializing USB Mass Storage driver...
Jan  1 03:00:12 indigo-tracker user.info kernel: usbcore: registered new interface driver usb-storage
Jan  1 03:00:12 indigo-tracker user.info kernel: USB Mass Storage support registered.
Jan  1 03:00:12 indigo-tracker user.info kernel: rtc-at91sam9 at91_rtt.0: rtc core: registered at91_rtt as rtc0
Jan  1 03:00:12 indigo-tracker user.warn kernel: rtc-at91sam9 at91_rtt.0: rtc0: SET TIME!
Jan  1 03:00:12 indigo-tracker user.info kernel: Linux video capture interface: v2.00
Jan  1 03:00:12 indigo-tracker user.info kernel: usbcore: registered new interface driver uvcvideo
Jan  1 03:00:12 indigo-tracker user.info kernel: USB Video Class driver (1.1.1)
Jan  1 03:00:12 indigo-tracker user.info kernel: AT91SAM9 Watchdog enabled (heartbeat=15 sec, nowayout=0)
Jan  1 03:00:12 indigo-tracker user.info kernel: usbcore: registered new interface driver snd-usb-audio
Jan  1 03:00:12 indigo-tracker user.info kernel: ALSA device list:
Jan  1 03:00:12 indigo-tracker user.info kernel:   No soundcards found.
Jan  1 03:00:12 indigo-tracker user.info kernel: TCP cubic registered
Jan  1 03:00:12 indigo-tracker user.info kernel: NET: Registered protocol family 17
Jan  1 03:00:12 indigo-tracker user.err kernel: rtc-at91sam9 at91_rtt.0: hctosys: unable to read the hardware clock
Jan  1 03:00:12 indigo-tracker user.info kernel: atmel_mci atmel_mci: version: 0x210
Jan  1 03:00:12 indigo-tracker user.info kernel: atmel_mci atmel_mci: using PDC
Jan  1 03:00:12 indigo-tracker user.info kernel: atmel_mci atmel_mci: Atmel MCI controller at 0xfffa8000 irq 9, 1 slots
Jan  1 03:00:12 indigo-tracker user.info kernel: yaffs: dev is 32505857 name is "mtdblock1" rw
Jan  1 03:00:12 indigo-tracker user.info kernel: yaffs: passed flags ""
Jan  1 03:00:12 indigo-tracker user.debug kernel: yaffs: yaffs: Attempting MTD mount of 31.1,"mtdblock1"
Jan  1 03:00:12 indigo-tracker user.debug kernel: yaffs: auto selecting yaffs2
Jan  1 03:00:12 indigo-tracker user.debug kernel: yaffs: yaffs_read_super: is_checkpointed 1
Jan  1 03:00:12 indigo-tracker user.info kernel: VFS: Mounted root (yaffs filesystem) on device 31:1.
Jan  1 03:00:12 indigo-tracker user.info kernel: Freeing init memory: 116K
Jan  1 03:00:12 indigo-tracker user.warn kernel: Disabling lock debugging due to kernel taint
Jan  1 03:00:12 indigo-tracker user.alert kernel: system revision is 2
Jan  1 03:00:12 indigo-tracker user.alert kernel: piopins: with filter
Jan  1 03:00:12 indigo-tracker user.warn kernel: piopins: system time doesn't seem to be true, will not flush anything
Jan  1 03:00:12 indigo-tracker user.err kernel: creating command 4
Jan  1 03:00:14 indigo-tracker auth.info login[574]: root login on 'ttyS0'
Jan  1 03:00:29 indigo-tracker local2.err chat[445]: SIGTERM
Jan  1 03:00:29 indigo-tracker daemon.warn pppd[441]: Child process chat -v -f /etc/ppp/chatscripts/megafon-connect (pid 443) terminated with signal 15
Jan  1 03:00:29 indigo-tracker daemon.err pppd[441]: Connect script failed
Jan  1 03:00:29 indigo-tracker daemon.info pppd[441]: Exit.
Jan  1 03:01:01 indigo-tracker cron.info crond[421]: crond: USER root pid 601 cmd /etc/cron/check_updates.sh
Jan  1 03:02:01 indigo-tracker cron.info crond[421]: crond: USER root pid 603 cmd /etc/cron/check_updates.sh
Jan  1 03:03:01 indigo-tracker cron.info crond[421]: crond: USER root pid 605 cmd /etc/cron/check_updates.sh
Jan  1 03:04:01 indigo-tracker cron.info crond[421]: crond: USER root pid 607 cmd /etc/cron/check_updates.sh
Jan  1 03:05:01 indigo-tracker cron.info crond[421]: crond: USER root pid 609 cmd /etc/cron/check_updates.sh
Jan  1 03:05:02 indigo-tracker cron.info crond[421]: crond: USER root pid 610 cmd /etc/cron/rotate_video.sh
Jan  1 03:05:02 indigo-tracker user.notice root: no flash drive to rotate video on
Jan  1 03:05:48 indigo-tracker user.notice root: PPPd is starting
Jan  1 03:05:48 indigo-tracker daemon.notice pppd[631]: pppd 2.4.5 started by root, uid 0
Jan  1 03:05:48 indigo-tracker local2.info chat[634]: abort on (BUSY)
Jan  1 03:05:48 indigo-tracker local2.info chat[634]: abort on (ERROR)
Jan  1 03:05:48 indigo-tracker local2.info chat[634]: abort on (UNDER-VOLTAGE WARNNING)
Jan  1 03:05:48 indigo-tracker local2.info chat[634]: send (ATZ^M)
Jan  1 03:05:48 indigo-tracker local2.info chat[634]: timeout set to 12 seconds
Jan  1 03:05:48 indigo-tracker local2.info chat[634]: expect (OK)
Jan  1 03:05:48 indigo-tracker local2.info chat[634]: ATZ^M^M
Jan  1 03:05:48 indigo-tracker local2.info chat[634]: OK
Jan  1 03:05:48 indigo-tracker local2.info chat[634]:  -- got it
Jan  1 03:05:48 indigo-tracker local2.info chat[634]: send (AT+CGDCONT=1,"IP","internet"^M)
Jan  1 03:05:48 indigo-tracker user.notice root: PPPd started
Jan  1 03:05:48 indigo-tracker local2.info chat[634]: timeout set to 45 seconds
Jan  1 03:05:48 indigo-tracker local2.info chat[634]: expect (OK)
Jan  1 03:05:48 indigo-tracker local2.info chat[634]: ^M
Jan  1 03:05:48 indigo-tracker local2.info chat[634]: AT+CGDCONT=1,"IP","internet"^M^M
Jan  1 03:05:48 indigo-tracker local2.info chat[634]: OK
Jan  1 03:05:48 indigo-tracker local2.info chat[634]:  -- got it
Jan  1 03:05:48 indigo-tracker local2.info chat[634]: send (ATD*99#^M)
Jan  1 03:05:49 indigo-tracker local2.info chat[634]: expect (CONNECT)
Jan  1 03:05:49 indigo-tracker local2.info chat[634]: ^M
Jan  1 03:05:49 indigo-tracker local2.info chat[634]: ATD*99#^M^M
Jan  1 03:05:49 indigo-tracker local2.info chat[634]: CONNECT
Jan  1 03:05:49 indigo-tracker local2.info chat[634]:  -- got it
Jan  1 03:05:49 indigo-tracker local2.info chat[634]: send (^M)
Jan  1 03:05:49 indigo-tracker daemon.debug pppd[631]: Script chat -v -f /etc/ppp/chatscripts/megafon-connect finished (pid 633), status = 0x0
Jan  1 03:05:49 indigo-tracker daemon.info pppd[631]: Serial connection established.
Jan  1 03:05:49 indigo-tracker daemon.debug pppd[631]: using channel 1
Jan  1 03:05:49 indigo-tracker daemon.info pppd[631]: Using interface ppp0
Jan  1 03:05:49 indigo-tracker daemon.notice pppd[631]: Connect: ppp0 <--> /dev/ttyS1
Jan  1 03:05:50 indigo-tracker daemon.warn pppd[631]: Warning - secret file /etc/ppp/pap-secrets has world and/or group access
Jan  1 03:05:50 indigo-tracker daemon.debug pppd[631]: sent [LCP ConfReq id=0x1 <asyncmap 0x0> <magic 0x686dd897>]
Jan  1 03:05:50 indigo-tracker daemon.debug pppd[631]: rcvd [LCP ConfReq id=0x1 <asyncmap 0xa0000> <auth pap>]
Jan  1 03:05:50 indigo-tracker daemon.debug pppd[631]: No auth is possible
Jan  1 03:05:50 indigo-tracker daemon.debug pppd[631]: sent [LCP ConfRej id=0x1 <auth pap>]
Jan  1 03:05:50 indigo-tracker daemon.debug pppd[631]: rcvd [LCP ConfRej id=0x1 <magic 0x686dd897>]
Jan  1 03:05:50 indigo-tracker daemon.debug pppd[631]: sent [LCP ConfReq id=0x2 <asyncmap 0x0>]
Jan  1 03:05:50 indigo-tracker daemon.debug pppd[631]: rcvd [LCP ConfReq id=0x2 <asyncmap 0xa0000> <auth chap MD5>]
Jan  1 03:05:50 indigo-tracker daemon.debug pppd[631]: No auth is possible
Jan  1 03:05:50 indigo-tracker daemon.debug pppd[631]: sent [LCP ConfRej id=0x2 <auth chap MD5>]
Jan  1 03:05:50 indigo-tracker daemon.debug pppd[631]: rcvd [LCP ConfAck id=0x2 <asyncmap 0x0>]
Jan  1 03:05:50 indigo-tracker daemon.debug pppd[631]: rcvd [LCP ConfReq id=0x3 <asyncmap 0xa0000>]
Jan  1 03:05:50 indigo-tracker daemon.debug pppd[631]: sent [LCP ConfAck id=0x3 <asyncmap 0xa0000>]
Jan  1 03:05:50 indigo-tracker daemon.debug pppd[631]: sent [IPCP ConfReq id=0x1 <addr 0.0.0.0>]
Jan  1 03:05:53 indigo-tracker daemon.debug pppd[631]: sent [IPCP ConfReq id=0x1 <addr 0.0.0.0>]
Jan  1 03:05:56 indigo-tracker daemon.debug pppd[631]: sent [IPCP ConfReq id=0x1 <addr 0.0.0.0>]
Jan  1 03:05:56 indigo-tracker daemon.debug pppd[631]: rcvd [IPCP ConfReq id=0x1 <addr 192.200.1.21>]
Jan  1 03:05:56 indigo-tracker daemon.debug pppd[631]: sent [IPCP ConfAck id=0x1 <addr 192.200.1.21>]
Jan  1 03:05:56 indigo-tracker daemon.debug pppd[631]: rcvd [IPCP ConfNak id=0x1 <addr 10.228.71.123>]
Jan  1 03:05:56 indigo-tracker daemon.debug pppd[631]: sent [IPCP ConfReq id=0x2 <addr 10.228.71.123>]
Jan  1 03:05:56 indigo-tracker daemon.debug pppd[631]: rcvd [IPCP ConfAck id=0x2 <addr 10.228.71.123>]
Jan  1 03:05:56 indigo-tracker daemon.notice pppd[631]: local  IP address 10.228.71.123
Jan  1 03:05:56 indigo-tracker daemon.notice pppd[631]: remote IP address 192.200.1.21
Jan  1 03:05:56 indigo-tracker daemon.debug pppd[631]: Script /etc/ppp/ip-up started (pid 640)
Jan  1 03:05:56 indigo-tracker user.notice root: Trying to get system time over ntp
Jan  1 03:05:56 indigo-tracker daemon.notice ntpdate[644]: ntpdate 4.2.6p3@1.2290 Sun Feb 20 22:12:26 UTC 2011 (1)
Jan  1 03:06:01 indigo-tracker cron.info crond[421]: crond: USER root pid 647 cmd /etc/cron/check_updates.sh
Feb 29 11:11:26 indigo-tracker daemon.notice ntpdate[644]: step time server 62.76.96.10 offset 1330499118.472656 sec
Feb 29 11:11:26 indigo-tracker user.notice root: Playing ntp started
Feb 29 11:11:26 indigo-tracker user.notice root: sender started
Feb 29 11:11:26 indigo-tracker user.notice root: gpsreader started
Feb 29 11:11:27 indigo-tracker user.notice root: people started
Feb 29 11:11:27 indigo-tracker user.debug sender: using uuid 108e154c-6069-4489-aa77-61e929938088
Feb 29 11:11:27 indigo-tracker user.debug sqlite: gps connected ok
Feb 29 11:11:29 indigo-tracker user.debug sqlite: gpsdb started ok
Feb 29 11:11:29 indigo-tracker user.debug sqlite: gps created
Feb 29 11:11:29 indigo-tracker daemon.notice openvpn[668]: OpenVPN 2.1.4 arm-linux [SSL] [LZO2] [EPOLL] built on Feb 21 2011
Feb 29 11:11:29 indigo-tracker daemon.warn openvpn[668]: NOTE: the current --script-security setting may allow this configuration to call user-defined scripts
Feb 29 11:11:29 indigo-tracker daemon.notice openvpn[668]: LZO compression initialized
Feb 29 11:11:29 indigo-tracker daemon.notice openvpn[668]: Control Channel MTU parms [ L:1544 D:140 EF:40 EB:0 ET:0 EL:0 ]
Feb 29 11:11:29 indigo-tracker daemon.notice openvpn[668]: Socket Buffers: R=[87380->131072] S=[16384->131072]
Feb 29 11:11:29 indigo-tracker cron.err crond[421]: time disparity of 22174985 minutes detected
Feb 29 11:11:29 indigo-tracker daemon.notice openvpn[668]: Data Channel MTU parms [ L:1544 D:1450 EF:44 EB:135 ET:0 EL:0 AF:3/1 ]
Feb 29 11:11:29 indigo-tracker daemon.notice openvpn[677]: Attempting to establish TCP connection with 72.249.145.165:1195 [nonblock]
Feb 29 11:11:30 indigo-tracker daemon.notice openvpn[677]: TCP connection established with 72.249.145.165:1195
Feb 29 11:11:30 indigo-tracker daemon.notice openvpn[677]: TCPv4_CLIENT link local: [undef]
Feb 29 11:11:30 indigo-tracker daemon.notice openvpn[677]: TCPv4_CLIENT link remote: 72.249.145.165:1195
Feb 29 11:11:31 indigo-tracker user.debug sender: send success
Feb 29 11:11:31 indigo-tracker daemon.notice openvpn[677]: TLS: Initial packet from 72.249.145.165:1195, sid=4a1b3a68 5cd198c8
Feb 29 11:11:32 indigo-tracker user.debug sender: nothing to send, continuing
Feb 29 11:11:33 indigo-tracker user.notice root: mjpeg-streamer started
Feb 29 11:11:33 indigo-tracker user.info MJPG-streamer [684]: starting application
Feb 29 11:11:33 indigo-tracker user.info MJPG-streamer [684]: MJPG Streamer Version: svn rev: exported
Feb 29 11:11:34 indigo-tracker user.debug sqlite: got carrier
Feb 29 11:11:34 indigo-tracker user.notice root: Current time is valid
Feb 29 11:11:34 indigo-tracker user.info MJPG-streamer [684]: Using V4L2 device.: /dev/video0
Feb 29 11:11:34 indigo-tracker user.info MJPG-streamer [684]: Desired Resolution: 640 x 480
Feb 29 11:11:34 indigo-tracker user.info MJPG-streamer [684]: Frames Per Second.: 10
Feb 29 11:11:34 indigo-tracker user.info MJPG-streamer [684]: Format............: MJPEG
Feb 29 11:11:34 indigo-tracker user.info MJPG-streamer [684]: init_VideoIn failed
Feb 29 11:11:34 indigo-tracker daemon.debug pppd[631]: Script /etc/ppp/ip-up finished (pid 640), status = 0x0
Feb 29 11:11:35 indigo-tracker user.debug sender: send success
Feb 29 11:11:36 indigo-tracker user.debug sender: nothing to send, continuing
Feb 29 11:11:39 indigo-tracker user.debug sqlite: movement stop
Feb 29 11:11:39 indigo-tracker user.debug sqlite: saving initial point
Feb 29 11:11:41 indigo-tracker user.debug sender: send success
Feb 29 11:11:42 indigo-tracker user.debug sender: nothing to send, continuing
Feb 29 11:11:44 indigo-tracker daemon.notice openvpn[677]: VERIFY OK: depth=1, /C=RU/ST=Rostov/L=Taganrog/O=Indigo_Systems__Ltd/OU=Devices/CN=devices-vpn/name=devices-vpn/emailAddress=yury@indigosystem.ru
Feb 29 11:11:44 indigo-tracker daemon.notice openvpn[677]: VERIFY OK: nsCertType=SERVER
Feb 29 11:11:44 indigo-tracker daemon.notice openvpn[677]: VERIFY OK: depth=0, /C=RU/ST=Rostov/L=Taganrog/O=Indigo_Systems__Ltd/OU=Devices/CN=devices-vpn-server/name=devices-vpn-server/emailAddress=yury@indigosystem.ru
Feb 29 11:12:01 indigo-tracker cron.info crond[421]: crond: USER root pid 707 cmd /etc/cron/check_updates.sh
Feb 29 11:12:06 indigo-tracker daemon.notice openvpn[677]: Data Channel Encrypt: Cipher 'BF-CBC' initialized with 128 bit key
Feb 29 11:12:06 indigo-tracker daemon.notice openvpn[677]: Data Channel Encrypt: Using 160 bit message hash 'SHA1' for HMAC authentication
Feb 29 11:12:06 indigo-tracker daemon.notice openvpn[677]: Data Channel Decrypt: Cipher 'BF-CBC' initialized with 128 bit key
Feb 29 11:12:06 indigo-tracker daemon.notice openvpn[677]: Data Channel Decrypt: Using 160 bit message hash 'SHA1' for HMAC authentication
Feb 29 11:12:06 indigo-tracker daemon.notice openvpn[677]: Control Channel: TLSv1, cipher TLSv1/SSLv3 DHE-RSA-AES256-SHA, 1024 bit RSA
Feb 29 11:12:06 indigo-tracker daemon.notice openvpn[677]: [devices-vpn-server] Peer Connection Initiated with 72.249.145.165:1195
Feb 29 11:12:08 indigo-tracker daemon.notice openvpn[677]: SENT CONTROL [devices-vpn-server]: 'PUSH_REQUEST' (status=1)
Feb 29 11:12:10 indigo-tracker daemon.notice openvpn[677]: PUSH: Received control message: 'PUSH_REPLY,route-gateway 10.1.0.1,topology subnet,ping 120,ping-restart 1200,ifconfig 10.1.0.4 255.255.255.0'
Feb 29 11:12:10 indigo-tracker daemon.notice openvpn[677]: OPTIONS IMPORT: timers and/or timeouts modified
Feb 29 11:12:10 indigo-tracker daemon.notice openvpn[677]: OPTIONS IMPORT: --ifconfig/up options modified
Feb 29 11:12:10 indigo-tracker daemon.notice openvpn[677]: OPTIONS IMPORT: route-related options modified
Feb 29 11:12:10 indigo-tracker daemon.notice openvpn[677]: TUN/TAP device tun0 opened
Feb 29 11:12:10 indigo-tracker daemon.notice openvpn[677]: TUN/TAP TX queue length set to 100
Feb 29 11:12:10 indigo-tracker daemon.notice openvpn[677]: /sbin/ifconfig tun0 10.1.0.4 netmask 255.255.255.0 mtu 1500 broadcast 10.1.0.255
Feb 29 11:12:10 indigo-tracker daemon.notice openvpn[677]: /etc/openvpn/vpn-up tun0 1500 1544 10.1.0.4 255.255.255.0 init
Feb 29 11:12:10 indigo-tracker daemon.notice openvpn[677]: Initialization Sequence Completed
Feb 29 11:12:39 indigo-tracker user.debug sqlite: sending keepalive
Feb 29 11:12:41 indigo-tracker user.debug sender: send success
Feb 29 11:12:42 indigo-tracker user.debug sender: nothing to send, continuing
Feb 29 11:13:01 indigo-tracker cron.info crond[421]: crond: USER root pid 747 cmd /etc/cron/check_updates.sh
Feb 29 11:14:01 indigo-tracker cron.info crond[421]: crond: USER root pid 762 cmd /etc/cron/check_updates.sh
Feb 29 11:14:07 indigo-tracker user.err kernel: mmc0: error -123 whilst initialising SD card
Feb 29 11:14:08 indigo-tracker user.warn kernel: mmc0: host does not support reading read-only switch. assuming write-enable.
Feb 29 11:14:08 indigo-tracker user.info kernel: mmc0: new SD card at address 1234
Feb 29 11:14:08 indigo-tracker user.info kernel: mmcblk0: mmc0:1234 SA02G 1.83 GiB 
Feb 29 11:14:08 indigo-tracker user.info kernel:  mmcblk0: p1
Feb 29 11:14:40 indigo-tracker user.debug sqlite: sending keepalive
Feb 29 11:14:42 indigo-tracker user.debug sender: send success
Feb 29 11:14:43 indigo-tracker user.debug sender: nothing to send, continuing
Feb 29 11:15:01 indigo-tracker cron.info crond[421]: crond: USER root pid 799 cmd /etc/cron/check_ntp
Feb 29 11:15:01 indigo-tracker cron.info crond[421]: crond: USER root pid 800 cmd /etc/cron/check_updates.sh
Feb 29 11:15:02 indigo-tracker user.notice root: Current time is valid
Feb 29 11:16:01 indigo-tracker cron.info crond[421]: crond: USER root pid 825 cmd /etc/cron/check_updates.sh
Feb 29 11:17:01 indigo-tracker cron.info crond[421]: crond: USER root pid 839 cmd /etc/cron/check_updates.sh
Feb 29 11:17:50 indigo-tracker user.debug sysdaemon-dbus: flash remove
Feb 29 11:17:51 indigo-tracker user.debug sender: send success
Feb 29 11:17:52 indigo-tracker user.debug sender: nothing to send, continuing
Feb 29 11:18:01 indigo-tracker cron.info crond[421]: crond: USER root pid 863 cmd /etc/cron/check_updates.sh
Feb 29 11:19:01 indigo-tracker cron.info crond[421]: crond: USER root pid 880 cmd /etc/cron/check_updates.sh
Feb 29 11:19:41 indigo-tracker user.debug sqlite: sending keepalive
Feb 29 11:19:43 indigo-tracker user.debug sender: send success
Feb 29 11:19:44 indigo-tracker user.debug sender: nothing to send, continuing
Feb 29 11:20:01 indigo-tracker cron.info crond[421]: crond: USER root pid 899 cmd /etc/cron/check_updates.sh
Feb 29 11:20:06 indigo-tracker user.info kernel: mmc0: card 1234 removed
Feb 29 11:20:07 indigo-tracker user.debug sysdaemon-dbus: flash remove
Feb 29 11:20:08 indigo-tracker user.err kernel: mmc0: error -123 whilst initialising SD card
Feb 29 11:20:08 indigo-tracker user.debug sender: send success
Feb 29 11:20:09 indigo-tracker user.debug sender: nothing to send, continuing
Feb 29 11:20:13 indigo-tracker user.warn kernel: mmc0: host does not support reading read-only switch. assuming write-enable.
Feb 29 11:20:13 indigo-tracker user.info kernel: mmc0: new SD card at address 1234
Feb 29 11:20:13 indigo-tracker user.info kernel: mmcblk0: mmc0:1234 SA02G 1.83 GiB 
Feb 29 11:20:13 indigo-tracker user.info kernel:  mmcblk0: p1
Feb 29 11:20:13 indigo-tracker user.info kernel: mmc0: card 1234 removed
Feb 29 11:20:14 indigo-tracker user.debug sysdaemon-dbus: flash remove
Feb 29 11:20:16 indigo-tracker user.debug sender: send success
Feb 29 11:20:17 indigo-tracker user.debug sender: nothing to send, continuing
Feb 29 11:20:28 indigo-tracker user.err kernel: mmc0: error -123 whilst initialising SD card
Feb 29 11:20:29 indigo-tracker user.warn kernel: mmc0: host does not support reading read-only switch. assuming write-enable.
Feb 29 11:20:29 indigo-tracker user.info kernel: mmc0: new SD card at address 1234
Feb 29 11:20:29 indigo-tracker user.info kernel: mmcblk0: mmc0:1234 SA02G 1.83 GiB 
