Dec  5 13:32:32 indigo-tracker daemon.notice openvpn[2043]: Data Channel MTU parms [ L:1546 D:1300 EF:46 EB:135 ET:0 EL:0 AF:3/1 ]
Dec  5 13:32:32 indigo-tracker daemon.notice openvpn[2043]: Fragmentation MTU parms [ L:1546 D:1300 EF:45 EB:135 ET:1 EL:0 AF:3/1 ]
Dec  5 13:32:32 indigo-tracker daemon.notice openvpn[2050]: UDPv4 link local: [undef]
Dec  5 13:32:32 indigo-tracker daemon.notice openvpn[2050]: UDPv4 link remote: 72.249.145.165:1194
Dec  5 13:32:32 indigo-tracker user.notice root: recorder started
Dec  5 13:32:33 indigo-tracker user.debug recorder: recorder started
Dec  5 13:32:33 indigo-tracker user.debug recorder: ready to record
Dec  5 13:32:33 indigo-tracker user.debug recorder: scheduling next file at 1323079200 seconds unix time
Dec  5 13:32:33 indigo-tracker daemon.notice openvpn[2050]: TLS: Initial packet from 72.249.145.165:1194, sid=93a438d8 44bf54f9
Dec  5 13:32:36 indigo-tracker user.notice root: mjpeg-streamer started
Dec  5 13:32:36 indigo-tracker user.info MJPG-streamer [2065]: starting application
Dec  5 13:32:36 indigo-tracker user.info MJPG-streamer [2065]: MJPG Streamer Version: svn rev: exported
Dec  5 13:32:36 indigo-tracker user.info MJPG-streamer [2065]: Using V4L2 device.: /dev/video0
Dec  5 13:32:36 indigo-tracker user.info MJPG-streamer [2065]: Desired Resolution: 640 x 480
Dec  5 13:32:36 indigo-tracker user.info MJPG-streamer [2065]: Frames Per Second.: 10
Dec  5 13:32:36 indigo-tracker user.info MJPG-streamer [2065]: Format............: MJPEG
Dec  5 13:32:36 indigo-tracker user.notice root: Current time is valid
Dec  5 13:32:36 indigo-tracker daemon.debug pppd[2005]: Script /etc/ppp/ip-up finished (pid 2013), status = 0x0
Dec  5 13:32:37 indigo-tracker user.info MJPG-streamer [2065]: output folder.....: /mnt/mmcblk0p1/video
Dec  5 13:32:37 indigo-tracker user.info MJPG-streamer [2065]: input plugin.....: 0: /opt/input_uvc.so
Dec  5 13:32:37 indigo-tracker user.info MJPG-streamer [2065]: delay after save..: 0
Dec  5 13:32:37 indigo-tracker user.info MJPG-streamer [2065]: ringbuffer size...: no ringbuffer
Dec  5 13:32:37 indigo-tracker user.info MJPG-streamer [2065]: command...........: disabled
Dec  5 13:32:37 indigo-tracker user.info MJPG-streamer [2065]: www-folder-path...: /opt/mjpeg/www/
Dec  5 13:32:37 indigo-tracker user.info MJPG-streamer [2065]: HTTP TCP port.....: 8080
Dec  5 13:32:37 indigo-tracker user.info MJPG-streamer [2065]: username:password.: disabled
Dec  5 13:32:37 indigo-tracker user.info MJPG-streamer [2065]: commands..........: enabled
Dec  5 13:32:37 indigo-tracker user.info MJPG-streamer [2065]: starting input plugin /opt/input_uvc.so
Dec  5 13:32:37 indigo-tracker user.info MJPG-streamer [2065]: starting output plugin: /opt/output_file.so (ID: 00)
Dec  5 13:32:37 indigo-tracker user.info MJPG-streamer [2065]: starting output plugin: /opt/output_http.so (ID: 01)
Dec  5 13:32:37 indigo-tracker user.info MJPG-streamer [2065]: turning light off for camera 0
Dec  5 13:32:37 indigo-tracker user.info MJPG-streamer [2065]: storage queue grew with total size of 1 * 64036 = 64036 bytes
Dec  5 13:32:37 indigo-tracker user.info MJPG-streamer [2065]: storage queue grew with total size of 2 * 64036 = 128072 bytes
Dec  5 13:32:38 indigo-tracker user.info MJPG-streamer [2065]: storage queue grew with total size of 3 * 64036 = 192108 bytes
Dec  5 13:32:38 indigo-tracker user.info MJPG-streamer [2065]: storage queue grew with total size of 4 * 64036 = 256144 bytes
Dec  5 13:32:38 indigo-tracker user.info MJPG-streamer [2065]: storage queue grew with total size of 5 * 64036 = 320180 bytes
Dec  5 13:32:38 indigo-tracker cron.err crond[495]: time disparity of 22051230 minutes detected
Dec  5 13:32:38 indigo-tracker user.info MJPG-streamer [2065]: storage queue grew with total size of 6 * 64036 = 384216 bytes
Dec  5 13:32:38 indigo-tracker user.info MJPG-streamer [2065]: storage queue grew with total size of 7 * 64036 = 448252 bytes
Dec  5 13:32:38 indigo-tracker user.info MJPG-streamer [2065]: storage queue grew with total size of 8 * 64036 = 512288 bytes
Dec  5 13:32:38 indigo-tracker user.info MJPG-streamer [2065]: storage queue grew with total size of 9 * 64036 = 576324 bytes
Dec  5 13:32:38 indigo-tracker user.info MJPG-streamer [2065]: storage queue grew with total size of 10 * 64036 = 640360 bytes
Dec  5 13:32:38 indigo-tracker user.info MJPG-streamer [2065]: storage queue grew with total size of 11 * 64036 = 704396 bytes
Dec  5 13:32:38 indigo-tracker user.info MJPG-streamer [2065]: storage queue grew with total size of 12 * 64036 = 768432 bytes
Dec  5 13:32:39 indigo-tracker user.info MJPG-streamer [2065]: storage queue grew with total size of 13 * 64036 = 832468 bytes
Dec  5 13:32:39 indigo-tracker user.info MJPG-streamer [2065]: storage queue grew with total size of 14 * 64036 = 896504 bytes
Dec  5 13:32:39 indigo-tracker user.info MJPG-streamer [2065]: storage queue grew with total size of 15 * 64036 = 960540 bytes
Dec  5 13:32:39 indigo-tracker user.info MJPG-streamer [2065]: storage queue grew with total size of 16 * 64036 = 1024576 bytes
Dec  5 13:32:39 indigo-tracker user.info MJPG-streamer [2065]: storage queue grew with total size of 17 * 64036 = 1088612 bytes
Dec  5 13:32:39 indigo-tracker user.info MJPG-streamer [2065]: storage queue grew with total size of 18 * 64036 = 1152648 bytes
Dec  5 13:32:39 indigo-tracker user.info MJPG-streamer [2065]: storage queue grew with total size of 19 * 64036 = 1216684 bytes
Dec  5 13:32:39 indigo-tracker user.info MJPG-streamer [2065]: storage queue grew with total size of 20 * 64036 = 1280720 bytes
Dec  5 13:32:39 indigo-tracker user.info MJPG-streamer [2065]: storage queue grew with total size of 21 * 64036 = 1344756 bytes
Dec  5 13:32:39 indigo-tracker user.info MJPG-streamer [2065]: storage queue grew with total size of 22 * 64036 = 1408792 bytes
Dec  5 13:32:40 indigo-tracker user.info MJPG-streamer [2065]: storage queue grew with total size of 23 * 64036 = 1472828 bytes
Dec  5 13:32:40 indigo-tracker user.info MJPG-streamer [2065]: storage queue grew with total size of 24 * 64036 = 1536864 bytes
Dec  5 13:32:40 indigo-tracker user.info MJPG-streamer [2065]: storage queue grew with total size of 25 * 64036 = 1600900 bytes
Dec  5 13:32:40 indigo-tracker user.info MJPG-streamer [2065]: storage queue grew with total size of 26 * 64036 = 1664936 bytes
Dec  5 13:32:40 indigo-tracker user.info MJPG-streamer [2065]: storage queue grew with total size of 27 * 64036 = 1728972 bytes
Dec  5 13:32:40 indigo-tracker user.info MJPG-streamer [2065]: storage queue grew with total size of 28 * 64036 = 1793008 bytes
Dec  5 13:32:40 indigo-tracker user.info MJPG-streamer [2065]: storage queue grew with total size of 29 * 64036 = 1857044 bytes
Dec  5 13:32:40 indigo-tracker user.info MJPG-streamer [2065]: storage queue grew with total size of 30 * 64036 = 1921080 bytes
Dec  5 13:32:40 indigo-tracker user.info MJPG-streamer [2065]: storage queue grew with total size of 31 * 64036 = 1985116 bytes
Dec  5 13:32:40 indigo-tracker user.info MJPG-streamer [2065]: storage queue grew with total size of 32 * 64036 = 2049152 bytes
Dec  5 13:32:41 indigo-tracker user.info MJPG-streamer [2065]: storage queue grew with total size of 33 * 64036 = 2113188 bytes
Dec  5 13:32:41 indigo-tracker user.info MJPG-streamer [2065]: storage queue grew with total size of 34 * 64036 = 2177224 bytes
Dec  5 13:32:41 indigo-tracker user.info MJPG-streamer [2065]: storage queue grew with total size of 35 * 64036 = 2241260 bytes
Dec  5 13:32:41 indigo-tracker user.info MJPG-streamer [2065]: storage queue grew with total size of 36 * 64036 = 2305296 bytes
Dec  5 13:32:41 indigo-tracker user.info MJPG-streamer [2065]: storage queue grew with total size of 37 * 64036 = 2369332 bytes
Dec  5 13:32:41 indigo-tracker user.info MJPG-streamer [2065]: storage queue grew with total size of 38 * 64036 = 2433368 bytes
Dec  5 13:32:41 indigo-tracker user.info MJPG-streamer [2065]: storage queue grew with total size of 39 * 64036 = 2497404 bytes
Dec  5 13:32:41 indigo-tracker user.info MJPG-streamer [2065]: storage queue grew with total size of 40 * 64036 = 2561440 bytes
Dec  5 13:32:41 indigo-tracker user.info MJPG-streamer [2065]: storage queue grew with total size of 41 * 64036 = 2625476 bytes
Dec  5 13:32:41 indigo-tracker user.info MJPG-streamer [2065]: storage queue grew with total size of 42 * 64036 = 2689512 bytes
Dec  5 13:32:42 indigo-tracker user.info MJPG-streamer [2065]: storage queue grew with total size of 43 * 64036 = 2753548 bytes
Dec  5 13:32:42 indigo-tracker user.info MJPG-streamer [2065]: storage queue grew with total size of 44 * 64036 = 2817584 bytes
Dec  5 13:32:42 indigo-tracker user.info MJPG-streamer [2065]: storage queue grew with total size of 45 * 64036 = 2881620 bytes
Dec  5 13:32:42 indigo-tracker user.info MJPG-streamer [2065]: storage queue grew with total size of 46 * 64036 = 2945656 bytes
Dec  5 13:32:42 indigo-tracker user.info MJPG-streamer [2065]: storage queue grew with total size of 47 * 64036 = 3009692 bytes
Dec  5 13:32:42 indigo-tracker user.info MJPG-streamer [2065]: storage queue grew with total size of 48 * 64036 = 3073728 bytes
Dec  5 13:32:42 indigo-tracker user.info MJPG-streamer [2065]: storage queue grew with total size of 49 * 64036 = 3137764 bytes
Dec  5 13:32:42 indigo-tracker user.info MJPG-streamer [2065]: storage queue grew with total size of 50 * 64036 = 3201800 bytes
Dec  5 13:32:42 indigo-tracker user.info MJPG-streamer [2065]: storage queue grew with total size of 51 * 64036 = 3265836 bytes
Dec  5 13:32:42 indigo-tracker user.info MJPG-streamer [2065]: storage queue grew with total size of 52 * 64036 = 3329872 bytes
Dec  5 13:32:43 indigo-tracker user.info MJPG-streamer [2065]: storage queue grew with total size of 53 * 64036 = 3393908 bytes
Dec  5 13:32:43 indigo-tracker user.info MJPG-streamer [2065]: storage queue grew with total size of 54 * 64036 = 3457944 bytes
Dec  5 13:32:43 indigo-tracker user.info MJPG-streamer [2065]: storage queue grew with total size of 55 * 64036 = 3521980 bytes
Dec  5 13:32:43 indigo-tracker user.info MJPG-streamer [2065]: storage queue grew with total size of 56 * 64036 = 3586016 bytes
Dec  5 13:32:43 indigo-tracker user.info MJPG-streamer [2065]: storage queue grew with total size of 57 * 64036 = 3650052 bytes
Dec  5 13:32:43 indigo-tracker user.info MJPG-streamer [2065]: storage queue grew with total size of 58 * 64036 = 3714088 bytes
Dec  5 13:32:43 indigo-tracker user.info MJPG-streamer [2065]: storage queue grew with total size of 59 * 64036 = 3778124 bytes
Dec  5 13:32:43 indigo-tracker user.info MJPG-streamer [2065]: storage queue grew with total size of 60 * 64036 = 3842160 bytes
Dec  5 13:32:43 indigo-tracker user.info MJPG-streamer [2065]: storage queue grew with total size of 61 * 64036 = 3906196 bytes
Dec  5 13:32:43 indigo-tracker user.info MJPG-streamer [2065]: storage queue grew with total size of 62 * 64036 = 3970232 bytes
Dec  5 13:32:44 indigo-tracker user.info MJPG-streamer [2065]: storage queue grew with total size of 63 * 64036 = 4034268 bytes
Dec  5 13:32:44 indigo-tracker user.info MJPG-streamer [2065]: storage queue grew with total size of 64 * 64036 = 4098304 bytes
Dec  5 13:32:44 indigo-tracker user.info MJPG-streamer [2065]: storage queue grew with total size of 65 * 64036 = 4162340 bytes
Dec  5 13:32:44 indigo-tracker user.info MJPG-streamer [2065]: storage queue grew with total size of 66 * 64036 = 4226376 bytes
Dec  5 13:32:44 indigo-tracker user.info MJPG-streamer [2065]: storage queue grew with total size of 67 * 64036 = 4290412 bytes
Dec  5 13:32:44 indigo-tracker user.info MJPG-streamer [2065]: storage queue grew with total size of 68 * 64036 = 4354448 bytes
Dec  5 13:32:44 indigo-tracker user.info MJPG-streamer [2065]: storage queue grew with total size of 69 * 64036 = 4418484 bytes
Dec  5 13:32:44 indigo-tracker user.info MJPG-streamer [2065]: storage queue grew with total size of 70 * 64036 = 4482520 bytes
Dec  5 13:32:44 indigo-tracker user.info MJPG-streamer [2065]: storage queue grew with total size of 71 * 64036 = 4546556 bytes
Dec  5 13:32:44 indigo-tracker user.info MJPG-streamer [2065]: storage queue grew with total size of 72 * 64036 = 4610592 bytes
Dec  5 13:32:45 indigo-tracker user.info MJPG-streamer [2065]: storage queue grew with total size of 73 * 64036 = 4674628 bytes
Dec  5 13:32:45 indigo-tracker user.info MJPG-streamer [2065]: storage queue grew with total size of 74 * 64036 = 4738664 bytes
Dec  5 13:32:45 indigo-tracker user.info MJPG-streamer [2065]: storage queue grew with total size of 75 * 64036 = 4802700 bytes
Dec  5 13:32:45 indigo-tracker user.info MJPG-streamer [2065]: storage queue grew with total size of 76 * 64036 = 4866736 bytes
Dec  5 13:32:45 indigo-tracker user.info MJPG-streamer [2065]: storage queue grew with total size of 77 * 64036 = 4930772 bytes
Dec  5 13:32:45 indigo-tracker user.info MJPG-streamer [2065]: storage queue grew with total size of 78 * 64036 = 4994808 bytes
Dec  5 13:32:45 indigo-tracker user.info MJPG-streamer [2065]: storage queue grew with total size of 79 * 64036 = 5058844 bytes
Dec  5 13:32:45 indigo-tracker user.info MJPG-streamer [2065]: storage queue grew with total size of 80 * 64036 = 5122880 bytes
Dec  5 13:32:45 indigo-tracker user.info MJPG-streamer [2065]: storage queue grew with total size of 81 * 64036 = 5186916 bytes
Dec  5 13:32:45 indigo-tracker user.info MJPG-streamer [2065]: storage queue grew with total size of 82 * 64036 = 5250952 bytes
Dec  5 13:32:46 indigo-tracker user.info MJPG-streamer [2065]: storage queue grew with total size of 83 * 64036 = 5314988 bytes
Dec  5 13:32:46 indigo-tracker user.info MJPG-streamer [2065]: storage queue grew with total size of 84 * 64036 = 5379024 bytes
Dec  5 13:32:46 indigo-tracker user.info MJPG-streamer [2065]: storage queue grew with total size of 85 * 64036 = 5443060 bytes
Dec  5 13:32:46 indigo-tracker user.info MJPG-streamer [2065]: storage queue grew with total size of 86 * 64036 = 5507096 bytes
Dec  5 13:32:46 indigo-tracker user.info MJPG-streamer [2065]: storage queue grew with total size of 87 * 64036 = 5571132 bytes
Dec  5 13:32:46 indigo-tracker user.info MJPG-streamer [2065]: storage queue grew with total size of 88 * 64036 = 5635168 bytes
Dec  5 13:32:46 indigo-tracker user.info MJPG-streamer [2065]: storage queue grew with total size of 89 * 64036 = 5699204 bytes
Dec  5 13:32:46 indigo-tracker user.info MJPG-streamer [2065]: storage queue grew with total size of 90 * 64036 = 5763240 bytes
Dec  5 13:32:46 indigo-tracker user.info MJPG-streamer [2065]: storage queue grew with total size of 91 * 64036 = 5827276 bytes
Dec  5 13:32:46 indigo-tracker user.info MJPG-streamer [2065]: storage queue grew with total size of 92 * 64036 = 5891312 bytes
Dec  5 13:32:47 indigo-tracker user.info MJPG-streamer [2065]: storage queue grew with total size of 93 * 64036 = 5955348 bytes
Dec  5 13:32:47 indigo-tracker user.info MJPG-streamer [2065]: storage queue grew with total size of 94 * 64036 = 6019384 bytes
Dec  5 13:32:47 indigo-tracker user.info MJPG-streamer [2065]: storage queue grew with total size of 95 * 64036 = 6083420 bytes
Dec  5 13:32:47 indigo-tracker user.debug sender: send success
Dec  5 13:32:47 indigo-tracker user.info MJPG-streamer [2065]: storage queue grew with total size of 96 * 64036 = 6147456 bytes
Dec  5 13:32:47 indigo-tracker user.info MJPG-streamer [2065]: storage queue grew with total size of 97 * 64036 = 6211492 bytes
Dec  5 13:32:47 indigo-tracker user.info MJPG-streamer [2065]: storage queue grew with total size of 98 * 64036 = 6275528 bytes
Dec  5 13:32:47 indigo-tracker user.info MJPG-streamer [2065]: storage queue grew with total size of 99 * 64036 = 6339564 bytes
Dec  5 13:32:47 indigo-tracker user.info MJPG-streamer [2065]: storage queue grew with total size of 100 * 64036 = 6403600 bytes
Dec  5 13:32:47 indigo-tracker user.info MJPG-streamer [2065]: storage queue grew with total size of 101 * 64036 = 6467636 bytes
Dec  5 13:32:47 indigo-tracker user.info MJPG-streamer [2065]: storage queue grew with total size of 102 * 64036 = 6531672 bytes
Dec  5 13:32:48 indigo-tracker user.info MJPG-streamer [2065]: storage queue grew with total size of 103 * 64036 = 6595708 bytes
Dec  5 13:32:48 indigo-tracker user.info MJPG-streamer [2065]: storage queue grew with total size of 104 * 64036 = 6659744 bytes
Dec  5 13:32:48 indigo-tracker user.info MJPG-streamer [2065]: storage queue grew with total size of 105 * 64036 = 6723780 bytes
Dec  5 13:32:48 indigo-tracker user.info MJPG-streamer [2065]: storage queue grew with total size of 106 * 64036 = 6787816 bytes
Dec  5 13:32:48 indigo-tracker user.info MJPG-streamer [2065]: storage queue grew with total size of 107 * 64036 = 6851852 bytes
Dec  5 13:32:48 indigo-tracker user.info MJPG-streamer [2065]: storage queue grew with total size of 108 * 64036 = 6915888 bytes
Dec  5 13:32:48 indigo-tracker user.info MJPG-streamer [2065]: storage queue grew with total size of 109 * 64036 = 6979924 bytes
Dec  5 13:32:48 indigo-tracker user.info MJPG-streamer [2065]: storage queue grew with total size of 110 * 64036 = 7043960 bytes
Dec  5 13:32:48 indigo-tracker user.info MJPG-streamer [2065]: storage queue grew with total size of 111 * 64036 = 7107996 bytes
Dec  5 13:32:48 indigo-tracker user.info MJPG-streamer [2065]: storage queue grew with total size of 112 * 64036 = 7172032 bytes
Dec  5 13:32:49 indigo-tracker user.info MJPG-streamer [2065]: storage queue grew with total size of 113 * 64036 = 7236068 bytes
Dec  5 13:32:49 indigo-tracker user.info MJPG-streamer [2065]: storage queue grew with total size of 114 * 64036 = 7300104 bytes
Dec  5 13:32:49 indigo-tracker user.info MJPG-streamer [2065]: storage queue grew with total size of 115 * 64036 = 7364140 bytes
Dec  5 13:32:49 indigo-tracker user.info MJPG-streamer [2065]: storage queue grew with total size of 116 * 64036 = 7428176 bytes
Dec  5 13:32:49 indigo-tracker user.info MJPG-streamer [2065]: storage queue grew with total size of 117 * 64036 = 7492212 bytes
Dec  5 13:32:49 indigo-tracker user.info MJPG-streamer [2065]: storage queue grew with total size of 118 * 64036 = 7556248 bytes
Dec  5 13:32:49 indigo-tracker user.info MJPG-streamer [2065]: storage queue grew with total size of 119 * 64036 = 7620284 bytes
Dec  5 13:32:49 indigo-tracker user.info MJPG-streamer [2065]: storage queue grew with total size of 120 * 64036 = 7684320 bytes
Dec  5 13:32:49 indigo-tracker user.info MJPG-streamer [2065]: storage queue grew with total size of 121 * 64036 = 7748356 bytes
Dec  5 13:32:49 indigo-tracker user.info MJPG-streamer [2065]: storage queue grew with total size of 122 * 64036 = 7812392 bytes
Dec  5 13:32:50 indigo-tracker user.info MJPG-streamer [2065]: storage queue grew with total size of 123 * 64036 = 7876428 bytes
Dec  5 13:32:50 indigo-tracker user.info MJPG-streamer [2065]: storage queue grew with total size of 124 * 64036 = 7940464 bytes
Dec  5 13:32:50 indigo-tracker user.info MJPG-streamer [2065]: storage queue grew with total size of 125 * 64036 = 8004500 bytes
Dec  5 13:32:50 indigo-tracker user.info MJPG-streamer [2065]: storage queue grew with total size of 126 * 64036 = 8068536 bytes
Dec  5 13:32:50 indigo-tracker user.info MJPG-streamer [2065]: storage queue grew with total size of 127 * 64036 = 8132572 bytes
Dec  5 13:32:50 indigo-tracker user.info MJPG-streamer [2065]: storage queue grew with total size of 128 * 64036 = 8196608 bytes
Dec  5 13:32:50 indigo-tracker user.info MJPG-streamer [2065]: storage queue grew with total size of 129 * 64036 = 8260644 bytes
Dec  5 13:32:50 indigo-tracker user.info MJPG-streamer [2065]: storage queue grew with total size of 130 * 64036 = 8324680 bytes
Dec  5 13:32:50 indigo-tracker user.info MJPG-streamer [2065]: storage queue grew with total size of 131 * 64036 = 8388716 bytes
Dec  5 13:32:50 indigo-tracker user.info MJPG-streamer [2065]: storage queue grew with total size of 132 * 64036 = 8452752 bytes
Dec  5 13:32:51 indigo-tracker user.info MJPG-streamer [2065]: storage queue grew with total size of 133 * 64036 = 8516788 bytes
Dec  5 13:32:51 indigo-tracker user.info MJPG-streamer [2065]: storage queue grew with total size of 134 * 64036 = 8580824 bytes
Dec  5 13:32:51 indigo-tracker user.info MJPG-streamer [2065]: storage queue grew with total size of 135 * 64036 = 8644860 bytes
Dec  5 13:32:51 indigo-tracker user.info MJPG-streamer [2065]: storage queue grew with total size of 136 * 64036 = 8708896 bytes
Dec  5 13:32:51 indigo-tracker user.info MJPG-streamer [2065]: storage queue grew with total size of 137 * 64036 = 8772932 bytes
Dec  5 13:32:51 indigo-tracker user.info MJPG-streamer [2065]: storage queue grew with total size of 138 * 64036 = 8836968 bytes
Dec  5 13:32:51 indigo-tracker user.info MJPG-streamer [2065]: storage queue grew with total size of 139 * 64036 = 8901004 bytes
Dec  5 13:32:51 indigo-tracker user.info MJPG-streamer [2065]: storage queue grew with total size of 140 * 64036 = 8965040 bytes
Dec  5 13:32:51 indigo-tracker user.info MJPG-streamer [2065]: storage queue grew with total size of 141 * 64036 = 9029076 bytes
Dec  5 13:32:51 indigo-tracker user.info MJPG-streamer [2065]: storage queue grew with total size of 142 * 64036 = 9093112 bytes
Dec  5 13:32:52 indigo-tracker user.info MJPG-streamer [2065]: storage queue grew with total size of 143 * 64036 = 9157148 bytes
Dec  5 13:32:52 indigo-tracker user.info MJPG-streamer [2065]: storage queue grew with total size of 144 * 64036 = 9221184 bytes
Dec  5 13:32:52 indigo-tracker user.info MJPG-streamer [2065]: storage queue grew with total size of 145 * 64036 = 9285220 bytes
Dec  5 13:32:52 indigo-tracker user.info MJPG-streamer [2065]: storage queue grew with total size of 146 * 64036 = 9349256 bytes
Dec  5 13:32:52 indigo-tracker user.info MJPG-streamer [2065]: storage queue grew with total size of 147 * 64036 = 9413292 bytes
Dec  5 13:32:52 indigo-tracker user.info MJPG-streamer [2065]: storage queue grew with total size of 148 * 64036 = 9477328 bytes
Dec  5 13:32:52 indigo-tracker user.info MJPG-streamer [2065]: storage queue grew with total size of 149 * 64036 = 9541364 bytes
Dec  5 13:32:52 indigo-tracker user.info MJPG-streamer [2065]: storage queue grew with total size of 150 * 64036 = 9605400 bytes
Dec  5 13:32:54 indigo-tracker daemon.notice openvpn[2050]: VERIFY OK: depth=1, /C=RU/ST=ROSTOV-ON-DON/L=Taganrog/O=Indigo/CN=dev-vpn/emailAddress=yury@indigosystem.ru
Dec  5 13:32:54 indigo-tracker daemon.notice openvpn[2050]: VERIFY OK: nsCertType=SERVER
Dec  5 13:32:54 indigo-tracker daemon.notice openvpn[2050]: VERIFY OK: depth=0, /C=RU/ST=ROSTOV-ON-DON/O=Indigo/CN=dev-vpn/emailAddress=yury@indigosystem.ru
Dec  5 13:33:01 indigo-tracker cron.info crond[495]: crond: USER root pid 2098 cmd /etc/cron/check_updates.sh
Dec  5 13:33:16 indigo-tracker daemon.notice openvpn[2050]: Data Channel Encrypt: Cipher 'BF-CBC' initialized with 128 bit key
Dec  5 13:33:16 indigo-tracker daemon.notice openvpn[2050]: Data Channel Encrypt: Using 160 bit message hash 'SHA1' for HMAC authentication
Dec  5 13:33:16 indigo-tracker daemon.notice openvpn[2050]: Data Channel Decrypt: Cipher 'BF-CBC' initialized with 128 bit key
Dec  5 13:33:16 indigo-tracker daemon.notice openvpn[2050]: Data Channel Decrypt: Using 160 bit message hash 'SHA1' for HMAC authentication
Dec  5 13:33:16 indigo-tracker daemon.notice openvpn[2050]: Control Channel: TLSv1, cipher TLSv1/SSLv3 DHE-RSA-AES256-SHA, 1024 bit RSA
Dec  5 13:33:16 indigo-tracker daemon.notice openvpn[2050]: [dev-vpn] Peer Connection Initiated with 72.249.145.165:1194
Dec  5 13:33:18 indigo-tracker daemon.notice openvpn[2050]: SENT CONTROL [dev-vpn]: 'PUSH_REQUEST' (status=1)
Jan  1 03:00:11 indigo-tracker syslog.info syslogd started: BusyBox v1.18.3
Jan  1 03:00:11 indigo-tracker user.notice kernel: klogd started: BusyBox v1.18.3 (2011-03-29 18:29:13 MSD)
Jan  1 03:00:11 indigo-tracker user.notice kernel: Linux version 2.6.38+ (yury@debian-dev-vm) (gcc version 4.4.5 (indigo-ct-ng) ) #76 Fri Nov 11 18:57:40 MSK 2011
Jan  1 03:00:11 indigo-tracker user.warn kernel: CPU: ARM926EJ-S [41069265] revision 5 (ARMv5TEJ), cr=00053177
Jan  1 03:00:11 indigo-tracker user.warn kernel: CPU: VIVT data cache, VIVT instruction cache
Jan  1 03:00:11 indigo-tracker user.warn kernel: Machine: Indigo AT91SAM9260-SK
Jan  1 03:00:11 indigo-tracker user.warn kernel: Memory policy: ECC disabled, Data cache writeback
Jan  1 03:00:11 indigo-tracker user.warn kernel: Clocks: CPU 196 MHz, master 98 MHz, main 12.000 MHz
Jan  1 03:00:11 indigo-tracker user.debug kernel: On node 0 totalpages: 16384
Jan  1 03:00:11 indigo-tracker user.debug kernel: free_area_init_node: node 0, pgdat c0369484, node_mem_map c037b000
Jan  1 03:00:11 indigo-tracker user.debug kernel:   Normal zone: 128 pages used for memmap
Jan  1 03:00:11 indigo-tracker user.debug kernel:   Normal zone: 0 pages reserved
Jan  1 03:00:11 indigo-tracker user.debug kernel:   Normal zone: 16256 pages, LIFO batch:3
Jan  1 03:00:11 indigo-tracker user.debug kernel: pcpu-alloc: s0 r0 d32768 u32768 alloc=1*32768
Jan  1 03:00:11 indigo-tracker user.debug kernel: pcpu-alloc: [0] 0 
Jan  1 03:00:11 indigo-tracker user.warn kernel: Built 1 zonelists in Zone order, mobility grouping on.  Total pages: 16256
Jan  1 03:00:11 indigo-tracker user.notice kernel: Kernel command line: console=ttyS0,115200=mem=64M root=/dev/mtdblock3
Jan  1 03:00:11 indigo-tracker user.info kernel: PID hash table entries: 256 (order: -2, 1024 bytes)
Jan  1 03:00:11 indigo-tracker user.info kernel: Dentry cache hash table entries: 8192 (order: 3, 32768 bytes)
Jan  1 03:00:11 indigo-tracker user.info kernel: Inode-cache hash table entries: 4096 (order: 2, 16384 bytes)
Jan  1 03:00:11 indigo-tracker user.info kernel: Memory: 64MB = 64MB total
Jan  1 03:00:11 indigo-tracker user.notice kernel: Memory: 61364k/61364k available, 4172k reserved, 0K highmem
Jan  1 03:00:11 indigo-tracker user.notice kernel: Virtual kernel memory layout:
Jan  1 03:00:11 indigo-tracker user.notice kernel:     vector  : 0xffff0000 - 0xffff1000   (   4 kB)
Jan  1 03:00:11 indigo-tracker user.notice kernel:     fixmap  : 0xfff00000 - 0xfffe0000   ( 896 kB)
Jan  1 03:00:11 indigo-tracker user.notice kernel:     DMA     : 0xffc00000 - 0xffe00000   (   2 MB)
Jan  1 03:00:11 indigo-tracker user.notice kernel:     vmalloc : 0xc4800000 - 0xfee00000   ( 934 MB)
Jan  1 03:00:11 indigo-tracker user.notice kernel:     lowmem  : 0xc0000000 - 0xc4000000   (  64 MB)
Jan  1 03:00:11 indigo-tracker user.notice kernel:     modules : 0xbf000000 - 0xc0000000   (  16 MB)
Jan  1 03:00:11 indigo-tracker user.notice kernel:       .init : 0xc0008000 - 0xc0024000   ( 112 kB)
Jan  1 03:00:11 indigo-tracker user.notice kernel:       .text : 0xc0024000 - 0xc03419d4   (3191 kB)
Jan  1 03:00:11 indigo-tracker user.notice kernel:       .data : 0xc0342000 - 0xc0369c60   ( 160 kB)
Jan  1 03:00:11 indigo-tracker user.info kernel: NR_IRQS:192
Jan  1 03:00:11 indigo-tracker user.info kernel: AT91: 96 gpio irqs in 3 banks
Jan  1 03:00:11 indigo-tracker user.warn kernel: Console: colour dummy device 80x30
Jan  1 03:00:11 indigo-tracker user.info kernel: console [ttyS0] enabled
Jan  1 03:00:11 indigo-tracker user.info kernel: Calibrating delay loop... 97.89 BogoMIPS (lpj=489472)
Jan  1 03:00:11 indigo-tracker user.info kernel: pid_max: default: 32768 minimum: 301
Jan  1 03:00:11 indigo-tracker user.warn kernel: Mount-cache hash table entries: 512
Jan  1 03:00:11 indigo-tracker user.info kernel: CPU: Testing write buffer coherency: ok
Jan  1 03:00:11 indigo-tracker user.info kernel: NET: Registered protocol family 16
Jan  1 03:00:11 indigo-tracker user.warn kernel: bio: create slab <bio-0> at 0
Jan  1 03:00:11 indigo-tracker user.notice kernel: SCSI subsystem initialized
Jan  1 03:00:11 indigo-tracker user.info kernel: usbcore: registered new interface driver usbfs
Jan  1 03:00:11 indigo-tracker user.info kernel: usbcore: registered new interface driver hub
Jan  1 03:00:11 indigo-tracker user.info kernel: usbcore: registered new device driver usb
Jan  1 03:00:11 indigo-tracker user.info kernel: Advanced Linux Sound Architecture Driver Version 1.0.23.
Jan  1 03:00:11 indigo-tracker user.info kernel: Switching to clocksource pit
Jan  1 03:00:11 indigo-tracker user.info kernel: NET: Registered protocol family 2
Jan  1 03:00:11 indigo-tracker user.info kernel: IP route cache hash table entries: 1024 (order: 0, 4096 bytes)
Jan  1 03:00:11 indigo-tracker user.info kernel: TCP established hash table entries: 2048 (order: 2, 16384 bytes)
Jan  1 03:00:11 indigo-tracker user.info kernel: TCP bind hash table entries: 2048 (order: 1, 8192 bytes)
Jan  1 03:00:11 indigo-tracker user.info kernel: TCP: Hash tables configured (established 2048 bind 2048)
Jan  1 03:00:11 indigo-tracker user.info kernel: TCP reno registered
Jan  1 03:00:11 indigo-tracker user.info kernel: UDP hash table entries: 256 (order: 0, 4096 bytes)
Jan  1 03:00:11 indigo-tracker user.info kernel: UDP-Lite hash table entries: 256 (order: 0, 4096 bytes)
Jan  1 03:00:11 indigo-tracker user.info kernel: NET: Registered protocol family 1
Jan  1 03:00:11 indigo-tracker user.debug kernel: yaffs: yaffs built Nov  8 2011 18:50:55 Installing.
Jan  1 03:00:11 indigo-tracker user.info kernel: msgmni has been set to 119
Jan  1 03:00:11 indigo-tracker user.info kernel: io scheduler noop registered (default)
Jan  1 03:00:11 indigo-tracker user.info kernel: io scheduler deadline registered
Jan  1 03:00:11 indigo-tracker user.info kernel: atmel_usart.0: ttyS0 at MMIO 0xfefff200 (irq = 1) is a ATMEL_SERIAL
Jan  1 03:00:11 indigo-tracker user.info kernel: atmel_usart.1: ttyS1 at MMIO 0xfffb0000 (irq = 6) is a ATMEL_SERIAL
Jan  1 03:00:11 indigo-tracker user.info kernel: atmel_usart.2: ttyS2 at MMIO 0xfffb8000 (irq = 8) is a ATMEL_SERIAL
Jan  1 03:00:11 indigo-tracker user.debug kernel: SK-AT91SAM9XE512: SIM508 power management driver, major 135, minor 0.
Jan  1 03:00:11 indigo-tracker user.info kernel: brd: module loaded
Jan  1 03:00:11 indigo-tracker user.info kernel: loop: module loaded
Jan  1 03:00:11 indigo-tracker user.info kernel: ssc ssc.0: Atmel SSC device at 0xc4818000 (irq 14)
Jan  1 03:00:11 indigo-tracker user.info kernel: NAND device: Manufacturer ID: 0xec, Chip ID: 0xda (Samsung NAND 256MiB 3,3V 8-bit)
Jan  1 03:00:11 indigo-tracker user.info kernel: Scanning device for bad blocks
Jan  1 03:00:11 indigo-tracker user.warn kernel: Bad eraseblock 131 at 0x000001060000
Jan  1 03:00:11 indigo-tracker user.warn kernel: Bad eraseblock 918 at 0x0000072c0000
Jan  1 03:00:11 indigo-tracker user.notice kernel: Creating 6 MTD partitions on "atmel_nand":
Jan  1 03:00:11 indigo-tracker user.notice kernel: 0x000000000000-0x000000020000 : "Bootstrap partition"
Jan  1 03:00:11 indigo-tracker user.notice kernel: 0x000000020000-0x000000060000 : "U-boot Partition"
Jan  1 03:00:11 indigo-tracker user.notice kernel: 0x0000000a0000-0x0000002a0000 : "Kernel Partition"
Jan  1 03:00:11 indigo-tracker user.notice kernel: 0x000000800000-0x000010000000 : "Storage Partition"
Jan  1 03:00:11 indigo-tracker user.notice kernel: 0x000000060000-0x000000080000 : "U-boot Environment"
Jan  1 03:00:11 indigo-tracker user.notice kernel: 0x000000080000-0x0000000a0000 : "U-boot Environment Backup"
Jan  1 03:00:11 indigo-tracker user.info kernel: atmel_spi atmel_spi.0: Atmel SPI Controller at 0xfffc8000 (irq 12)
Jan  1 03:00:11 indigo-tracker user.info kernel: atmel_spi atmel_spi.1: Atmel SPI Controller at 0xfffcc000 (irq 13)
Jan  1 03:00:11 indigo-tracker user.info kernel: PPP generic driver version 2.4.2
Jan  1 03:00:11 indigo-tracker user.info kernel: PPP Deflate Compression module registered
Jan  1 03:00:11 indigo-tracker user.info kernel: PPP BSD Compression module registered
Jan  1 03:00:11 indigo-tracker cron.notice atd[533]: Removing stale lockfile for pid 533
Jan  1 03:00:11 indigo-tracker user.info kernel: PPP MPPE Compression module registered
Jan  1 03:00:11 indigo-tracker user.info kernel: NET: Registered protocol family 24
Jan  1 03:00:11 indigo-tracker user.info kernel: SLIP: version 0.8.4-NET3.019-NEWTTY (dynamic channels, max=256).
Jan  1 03:00:11 indigo-tracker user.info kernel: CSLIP: code copyright 1989 Regents of the University of California.
Jan  1 03:00:11 indigo-tracker user.info kernel: tun: Universal TUN/TAP device driver, 1.6
Jan  1 03:00:11 indigo-tracker user.info kernel: tun: (C) 1999-2004 Max Krasnyansky <maxk@qualcomm.com>
Jan  1 03:00:11 indigo-tracker user.info kernel: macb macb: invalid hw address, using random
Jan  1 03:00:11 indigo-tracker user.info kernel: MACB_mii_bus: probed
Jan  1 03:00:11 indigo-tracker user.info kernel: eth0: Atmel MACB at 0xfffc4000 irq 21 (1a:5d:32:dc:bd:10)
Jan  1 03:00:11 indigo-tracker user.info kernel: eth0: attached PHY driver [Micrel KS8001 or KS8721] (mii_bus:phy_addr=ffffffff:01, irq=-1)
Jan  1 03:00:11 indigo-tracker user.info kernel: ohci_hcd: USB 1.1 'Open' Host Controller (OHCI) Driver
Jan  1 03:00:11 indigo-tracker user.info kernel: at91_ohci at91_ohci: AT91 OHCI
Jan  1 03:00:11 indigo-tracker user.info kernel: at91_ohci at91_ohci: new USB bus registered, assigned bus number 1
Jan  1 03:00:11 indigo-tracker user.info kernel: at91_ohci at91_ohci: irq 20, io mem 0x00500000
Jan  1 03:00:11 indigo-tracker user.info kernel: usb usb1: New USB device found, idVendor=1d6b, idProduct=0001
Jan  1 03:00:11 indigo-tracker user.info kernel: usb usb1: New USB device strings: Mfr=3, Product=2, SerialNumber=1
Jan  1 03:00:11 indigo-tracker user.info kernel: usb usb1: Product: AT91 OHCI
Jan  1 03:00:11 indigo-tracker user.info kernel: usb usb1: Manufacturer: Linux 2.6.38+ ohci_hcd
Jan  1 03:00:11 indigo-tracker user.info kernel: usb usb1: SerialNumber: at91
Jan  1 03:00:11 indigo-tracker user.info kernel: hub 1-0:1.0: USB hub found
Jan  1 03:00:11 indigo-tracker user.info kernel: hub 1-0:1.0: 2 ports detected
Jan  1 03:00:11 indigo-tracker user.info kernel: Initializing USB Mass Storage driver...
Jan  1 03:00:11 indigo-tracker user.info kernel: usbcore: registered new interface driver usb-storage
Jan  1 03:00:11 indigo-tracker user.info kernel: USB Mass Storage support registered.
Jan  1 03:00:11 indigo-tracker user.info kernel: rtc-at91sam9 at91_rtt.0: rtc core: registered at91_rtt as rtc0
Jan  1 03:00:11 indigo-tracker user.warn kernel: rtc-at91sam9 at91_rtt.0: rtc0: SET TIME!
Jan  1 03:00:11 indigo-tracker user.info kernel: i2c /dev entries driver
Jan  1 03:00:11 indigo-tracker user.info kernel: Linux video capture interface: v2.00
Jan  1 03:00:11 indigo-tracker user.info kernel: usbcore: registered new interface driver uvcvideo
Jan  1 03:00:11 indigo-tracker user.info kernel: USB Video Class driver (v1.0.0)
Jan  1 03:00:11 indigo-tracker user.info kernel: AT91SAM9 Watchdog enabled (heartbeat=15 sec, nowayout=1)
Jan  1 03:00:11 indigo-tracker user.info kernel: usbcore: registered new interface driver snd-usb-audio
Jan  1 03:00:11 indigo-tracker user.info kernel: ALSA device list:
Jan  1 03:00:11 indigo-tracker user.info kernel:   No soundcards found.
Jan  1 03:00:11 indigo-tracker user.info kernel: nf_conntrack version 0.5.0 (958 buckets, 3832 max)
Jan  1 03:00:11 indigo-tracker user.info kernel: ip_tables: (C) 2000-2006 Netfilter Core Team
Jan  1 03:00:11 indigo-tracker user.info kernel: TCP cubic registered
Jan  1 03:00:11 indigo-tracker user.info kernel: NET: Registered protocol family 17
Jan  1 03:00:11 indigo-tracker user.err kernel: rtc-at91sam9 at91_rtt.0: hctosys: unable to read the hardware clock
Jan  1 03:00:11 indigo-tracker user.info kernel: atmel_mci atmel_mci: Atmel MCI controller at 0xfffa8000 irq 9, 1 slots
Jan  1 03:00:11 indigo-tracker user.info kernel: yaffs: dev is 32505859 name is "mtdblock3" rw
Jan  1 03:00:11 indigo-tracker user.info kernel: yaffs: passed flags ""
Jan  1 03:00:11 indigo-tracker user.debug kernel: yaffs: yaffs: Attempting MTD mount of 31.3,"mtdblock3"
Jan  1 03:00:11 indigo-tracker user.debug kernel: yaffs: auto selecting yaffs2
Jan  1 03:00:11 indigo-tracker user.debug kernel: yaffs: block 68 is bad
Jan  1 03:00:11 indigo-tracker user.debug kernel: yaffs: block 855 is bad
Jan  1 03:00:11 indigo-tracker user.debug kernel: yaffs: yaffs_read_super: is_checkpointed 0
Jan  1 03:00:11 indigo-tracker user.warn kernel: VFS: Mounted root (yaffs filesystem) on device 31:3.
Jan  1 03:00:11 indigo-tracker user.info kernel: Freeing init memory: 112K
Jan  1 03:00:11 indigo-tracker user.alert kernel: piopins: with filter
Jan  1 03:00:11 indigo-tracker user.warn kernel: piopins: system time doesn't seem to be true, will not flush anything
Jan  1 03:00:11 indigo-tracker user.info kernel: SK-AT91SAM9XE512: SIM508 GPS power ON.
Jan  1 03:00:12 indigo-tracker user.info kernel: SK-AT91SAM9XE512: SIM508 GPS power OFF.
Jan  1 03:00:17 indigo-tracker user.info kernel: SK-AT91SAM9XE512: SIM508 GPS power ON.
Jan  1 03:00:19 indigo-tracker auth.info login[526]: root login on 'ttyS0'
Jan  1 03:00:53 indigo-tracker local2.err chat[497]: SIGTERM
Jan  1 03:00:53 indigo-tracker daemon.warn pppd[492]: Child process chat -v -f /etc/ppp/chatscripts/megafon-connect (pid 494) terminated with signal 15
Jan  1 03:00:53 indigo-tracker daemon.err pppd[492]: Connect script failed
Jan  1 03:00:53 indigo-tracker daemon.info pppd[492]: Exit.
Jan  1 03:01:01 indigo-tracker cron.info crond[469]: crond: USER root pid 647 cmd /etc/cron/check_updates.sh
Jan  1 03:00:10 indigo-tracker syslog.info syslogd started: BusyBox v1.18.3
Jan  1 03:00:10 indigo-tracker user.notice kernel: klogd started: BusyBox v1.18.3 (2011-03-29 18:29:13 MSD)
Jan  1 03:00:11 indigo-tracker local2.info chat[505]: timeout set to 45 seconds
Jan  1 03:00:11 indigo-tracker local2.info chat[505]: expect (OK)
Jan  1 03:00:11 indigo-tracker local2.info chat[505]: ^M
Jan  1 03:00:11 indigo-tracker user.notice kernel: Linux version 2.6.38+ (yury@debian-dev-vm) (gcc version 4.4.5 (indigo-ct-ng) ) #76 Fri Nov 11 18:57:40 MSK 2011
Jan  1 03:00:11 indigo-tracker user.warn kernel: CPU: ARM926EJ-S [41069265] revision 5 (ARMv5TEJ), cr=00053177
Jan  1 03:00:11 indigo-tracker user.warn kernel: CPU: VIVT data cache, VIVT instruction cache
Jan  1 03:00:11 indigo-tracker user.warn kernel: Machine: Indigo AT91SAM9260-SK
Jan  1 03:00:11 indigo-tracker user.warn kernel: Memory policy: ECC disabled, Data cache writeback
Jan  1 03:00:11 indigo-tracker user.warn kernel: Clocks: CPU 196 MHz, master 98 MHz, main 12.000 MHz
Jan  1 03:00:11 indigo-tracker user.debug kernel: On node 0 totalpages: 16384
Jan  1 03:00:11 indigo-tracker user.debug kernel: free_area_init_node: node 0, pgdat c0369484, node_mem_map c037b000
Jan  1 03:00:11 indigo-tracker user.debug kernel:   Normal zone: 128 pages used for memmap
Jan  1 03:00:11 indigo-tracker user.debug kernel:   Normal zone: 0 pages reserved
Jan  1 03:00:11 indigo-tracker user.debug kernel:   Normal zone: 16256 pages, LIFO batch:3
Jan  1 03:00:11 indigo-tracker user.debug kernel: pcpu-alloc: s0 r0 d32768 u32768 alloc=1*32768
Jan  1 03:00:11 indigo-tracker user.debug kernel: pcpu-alloc: [0] 0 
Jan  1 03:00:11 indigo-tracker user.warn kernel: Built 1 zonelists in Zone order, mobility grouping on.  Total pages: 16256
Jan  1 03:00:11 indigo-tracker user.notice kernel: Kernel command line: console=ttyS0,115200=mem=64M root=/dev/mtdblock3
Jan  1 03:00:11 indigo-tracker user.info kernel: PID hash table entries: 256 (order: -2, 1024 bytes)
Jan  1 03:00:11 indigo-tracker user.info kernel: Dentry cache hash table entries: 8192 (order: 3, 32768 bytes)
Jan  1 03:00:11 indigo-tracker user.info kernel: Inode-cache hash table entries: 4096 (order: 2, 16384 bytes)
Jan  1 03:00:11 indigo-tracker user.info kernel: Memory: 64MB = 64MB total
Jan  1 03:00:11 indigo-tracker user.notice kernel: Memory: 61364k/61364k available, 4172k reserved, 0K highmem
Jan  1 03:00:11 indigo-tracker user.notice kernel: Virtual kernel memory layout:
Jan  1 03:00:11 indigo-tracker user.notice kernel:     vector  : 0xffff0000 - 0xffff1000   (   4 kB)
Jan  1 03:00:11 indigo-tracker user.notice kernel:     fixmap  : 0xfff00000 - 0xfffe0000   ( 896 kB)
Jan  1 03:00:11 indigo-tracker user.notice kernel:     DMA     : 0xffc00000 - 0xffe00000   (   2 MB)
Jan  1 03:00:11 indigo-tracker user.notice kernel:     vmalloc : 0xc4800000 - 0xfee00000   ( 934 MB)
Jan  1 03:00:11 indigo-tracker user.notice kernel:     lowmem  : 0xc0000000 - 0xc4000000   (  64 MB)
Jan  1 03:00:11 indigo-tracker user.notice kernel:     modules : 0xbf000000 - 0xc0000000   (  16 MB)
Jan  1 03:00:11 indigo-tracker user.notice kernel:       .init : 0xc0008000 - 0xc0024000   ( 112 kB)
Jan  1 03:00:11 indigo-tracker user.notice kernel:       .text : 0xc0024000 - 0xc03419d4   (3191 kB)
Jan  1 03:00:11 indigo-tracker user.notice kernel:       .data : 0xc0342000 - 0xc0369c60   ( 160 kB)
Jan  1 03:00:11 indigo-tracker user.info kernel: NR_IRQS:192
Jan  1 03:00:11 indigo-tracker user.info kernel: AT91: 96 gpio irqs in 3 banks
Jan  1 03:00:11 indigo-tracker user.warn kernel: Console: colour dummy device 80x30
Jan  1 03:00:11 indigo-tracker user.info kernel: console [ttyS0] enabled
Jan  1 03:00:11 indigo-tracker user.info kernel: Calibrating delay loop... 97.89 BogoMIPS (lpj=489472)
Jan  1 03:00:11 indigo-tracker user.info kernel: pid_max: default: 32768 minimum: 301
Jan  1 03:00:11 indigo-tracker user.warn kernel: Mount-cache hash table entries: 512
Jan  1 03:00:11 indigo-tracker user.info kernel: CPU: Testing write buffer coherency: ok
Jan  1 03:00:11 indigo-tracker user.info kernel: NET: Registered protocol family 16
Jan  1 03:00:11 indigo-tracker user.warn kernel: bio: create slab <bio-0> at 0
Jan  1 03:00:11 indigo-tracker user.notice kernel: SCSI subsystem initialized
Jan  1 03:00:11 indigo-tracker user.info kernel: usbcore: registered new interface driver usbfs
Jan  1 03:00:11 indigo-tracker user.info kernel: usbcore: registered new interface driver hub
Jan  1 03:00:11 indigo-tracker user.info kernel: usbcore: registered new device driver usb
Jan  1 03:00:11 indigo-tracker user.info kernel: Advanced Linux Sound Architecture Driver Version 1.0.23.
Jan  1 03:00:11 indigo-tracker user.info kernel: Switching to clocksource pit
Jan  1 03:00:11 indigo-tracker user.info kernel: NET: Registered protocol family 2
Jan  1 03:00:11 indigo-tracker user.info kernel: IP route cache hash table entries: 1024 (order: 0, 4096 bytes)
Jan  1 03:00:11 indigo-tracker user.info kernel: TCP established hash table entries: 2048 (order: 2, 16384 bytes)
Jan  1 03:00:11 indigo-tracker user.info kernel: TCP bind hash table entries: 2048 (order: 1, 8192 bytes)
Jan  1 03:00:11 indigo-tracker user.info kernel: TCP: Hash tables configured (established 2048 bind 2048)
Jan  1 03:00:11 indigo-tracker user.info kernel: TCP reno registered
Jan  1 03:00:11 indigo-tracker user.info kernel: UDP hash table entries: 256 (order: 0, 4096 bytes)
Jan  1 03:00:11 indigo-tracker user.info kernel: UDP-Lite hash table entries: 256 (order: 0, 4096 bytes)
Jan  1 03:00:11 indigo-tracker user.info kernel: NET: Registered protocol family 1
Jan  1 03:00:11 indigo-tracker user.debug kernel: yaffs: yaffs built Nov  8 2011 18:50:55 Installing.
Jan  1 03:00:11 indigo-tracker user.info kernel: msgmni has been set to 119
Jan  1 03:00:11 indigo-tracker user.info kernel: io scheduler noop registered (default)
Jan  1 03:00:11 indigo-tracker user.info kernel: io scheduler deadline registered
Jan  1 03:00:11 indigo-tracker user.info kernel: atmel_usart.0: ttyS0 at MMIO 0xfefff200 (irq = 1) is a ATMEL_SERIAL
Jan  1 03:00:11 indigo-tracker user.info kernel: atmel_usart.1: ttyS1 at MMIO 0xfffb0000 (irq = 6) is a ATMEL_SERIAL
Jan  1 03:00:11 indigo-tracker user.info kernel: atmel_usart.2: ttyS2 at MMIO 0xfffb8000 (irq = 8) is a ATMEL_SERIAL
Jan  1 03:00:11 indigo-tracker user.debug kernel: SK-AT91SAM9XE512: SIM508 power management driver, major 135, minor 0.
Jan  1 03:00:11 indigo-tracker user.info kernel: brd: module loaded
Jan  1 03:00:11 indigo-tracker user.info kernel: loop: module loaded
Jan  1 03:00:11 indigo-tracker user.info kernel: ssc ssc.0: Atmel SSC device at 0xc4818000 (irq 14)
Jan  1 03:00:11 indigo-tracker user.info kernel: NAND device: Manufacturer ID: 0xec, Chip ID: 0xda (Samsung NAND 256MiB 3,3V 8-bit)
Jan  1 03:00:11 indigo-tracker user.info kernel: Scanning device for bad blocks
Jan  1 03:00:11 indigo-tracker user.warn kernel: Bad eraseblock 131 at 0x000001060000
Jan  1 03:00:11 indigo-tracker user.warn kernel: Bad eraseblock 918 at 0x0000072c0000
Jan  1 03:00:11 indigo-tracker user.notice kernel: Creating 6 MTD partitions on "atmel_nand":
Jan  1 03:00:11 indigo-tracker user.notice kernel: 0x000000000000-0x000000020000 : "Bootstrap partition"
Jan  1 03:00:11 indigo-tracker user.notice kernel: 0x000000020000-0x000000060000 : "U-boot Partition"
Jan  1 03:00:11 indigo-tracker user.notice kernel: 0x0000000a0000-0x0000002a0000 : "Kernel Partition"
Jan  1 03:00:11 indigo-tracker user.notice kernel: 0x000000800000-0x000010000000 : "Storage Partition"
Jan  1 03:00:11 indigo-tracker user.notice kernel: 0x000000060000-0x000000080000 : "U-boot Environment"
Jan  1 03:00:11 indigo-tracker user.notice kernel: 0x000000080000-0x0000000a0000 : "U-boot Environment Backup"
Jan  1 03:00:11 indigo-tracker user.info kernel: atmel_spi atmel_spi.0: Atmel SPI Controller at 0xfffc8000 (irq 12)
Jan  1 03:00:11 indigo-tracker user.info kernel: atmel_spi atmel_spi.1: Atmel SPI Controller at 0xfffcc000 (irq 13)
Jan  1 03:00:11 indigo-tracker user.info kernel: PPP generic driver version 2.4.2
Jan  1 03:00:11 indigo-tracker user.info kernel: PPP Deflate Compression module registered
Jan  1 03:00:11 indigo-tracker cron.notice atd[531]: Removing stale lockfile for pid 531
Jan  1 03:00:11 indigo-tracker user.info kernel: PPP BSD Compression module registered
Jan  1 03:00:11 indigo-tracker user.info kernel: PPP MPPE Compression module registered
Jan  1 03:00:11 indigo-tracker user.info kernel: NET: Registered protocol family 24
Jan  1 03:00:11 indigo-tracker user.info kernel: SLIP: version 0.8.4-NET3.019-NEWTTY (dynamic channels, max=256).
Jan  1 03:00:11 indigo-tracker user.info kernel: CSLIP: code copyright 1989 Regents of the University of California.
Jan  1 03:00:11 indigo-tracker user.info kernel: tun: Universal TUN/TAP device driver, 1.6
Jan  1 03:00:11 indigo-tracker user.info kernel: tun: (C) 1999-2004 Max Krasnyansky <maxk@qualcomm.com>
Jan  1 03:00:11 indigo-tracker user.info kernel: macb macb: invalid hw address, using random
Jan  1 03:00:11 indigo-tracker user.info kernel: MACB_mii_bus: probed
Jan  1 03:00:11 indigo-tracker user.info kernel: eth0: Atmel MACB at 0xfffc4000 irq 21 (2e:e5:a7:65:cd:86)
Jan  1 03:00:11 indigo-tracker user.info kernel: eth0: attached PHY driver [Micrel KS8001 or KS8721] (mii_bus:phy_addr=ffffffff:01, irq=-1)
Jan  1 03:00:11 indigo-tracker user.info kernel: ohci_hcd: USB 1.1 'Open' Host Controller (OHCI) Driver
Jan  1 03:00:11 indigo-tracker user.info kernel: at91_ohci at91_ohci: AT91 OHCI
Jan  1 03:00:11 indigo-tracker user.info kernel: at91_ohci at91_ohci: new USB bus registered, assigned bus number 1
Jan  1 03:00:11 indigo-tracker user.info kernel: at91_ohci at91_ohci: irq 20, io mem 0x00500000
Jan  1 03:00:11 indigo-tracker user.info kernel: usb usb1: New USB device found, idVendor=1d6b, idProduct=0001
Jan  1 03:00:11 indigo-tracker user.info kernel: usb usb1: New USB device strings: Mfr=3, Product=2, SerialNumber=1
Jan  1 03:00:11 indigo-tracker user.info kernel: usb usb1: Product: AT91 OHCI
Jan  1 03:00:11 indigo-tracker user.info kernel: usb usb1: Manufacturer: Linux 2.6.38+ ohci_hcd
Jan  1 03:00:11 indigo-tracker user.info kernel: usb usb1: SerialNumber: at91
Jan  1 03:00:11 indigo-tracker user.info kernel: hub 1-0:1.0: USB hub found
Jan  1 03:00:11 indigo-tracker user.info kernel: hub 1-0:1.0: 2 ports detected
Jan  1 03:00:11 indigo-tracker user.info kernel: Initializing USB Mass Storage driver...
Jan  1 03:00:11 indigo-tracker user.info kernel: usbcore: registered new interface driver usb-storage
Jan  1 03:00:11 indigo-tracker user.info kernel: USB Mass Storage support registered.
Jan  1 03:00:11 indigo-tracker user.info kernel: rtc-at91sam9 at91_rtt.0: rtc core: registered at91_rtt as rtc0
Jan  1 03:00:11 indigo-tracker user.warn kernel: rtc-at91sam9 at91_rtt.0: rtc0: SET TIME!
Jan  1 03:00:11 indigo-tracker user.info kernel: i2c /dev entries driver
Jan  1 03:00:11 indigo-tracker user.info kernel: Linux video capture interface: v2.00
Jan  1 03:00:11 indigo-tracker user.info kernel: usbcore: registered new interface driver uvcvideo
Jan  1 03:00:11 indigo-tracker user.info kernel: USB Video Class driver (v1.0.0)
Jan  1 03:00:11 indigo-tracker user.info kernel: AT91SAM9 Watchdog enabled (heartbeat=15 sec, nowayout=1)
Jan  1 03:00:11 indigo-tracker user.info kernel: usbcore: registered new interface driver snd-usb-audio
Jan  1 03:00:11 indigo-tracker user.info kernel: ALSA device list:
Jan  1 03:00:11 indigo-tracker user.info kernel:   No soundcards found.
Jan  1 03:00:11 indigo-tracker user.info kernel: nf_conntrack version 0.5.0 (958 buckets, 3832 max)
Jan  1 03:00:11 indigo-tracker user.info kernel: ip_tables: (C) 2000-2006 Netfilter Core Team
Jan  1 03:00:11 indigo-tracker user.info kernel: TCP cubic registered
Jan  1 03:00:11 indigo-tracker user.info kernel: NET: Registered protocol family 17
Jan  1 03:00:11 indigo-tracker user.err kernel: rtc-at91sam9 at91_rtt.0: hctosys: unable to read the hardware clock
Jan  1 03:00:11 indigo-tracker user.info kernel: atmel_mci atmel_mci: Atmel MCI controller at 0xfffa8000 irq 9, 1 slots
Jan  1 03:00:11 indigo-tracker user.info kernel: yaffs: dev is 32505859 name is "mtdblock3" rw
Jan  1 03:00:11 indigo-tracker user.info kernel: yaffs: passed flags ""
Jan  1 03:00:11 indigo-tracker user.debug kernel: yaffs: yaffs: Attempting MTD mount of 31.3,"mtdblock3"
Jan  1 03:00:11 indigo-tracker user.debug kernel: yaffs: auto selecting yaffs2
Jan  1 03:00:11 indigo-tracker user.debug kernel: yaffs: block 68 is bad
Jan  1 03:00:11 indigo-tracker user.debug kernel: yaffs: block 855 is bad
Jan  1 03:00:11 indigo-tracker user.debug kernel: yaffs: yaffs_read_super: is_checkpointed 0
Jan  1 03:00:11 indigo-tracker user.warn kernel: VFS: Mounted root (yaffs filesystem) on device 31:3.
Jan  1 03:00:11 indigo-tracker user.info kernel: Freeing init memory: 112K
Jan  1 03:00:11 indigo-tracker user.alert kernel: piopins: with filter
Jan  1 03:00:11 indigo-tracker user.warn kernel: piopins: system time doesn't seem to be true, will not flush anything
Jan  1 03:00:11 indigo-tracker user.info kernel: SK-AT91SAM9XE512: SIM508 GPS power ON.
Jan  1 03:00:12 indigo-tracker user.info kernel: SK-AT91SAM9XE512: SIM508 GPS power OFF.
Jan  1 03:00:15 indigo-tracker auth.info login[525]: root login on 'ttyS0'
Jan  1 03:00:17 indigo-tracker user.info kernel: SK-AT91SAM9XE512: SIM508 GPS power ON.
Jan  1 03:00:56 indigo-tracker local2.info chat[505]: alarm
Jan  1 03:00:56 indigo-tracker local2.info chat[505]: Failed
Jan  1 03:00:56 indigo-tracker daemon.debug pppd[496]: Script chat -v -f /etc/ppp/chatscripts/megafon-connect finished (pid 499), status = 0x3
Jan  1 03:00:56 indigo-tracker daemon.err pppd[496]: Connect script failed
Jan  1 03:00:57 indigo-tracker local2.info chat[647]: abort on (BUSY)
Jan  1 03:00:57 indigo-tracker local2.info chat[647]: abort on (ERROR)
Jan  1 03:00:57 indigo-tracker local2.info chat[647]: abort on (UNDER-VOLTAGE WARNNING)
Jan  1 03:00:57 indigo-tracker local2.info chat[647]: send (ATZ^M)
Jan  1 03:00:57 indigo-tracker local2.info chat[647]: timeout set to 12 seconds
Jan  1 03:00:57 indigo-tracker local2.info chat[647]: expect (OK)
Jan  1 03:01:01 indigo-tracker cron.info crond[469]: crond: USER root pid 649 cmd /etc/cron/check_updates.sh
Jan  1 03:01:09 indigo-tracker local2.info chat[647]: alarm
Jan  1 03:01:09 indigo-tracker local2.info chat[647]: Failed
Jan  1 03:01:09 indigo-tracker daemon.debug pppd[496]: Script chat -v -f /etc/ppp/chatscripts/megafon-connect finished (pid 646), status = 0x3
Jan  1 03:01:09 indigo-tracker daemon.err pppd[496]: Connect script failed
Jan  1 03:01:10 indigo-tracker local2.info chat[652]: abort on (BUSY)
Jan  1 03:01:10 indigo-tracker local2.info chat[652]: abort on (ERROR)
Jan  1 03:01:10 indigo-tracker local2.info chat[652]: abort on (UNDER-VOLTAGE WARNNING)
Jan  1 03:01:10 indigo-tracker local2.info chat[652]: send (ATZ^M)
Jan  1 03:01:10 indigo-tracker local2.info chat[652]: timeout set to 12 seconds
Jan  1 03:01:10 indigo-tracker local2.info chat[652]: expect (OK)
Jan  1 03:01:22 indigo-tracker local2.info chat[652]: alarm
Jan  1 03:01:22 indigo-tracker local2.info chat[652]: Failed
Jan  1 03:01:22 indigo-tracker daemon.debug pppd[496]: Script chat -v -f /etc/ppp/chatscripts/megafon-connect finished (pid 651), status = 0x3
Jan  1 03:01:22 indigo-tracker daemon.err pppd[496]: Connect script failed
Jan  1 03:01:23 indigo-tracker local2.info chat[654]: abort on (BUSY)
Jan  1 03:01:23 indigo-tracker local2.info chat[654]: abort on (ERROR)
Jan  1 03:01:23 indigo-tracker local2.info chat[654]: abort on (UNDER-VOLTAGE WARNNING)
Jan  1 03:01:23 indigo-tracker local2.info chat[654]: send (ATZ^M)
Jan  1 03:01:23 indigo-tracker local2.info chat[654]: timeout set to 12 seconds
Jan  1 03:01:23 indigo-tracker local2.info chat[654]: expect (OK)
Jan  1 03:01:35 indigo-tracker local2.info chat[654]: alarm
Jan  1 03:01:35 indigo-tracker local2.info chat[654]: Failed
Jan  1 03:01:35 indigo-tracker daemon.debug pppd[496]: Script chat -v -f /etc/ppp/chatscripts/megafon-connect finished (pid 653), status = 0x3
Jan  1 03:01:35 indigo-tracker daemon.err pppd[496]: Connect script failed
Jan  1 03:01:35 indigo-tracker daemon.info pppd[496]: Terminating on signal 15
Jan  1 03:01:35 indigo-tracker daemon.info pppd[496]: Exit.
Jan  1 03:02:01 indigo-tracker cron.info crond[469]: crond: USER root pid 657 cmd /etc/cron/check_updates.sh
Jan  1 03:03:01 indigo-tracker cron.info crond[469]: crond: USER root pid 666 cmd /etc/cron/check_updates.sh
Jan  1 03:03:37 indigo-tracker user.notice root: PPPd is starting
Jan  1 03:03:37 indigo-tracker daemon.notice pppd[676]: pppd 2.4.5 started by root, uid 0
Jan  1 03:03:37 indigo-tracker local2.info chat[679]: abort on (BUSY)
Jan  1 03:03:37 indigo-tracker local2.info chat[679]: abort on (ERROR)
Jan  1 03:03:37 indigo-tracker local2.info chat[679]: abort on (UNDER-VOLTAGE WARNNING)
Jan  1 03:03:37 indigo-tracker local2.info chat[679]: send (ATZ^M)
Jan  1 03:03:37 indigo-tracker local2.info chat[679]: timeout set to 12 seconds
Jan  1 03:03:37 indigo-tracker local2.info chat[679]: expect (OK)
Jan  1 03:03:37 indigo-tracker user.notice root: PPPd started
Jan  1 03:03:38 indigo-tracker local2.info chat[679]: ATZ^M^M
Jan  1 03:03:38 indigo-tracker local2.info chat[679]: OK
Jan  1 03:03:38 indigo-tracker local2.info chat[679]:  -- got it
Jan  1 03:03:38 indigo-tracker local2.info chat[679]: send (AT+CGDCONT=1,"IP","internet"^M)
Jan  1 03:03:38 indigo-tracker local2.info chat[679]: timeout set to 45 seconds
Jan  1 03:03:38 indigo-tracker local2.info chat[679]: expect (OK)
Jan  1 03:03:38 indigo-tracker local2.info chat[679]: ^M
Jan  1 03:03:38 indigo-tracker local2.info chat[679]: AT+CGDCONT=1,"IP","internet"^M^M
Jan  1 03:03:38 indigo-tracker local2.info chat[679]: OK
Jan  1 03:03:38 indigo-tracker local2.info chat[679]:  -- got it
Jan  1 03:03:38 indigo-tracker local2.info chat[679]: send (ATD*99#^M)
Jan  1 03:03:38 indigo-tracker local2.info chat[679]: expect (CONNECT)
Jan  1 03:03:38 indigo-tracker local2.info chat[679]: ^M
Jan  1 03:03:38 indigo-tracker local2.info chat[679]: ATD*99#^M^M
Jan  1 03:03:38 indigo-tracker local2.info chat[679]: CONNECT
Jan  1 03:03:38 indigo-tracker local2.info chat[679]:  -- got it
Jan  1 03:03:38 indigo-tracker local2.info chat[679]: send (^M)
Jan  1 03:03:38 indigo-tracker daemon.debug pppd[676]: Script chat -v -f /etc/ppp/chatscripts/megafon-connect finished (pid 678), status = 0x0
Jan  1 03:03:38 indigo-tracker daemon.info pppd[676]: Serial connection established.
Jan  1 03:03:38 indigo-tracker daemon.debug pppd[676]: using channel 1
Jan  1 03:03:38 indigo-tracker daemon.info pppd[676]: Using interface ppp0
Jan  1 03:03:38 indigo-tracker daemon.notice pppd[676]: Connect: ppp0 <--> /dev/ttyS1
Jan  1 03:03:39 indigo-tracker daemon.warn pppd[676]: Warning - secret file /etc/ppp/pap-secrets has world and/or group access
Jan  1 03:03:39 indigo-tracker daemon.debug pppd[676]: sent [LCP ConfReq id=0x1 <asyncmap 0x0> <magic 0x9a44feca>]
Jan  1 03:03:39 indigo-tracker daemon.debug pppd[676]: rcvd [LCP ConfAck id=0x1 <asyncmap 0x0> <magic 0x9a44feca>]
Jan  1 03:03:41 indigo-tracker daemon.debug pppd[676]: rcvd [LCP ConfReq id=0x2 <mru 1600> <auth pap> <magic 0xc3c65c9> <asyncmap 0x0> <pcomp> <accomp>]
Jan  1 03:03:41 indigo-tracker daemon.debug pppd[676]: No auth is possible
Jan  1 03:03:41 indigo-tracker daemon.debug pppd[676]: sent [LCP ConfRej id=0x2 <auth pap> <pcomp> <accomp>]
Jan  1 03:03:41 indigo-tracker daemon.debug pppd[676]: rcvd [LCP ConfReq id=0x3 <mru 1600> <magic 0xc3c65c9> <asyncmap 0x0>]
Jan  1 03:03:41 indigo-tracker daemon.debug pppd[676]: sent [LCP ConfAck id=0x3 <mru 1600> <magic 0xc3c65c9> <asyncmap 0x0>]
Jan  1 03:03:41 indigo-tracker daemon.debug pppd[676]: sent [IPCP ConfReq id=0x1 <addr 0.0.0.0>]
Jan  1 03:03:44 indigo-tracker daemon.debug pppd[676]: rcvd [IPCP ConfNak id=0x1 <addr 10.106.66.234>]
Jan  1 03:03:44 indigo-tracker daemon.debug pppd[676]: sent [IPCP ConfReq id=0x2 <addr 10.106.66.234>]
Jan  1 03:03:44 indigo-tracker daemon.debug pppd[676]: rcvd [IPCP ConfReq id=0x1 <addr 10.0.0.1>]
Jan  1 03:03:44 indigo-tracker daemon.debug pppd[676]: sent [IPCP ConfAck id=0x1 <addr 10.0.0.1>]
Jan  1 03:03:47 indigo-tracker daemon.debug pppd[676]: sent [IPCP ConfReq id=0x2 <addr 10.106.66.234>]
Jan  1 03:03:47 indigo-tracker daemon.debug pppd[676]: rcvd [IPCP ConfAck id=0x2 <addr 10.106.66.234>]
Jan  1 03:03:47 indigo-tracker daemon.notice pppd[676]: replacing old default route to eth0 [192.168.17.254]
Jan  1 03:03:47 indigo-tracker daemon.notice pppd[676]: local  IP address 10.106.66.234
Jan  1 03:03:47 indigo-tracker daemon.notice pppd[676]: remote IP address 10.0.0.1
Jan  1 03:03:47 indigo-tracker daemon.debug pppd[676]: Script /etc/ppp/ip-up started (pid 684)
Jan  1 03:03:47 indigo-tracker user.notice root: Trying to get system time over ntp
Jan  1 03:03:47 indigo-tracker daemon.notice ntpdate[688]: ntpdate 4.2.6p3@1.2290 Sun Feb 20 22:12:26 UTC 2011 (1)
Jan  1 03:00:11 indigo-tracker syslog.info syslogd started: BusyBox v1.18.3
Jan  1 03:00:11 indigo-tracker user.notice kernel: klogd started: BusyBox v1.18.3 (2011-03-29 18:29:13 MSD)
Jan  1 03:00:11 indigo-tracker daemon.debug pppd[492]: Script chat -v -f /etc/ppp/chatscripts/megafon-connect finished (pid 495), status = 0x0
Jan  1 03:00:11 indigo-tracker daemon.info pppd[492]: Serial connection established.
Jan  1 03:00:11 indigo-tracker daemon.debug pppd[492]: using channel 1
Jan  1 03:00:11 indigo-tracker daemon.info pppd[492]: Using interface ppp0
Jan  1 03:00:11 indigo-tracker daemon.notice pppd[492]: Connect: ppp0 <--> /dev/ttyS1
Jan  1 03:00:11 indigo-tracker user.notice kernel: Linux version 2.6.38+ (yury@debian-dev-vm) (gcc version 4.4.5 (indigo-ct-ng) ) #76 Fri Nov 11 18:57:40 MSK 2011
Jan  1 03:00:11 indigo-tracker user.warn kernel: CPU: ARM926EJ-S [41069265] revision 5 (ARMv5TEJ), cr=00053177
Jan  1 03:00:11 indigo-tracker user.warn kernel: CPU: VIVT data cache, VIVT instruction cache
Jan  1 03:00:11 indigo-tracker user.warn kernel: Machine: Indigo AT91SAM9260-SK
Jan  1 03:00:11 indigo-tracker user.warn kernel: Memory policy: ECC disabled, Data cache writeback
Jan  1 03:00:11 indigo-tracker user.warn kernel: Clocks: CPU 196 MHz, master 98 MHz, main 12.000 MHz
Jan  1 03:00:11 indigo-tracker user.debug kernel: On node 0 totalpages: 16384
Jan  1 03:00:11 indigo-tracker user.debug kernel: free_area_init_node: node 0, pgdat c0369484, node_mem_map c037b000
Jan  1 03:00:11 indigo-tracker user.debug kernel:   Normal zone: 128 pages used for memmap
Jan  1 03:00:11 indigo-tracker user.debug kernel:   Normal zone: 0 pages reserved
Jan  1 03:00:11 indigo-tracker user.debug kernel:   Normal zone: 16256 pages, LIFO batch:3
Jan  1 03:00:11 indigo-tracker user.debug kernel: pcpu-alloc: s0 r0 d32768 u32768 alloc=1*32768
Jan  1 03:00:11 indigo-tracker user.debug kernel: pcpu-alloc: [0] 0 
Jan  1 03:00:11 indigo-tracker user.warn kernel: Built 1 zonelists in Zone order, mobility grouping on.  Total pages: 16256
Jan  1 03:00:11 indigo-tracker user.notice kernel: Kernel command line: console=ttyS0,115200=mem=64M root=/dev/mtdblock3
Jan  1 03:00:11 indigo-tracker user.info kernel: PID hash table entries: 256 (order: -2, 1024 bytes)
Jan  1 03:00:11 indigo-tracker user.info kernel: Dentry cache hash table entries: 8192 (order: 3, 32768 bytes)
Jan  1 03:00:11 indigo-tracker user.info kernel: Inode-cache hash table entries: 4096 (order: 2, 16384 bytes)
Jan  1 03:00:11 indigo-tracker user.info kernel: Memory: 64MB = 64MB total
Jan  1 03:00:11 indigo-tracker user.notice kernel: Memory: 61364k/61364k available, 4172k reserved, 0K highmem
Jan  1 03:00:11 indigo-tracker user.notice kernel: Virtual kernel memory layout:
Jan  1 03:00:11 indigo-tracker user.notice kernel:     vector  : 0xffff0000 - 0xffff1000   (   4 kB)
Jan  1 03:00:11 indigo-tracker user.notice kernel:     fixmap  : 0xfff00000 - 0xfffe0000   ( 896 kB)
Jan  1 03:00:11 indigo-tracker user.notice kernel:     DMA     : 0xffc00000 - 0xffe00000   (   2 MB)
Jan  1 03:00:11 indigo-tracker user.notice kernel:     vmalloc : 0xc4800000 - 0xfee00000   ( 934 MB)
Jan  1 03:00:11 indigo-tracker cron.notice atd[532]: Removing stale lockfile for pid 532
Jan  1 03:00:11 indigo-tracker user.notice kernel:     lowmem  : 0xc0000000 - 0xc4000000   (  64 MB)
Jan  1 03:00:11 indigo-tracker user.notice kernel:     modules : 0xbf000000 - 0xc0000000   (  16 MB)
Jan  1 03:00:11 indigo-tracker user.notice kernel:       .init : 0xc0008000 - 0xc0024000   ( 112 kB)
Jan  1 03:00:11 indigo-tracker user.notice kernel:       .text : 0xc0024000 - 0xc03419d4   (3191 kB)
Jan  1 03:00:11 indigo-tracker user.notice kernel:       .data : 0xc0342000 - 0xc0369c60   ( 160 kB)
Jan  1 03:00:11 indigo-tracker user.info kernel: NR_IRQS:192
Jan  1 03:00:11 indigo-tracker user.info kernel: AT91: 96 gpio irqs in 3 banks
Jan  1 03:00:11 indigo-tracker user.warn kernel: Console: colour dummy device 80x30
Jan  1 03:00:11 indigo-tracker user.info kernel: console [ttyS0] enabled
Jan  1 03:00:11 indigo-tracker user.info kernel: Calibrating delay loop... 97.89 BogoMIPS (lpj=489472)
Jan  1 03:00:11 indigo-tracker user.info kernel: pid_max: default: 32768 minimum: 301
Jan  1 03:00:11 indigo-tracker user.warn kernel: Mount-cache hash table entries: 512
Jan  1 03:00:11 indigo-tracker user.info kernel: CPU: Testing write buffer coherency: ok
Jan  1 03:00:11 indigo-tracker user.info kernel: NET: Registered protocol family 16
Jan  1 03:00:11 indigo-tracker user.warn kernel: bio: create slab <bio-0> at 0
Jan  1 03:00:11 indigo-tracker user.notice kernel: SCSI subsystem initialized
Jan  1 03:00:11 indigo-tracker user.info kernel: usbcore: registered new interface driver usbfs
Jan  1 03:00:11 indigo-tracker user.info kernel: usbcore: registered new interface driver hub
Jan  1 03:00:11 indigo-tracker user.info kernel: usbcore: registered new device driver usb
Jan  1 03:00:11 indigo-tracker user.info kernel: Advanced Linux Sound Architecture Driver Version 1.0.23.
Jan  1 03:00:11 indigo-tracker user.info kernel: Switching to clocksource pit
Jan  1 03:00:11 indigo-tracker user.info kernel: NET: Registered protocol family 2
Jan  1 03:00:11 indigo-tracker user.info kernel: IP route cache hash table entries: 1024 (order: 0, 4096 bytes)
Jan  1 03:00:11 indigo-tracker user.info kernel: TCP established hash table entries: 2048 (order: 2, 16384 bytes)
Jan  1 03:00:11 indigo-tracker user.info kernel: TCP bind hash table entries: 2048 (order: 1, 8192 bytes)
Jan  1 03:00:11 indigo-tracker user.info kernel: TCP: Hash tables configured (established 2048 bind 2048)
Jan  1 03:00:11 indigo-tracker user.info kernel: TCP reno registered
Jan  1 03:00:11 indigo-tracker user.info kernel: UDP hash table entries: 256 (order: 0, 4096 bytes)
Jan  1 03:00:11 indigo-tracker user.info kernel: UDP-Lite hash table entries: 256 (order: 0, 4096 bytes)
Jan  1 03:00:11 indigo-tracker user.info kernel: NET: Registered protocol family 1
Jan  1 03:00:11 indigo-tracker user.debug kernel: yaffs: yaffs built Nov  8 2011 18:50:55 Installing.
Jan  1 03:00:11 indigo-tracker user.info kernel: msgmni has been set to 119
Jan  1 03:00:11 indigo-tracker user.info kernel: io scheduler noop registered (default)
Jan  1 03:00:11 indigo-tracker user.info kernel: io scheduler deadline registered
Jan  1 03:00:11 indigo-tracker user.info kernel: atmel_usart.0: ttyS0 at MMIO 0xfefff200 (irq = 1) is a ATMEL_SERIAL
Jan  1 03:00:11 indigo-tracker user.info kernel: atmel_usart.1: ttyS1 at MMIO 0xfffb0000 (irq = 6) is a ATMEL_SERIAL
Jan  1 03:00:11 indigo-tracker user.info kernel: atmel_usart.2: ttyS2 at MMIO 0xfffb8000 (irq = 8) is a ATMEL_SERIAL
Jan  1 03:00:11 indigo-tracker user.debug kernel: SK-AT91SAM9XE512: SIM508 power management driver, major 135, minor 0.
Jan  1 03:00:11 indigo-tracker user.info kernel: brd: module loaded
Jan  1 03:00:11 indigo-tracker user.info kernel: loop: module loaded
Jan  1 03:00:11 indigo-tracker user.info kernel: ssc ssc.0: Atmel SSC device at 0xc4818000 (irq 14)
Jan  1 03:00:11 indigo-tracker user.info kernel: NAND device: Manufacturer ID: 0xec, Chip ID: 0xda (Samsung NAND 256MiB 3,3V 8-bit)
Jan  1 03:00:11 indigo-tracker user.info kernel: Scanning device for bad blocks
Jan  1 03:00:11 indigo-tracker user.warn kernel: Bad eraseblock 131 at 0x000001060000
Jan  1 03:00:11 indigo-tracker user.warn kernel: Bad eraseblock 918 at 0x0000072c0000
Jan  1 03:00:11 indigo-tracker user.notice kernel: Creating 6 MTD partitions on "atmel_nand":
Jan  1 03:00:11 indigo-tracker user.notice kernel: 0x000000000000-0x000000020000 : "Bootstrap partition"
Jan  1 03:00:11 indigo-tracker user.notice kernel: 0x000000020000-0x000000060000 : "U-boot Partition"
Jan  1 03:00:11 indigo-tracker user.notice kernel: 0x0000000a0000-0x0000002a0000 : "Kernel Partition"
Jan  1 03:00:11 indigo-tracker user.notice kernel: 0x000000800000-0x000010000000 : "Storage Partition"
Jan  1 03:00:11 indigo-tracker user.notice kernel: 0x000000060000-0x000000080000 : "U-boot Environment"
Jan  1 03:00:11 indigo-tracker user.notice kernel: 0x000000080000-0x0000000a0000 : "U-boot Environment Backup"
Jan  1 03:00:11 indigo-tracker user.info kernel: atmel_spi atmel_spi.0: Atmel SPI Controller at 0xfffc8000 (irq 12)
Jan  1 03:00:11 indigo-tracker user.info kernel: atmel_spi atmel_spi.1: Atmel SPI Controller at 0xfffcc000 (irq 13)
Jan  1 03:00:11 indigo-tracker user.info kernel: PPP generic driver version 2.4.2
Jan  1 03:00:11 indigo-tracker user.info kernel: PPP Deflate Compression module registered
Jan  1 03:00:11 indigo-tracker user.info kernel: PPP BSD Compression module registered
Jan  1 03:00:11 indigo-tracker user.info kernel: PPP MPPE Compression module registered
Jan  1 03:00:11 indigo-tracker user.info kernel: NET: Registered protocol family 24
Jan  1 03:00:11 indigo-tracker user.info kernel: SLIP: version 0.8.4-NET3.019-NEWTTY (dynamic channels, max=256).
Jan  1 03:00:11 indigo-tracker user.info kernel: CSLIP: code copyright 1989 Regents of the University of California.
Jan  1 03:00:11 indigo-tracker user.info kernel: tun: Universal TUN/TAP device driver, 1.6
Jan  1 03:00:11 indigo-tracker user.info kernel: tun: (C) 1999-2004 Max Krasnyansky <maxk@qualcomm.com>
Jan  1 03:00:11 indigo-tracker user.info kernel: macb macb: invalid hw address, using random
Jan  1 03:00:11 indigo-tracker user.info kernel: MACB_mii_bus: probed
Jan  1 03:00:11 indigo-tracker user.info kernel: eth0: Atmel MACB at 0xfffc4000 irq 21 (b2:f8:ed:bb:59:aa)
Jan  1 03:00:11 indigo-tracker user.info kernel: eth0: attached PHY driver [Micrel KS8001 or KS8721] (mii_bus:phy_addr=ffffffff:01, irq=-1)
Jan  1 03:00:11 indigo-tracker user.info kernel: ohci_hcd: USB 1.1 'Open' Host Controller (OHCI) Driver
Jan  1 03:00:11 indigo-tracker user.info kernel: at91_ohci at91_ohci: AT91 OHCI
Jan  1 03:00:11 indigo-tracker user.info kernel: at91_ohci at91_ohci: new USB bus registered, assigned bus number 1
Jan  1 03:00:11 indigo-tracker user.info kernel: at91_ohci at91_ohci: irq 20, io mem 0x00500000
Jan  1 03:00:11 indigo-tracker user.info kernel: usb usb1: New USB device found, idVendor=1d6b, idProduct=0001
Jan  1 03:00:11 indigo-tracker user.info kernel: usb usb1: New USB device strings: Mfr=3, Product=2, SerialNumber=1
Jan  1 03:00:11 indigo-tracker user.info kernel: usb usb1: Product: AT91 OHCI
Jan  1 03:00:11 indigo-tracker user.info kernel: usb usb1: Manufacturer: Linux 2.6.38+ ohci_hcd
Jan  1 03:00:11 indigo-tracker user.info kernel: usb usb1: SerialNumber: at91
Jan  1 03:00:11 indigo-tracker user.info kernel: hub 1-0:1.0: USB hub found
Jan  1 03:00:11 indigo-tracker user.info kernel: hub 1-0:1.0: 2 ports detected
Jan  1 03:00:11 indigo-tracker user.info kernel: Initializing USB Mass Storage driver...
Jan  1 03:00:11 indigo-tracker user.info kernel: usbcore: registered new interface driver usb-storage
Jan  1 03:00:11 indigo-tracker user.info kernel: USB Mass Storage support registered.
Jan  1 03:00:11 indigo-tracker user.info kernel: rtc-at91sam9 at91_rtt.0: rtc core: registered at91_rtt as rtc0
Jan  1 03:00:11 indigo-tracker user.warn kernel: rtc-at91sam9 at91_rtt.0: rtc0: SET TIME!
Jan  1 03:00:11 indigo-tracker user.info kernel: i2c /dev entries driver
Jan  1 03:00:11 indigo-tracker user.info kernel: Linux video capture interface: v2.00
Jan  1 03:00:11 indigo-tracker user.info kernel: usbcore: registered new interface driver uvcvideo
Jan  1 03:00:11 indigo-tracker user.info kernel: USB Video Class driver (v1.0.0)
Jan  1 03:00:11 indigo-tracker user.info kernel: AT91SAM9 Watchdog enabled (heartbeat=15 sec, nowayout=1)
Jan  1 03:00:11 indigo-tracker user.info kernel: usbcore: registered new interface driver snd-usb-audio
Jan  1 03:00:11 indigo-tracker user.info kernel: ALSA device list:
Jan  1 03:00:11 indigo-tracker user.info kernel:   No soundcards found.
Jan  1 03:00:11 indigo-tracker user.info kernel: nf_conntrack version 0.5.0 (958 buckets, 3832 max)
Jan  1 03:00:11 indigo-tracker user.info kernel: ip_tables: (C) 2000-2006 Netfilter Core Team
Jan  1 03:00:11 indigo-tracker user.info kernel: TCP cubic registered
Jan  1 03:00:11 indigo-tracker user.info kernel: NET: Registered protocol family 17
Jan  1 03:00:11 indigo-tracker user.err kernel: rtc-at91sam9 at91_rtt.0: hctosys: unable to read the hardware clock
Jan  1 03:00:11 indigo-tracker user.info kernel: atmel_mci atmel_mci: Atmel MCI controller at 0xfffa8000 irq 9, 1 slots
Jan  1 03:00:11 indigo-tracker user.info kernel: yaffs: dev is 32505859 name is "mtdblock3" rw
Jan  1 03:00:11 indigo-tracker user.info kernel: yaffs: passed flags ""
Jan  1 03:00:11 indigo-tracker user.debug kernel: yaffs: yaffs: Attempting MTD mount of 31.3,"mtdblock3"
Jan  1 03:00:11 indigo-tracker user.debug kernel: yaffs: auto selecting yaffs2
Jan  1 03:00:11 indigo-tracker user.debug kernel: yaffs: block 68 is bad
Jan  1 03:00:11 indigo-tracker user.debug kernel: yaffs: block 855 is bad
Jan  1 03:00:11 indigo-tracker user.debug kernel: yaffs: yaffs_read_super: is_checkpointed 0
Jan  1 03:00:11 indigo-tracker user.warn kernel: VFS: Mounted root (yaffs filesystem) on device 31:3.
Jan  1 03:00:11 indigo-tracker user.info kernel: Freeing init memory: 112K
Jan  1 03:00:11 indigo-tracker user.alert kernel: piopins: with filter
Jan  1 03:00:11 indigo-tracker user.warn kernel: piopins: system time doesn't seem to be true, will not flush anything
Jan  1 03:00:11 indigo-tracker user.info kernel: SK-AT91SAM9XE512: SIM508 GPS power ON.
Jan  1 03:00:12 indigo-tracker daemon.warn pppd[492]: Warning - secret file /etc/ppp/pap-secrets has world and/or group access
Jan  1 03:00:12 indigo-tracker daemon.debug pppd[492]: sent [LCP ConfReq id=0x1 <asyncmap 0x0> <magic 0x978cb2e3>]
Jan  1 03:00:12 indigo-tracker daemon.debug pppd[492]: rcvd [LCP ConfAck id=0x1 <asyncmap 0x0> <magic 0x978cb2e3>]
Jan  1 03:00:12 indigo-tracker user.info kernel: SK-AT91SAM9XE512: SIM508 GPS power OFF.
Jan  1 03:00:14 indigo-tracker daemon.debug pppd[492]: rcvd [LCP ConfReq id=0x2 <mru 1600> <auth pap> <magic 0xc3c65c9> <asyncmap 0x0> <pcomp> <accomp>]
Jan  1 03:00:14 indigo-tracker daemon.debug pppd[492]: No auth is possible
Jan  1 03:00:14 indigo-tracker daemon.debug pppd[492]: sent [LCP ConfRej id=0x2 <auth pap> <pcomp> <accomp>]
Jan  1 03:00:14 indigo-tracker daemon.debug pppd[492]: rcvd [LCP ConfReq id=0x3 <mru 1600> <magic 0xc3c65c9> <asyncmap 0x0>]
Jan  1 03:00:14 indigo-tracker daemon.debug pppd[492]: sent [LCP ConfAck id=0x3 <mru 1600> <magic 0xc3c65c9> <asyncmap 0x0>]
Jan  1 03:00:14 indigo-tracker daemon.debug pppd[492]: sent [IPCP ConfReq id=0x1 <addr 0.0.0.0>]
Jan  1 03:00:16 indigo-tracker auth.info login[528]: root login on 'ttyS0'
Jan  1 03:00:16 indigo-tracker daemon.debug pppd[492]: rcvd [IPCP ConfNak id=0x1 <addr 10.238.185.131>]
Jan  1 03:00:16 indigo-tracker daemon.debug pppd[492]: sent [IPCP ConfReq id=0x2 <addr 10.238.185.131>]
Jan  1 03:00:16 indigo-tracker daemon.debug pppd[492]: rcvd [IPCP ConfReq id=0x1 <addr 10.0.0.1>]
Jan  1 03:00:16 indigo-tracker daemon.debug pppd[492]: sent [IPCP ConfAck id=0x1 <addr 10.0.0.1>]
Jan  1 03:00:17 indigo-tracker user.info kernel: SK-AT91SAM9XE512: SIM508 GPS power ON.
Jan  1 03:00:19 indigo-tracker daemon.debug pppd[492]: sent [IPCP ConfReq id=0x2 <addr 10.238.185.131>]
Jan  1 03:00:19 indigo-tracker daemon.debug pppd[492]: rcvd [IPCP ConfAck id=0x2 <addr 10.238.185.131>]
Jan  1 03:00:19 indigo-tracker daemon.notice pppd[492]: replacing old default route to eth0 [192.168.17.254]
Jan  1 03:00:19 indigo-tracker daemon.notice pppd[492]: local  IP address 10.238.185.131
Jan  1 03:00:19 indigo-tracker daemon.notice pppd[492]: remote IP address 10.0.0.1
Jan  1 03:00:19 indigo-tracker daemon.debug pppd[492]: Script /etc/ppp/ip-up started (pid 641)
Jan  1 03:00:20 indigo-tracker user.notice root: Trying to get system time over ntp
Jan  1 03:00:20 indigo-tracker daemon.notice ntpdate[646]: ntpdate 4.2.6p3@1.2290 Sun Feb 20 22:12:26 UTC 2011 (1)
Jan  1 03:00:11 indigo-tracker syslog.info syslogd started: BusyBox v1.18.3
Jan  1 03:00:11 indigo-tracker user.notice kernel: Linux version 2.6.38+ (yury@debian-dev-vm) (gcc version 4.4.5 (indigo-ct-ng) ) #76 Fri Nov 11 18:57:40 MSK 2011
Jan  1 03:00:11 indigo-tracker user.warn kernel: CPU: ARM926EJ-S [41069265] revision 5 (ARMv5TEJ), cr=00053177
Jan  1 03:00:11 indigo-tracker user.warn kernel: CPU: VIVT data cache, VIVT instruction cache
Jan  1 03:00:11 indigo-tracker user.warn kernel: Machine: Indigo AT91SAM9260-SK
Jan  1 03:00:11 indigo-tracker user.warn kernel: Memory policy: ECC disabled, Data cache writeback
Jan  1 03:00:11 indigo-tracker user.warn kernel: Clocks: CPU 196 MHz, master 98 MHz, main 12.000 MHz
Jan  1 03:00:11 indigo-tracker user.debug kernel: On node 0 totalpages: 16384
Jan  1 03:00:11 indigo-tracker user.debug kernel: free_area_init_node: node 0, pgdat c0369484, node_mem_map c037b000
Jan  1 03:00:11 indigo-tracker local2.info chat[499]: ATD*99#^M^M
Jan  1 03:00:11 indigo-tracker local2.info chat[499]: CONNECT
Jan  1 03:00:11 indigo-tracker local2.info chat[499]:  -- got it
Jan  1 03:00:11 indigo-tracker local2.info chat[499]: send (^M)
Jan  1 03:00:11 indigo-tracker daemon.debug pppd[492]: Script chat -v -f /etc/ppp/chatscripts/megafon-connect finished (pid 495), status = 0x0
Jan  1 03:00:11 indigo-tracker daemon.info pppd[492]: Serial connection established.
Jan  1 03:00:11 indigo-tracker daemon.debug pppd[492]: using channel 1
Jan  1 03:00:11 indigo-tracker daemon.info pppd[492]: Using interface ppp0
Jan  1 03:00:11 indigo-tracker daemon.notice pppd[492]: Connect: ppp0 <--> /dev/ttyS1
Jan  1 03:00:11 indigo-tracker user.debug kernel:   Normal zone: 128 pages used for memmap
Jan  1 03:00:11 indigo-tracker user.debug kernel:   Normal zone: 0 pages reserved
Jan  1 03:00:11 indigo-tracker user.debug kernel:   Normal zone: 16256 pages, LIFO batch:3
Jan  1 03:00:11 indigo-tracker user.debug kernel: pcpu-alloc: s0 r0 d32768 u32768 alloc=1*32768
Jan  1 03:00:11 indigo-tracker user.debug kernel: pcpu-alloc: [0] 0 
Jan  1 03:00:11 indigo-tracker user.warn kernel: Built 1 zonelists in Zone order, mobility grouping on.  Total pages: 16256
Jan  1 03:00:11 indigo-tracker user.notice kernel: Kernel command line: console=ttyS0,115200=mem=64M root=/dev/mtdblock3
Jan  1 03:00:11 indigo-tracker user.info kernel: PID hash table entries: 256 (order: -2, 1024 bytes)
Jan  1 03:00:11 indigo-tracker user.info kernel: Dentry cache hash table entries: 8192 (order: 3, 32768 bytes)
Jan  1 03:00:11 indigo-tracker user.info kernel: Inode-cache hash table entries: 4096 (order: 2, 16384 bytes)
Jan  1 03:00:11 indigo-tracker user.info kernel: Memory: 64MB = 64MB total
Jan  1 03:00:11 indigo-tracker user.notice kernel: Memory: 61364k/61364k available, 4172k reserved, 0K highmem
Jan  1 03:00:11 indigo-tracker user.notice kernel: Virtual kernel memory layout:
Jan  1 03:00:11 indigo-tracker user.notice kernel:     vector  : 0xffff0000 - 0xffff1000   (   4 kB)
Jan  1 03:00:11 indigo-tracker user.notice kernel:     fixmap  : 0xfff00000 - 0xfffe0000   ( 896 kB)
Jan  1 03:00:11 indigo-tracker user.notice kernel:     DMA     : 0xffc00000 - 0xffe00000   (   2 MB)
Jan  1 03:00:11 indigo-tracker user.notice kernel:     vmalloc : 0xc4800000 - 0xfee00000   ( 934 MB)
Jan  1 03:00:11 indigo-tracker user.notice kernel:     lowmem  : 0xc0000000 - 0xc4000000   (  64 MB)
Jan  1 03:00:11 indigo-tracker user.notice kernel:     modules : 0xbf000000 - 0xc0000000   (  16 MB)
Jan  1 03:00:11 indigo-tracker user.notice kernel:       .init : 0xc0008000 - 0xc0024000   ( 112 kB)
Jan  1 03:00:11 indigo-tracker user.notice kernel:       .text : 0xc0024000 - 0xc03419d4   (3191 kB)
Jan  1 03:00:11 indigo-tracker user.notice kernel:       .data : 0xc0342000 - 0xc0369c60   ( 160 kB)
Jan  1 03:00:11 indigo-tracker user.info kernel: NR_IRQS:192
Jan  1 03:00:11 indigo-tracker user.info kernel: AT91: 96 gpio irqs in 3 banks
Jan  1 03:00:11 indigo-tracker user.warn kernel: Console: colour dummy device 80x30
Jan  1 03:00:11 indigo-tracker user.info kernel: console [ttyS0] enabled
Jan  1 03:00:11 indigo-tracker user.info kernel: Calibrating delay loop... 97.89 BogoMIPS (lpj=489472)
Jan  1 03:00:11 indigo-tracker user.info kernel: pid_max: default: 32768 minimum: 301
Jan  1 03:00:11 indigo-tracker user.warn kernel: Mount-cache hash table entries: 512
Jan  1 03:00:11 indigo-tracker user.info kernel: CPU: Testing write buffer coherency: ok
Jan  1 03:00:11 indigo-tracker user.info kernel: NET: Registered protocol family 16
Jan  1 03:00:11 indigo-tracker user.warn kernel: bio: create slab <bio-0> at 0
Jan  1 03:00:11 indigo-tracker user.notice kernel: SCSI subsystem initialized
Jan  1 03:00:11 indigo-tracker user.info kernel: usbcore: registered new interface driver usbfs
Jan  1 03:00:11 indigo-tracker user.info kernel: usbcore: registered new interface driver hub
Jan  1 03:00:11 indigo-tracker user.info kernel: usbcore: registered new device driver usb
Jan  1 03:00:11 indigo-tracker user.info kernel: Advanced Linux Sound Architecture Driver Version 1.0.23.
Jan  1 03:00:11 indigo-tracker user.info kernel: Switching to clocksource pit
Jan  1 03:00:11 indigo-tracker user.info kernel: NET: Registered protocol family 2
Jan  1 03:00:11 indigo-tracker user.info kernel: IP route cache hash table entries: 1024 (order: 0, 4096 bytes)
Jan  1 03:00:11 indigo-tracker user.info kernel: TCP established hash table entries: 2048 (order: 2, 16384 bytes)
Jan  1 03:00:11 indigo-tracker user.info kernel: TCP bind hash table entries: 2048 (order: 1, 8192 bytes)
Jan  1 03:00:11 indigo-tracker user.info kernel: TCP: Hash tables configured (established 2048 bind 2048)
Jan  1 03:00:11 indigo-tracker user.info kernel: TCP reno registered
Jan  1 03:00:11 indigo-tracker user.info kernel: UDP hash table entries: 256 (order: 0, 4096 bytes)
Jan  1 03:00:11 indigo-tracker user.info kernel: UDP-Lite hash table entries: 256 (order: 0, 4096 bytes)
Jan  1 03:00:11 indigo-tracker user.info kernel: NET: Registered protocol family 1
Jan  1 03:00:11 indigo-tracker user.debug kernel: yaffs: yaffs built Nov  8 2011 18:50:55 Installing.
Jan  1 03:00:11 indigo-tracker user.info kernel: msgmni has been set to 119
Jan  1 03:00:11 indigo-tracker user.info kernel: io scheduler noop registered (default)
Jan  1 03:00:11 indigo-tracker user.info kernel: io scheduler deadline registered
Jan  1 03:00:11 indigo-tracker user.info kernel: atmel_usart.0: ttyS0 at MMIO 0xfefff200 (irq = 1) is a ATMEL_SERIAL
Jan  1 03:00:11 indigo-tracker user.info kernel: atmel_usart.1: ttyS1 at MMIO 0xfffb0000 (irq = 6) is a ATMEL_SERIAL
Jan  1 03:00:11 indigo-tracker user.info kernel: atmel_usart.2: ttyS2 at MMIO 0xfffb8000 (irq = 8) is a ATMEL_SERIAL
Jan  1 03:00:11 indigo-tracker user.debug kernel: SK-AT91SAM9XE512: SIM508 power management driver, major 135, minor 0.
Jan  1 03:00:11 indigo-tracker user.info kernel: brd: module loaded
Jan  1 03:00:11 indigo-tracker user.info kernel: loop: module loaded
Jan  1 03:00:11 indigo-tracker user.info kernel: ssc ssc.0: Atmel SSC device at 0xc4818000 (irq 14)
Jan  1 03:00:11 indigo-tracker user.info kernel: NAND device: Manufacturer ID: 0xec, Chip ID: 0xda (Samsung NAND 256MiB 3,3V 8-bit)
Jan  1 03:00:11 indigo-tracker user.info kernel: Scanning device for bad blocks
Jan  1 03:00:11 indigo-tracker user.warn kernel: Bad eraseblock 131 at 0x000001060000
Jan  1 03:00:11 indigo-tracker user.warn kernel: Bad eraseblock 918 at 0x0000072c0000
Jan  1 03:00:11 indigo-tracker user.notice kernel: Creating 6 MTD partitions on "atmel_nand":
Jan  1 03:00:11 indigo-tracker user.notice kernel: 0x000000000000-0x000000020000 : "Bootstrap partition"
Jan  1 03:00:11 indigo-tracker user.notice kernel: 0x000000020000-0x000000060000 : "U-boot Partition"
Jan  1 03:00:11 indigo-tracker user.notice kernel: 0x0000000a0000-0x0000002a0000 : "Kernel Partition"
Jan  1 03:00:11 indigo-tracker user.notice kernel: 0x000000800000-0x000010000000 : "Storage Partition"
Jan  1 03:00:11 indigo-tracker user.notice kernel: 0x000000060000-0x000000080000 : "U-boot Environment"
Jan  1 03:00:11 indigo-tracker user.notice kernel: 0x000000080000-0x0000000a0000 : "U-boot Environment Backup"
Jan  1 03:00:11 indigo-tracker user.info kernel: atmel_spi atmel_spi.0: Atmel SPI Controller at 0xfffc8000 (irq 12)
Jan  1 03:00:11 indigo-tracker user.info kernel: atmel_spi atmel_spi.1: Atmel SPI Controller at 0xfffcc000 (irq 13)
Jan  1 03:00:11 indigo-tracker user.info kernel: PPP generic driver version 2.4.2
Jan  1 03:00:11 indigo-tracker user.info kernel: PPP Deflate Compression module registered
Jan  1 03:00:11 indigo-tracker user.info kernel: PPP BSD Compression module registered
Jan  1 03:00:11 indigo-tracker user.info kernel: PPP MPPE Compression module registered
Jan  1 03:00:11 indigo-tracker user.info kernel: NET: Registered protocol family 24
Jan  1 03:00:11 indigo-tracker user.info kernel: SLIP: version 0.8.4-NET3.019-NEWTTY (dynamic channels, max=256).
Jan  1 03:00:11 indigo-tracker user.info kernel: CSLIP: code copyright 1989 Regents of the University of California.
Jan  1 03:00:11 indigo-tracker user.info kernel: tun: Universal TUN/TAP device driver, 1.6
Jan  1 03:00:11 indigo-tracker user.info kernel: tun: (C) 1999-2004 Max Krasnyansky <maxk@qualcomm.com>
Jan  1 03:00:11 indigo-tracker user.info kernel: macb macb: invalid hw address, using random
Jan  1 03:00:11 indigo-tracker user.info kernel: MACB_mii_bus: probed
Jan  1 03:00:11 indigo-tracker user.info kernel: eth0: Atmel MACB at 0xfffc4000 irq 21 (1a:5d:32:dc:bd:10)
Jan  1 03:00:11 indigo-tracker user.info kernel: eth0: attached PHY driver [Micrel KS8001 or KS8721] (mii_bus:phy_addr=ffffffff:01, irq=-1)
Jan  1 03:00:11 indigo-tracker user.info kernel: ohci_hcd: USB 1.1 'Open' Host Controller (OHCI) Driver
Jan  1 03:00:11 indigo-tracker user.info kernel: at91_ohci at91_ohci: AT91 OHCI
Jan  1 03:00:11 indigo-tracker user.info kernel: at91_ohci at91_ohci: new USB bus registered, assigned bus number 1
Jan  1 03:00:11 indigo-tracker user.info kernel: at91_ohci at91_ohci: irq 20, io mem 0x00500000
Jan  1 03:00:11 indigo-tracker user.info kernel: usb usb1: New USB device found, idVendor=1d6b, idProduct=0001
Jan  1 03:00:11 indigo-tracker user.info kernel: usb usb1: New USB device strings: Mfr=3, Product=2, SerialNumber=1
Jan  1 03:00:11 indigo-tracker user.info kernel: usb usb1: Product: AT91 OHCI
Jan  1 03:00:11 indigo-tracker user.info kernel: usb usb1: Manufacturer: Linux 2.6.38+ ohci_hcd
Jan  1 03:00:11 indigo-tracker user.info kernel: usb usb1: SerialNumber: at91
Jan  1 03:00:11 indigo-tracker user.info kernel: hub 1-0:1.0: USB hub found
Jan  1 03:00:11 indigo-tracker user.info kernel: hub 1-0:1.0: 2 ports detected
Jan  1 03:00:11 indigo-tracker user.info kernel: Initializing USB Mass Storage driver...
Jan  1 03:00:11 indigo-tracker user.info kernel: usbcore: registered new interface driver usb-storage
Jan  1 03:00:11 indigo-tracker user.info kernel: USB Mass Storage support registered.
Jan  1 03:00:11 indigo-tracker user.info kernel: rtc-at91sam9 at91_rtt.0: rtc core: registered at91_rtt as rtc0
Jan  1 03:00:11 indigo-tracker user.warn kernel: rtc-at91sam9 at91_rtt.0: rtc0: SET TIME!
Jan  1 03:00:11 indigo-tracker user.info kernel: i2c /dev entries driver
Jan  1 03:00:11 indigo-tracker user.info kernel: Linux video capture interface: v2.00
Jan  1 03:00:11 indigo-tracker user.info kernel: usbcore: registered new interface driver uvcvideo
Jan  1 03:00:11 indigo-tracker user.info kernel: USB Video Class driver (v1.0.0)
Jan  1 03:00:11 indigo-tracker user.info kernel: AT91SAM9 Watchdog enabled (heartbeat=15 sec, nowayout=1)
Jan  1 03:00:11 indigo-tracker user.info kernel: usbcore: registered new interface driver snd-usb-audio
Jan  1 03:00:11 indigo-tracker user.info kernel: ALSA device list:
Jan  1 03:00:11 indigo-tracker user.info kernel:   No soundcards found.
Jan  1 03:00:11 indigo-tracker user.info kernel: nf_conntrack version 0.5.0 (958 buckets, 3832 max)
Jan  1 03:00:11 indigo-tracker user.info kernel: ip_tables: (C) 2000-2006 Netfilter Core Team
Jan  1 03:00:11 indigo-tracker user.info kernel: TCP cubic registered
Jan  1 03:00:11 indigo-tracker user.info kernel: NET: Registered protocol family 17
Jan  1 03:00:11 indigo-tracker user.err kernel: rtc-at91sam9 at91_rtt.0: hctosys: unable to read the hardware clock
Jan  1 03:00:11 indigo-tracker user.info kernel: atmel_mci atmel_mci: Atmel MCI controller at 0xfffa8000 irq 9, 1 slots
Jan  1 03:00:11 indigo-tracker user.info kernel: yaffs: dev is 32505859 name is "mtdblock3" rw
Jan  1 03:00:11 indigo-tracker user.info kernel: yaffs: passed flags ""
Jan  1 03:00:11 indigo-tracker user.debug kernel: yaffs: yaffs: Attempting MTD mount of 31.3,"mtdblock3"
Jan  1 03:00:11 indigo-tracker user.debug kernel: yaffs: auto selecting yaffs2
Jan  1 03:00:11 indigo-tracker user.debug kernel: yaffs: block 68 is bad
Jan  1 03:00:11 indigo-tracker user.debug kernel: yaffs: block 855 is bad
Jan  1 03:00:11 indigo-tracker user.debug kernel: yaffs: yaffs_read_super: is_checkpointed 0
Jan  1 03:00:11 indigo-tracker user.warn kernel: VFS: Mounted root (yaffs filesystem) on device 31:3.
Jan  1 03:00:11 indigo-tracker user.info kernel: Freeing init memory: 112K
Jan  1 03:00:11 indigo-tracker user.alert kernel: piopins: with filter
Jan  1 03:00:11 indigo-tracker user.warn kernel: piopins: system time doesn't seem to be true, will not flush anything
Jan  1 03:00:11 indigo-tracker user.info kernel: SK-AT91SAM9XE512: SIM508 GPS power ON.
Jan  1 03:00:11 indigo-tracker cron.notice atd[535]: Removing stale lockfile for pid 535
Jan  1 03:00:12 indigo-tracker daemon.warn pppd[492]: Warning - secret file /etc/ppp/pap-secrets has world and/or group access
Jan  1 03:00:12 indigo-tracker daemon.debug pppd[492]: sent [LCP ConfReq id=0x1 <asyncmap 0x0> <magic 0x764972af>]
Jan  1 03:00:12 indigo-tracker daemon.debug pppd[492]: rcvd [LCP ConfAck id=0x1 <asyncmap 0x0> <magic 0x764972af>]
Jan  1 03:00:12 indigo-tracker user.info kernel: SK-AT91SAM9XE512: SIM508 GPS power OFF.
Jan  1 03:00:14 indigo-tracker daemon.debug pppd[492]: rcvd [LCP ConfReq id=0x2 <mru 1600> <auth pap> <magic 0xc3c65c9> <asyncmap 0x0> <pcomp> <accomp>]
Jan  1 03:00:14 indigo-tracker daemon.debug pppd[492]: No auth is possible
Jan  1 03:00:14 indigo-tracker daemon.debug pppd[492]: sent [LCP ConfRej id=0x2 <auth pap> <pcomp> <accomp>]
Jan  1 03:00:14 indigo-tracker daemon.debug pppd[492]: rcvd [LCP ConfReq id=0x3 <mru 1600> <magic 0xc3c65c9> <asyncmap 0x0>]
Jan  1 03:00:14 indigo-tracker daemon.debug pppd[492]: sent [LCP ConfAck id=0x3 <mru 1600> <magic 0xc3c65c9> <asyncmap 0x0>]
Jan  1 03:00:14 indigo-tracker daemon.debug pppd[492]: sent [IPCP ConfReq id=0x1 <addr 0.0.0.0>]
Jan  1 03:00:15 indigo-tracker auth.info login[528]: root login on 'ttyS0'
Jan  1 03:00:17 indigo-tracker daemon.debug pppd[492]: sent [IPCP ConfReq id=0x1 <addr 0.0.0.0>]
Jan  1 03:00:17 indigo-tracker user.info kernel: SK-AT91SAM9XE512: SIM508 GPS power ON.
Jan  1 03:00:11 indigo-tracker syslog.info syslogd started: BusyBox v1.18.3
Jan  1 03:00:11 indigo-tracker user.notice kernel: Linux version 2.6.38+ (yury@debian-dev-vm) (gcc version 4.4.5 (indigo-ct-ng) ) #76 Fri Nov 11 18:57:40 MSK 2011
Jan  1 03:00:11 indigo-tracker user.warn kernel: CPU: ARM926EJ-S [41069265] revision 5 (ARMv5TEJ), cr=00053177
Jan  1 03:00:11 indigo-tracker user.warn kernel: CPU: VIVT data cache, VIVT instruction cache
Jan  1 03:00:11 indigo-tracker user.warn kernel: Machine: Indigo AT91SAM9260-SK
Jan  1 03:00:11 indigo-tracker user.warn kernel: Memory policy: ECC disabled, Data cache writeback
Jan  1 03:00:11 indigo-tracker user.warn kernel: Clocks: CPU 196 MHz, master 98 MHz, main 12.000 MHz
Jan  1 03:00:11 indigo-tracker user.debug kernel: On node 0 totalpages: 16384
Jan  1 03:00:11 indigo-tracker user.debug kernel: free_area_init_node: node 0, pgdat c0369484, node_mem_map c037b000
Jan  1 03:00:11 indigo-tracker user.debug kernel:   Normal zone: 128 pages used for memmap
Jan  1 03:00:11 indigo-tracker user.debug kernel:   Normal zone: 0 pages reserved
Jan  1 03:00:11 indigo-tracker user.debug kernel:   Normal zone: 16256 pages, LIFO batch:3
Jan  1 03:00:11 indigo-tracker user.debug kernel: pcpu-alloc: s0 r0 d32768 u32768 alloc=1*32768
Jan  1 03:00:11 indigo-tracker user.debug kernel: pcpu-alloc: [0] 0 
Jan  1 03:00:11 indigo-tracker user.warn kernel: Built 1 zonelists in Zone order, mobility grouping on.  Total pages: 16256
Jan  1 03:00:11 indigo-tracker user.notice kernel: Kernel command line: console=ttyS0,115200=mem=64M root=/dev/mtdblock3
Jan  1 03:00:11 indigo-tracker user.info kernel: PID hash table entries: 256 (order: -2, 1024 bytes)
Jan  1 03:00:11 indigo-tracker user.info kernel: Dentry cache hash table entries: 8192 (order: 3, 32768 bytes)
Jan  1 03:00:11 indigo-tracker user.info kernel: Inode-cache hash table entries: 4096 (order: 2, 16384 bytes)
Jan  1 03:00:11 indigo-tracker user.info kernel: Memory: 64MB = 64MB total
Jan  1 03:00:11 indigo-tracker user.notice kernel: Memory: 61364k/61364k available, 4172k reserved, 0K highmem
Jan  1 03:00:11 indigo-tracker user.notice kernel: Virtual kernel memory layout:
Jan  1 03:00:11 indigo-tracker user.notice kernel:     vector  : 0xffff0000 - 0xffff1000   (   4 kB)
Jan  1 03:00:11 indigo-tracker user.notice kernel:     fixmap  : 0xfff00000 - 0xfffe0000   ( 896 kB)
Jan  1 03:00:11 indigo-tracker user.notice kernel:     DMA     : 0xffc00000 - 0xffe00000   (   2 MB)
Jan  1 03:00:11 indigo-tracker user.notice kernel:     vmalloc : 0xc4800000 - 0xfee00000   ( 934 MB)
Jan  1 03:00:11 indigo-tracker user.notice kernel:     lowmem  : 0xc0000000 - 0xc4000000   (  64 MB)
Jan  1 03:00:11 indigo-tracker user.notice kernel:     modules : 0xbf000000 - 0xc0000000   (  16 MB)
Jan  1 03:00:11 indigo-tracker user.notice kernel:       .init : 0xc0008000 - 0xc0024000   ( 112 kB)
Jan  1 03:00:11 indigo-tracker user.notice kernel:       .text : 0xc0024000 - 0xc03419d4   (3191 kB)
Jan  1 03:00:11 indigo-tracker user.notice kernel:       .data : 0xc0342000 - 0xc0369c60   ( 160 kB)
Jan  1 03:00:11 indigo-tracker user.info kernel: NR_IRQS:192
Jan  1 03:00:11 indigo-tracker user.info kernel: AT91: 96 gpio irqs in 3 banks
Jan  1 03:00:11 indigo-tracker user.warn kernel: Console: colour dummy device 80x30
Jan  1 03:00:11 indigo-tracker user.info kernel: console [ttyS0] enabled
Jan  1 03:00:11 indigo-tracker user.info kernel: Calibrating delay loop... 97.89 BogoMIPS (lpj=489472)
Jan  1 03:00:11 indigo-tracker user.info kernel: pid_max: default: 32768 minimum: 301
Jan  1 03:00:11 indigo-tracker user.warn kernel: Mount-cache hash table entries: 512
Jan  1 03:00:11 indigo-tracker user.info kernel: CPU: Testing write buffer coherency: ok
Jan  1 03:00:11 indigo-tracker user.info kernel: NET: Registered protocol family 16
Jan  1 03:00:11 indigo-tracker user.warn kernel: bio: create slab <bio-0> at 0
Jan  1 03:00:11 indigo-tracker user.notice kernel: SCSI subsystem initialized
Jan  1 03:00:11 indigo-tracker user.info kernel: usbcore: registered new interface driver usbfs
Jan  1 03:00:11 indigo-tracker user.info kernel: usbcore: registered new interface driver hub
Jan  1 03:00:11 indigo-tracker user.info kernel: usbcore: registered new device driver usb
Jan  1 03:00:11 indigo-tracker user.info kernel: Advanced Linux Sound Architecture Driver Version 1.0.23.
Jan  1 03:00:11 indigo-tracker user.info kernel: Switching to clocksource pit
Jan  1 03:00:11 indigo-tracker user.info kernel: NET: Registered protocol family 2
Jan  1 03:00:11 indigo-tracker user.info kernel: IP route cache hash table entries: 1024 (order: 0, 4096 bytes)
Jan  1 03:00:11 indigo-tracker user.info kernel: TCP established hash table entries: 2048 (order: 2, 16384 bytes)
Jan  1 03:00:11 indigo-tracker user.info kernel: TCP bind hash table entries: 2048 (order: 1, 8192 bytes)
Jan  1 03:00:11 indigo-tracker user.info kernel: TCP: Hash tables configured (established 2048 bind 2048)
Jan  1 03:00:11 indigo-tracker user.info kernel: TCP reno registered
Jan  1 03:00:11 indigo-tracker user.info kernel: UDP hash table entries: 256 (order: 0, 4096 bytes)
Jan  1 03:00:11 indigo-tracker user.info kernel: UDP-Lite hash table entries: 256 (order: 0, 4096 bytes)
Jan  1 03:00:11 indigo-tracker user.info kernel: NET: Registered protocol family 1
Jan  1 03:00:11 indigo-tracker user.debug kernel: yaffs: yaffs built Nov  8 2011 18:50:55 Installing.
Jan  1 03:00:11 indigo-tracker user.info kernel: msgmni has been set to 119
Jan  1 03:00:11 indigo-tracker user.info kernel: io scheduler noop registered (default)
Jan  1 03:00:11 indigo-tracker user.info kernel: io scheduler deadline registered
Jan  1 03:00:11 indigo-tracker user.info kernel: atmel_usart.0: ttyS0 at MMIO 0xfefff200 (irq = 1) is a ATMEL_SERIAL
Jan  1 03:00:11 indigo-tracker user.info kernel: atmel_usart.1: ttyS1 at MMIO 0xfffb0000 (irq = 6) is a ATMEL_SERIAL
Jan  1 03:00:11 indigo-tracker user.info kernel: atmel_usart.2: ttyS2 at MMIO 0xfffb8000 (irq = 8) is a ATMEL_SERIAL
Jan  1 03:00:11 indigo-tracker user.debug kernel: SK-AT91SAM9XE512: SIM508 power management driver, major 135, minor 0.
Jan  1 03:00:11 indigo-tracker user.info kernel: brd: module loaded
Jan  1 03:00:11 indigo-tracker user.info kernel: loop: module loaded
Jan  1 03:00:11 indigo-tracker user.info kernel: ssc ssc.0: Atmel SSC device at 0xc4818000 (irq 14)
Jan  1 03:00:11 indigo-tracker user.info kernel: NAND device: Manufacturer ID: 0xec, Chip ID: 0xda (Samsung NAND 256MiB 3,3V 8-bit)
Jan  1 03:00:11 indigo-tracker user.info kernel: Scanning device for bad blocks
Jan  1 03:00:11 indigo-tracker user.warn kernel: Bad eraseblock 131 at 0x000001060000
Jan  1 03:00:11 indigo-tracker user.warn kernel: Bad eraseblock 918 at 0x0000072c0000
Jan  1 03:00:11 indigo-tracker user.notice kernel: Creating 6 MTD partitions on "atmel_nand":
Jan  1 03:00:11 indigo-tracker user.notice kernel: 0x000000000000-0x000000020000 : "Bootstrap partition"
Jan  1 03:00:11 indigo-tracker user.notice kernel: 0x000000020000-0x000000060000 : "U-boot Partition"
Jan  1 03:00:11 indigo-tracker user.notice kernel: 0x0000000a0000-0x0000002a0000 : "Kernel Partition"
Jan  1 03:00:11 indigo-tracker user.notice kernel: 0x000000800000-0x000010000000 : "Storage Partition"
Jan  1 03:00:11 indigo-tracker user.notice kernel: 0x000000060000-0x000000080000 : "U-boot Environment"
Jan  1 03:00:11 indigo-tracker user.notice kernel: 0x000000080000-0x0000000a0000 : "U-boot Environment Backup"
Jan  1 03:00:11 indigo-tracker user.info kernel: atmel_spi atmel_spi.0: Atmel SPI Controller at 0xfffc8000 (irq 12)
Jan  1 03:00:11 indigo-tracker user.info kernel: atmel_spi atmel_spi.1: Atmel SPI Controller at 0xfffcc000 (irq 13)
Jan  1 03:00:11 indigo-tracker user.info kernel: PPP generic driver version 2.4.2
Jan  1 03:00:11 indigo-tracker user.info kernel: PPP Deflate Compression module registered
Jan  1 03:00:11 indigo-tracker user.info kernel: PPP BSD Compression module registered
Jan  1 03:00:11 indigo-tracker user.info kernel: PPP MPPE Compression module registered
Jan  1 03:00:11 indigo-tracker user.info kernel: NET: Registered protocol family 24
Jan  1 03:00:11 indigo-tracker user.info kernel: SLIP: version 0.8.4-NET3.019-NEWTTY (dynamic channels, max=256).
Jan  1 03:00:11 indigo-tracker user.info kernel: CSLIP: code copyright 1989 Regents of the University of California.
Jan  1 03:00:11 indigo-tracker user.info kernel: tun: Universal TUN/TAP device driver, 1.6
Jan  1 03:00:11 indigo-tracker user.info kernel: tun: (C) 1999-2004 Max Krasnyansky <maxk@qualcomm.com>
Jan  1 03:00:11 indigo-tracker user.info kernel: macb macb: invalid hw address, using random
Jan  1 03:00:11 indigo-tracker user.info kernel: MACB_mii_bus: probed
Jan  1 03:00:11 indigo-tracker user.info kernel: eth0: Atmel MACB at 0xfffc4000 irq 21 (1a:5d:32:dc:bd:10)
Jan  1 03:00:11 indigo-tracker user.info kernel: eth0: attached PHY driver [Micrel KS8001 or KS8721] (mii_bus:phy_addr=ffffffff:01, irq=-1)
Jan  1 03:00:11 indigo-tracker user.info kernel: ohci_hcd: USB 1.1 'Open' Host Controller (OHCI) Driver
Jan  1 03:00:11 indigo-tracker user.info kernel: at91_ohci at91_ohci: AT91 OHCI
Jan  1 03:00:11 indigo-tracker user.info kernel: at91_ohci at91_ohci: new USB bus registered, assigned bus number 1
Jan  1 03:00:11 indigo-tracker user.info kernel: at91_ohci at91_ohci: irq 20, io mem 0x00500000
Jan  1 03:00:11 indigo-tracker user.info kernel: usb usb1: New USB device found, idVendor=1d6b, idProduct=0001
Jan  1 03:00:11 indigo-tracker user.info kernel: usb usb1: New USB device strings: Mfr=3, Product=2, SerialNumber=1
Jan  1 03:00:11 indigo-tracker user.info kernel: usb usb1: Product: AT91 OHCI
Jan  1 03:00:11 indigo-tracker user.info kernel: usb usb1: Manufacturer: Linux 2.6.38+ ohci_hcd
Jan  1 03:00:11 indigo-tracker user.info kernel: usb usb1: SerialNumber: at91
Jan  1 03:00:11 indigo-tracker user.info kernel: hub 1-0:1.0: USB hub found
Jan  1 03:00:11 indigo-tracker user.info kernel: hub 1-0:1.0: 2 ports detected
Jan  1 03:00:11 indigo-tracker user.info kernel: Initializing USB Mass Storage driver...
Jan  1 03:00:11 indigo-tracker user.info kernel: usbcore: registered new interface driver usb-storage
Jan  1 03:00:11 indigo-tracker user.info kernel: USB Mass Storage support registered.
